[2023-02-26T13:21:21.793+0530][0.032s] Heap region size: 1M
[2023-02-26T13:21:22.007+0530][0.245s] Using G1
[2023-02-26T13:21:22.007+0530][0.246s] Heap address: 0x00000000e0000000, size: 512 MB, Compressed Oops mode: 32-bit
[2023-02-26T13:21:23.670+0530][1.909s] GC(0) Pause Young (Normal) (G1 Evacuation Pause)
[2023-02-26T13:21:23.674+0530][1.913s] GC(0) Using 8 workers of 8 for evacuation
[2023-02-26T13:21:23.678+0530][1.917s] GC(0)   Pre Evacuate Collection Set: 0.0ms
[2023-02-26T13:21:23.678+0530][1.917s] GC(0)   Evacuate Collection Set: 2.8ms
[2023-02-26T13:21:23.678+0530][1.917s] GC(0)   Post Evacuate Collection Set: 0.7ms
[2023-02-26T13:21:23.678+0530][1.917s] GC(0)   Other: 4.1ms
[2023-02-26T13:21:23.678+0530][1.917s] GC(0) Eden regions: 30->0(303)
[2023-02-26T13:21:23.678+0530][1.917s] GC(0) Survivor regions: 0->4(4)
[2023-02-26T13:21:23.679+0530][1.918s] GC(0) Old regions: 0->0
[2023-02-26T13:21:23.679+0530][1.918s] GC(0) Humongous regions: 0->0
[2023-02-26T13:21:23.679+0530][1.918s] GC(0) Metaspace: 13247K->13247K(1060864K)
[2023-02-26T13:21:23.679+0530][1.918s] GC(0) Pause Young (Normal) (G1 Evacuation Pause) 30M->3M(512M) 8.702ms
[2023-02-26T13:21:23.679+0530][1.918s] GC(0) User=0.11s Sys=0.00s Real=0.01s
[2023-02-26T13:21:24.594+0530][2.832s] GC(1) Pause Young (Concurrent Start) (Metadata GC Threshold)
[2023-02-26T13:21:24.594+0530][2.832s] GC(1) Using 8 workers of 8 for evacuation
[2023-02-26T13:21:24.606+0530][2.844s] GC(1)   Pre Evacuate Collection Set: 0.0ms
[2023-02-26T13:21:24.606+0530][2.844s] GC(1)   Evacuate Collection Set: 10.5ms
[2023-02-26T13:21:24.606+0530][2.844s] GC(1)   Post Evacuate Collection Set: 0.8ms
[2023-02-26T13:21:24.606+0530][2.844s] GC(1)   Other: 0.4ms
[2023-02-26T13:21:24.606+0530][2.844s] GC(1) Eden regions: 31->0(156)
[2023-02-26T13:21:24.606+0530][2.844s] GC(1) Survivor regions: 4->12(39)
[2023-02-26T13:21:24.606+0530][2.844s] GC(1) Old regions: 0->0
[2023-02-26T13:21:24.606+0530][2.845s] GC(1) Humongous regions: 4->4
[2023-02-26T13:21:24.606+0530][2.845s] GC(1) Metaspace: 20620K->20620K(1069056K)
[2023-02-26T13:21:24.606+0530][2.845s] GC(1) Pause Young (Concurrent Start) (Metadata GC Threshold) 38M->15M(512M) 12.544ms
[2023-02-26T13:21:24.607+0530][2.845s] GC(1) User=0.11s Sys=0.00s Real=0.01s
[2023-02-26T13:21:24.607+0530][2.845s] GC(2) Concurrent Cycle
[2023-02-26T13:21:24.607+0530][2.845s] GC(2) Concurrent Clear Claimed Marks
[2023-02-26T13:21:24.607+0530][2.845s] GC(2) Concurrent Clear Claimed Marks 0.115ms
[2023-02-26T13:21:24.607+0530][2.845s] GC(2) Concurrent Scan Root Regions
[2023-02-26T13:21:24.613+0530][2.851s] GC(2) Concurrent Scan Root Regions 5.973ms
[2023-02-26T13:21:24.613+0530][2.851s] GC(2) Concurrent Mark (2.851s)
[2023-02-26T13:21:24.613+0530][2.851s] GC(2) Concurrent Mark From Roots
[2023-02-26T13:21:24.613+0530][2.852s] GC(2) Using 2 workers of 2 for marking
[2023-02-26T13:21:24.615+0530][2.853s] GC(2) Concurrent Mark From Roots 1.540ms
[2023-02-26T13:21:24.615+0530][2.853s] GC(2) Concurrent Preclean
[2023-02-26T13:21:24.615+0530][2.853s] GC(2) Concurrent Preclean 0.176ms
[2023-02-26T13:21:24.615+0530][2.853s] GC(2) Concurrent Mark (2.851s, 2.853s) 2.086ms
[2023-02-26T13:21:24.615+0530][2.854s] GC(2) Pause Remark
[2023-02-26T13:21:24.617+0530][2.855s] GC(2) Cleaned string and symbol table, strings: 9489 processed, 0 removed, symbols: 66562 processed, 26 removed
[2023-02-26T13:21:24.617+0530][2.855s] GC(2) Pause Remark 16M->16M(512M) 1.806ms
[2023-02-26T13:21:24.617+0530][2.856s] GC(2) User=0.00s Sys=0.02s Real=0.00s
[2023-02-26T13:21:24.617+0530][2.856s] GC(2) Concurrent Rebuild Remembered Sets
[2023-02-26T13:21:24.620+0530][2.858s] GC(2) Concurrent Rebuild Remembered Sets 2.357ms
[2023-02-26T13:21:24.620+0530][2.858s] GC(2) Pause Cleanup
[2023-02-26T13:21:24.620+0530][2.858s] GC(2) Pause Cleanup 16M->16M(512M) 0.188ms
[2023-02-26T13:21:24.620+0530][2.858s] GC(2) User=0.00s Sys=0.00s Real=0.00s
[2023-02-26T13:21:24.620+0530][2.859s] GC(2) Concurrent Cleanup for Next Mark
[2023-02-26T13:21:24.621+0530][2.859s] GC(2) Concurrent Cleanup for Next Mark 0.859ms
[2023-02-26T13:21:24.622+0530][2.860s] GC(2) Concurrent Cycle 14.832ms
[2023-02-26T13:21:25.634+0530][3.873s] GC(3) Pause Young (Normal) (G1 Evacuation Pause)
[2023-02-26T13:21:25.634+0530][3.873s] GC(3) Using 8 workers of 8 for evacuation
[2023-02-26T13:21:25.643+0530][3.882s] GC(3)   Pre Evacuate Collection Set: 0.0ms
[2023-02-26T13:21:25.643+0530][3.882s] GC(3)   Evacuate Collection Set: 8.1ms
[2023-02-26T13:21:25.643+0530][3.882s] GC(3)   Post Evacuate Collection Set: 0.8ms
[2023-02-26T13:21:25.643+0530][3.882s] GC(3)   Other: 0.2ms
[2023-02-26T13:21:25.643+0530][3.882s] GC(3) Eden regions: 85->0(108)
[2023-02-26T13:21:25.644+0530][3.882s] GC(3) Survivor regions: 12->7(13)
[2023-02-26T13:21:25.644+0530][3.882s] GC(3) Old regions: 0->12
[2023-02-26T13:21:25.644+0530][3.882s] GC(3) Humongous regions: 4->4
[2023-02-26T13:21:25.644+0530][3.882s] GC(3) Metaspace: 25497K->25497K(1073152K)
[2023-02-26T13:21:25.644+0530][3.882s] GC(3) Pause Young (Normal) (G1 Evacuation Pause) 100M->22M(512M) 9.666ms
[2023-02-26T13:21:25.644+0530][3.882s] GC(3) User=0.00s Sys=0.00s Real=0.01s
[2023-02-26T13:21:26.407+0530][4.645s] GC(4) Pause Young (Normal) (G1 Evacuation Pause)
[2023-02-26T13:21:26.407+0530][4.645s] GC(4) Using 8 workers of 8 for evacuation
[2023-02-26T13:21:26.409+0530][4.648s] GC(4)   Pre Evacuate Collection Set: 0.0ms
[2023-02-26T13:21:26.409+0530][4.648s] GC(4)   Evacuate Collection Set: 2.3ms
[2023-02-26T13:21:26.409+0530][4.648s] GC(4)   Post Evacuate Collection Set: 0.5ms
[2023-02-26T13:21:26.409+0530][4.648s] GC(4)   Other: 0.2ms
[2023-02-26T13:21:26.409+0530][4.648s] GC(4) Eden regions: 108->0(300)
[2023-02-26T13:21:26.409+0530][4.648s] GC(4) Survivor regions: 7->7(15)
[2023-02-26T13:21:26.409+0530][4.648s] GC(4) Old regions: 12->12
[2023-02-26T13:21:26.409+0530][4.648s] GC(4) Humongous regions: 4->4
[2023-02-26T13:21:26.409+0530][4.648s] GC(4) Metaspace: 32116K->32116K(1079296K)
[2023-02-26T13:21:26.409+0530][4.649s] GC(4) Pause Young (Normal) (G1 Evacuation Pause) 130M->22M(512M) 3.619ms
[2023-02-26T13:21:26.409+0530][4.649s] GC(4) User=0.00s Sys=0.00s Real=0.00s
[2023-02-26T13:21:27.116+0530][5.354s] GC(5) Pause Young (Concurrent Start) (Metadata GC Threshold)
[2023-02-26T13:21:27.116+0530][5.354s] GC(5) Using 8 workers of 8 for evacuation
[2023-02-26T13:21:27.119+0530][5.357s] GC(5)   Pre Evacuate Collection Set: 0.0ms
[2023-02-26T13:21:27.119+0530][5.357s] GC(5)   Evacuate Collection Set: 2.6ms
[2023-02-26T13:21:27.119+0530][5.357s] GC(5)   Post Evacuate Collection Set: 0.4ms
[2023-02-26T13:21:27.119+0530][5.358s] GC(5)   Other: 0.3ms
[2023-02-26T13:21:27.119+0530][5.358s] GC(5) Eden regions: 48->0(236)
[2023-02-26T13:21:27.119+0530][5.358s] GC(5) Survivor regions: 7->8(39)
[2023-02-26T13:21:27.119+0530][5.358s] GC(5) Old regions: 12->12
[2023-02-26T13:21:27.119+0530][5.358s] GC(5) Humongous regions: 4->4
[2023-02-26T13:21:27.120+0530][5.358s] GC(5) Metaspace: 34954K->34954K(1081344K)
[2023-02-26T13:21:27.120+0530][5.358s] GC(5) Pause Young (Concurrent Start) (Metadata GC Threshold) 69M->23M(512M) 3.886ms
[2023-02-26T13:21:27.120+0530][5.358s] GC(5) User=0.00s Sys=0.00s Real=0.00s
[2023-02-26T13:21:27.120+0530][5.358s] GC(6) Concurrent Cycle
[2023-02-26T13:21:27.120+0530][5.358s] GC(6) Concurrent Clear Claimed Marks
[2023-02-26T13:21:27.120+0530][5.358s] GC(6) Concurrent Clear Claimed Marks 0.104ms
[2023-02-26T13:21:27.120+0530][5.358s] GC(6) Concurrent Scan Root Regions
[2023-02-26T13:21:27.122+0530][5.360s] GC(6) Concurrent Scan Root Regions 1.627ms
[2023-02-26T13:21:27.122+0530][5.360s] GC(6) Concurrent Mark (5.360s)
[2023-02-26T13:21:27.122+0530][5.360s] GC(6) Concurrent Mark From Roots
[2023-02-26T13:21:27.122+0530][5.360s] GC(6) Using 2 workers of 2 for marking
[2023-02-26T13:21:27.145+0530][5.383s] GC(6) Concurrent Mark From Roots 23.041ms
[2023-02-26T13:21:27.145+0530][5.383s] GC(6) Concurrent Preclean
[2023-02-26T13:21:27.145+0530][5.383s] GC(6) Concurrent Preclean 0.166ms
[2023-02-26T13:21:27.145+0530][5.383s] GC(6) Concurrent Mark (5.360s, 5.383s) 23.460ms
[2023-02-26T13:21:27.145+0530][5.384s] GC(6) Pause Remark
[2023-02-26T13:21:27.148+0530][5.386s] GC(6) Cleaned string and symbol table, strings: 15184 processed, 21 removed, symbols: 111407 processed, 51 removed
[2023-02-26T13:21:27.148+0530][5.386s] GC(6) Pause Remark 28M->28M(512M) 2.602ms
[2023-02-26T13:21:27.148+0530][5.386s] GC(6) User=0.13s Sys=0.00s Real=0.00s
[2023-02-26T13:21:27.148+0530][5.386s] GC(6) Concurrent Rebuild Remembered Sets
[2023-02-26T13:21:27.156+0530][5.395s] GC(6) Concurrent Rebuild Remembered Sets 8.088ms
[2023-02-26T13:21:27.156+0530][5.395s] GC(6) Pause Cleanup
[2023-02-26T13:21:27.156+0530][5.395s] GC(6) Pause Cleanup 28M->28M(512M) 0.152ms
[2023-02-26T13:21:27.156+0530][5.395s] GC(6) User=0.00s Sys=0.00s Real=0.00s
[2023-02-26T13:21:27.156+0530][5.395s] GC(6) Concurrent Cleanup for Next Mark
[2023-02-26T13:21:27.157+0530][5.396s] GC(6) Concurrent Cleanup for Next Mark 0.754ms
[2023-02-26T13:21:27.157+0530][5.396s] GC(6) Concurrent Cycle 37.946ms
[2023-02-26T13:21:29.005+0530][7.243s] GC(7) Pause Young (Normal) (G1 Evacuation Pause)
[2023-02-26T13:21:29.005+0530][7.243s] GC(7) Using 8 workers of 8 for evacuation
[2023-02-26T13:21:29.012+0530][7.251s] GC(7)   Pre Evacuate Collection Set: 0.0ms
[2023-02-26T13:21:29.012+0530][7.251s] GC(7)   Evacuate Collection Set: 6.6ms
[2023-02-26T13:21:29.012+0530][7.251s] GC(7)   Post Evacuate Collection Set: 0.6ms
[2023-02-26T13:21:29.012+0530][7.251s] GC(7)   Other: 0.3ms
[2023-02-26T13:21:29.012+0530][7.251s] GC(7) Eden regions: 236->0(292)
[2023-02-26T13:21:29.012+0530][7.251s] GC(7) Survivor regions: 8->15(31)
[2023-02-26T13:21:29.012+0530][7.251s] GC(7) Old regions: 12->12
[2023-02-26T13:21:29.012+0530][7.251s] GC(7) Humongous regions: 5->4
[2023-02-26T13:21:29.012+0530][7.251s] GC(7) Metaspace: 46885K->46885K(1091584K)
[2023-02-26T13:21:29.012+0530][7.251s] GC(7) Pause Young (Normal) (G1 Evacuation Pause) 260M->29M(512M) 8.157ms
[2023-02-26T13:21:29.012+0530][7.251s] GC(7) User=0.09s Sys=0.00s Real=0.01s
[2023-02-26T13:21:54.648+0530][32.887s] GC(8) Pause Young (Normal) (G1 Evacuation Pause)
[2023-02-26T13:21:54.648+0530][32.887s] GC(8) Using 8 workers of 8 for evacuation
[2023-02-26T13:21:54.663+0530][32.902s] GC(8)   Pre Evacuate Collection Set: 0.0ms
[2023-02-26T13:21:54.664+0530][32.902s] GC(8)   Evacuate Collection Set: 13.3ms
[2023-02-26T13:21:54.664+0530][32.903s] GC(8)   Post Evacuate Collection Set: 1.5ms
[2023-02-26T13:21:54.664+0530][32.903s] GC(8)   Other: 0.5ms
[2023-02-26T13:21:54.664+0530][32.903s] GC(8) Eden regions: 292->0(284)
[2023-02-26T13:21:54.664+0530][32.903s] GC(8) Survivor regions: 15->23(39)
[2023-02-26T13:21:54.664+0530][32.903s] GC(8) Old regions: 12->12
[2023-02-26T13:21:54.664+0530][32.903s] GC(8) Humongous regions: 4->4
[2023-02-26T13:21:54.664+0530][32.903s] GC(8) Metaspace: 58376K->58376K(1101824K)
[2023-02-26T13:21:54.665+0530][32.903s] GC(8) Pause Young (Normal) (G1 Evacuation Pause) 321M->38M(512M) 16.666ms
[2023-02-26T13:21:54.665+0530][32.904s] GC(8) User=0.05s Sys=0.00s Real=0.02s
[2023-02-26T13:22:55.847+0530][94.086s] GC(9) Pause Young (Concurrent Start) (Metadata GC Threshold)
[2023-02-26T13:22:55.847+0530][94.086s] GC(9) Using 8 workers of 8 for evacuation
[2023-02-26T13:22:55.862+0530][94.101s] GC(9)   Pre Evacuate Collection Set: 0.1ms
[2023-02-26T13:22:55.862+0530][94.102s] GC(9)   Evacuate Collection Set: 13.8ms
[2023-02-26T13:22:55.863+0530][94.102s] GC(9)   Post Evacuate Collection Set: 1.5ms
[2023-02-26T13:22:55.863+0530][94.102s] GC(9)   Other: 0.5ms
[2023-02-26T13:22:55.863+0530][94.102s] GC(9) Eden regions: 12->0(289)
[2023-02-26T13:22:55.863+0530][94.102s] GC(9) Survivor regions: 23->18(39)
[2023-02-26T13:22:55.863+0530][94.102s] GC(9) Old regions: 12->17
[2023-02-26T13:22:55.863+0530][94.102s] GC(9) Humongous regions: 4->4
[2023-02-26T13:22:55.863+0530][94.102s] GC(9) Metaspace: 58671K->58671K(1101824K)
[2023-02-26T13:22:55.863+0530][94.103s] GC(9) Pause Young (Concurrent Start) (Metadata GC Threshold) 50M->38M(512M) 17.020ms
[2023-02-26T13:22:55.863+0530][94.103s] GC(9) User=0.11s Sys=0.00s Real=0.02s
[2023-02-26T13:22:55.864+0530][94.103s] GC(10) Concurrent Cycle
[2023-02-26T13:22:55.864+0530][94.103s] GC(10) Concurrent Clear Claimed Marks
[2023-02-26T13:22:55.864+0530][94.103s] GC(10) Concurrent Clear Claimed Marks 0.242ms
[2023-02-26T13:22:55.864+0530][94.103s] GC(10) Concurrent Scan Root Regions
[2023-02-26T13:22:55.877+0530][94.116s] GC(10) Concurrent Scan Root Regions 12.395ms
[2023-02-26T13:22:55.877+0530][94.116s] GC(10) Concurrent Mark (94.116s)
[2023-02-26T13:22:55.877+0530][94.116s] GC(10) Concurrent Mark From Roots
[2023-02-26T13:22:55.877+0530][94.116s] GC(10) Using 2 workers of 2 for marking
[2023-02-26T13:22:55.911+0530][94.149s] GC(10) Concurrent Mark From Roots 32.800ms
[2023-02-26T13:22:55.911+0530][94.149s] GC(10) Concurrent Preclean
[2023-02-26T13:22:55.911+0530][94.150s] GC(10) Concurrent Preclean 0.408ms
[2023-02-26T13:22:55.912+0530][94.150s] GC(10) Concurrent Mark (94.116s, 94.150s) 33.851ms
[2023-02-26T13:22:55.912+0530][94.150s] GC(10) Pause Remark
[2023-02-26T13:22:55.918+0530][94.156s] GC(10) Cleaned string and symbol table, strings: 27978 processed, 1 removed, symbols: 171702 processed, 498 removed
[2023-02-26T13:22:55.918+0530][94.157s] GC(10) Pause Remark 40M->40M(512M) 6.574ms
[2023-02-26T13:22:55.919+0530][94.157s] GC(10) User=0.00s Sys=0.00s Real=0.01s
[2023-02-26T13:22:55.919+0530][94.157s] GC(10) Concurrent Rebuild Remembered Sets
[2023-02-26T13:22:55.940+0530][94.178s] GC(10) Concurrent Rebuild Remembered Sets 21.034ms
[2023-02-26T13:22:55.940+0530][94.179s] GC(10) Pause Cleanup
[2023-02-26T13:22:55.941+0530][94.179s] GC(10) Pause Cleanup 40M->40M(512M) 0.290ms
[2023-02-26T13:22:55.941+0530][94.179s] GC(10) User=0.00s Sys=0.00s Real=0.00s
[2023-02-26T13:22:55.941+0530][94.179s] GC(10) Concurrent Cleanup for Next Mark
[2023-02-26T13:22:55.942+0530][94.180s] GC(10) Concurrent Cleanup for Next Mark 0.792ms
[2023-02-26T13:22:55.942+0530][94.180s] GC(10) Concurrent Cycle 77.582ms
