[2022-12-31T10:58:39.688+0530][0.025s] Heap region size: 1M
[2022-12-31T10:58:39.805+0530][0.142s] Using G1
[2022-12-31T10:58:39.806+0530][0.143s] Heap address: 0x00000000e0000000, size: 512 MB, Compressed Oops mode: 32-bit
[2022-12-31T10:58:40.917+0530][1.255s] GC(0) Pause Young (Normal) (G1 Evacuation Pause)
[2022-12-31T10:58:40.919+0530][1.257s] GC(0) Using 8 workers of 8 for evacuation
[2022-12-31T10:58:40.922+0530][1.260s] GC(0)   Pre Evacuate Collection Set: 0.0ms
[2022-12-31T10:58:40.922+0530][1.260s] GC(0)   Evacuate Collection Set: 2.1ms
[2022-12-31T10:58:40.922+0530][1.260s] GC(0)   Post Evacuate Collection Set: 0.3ms
[2022-12-31T10:58:40.922+0530][1.260s] GC(0)   Other: 2.1ms
[2022-12-31T10:58:40.922+0530][1.260s] GC(0) Eden regions: 30->0(303)
[2022-12-31T10:58:40.922+0530][1.260s] GC(0) Survivor regions: 0->4(4)
[2022-12-31T10:58:40.922+0530][1.260s] GC(0) Old regions: 0->0
[2022-12-31T10:58:40.922+0530][1.260s] GC(0) Humongous regions: 0->0
[2022-12-31T10:58:40.922+0530][1.260s] GC(0) Metaspace: 12654K->12654K(1060864K)
[2022-12-31T10:58:40.923+0530][1.260s] GC(0) Pause Young (Normal) (G1 Evacuation Pause) 30M->3M(512M) 5.236ms
[2022-12-31T10:58:40.923+0530][1.260s] GC(0) User=0.00s Sys=0.00s Real=0.01s
[2022-12-31T10:58:41.514+0530][1.851s] GC(1) Pause Young (Concurrent Start) (Metadata GC Threshold)
[2022-12-31T10:58:41.514+0530][1.852s] GC(1) Using 8 workers of 8 for evacuation
[2022-12-31T10:58:41.524+0530][1.861s] GC(1)   Pre Evacuate Collection Set: 0.0ms
[2022-12-31T10:58:41.524+0530][1.861s] GC(1)   Evacuate Collection Set: 8.8ms
[2022-12-31T10:58:41.524+0530][1.861s] GC(1)   Post Evacuate Collection Set: 0.7ms
[2022-12-31T10:58:41.524+0530][1.862s] GC(1)   Other: 0.3ms
[2022-12-31T10:58:41.524+0530][1.862s] GC(1) Eden regions: 35->0(295)
[2022-12-31T10:58:41.524+0530][1.862s] GC(1) Survivor regions: 4->12(39)
[2022-12-31T10:58:41.525+0530][1.862s] GC(1) Old regions: 0->0
[2022-12-31T10:58:41.525+0530][1.862s] GC(1) Humongous regions: 4->4
[2022-12-31T10:58:41.525+0530][1.862s] GC(1) Metaspace: 20610K->20610K(1069056K)
[2022-12-31T10:58:41.525+0530][1.862s] GC(1) Pause Young (Concurrent Start) (Metadata GC Threshold) 42M->15M(512M) 10.526ms
[2022-12-31T10:58:41.525+0530][1.862s] GC(1) User=0.00s Sys=0.00s Real=0.01s
[2022-12-31T10:58:41.525+0530][1.862s] GC(2) Concurrent Cycle
[2022-12-31T10:58:41.525+0530][1.862s] GC(2) Concurrent Clear Claimed Marks
[2022-12-31T10:58:41.525+0530][1.862s] GC(2) Concurrent Clear Claimed Marks 0.091ms
[2022-12-31T10:58:41.525+0530][1.862s] GC(2) Concurrent Scan Root Regions
[2022-12-31T10:58:41.528+0530][1.865s] GC(2) Concurrent Scan Root Regions 2.937ms
[2022-12-31T10:58:41.528+0530][1.866s] GC(2) Concurrent Mark (1.866s)
[2022-12-31T10:58:41.528+0530][1.866s] GC(2) Concurrent Mark From Roots
[2022-12-31T10:58:41.528+0530][1.866s] GC(2) Using 2 workers of 2 for marking
[2022-12-31T10:58:41.538+0530][1.875s] GC(2) Concurrent Mark From Roots 9.221ms
[2022-12-31T10:58:41.538+0530][1.875s] GC(2) Concurrent Preclean
[2022-12-31T10:58:41.538+0530][1.875s] GC(2) Concurrent Preclean 0.142ms
[2022-12-31T10:58:41.538+0530][1.875s] GC(2) Concurrent Mark (1.866s, 1.875s) 9.657ms
[2022-12-31T10:58:41.538+0530][1.875s] GC(2) Pause Remark
[2022-12-31T10:58:41.539+0530][1.876s] GC(2) Cleaned string and symbol table, strings: 9593 processed, 0 removed, symbols: 67262 processed, 26 removed
[2022-12-31T10:58:41.540+0530][1.877s] GC(2) Pause Remark 16M->16M(512M) 1.450ms
[2022-12-31T10:58:41.540+0530][1.877s] GC(2) User=0.00s Sys=0.00s Real=0.00s
[2022-12-31T10:58:41.540+0530][1.877s] GC(2) Concurrent Rebuild Remembered Sets
[2022-12-31T10:58:41.542+0530][1.879s] GC(2) Concurrent Rebuild Remembered Sets 2.217ms
[2022-12-31T10:58:41.542+0530][1.880s] GC(2) Pause Cleanup
[2022-12-31T10:58:41.543+0530][1.880s] GC(2) Pause Cleanup 16M->16M(512M) 0.195ms
[2022-12-31T10:58:41.543+0530][1.880s] GC(2) User=0.00s Sys=0.00s Real=0.00s
[2022-12-31T10:58:41.543+0530][1.880s] GC(2) Concurrent Cleanup for Next Mark
[2022-12-31T10:58:41.544+0530][1.881s] GC(2) Concurrent Cleanup for Next Mark 0.715ms
[2022-12-31T10:58:41.544+0530][1.881s] GC(2) Concurrent Cycle 18.899ms
[2022-12-31T10:58:42.666+0530][3.004s] GC(3) Pause Young (Normal) (G1 Evacuation Pause)
[2022-12-31T10:58:42.666+0530][3.004s] GC(3) Using 8 workers of 8 for evacuation
[2022-12-31T10:58:42.674+0530][3.012s] GC(3)   Pre Evacuate Collection Set: 0.0ms
[2022-12-31T10:58:42.675+0530][3.012s] GC(3)   Evacuate Collection Set: 7.0ms
[2022-12-31T10:58:42.675+0530][3.012s] GC(3)   Post Evacuate Collection Set: 0.8ms
[2022-12-31T10:58:42.675+0530][3.012s] GC(3)   Other: 0.3ms
[2022-12-31T10:58:42.675+0530][3.013s] GC(3) Eden regions: 162->0(176)
[2022-12-31T10:58:42.675+0530][3.013s] GC(3) Survivor regions: 12->16(22)
[2022-12-31T10:58:42.675+0530][3.013s] GC(3) Old regions: 0->3
[2022-12-31T10:58:42.675+0530][3.013s] GC(3) Humongous regions: 4->4
[2022-12-31T10:58:42.675+0530][3.013s] GC(3) Metaspace: 27673K->27673K(1075200K)
[2022-12-31T10:58:42.675+0530][3.013s] GC(3) Pause Young (Normal) (G1 Evacuation Pause) 177M->22M(512M) 8.663ms
[2022-12-31T10:58:42.675+0530][3.013s] GC(3) User=0.00s Sys=0.00s Real=0.01s
[2022-12-31T10:58:43.443+0530][3.780s] GC(4) Pause Young (Concurrent Start) (Metadata GC Threshold)
[2022-12-31T10:58:43.443+0530][3.781s] GC(4) Using 8 workers of 8 for evacuation
[2022-12-31T10:58:43.451+0530][3.788s] GC(4)   Pre Evacuate Collection Set: 0.0ms
[2022-12-31T10:58:43.451+0530][3.788s] GC(4)   Evacuate Collection Set: 6.5ms
[2022-12-31T10:58:43.451+0530][3.788s] GC(4)   Post Evacuate Collection Set: 0.4ms
[2022-12-31T10:58:43.451+0530][3.788s] GC(4)   Other: 0.3ms
[2022-12-31T10:58:43.451+0530][3.788s] GC(4) Eden regions: 130->0(191)
[2022-12-31T10:58:43.451+0530][3.788s] GC(4) Survivor regions: 16->9(24)
[2022-12-31T10:58:43.451+0530][3.788s] GC(4) Old regions: 3->12
[2022-12-31T10:58:43.451+0530][3.788s] GC(4) Humongous regions: 4->4
[2022-12-31T10:58:43.451+0530][3.788s] GC(4) Metaspace: 34750K->34750K(1081344K)
[2022-12-31T10:58:43.451+0530][3.788s] GC(4) Pause Young (Concurrent Start) (Metadata GC Threshold) 152M->24M(512M) 7.750ms
[2022-12-31T10:58:43.451+0530][3.788s] GC(4) User=0.13s Sys=0.00s Real=0.01s
[2022-12-31T10:58:43.451+0530][3.788s] GC(5) Concurrent Cycle
[2022-12-31T10:58:43.451+0530][3.788s] GC(5) Concurrent Clear Claimed Marks
[2022-12-31T10:58:43.451+0530][3.789s] GC(5) Concurrent Clear Claimed Marks 0.101ms
[2022-12-31T10:58:43.451+0530][3.789s] GC(5) Concurrent Scan Root Regions
[2022-12-31T10:58:43.453+0530][3.790s] GC(5) Concurrent Scan Root Regions 1.642ms
[2022-12-31T10:58:43.453+0530][3.790s] GC(5) Concurrent Mark (3.790s)
[2022-12-31T10:58:43.453+0530][3.790s] GC(5) Concurrent Mark From Roots
[2022-12-31T10:58:43.453+0530][3.790s] GC(5) Using 2 workers of 2 for marking
[2022-12-31T10:58:43.468+0530][3.805s] GC(5) Concurrent Mark From Roots 14.523ms
[2022-12-31T10:58:43.468+0530][3.805s] GC(5) Concurrent Preclean
[2022-12-31T10:58:43.468+0530][3.805s] GC(5) Concurrent Preclean 0.110ms
[2022-12-31T10:58:43.468+0530][3.805s] GC(5) Concurrent Mark (3.790s, 3.805s) 14.876ms
[2022-12-31T10:58:43.468+0530][3.805s] GC(5) Pause Remark
[2022-12-31T10:58:43.470+0530][3.808s] GC(5) Cleaned string and symbol table, strings: 16297 processed, 3 removed, symbols: 114399 processed, 51 removed
[2022-12-31T10:58:43.471+0530][3.808s] GC(5) Pause Remark 24M->24M(512M) 2.475ms
[2022-12-31T10:58:43.471+0530][3.808s] GC(5) User=0.00s Sys=0.00s Real=0.00s
[2022-12-31T10:58:43.471+0530][3.808s] GC(5) Concurrent Rebuild Remembered Sets
[2022-12-31T10:58:43.478+0530][3.815s] GC(5) Concurrent Rebuild Remembered Sets 6.887ms
[2022-12-31T10:58:43.478+0530][3.815s] GC(5) Pause Cleanup
[2022-12-31T10:58:43.478+0530][3.815s] GC(5) Pause Cleanup 25M->25M(512M) 0.158ms
[2022-12-31T10:58:43.478+0530][3.815s] GC(5) User=0.00s Sys=0.00s Real=0.00s
[2022-12-31T10:58:43.478+0530][3.815s] GC(5) Concurrent Cleanup for Next Mark
[2022-12-31T10:58:43.479+0530][3.816s] GC(5) Concurrent Cleanup for Next Mark 0.400ms
[2022-12-31T10:58:43.479+0530][3.816s] GC(5) Concurrent Cycle 27.656ms
[2022-12-31T10:58:44.392+0530][4.730s] GC(6) Pause Young (Normal) (G1 Evacuation Pause)
[2022-12-31T10:58:44.392+0530][4.730s] GC(6) Using 8 workers of 8 for evacuation
[2022-12-31T10:58:44.398+0530][4.736s] GC(6)   Pre Evacuate Collection Set: 0.0ms
[2022-12-31T10:58:44.398+0530][4.736s] GC(6)   Evacuate Collection Set: 4.7ms
[2022-12-31T10:58:44.398+0530][4.736s] GC(6)   Post Evacuate Collection Set: 0.6ms
[2022-12-31T10:58:44.398+0530][4.736s] GC(6)   Other: 0.3ms
[2022-12-31T10:58:44.398+0530][4.736s] GC(6) Eden regions: 191->0(294)
[2022-12-31T10:58:44.398+0530][4.736s] GC(6) Survivor regions: 9->13(25)
[2022-12-31T10:58:44.398+0530][4.736s] GC(6) Old regions: 12->12
[2022-12-31T10:58:44.398+0530][4.736s] GC(6) Humongous regions: 5->4
[2022-12-31T10:58:44.399+0530][4.736s] GC(6) Metaspace: 43291K->43291K(1089536K)
[2022-12-31T10:58:44.399+0530][4.736s] GC(6) Pause Young (Normal) (G1 Evacuation Pause) 216M->28M(512M) 6.182ms
[2022-12-31T10:58:44.399+0530][4.736s] GC(6) User=0.00s Sys=0.00s Real=0.01s
[2022-12-31T10:58:45.608+0530][5.946s] GC(7) Pause Young (Normal) (G1 Evacuation Pause)
[2022-12-31T10:58:45.608+0530][5.946s] GC(7) Using 8 workers of 8 for evacuation
[2022-12-31T10:58:45.616+0530][5.953s] GC(7)   Pre Evacuate Collection Set: 0.0ms
[2022-12-31T10:58:45.616+0530][5.953s] GC(7)   Evacuate Collection Set: 6.3ms
[2022-12-31T10:58:45.616+0530][5.953s] GC(7)   Post Evacuate Collection Set: 0.8ms
[2022-12-31T10:58:45.616+0530][5.953s] GC(7)   Other: 0.3ms
[2022-12-31T10:58:45.616+0530][5.953s] GC(7) Eden regions: 294->0(285)
[2022-12-31T10:58:45.616+0530][5.953s] GC(7) Survivor regions: 13->22(39)
[2022-12-31T10:58:45.616+0530][5.953s] GC(7) Old regions: 12->12
[2022-12-31T10:58:45.616+0530][5.954s] GC(7) Humongous regions: 4->4
[2022-12-31T10:58:45.616+0530][5.954s] GC(7) Metaspace: 52626K->52626K(1097728K)
[2022-12-31T10:58:45.616+0530][5.954s] GC(7) Pause Young (Normal) (G1 Evacuation Pause) 322M->36M(512M) 7.907ms
[2022-12-31T10:58:45.616+0530][5.954s] GC(7) User=0.00s Sys=0.00s Real=0.01s
[2022-12-31T10:59:01.999+0530][22.337s] GC(8) Pause Young (Normal) (G1 Evacuation Pause)
[2022-12-31T10:59:01.999+0530][22.337s] GC(8) Using 8 workers of 8 for evacuation
[2022-12-31T10:59:02.009+0530][22.346s] GC(8)   Pre Evacuate Collection Set: 0.0ms
[2022-12-31T10:59:02.009+0530][22.346s] GC(8)   Evacuate Collection Set: 8.3ms
[2022-12-31T10:59:02.009+0530][22.346s] GC(8)   Post Evacuate Collection Set: 0.9ms
[2022-12-31T10:59:02.009+0530][22.346s] GC(8)   Other: 0.3ms
[2022-12-31T10:59:02.009+0530][22.346s] GC(8) Eden regions: 285->0(283)
[2022-12-31T10:59:02.009+0530][22.346s] GC(8) Survivor regions: 22->24(39)
[2022-12-31T10:59:02.009+0530][22.347s] GC(8) Old regions: 12->18
[2022-12-31T10:59:02.009+0530][22.347s] GC(8) Humongous regions: 7->7
[2022-12-31T10:59:02.009+0530][22.347s] GC(8) Metaspace: 58125K->58125K(1101824K)
[2022-12-31T10:59:02.009+0530][22.347s] GC(8) Pause Young (Normal) (G1 Evacuation Pause) 324M->48M(512M) 10.013ms
[2022-12-31T10:59:02.009+0530][22.347s] GC(8) User=0.00s Sys=0.00s Real=0.01s
[2022-12-31T10:59:05.112+0530][25.449s] GC(9) Pause Young (Concurrent Start) (Metadata GC Threshold)
[2022-12-31T10:59:05.112+0530][25.449s] GC(9) Using 8 workers of 8 for evacuation
[2022-12-31T10:59:05.122+0530][25.459s] GC(9)   Pre Evacuate Collection Set: 0.1ms
[2022-12-31T10:59:05.122+0530][25.459s] GC(9)   Evacuate Collection Set: 8.2ms
[2022-12-31T10:59:05.122+0530][25.459s] GC(9)   Post Evacuate Collection Set: 0.8ms
[2022-12-31T10:59:05.122+0530][25.459s] GC(9)   Other: 0.4ms
[2022-12-31T10:59:05.122+0530][25.459s] GC(9) Eden regions: 272->0(291)
[2022-12-31T10:59:05.122+0530][25.459s] GC(9) Survivor regions: 24->16(39)
[2022-12-31T10:59:05.122+0530][25.459s] GC(9) Old regions: 18->25
[2022-12-31T10:59:05.122+0530][25.459s] GC(9) Humongous regions: 7->7
[2022-12-31T10:59:05.122+0530][25.459s] GC(9) Metaspace: 58493K->58493K(1101824K)
[2022-12-31T10:59:05.122+0530][25.460s] GC(9) Pause Young (Concurrent Start) (Metadata GC Threshold) 320M->47M(512M) 10.223ms
[2022-12-31T10:59:05.123+0530][25.460s] GC(9) User=0.11s Sys=0.00s Real=0.01s
[2022-12-31T10:59:05.123+0530][25.460s] GC(10) Concurrent Cycle
[2022-12-31T10:59:05.123+0530][25.460s] GC(10) Concurrent Clear Claimed Marks
[2022-12-31T10:59:05.123+0530][25.460s] GC(10) Concurrent Clear Claimed Marks 0.173ms
[2022-12-31T10:59:05.123+0530][25.460s] GC(10) Concurrent Scan Root Regions
[2022-12-31T10:59:05.129+0530][25.466s] GC(10) Concurrent Scan Root Regions 5.468ms
[2022-12-31T10:59:05.129+0530][25.466s] GC(10) Concurrent Mark (25.466s)
[2022-12-31T10:59:05.129+0530][25.466s] GC(10) Concurrent Mark From Roots
[2022-12-31T10:59:05.129+0530][25.466s] GC(10) Using 2 workers of 2 for marking
[2022-12-31T10:59:05.160+0530][25.497s] GC(10) Concurrent Mark From Roots 31.577ms
[2022-12-31T10:59:05.161+0530][25.498s] GC(10) Concurrent Preclean
[2022-12-31T10:59:05.161+0530][25.498s] GC(10) Concurrent Preclean 0.216ms
[2022-12-31T10:59:05.161+0530][25.498s] GC(10) Concurrent Mark (25.466s, 25.498s) 32.148ms
[2022-12-31T10:59:05.161+0530][25.498s] GC(10) Pause Remark
[2022-12-31T10:59:05.165+0530][25.503s] GC(10) Cleaned string and symbol table, strings: 28267 processed, 23 removed, symbols: 171282 processed, 498 removed
[2022-12-31T10:59:05.165+0530][25.503s] GC(10) Pause Remark 61M->61M(512M) 4.522ms
[2022-12-31T10:59:05.165+0530][25.503s] GC(10) User=0.00s Sys=0.00s Real=0.00s
[2022-12-31T10:59:05.165+0530][25.503s] GC(10) Concurrent Rebuild Remembered Sets
[2022-12-31T10:59:05.179+0530][25.517s] GC(10) Concurrent Rebuild Remembered Sets 13.722ms
[2022-12-31T10:59:05.180+0530][25.518s] GC(10) Pause Cleanup
[2022-12-31T10:59:05.180+0530][25.518s] GC(10) Pause Cleanup 67M->67M(512M) 0.224ms
[2022-12-31T10:59:05.180+0530][25.518s] GC(10) User=0.00s Sys=0.00s Real=0.00s
[2022-12-31T10:59:05.180+0530][25.518s] GC(10) Concurrent Cleanup for Next Mark
[2022-12-31T10:59:05.181+0530][25.519s] GC(10) Concurrent Cleanup for Next Mark 0.500ms
[2022-12-31T10:59:05.181+0530][25.519s] GC(10) Concurrent Cycle 59.182ms
[2022-12-31T10:59:11.263+0530][31.601s] GC(11) Pause Young (Normal) (G1 Evacuation Pause)
[2022-12-31T10:59:11.263+0530][31.601s] GC(11) Using 8 workers of 8 for evacuation
[2022-12-31T10:59:11.269+0530][31.606s] GC(11)   Pre Evacuate Collection Set: 0.0ms
[2022-12-31T10:59:11.269+0530][31.606s] GC(11)   Evacuate Collection Set: 4.3ms
[2022-12-31T10:59:11.269+0530][31.606s] GC(11)   Post Evacuate Collection Set: 0.9ms
[2022-12-31T10:59:11.269+0530][31.606s] GC(11)   Other: 0.4ms
[2022-12-31T10:59:11.269+0530][31.607s] GC(11) Eden regions: 291->0(293)
[2022-12-31T10:59:11.269+0530][31.607s] GC(11) Survivor regions: 16->14(39)
[2022-12-31T10:59:11.269+0530][31.607s] GC(11) Old regions: 25->25
[2022-12-31T10:59:11.269+0530][31.607s] GC(11) Humongous regions: 7->7
[2022-12-31T10:59:11.269+0530][31.607s] GC(11) Metaspace: 59691K->59691K(1103872K)
[2022-12-31T10:59:11.269+0530][31.607s] GC(11) Pause Young (Normal) (G1 Evacuation Pause) 338M->44M(512M) 6.280ms
[2022-12-31T10:59:11.269+0530][31.607s] GC(11) User=0.00s Sys=0.00s Real=0.01s
[2022-12-31T11:00:01.401+0530][81.739s] GC(12) Pause Young (Normal) (G1 Evacuation Pause)
[2022-12-31T11:00:01.401+0530][81.739s] GC(12) Using 8 workers of 8 for evacuation
[2022-12-31T11:00:01.409+0530][81.746s] GC(12)   Pre Evacuate Collection Set: 0.0ms
[2022-12-31T11:00:01.409+0530][81.746s] GC(12)   Evacuate Collection Set: 6.2ms
[2022-12-31T11:00:01.409+0530][81.746s] GC(12)   Post Evacuate Collection Set: 0.6ms
[2022-12-31T11:00:01.409+0530][81.746s] GC(12)   Other: 0.4ms
[2022-12-31T11:00:01.409+0530][81.747s] GC(12) Eden regions: 293->0(289)
[2022-12-31T11:00:01.409+0530][81.747s] GC(12) Survivor regions: 14->18(39)
[2022-12-31T11:00:01.409+0530][81.747s] GC(12) Old regions: 25->25
[2022-12-31T11:00:01.409+0530][81.747s] GC(12) Humongous regions: 7->7
[2022-12-31T11:00:01.409+0530][81.747s] GC(12) Metaspace: 60825K->60825K(1103872K)
[2022-12-31T11:00:01.409+0530][81.747s] GC(12) Pause Young (Normal) (G1 Evacuation Pause) 337M->48M(512M) 7.797ms
[2022-12-31T11:00:01.409+0530][81.747s] GC(12) User=0.00s Sys=0.00s Real=0.01s
[2022-12-31T11:01:02.192+0530][142.530s] GC(13) Pause Young (Normal) (G1 Evacuation Pause)
[2022-12-31T11:01:02.193+0530][142.530s] GC(13) Using 8 workers of 8 for evacuation
[2022-12-31T11:01:02.200+0530][142.538s] GC(13)   Pre Evacuate Collection Set: 0.0ms
[2022-12-31T11:01:02.200+0530][142.538s] GC(13)   Evacuate Collection Set: 6.5ms
[2022-12-31T11:01:02.201+0530][142.538s] GC(13)   Post Evacuate Collection Set: 0.9ms
[2022-12-31T11:01:02.201+0530][142.538s] GC(13)   Other: 0.4ms
[2022-12-31T11:01:02.201+0530][142.539s] GC(13) Eden regions: 289->0(292)
[2022-12-31T11:01:02.201+0530][142.539s] GC(13) Survivor regions: 18->15(39)
[2022-12-31T11:01:02.201+0530][142.539s] GC(13) Old regions: 25->25
[2022-12-31T11:01:02.201+0530][142.539s] GC(13) Humongous regions: 7->7
[2022-12-31T11:01:02.201+0530][142.539s] GC(13) Metaspace: 61143K->61143K(1103872K)
[2022-12-31T11:01:02.201+0530][142.539s] GC(13) Pause Young (Normal) (G1 Evacuation Pause) 337M->45M(512M) 8.955ms
[2022-12-31T11:01:02.202+0530][142.539s] GC(13) User=0.13s Sys=0.00s Real=0.01s
[2022-12-31T11:02:02.474+0530][202.811s] GC(14) Pause Young (Normal) (G1 Evacuation Pause)
[2022-12-31T11:02:02.474+0530][202.812s] GC(14) Using 8 workers of 8 for evacuation
[2022-12-31T11:02:02.479+0530][202.817s] GC(14)   Pre Evacuate Collection Set: 0.0ms
[2022-12-31T11:02:02.480+0530][202.817s] GC(14)   Evacuate Collection Set: 4.8ms
[2022-12-31T11:02:02.480+0530][202.818s] GC(14)   Post Evacuate Collection Set: 0.8ms
[2022-12-31T11:02:02.480+0530][202.818s] GC(14)   Other: 0.3ms
[2022-12-31T11:02:02.480+0530][202.818s] GC(14) Eden regions: 292->0(292)
[2022-12-31T11:02:02.480+0530][202.818s] GC(14) Survivor regions: 15->15(39)
[2022-12-31T11:02:02.480+0530][202.818s] GC(14) Old regions: 25->25
[2022-12-31T11:02:02.480+0530][202.818s] GC(14) Humongous regions: 7->7
[2022-12-31T11:02:02.480+0530][202.818s] GC(14) Metaspace: 61421K->61421K(1105920K)
[2022-12-31T11:02:02.480+0530][202.818s] GC(14) Pause Young (Normal) (G1 Evacuation Pause) 337M->45M(512M) 6.381ms
[2022-12-31T11:02:02.480+0530][202.818s] GC(14) User=0.11s Sys=0.00s Real=0.01s
[2022-12-31T11:03:02.731+0530][263.068s] GC(15) Pause Young (Normal) (G1 Evacuation Pause)
[2022-12-31T11:03:02.731+0530][263.068s] GC(15) Using 8 workers of 8 for evacuation
[2022-12-31T11:03:02.737+0530][263.074s] GC(15)   Pre Evacuate Collection Set: 0.0ms
[2022-12-31T11:03:02.737+0530][263.074s] GC(15)   Evacuate Collection Set: 5.0ms
[2022-12-31T11:03:02.737+0530][263.074s] GC(15)   Post Evacuate Collection Set: 0.4ms
[2022-12-31T11:03:02.737+0530][263.074s] GC(15)   Other: 0.3ms
[2022-12-31T11:03:02.737+0530][263.074s] GC(15) Eden regions: 292->0(292)
[2022-12-31T11:03:02.737+0530][263.074s] GC(15) Survivor regions: 15->15(39)
[2022-12-31T11:03:02.737+0530][263.074s] GC(15) Old regions: 25->25
[2022-12-31T11:03:02.737+0530][263.074s] GC(15) Humongous regions: 7->7
[2022-12-31T11:03:02.737+0530][263.074s] GC(15) Metaspace: 61682K->61682K(1105920K)
[2022-12-31T11:03:02.737+0530][263.075s] GC(15) Pause Young (Normal) (G1 Evacuation Pause) 337M->45M(512M) 6.250ms
[2022-12-31T11:03:02.737+0530][263.075s] GC(15) User=0.00s Sys=0.00s Real=0.01s
[2022-12-31T11:05:01.593+0530][381.930s] GC(16) Pause Young (Normal) (G1 Evacuation Pause)
[2022-12-31T11:05:01.593+0530][381.931s] GC(16) Using 8 workers of 8 for evacuation
[2022-12-31T11:05:01.603+0530][381.940s] GC(16)   Pre Evacuate Collection Set: 0.0ms
[2022-12-31T11:05:01.603+0530][381.941s] GC(16)   Evacuate Collection Set: 8.5ms
[2022-12-31T11:05:01.603+0530][381.941s] GC(16)   Post Evacuate Collection Set: 1.0ms
[2022-12-31T11:05:01.604+0530][381.941s] GC(16)   Other: 0.5ms
[2022-12-31T11:05:01.604+0530][381.941s] GC(16) Eden regions: 292->0(288)
[2022-12-31T11:05:01.604+0530][381.941s] GC(16) Survivor regions: 15->19(39)
[2022-12-31T11:05:01.604+0530][381.941s] GC(16) Old regions: 25->25
[2022-12-31T11:05:01.604+0530][381.941s] GC(16) Humongous regions: 7->7
[2022-12-31T11:05:01.604+0530][381.941s] GC(16) Metaspace: 61949K->61949K(1105920K)
[2022-12-31T11:05:01.604+0530][381.942s] GC(16) Pause Young (Normal) (G1 Evacuation Pause) 337M->49M(512M) 11.119ms
[2022-12-31T11:05:01.604+0530][381.942s] GC(16) User=0.00s Sys=0.00s Real=0.01s
[2022-12-31T11:06:01.140+0530][441.478s] GC(17) Pause Young (Normal) (G1 Evacuation Pause)
[2022-12-31T11:06:01.140+0530][441.478s] GC(17) Using 8 workers of 8 for evacuation
[2022-12-31T11:06:01.152+0530][441.490s] GC(17)   Pre Evacuate Collection Set: 0.0ms
[2022-12-31T11:06:01.152+0530][441.490s] GC(17)   Evacuate Collection Set: 10.7ms
[2022-12-31T11:06:01.153+0530][441.490s] GC(17)   Post Evacuate Collection Set: 0.9ms
[2022-12-31T11:06:01.153+0530][441.490s] GC(17)   Other: 0.5ms
[2022-12-31T11:06:01.153+0530][441.490s] GC(17) Eden regions: 288->0(286)
[2022-12-31T11:06:01.153+0530][441.490s] GC(17) Survivor regions: 19->21(39)
[2022-12-31T11:06:01.153+0530][441.490s] GC(17) Old regions: 25->25
[2022-12-31T11:06:01.153+0530][441.491s] GC(17) Humongous regions: 7->7
[2022-12-31T11:06:01.153+0530][441.491s] GC(17) Metaspace: 62205K->62205K(1105920K)
[2022-12-31T11:06:01.153+0530][441.491s] GC(17) Pause Young (Normal) (G1 Evacuation Pause) 337M->51M(512M) 13.028ms
[2022-12-31T11:06:01.153+0530][441.491s] GC(17) User=0.11s Sys=0.00s Real=0.01s
[2022-12-31T11:07:01.700+0530][502.038s] GC(18) Pause Young (Normal) (G1 Evacuation Pause)
[2022-12-31T11:07:01.700+0530][502.038s] GC(18) Using 8 workers of 8 for evacuation
[2022-12-31T11:07:01.707+0530][502.045s] GC(18)   Pre Evacuate Collection Set: 0.0ms
[2022-12-31T11:07:01.707+0530][502.045s] GC(18)   Evacuate Collection Set: 6.0ms
[2022-12-31T11:07:01.707+0530][502.045s] GC(18)   Post Evacuate Collection Set: 0.7ms
[2022-12-31T11:07:01.707+0530][502.045s] GC(18)   Other: 0.3ms
[2022-12-31T11:07:01.707+0530][502.045s] GC(18) Eden regions: 286->0(288)
[2022-12-31T11:07:01.707+0530][502.045s] GC(18) Survivor regions: 21->19(39)
[2022-12-31T11:07:01.707+0530][502.045s] GC(18) Old regions: 25->25
[2022-12-31T11:07:01.707+0530][502.045s] GC(18) Humongous regions: 7->7
[2022-12-31T11:07:01.707+0530][502.045s] GC(18) Metaspace: 62398K->62398K(1105920K)
[2022-12-31T11:07:01.708+0530][502.045s] GC(18) Pause Young (Normal) (G1 Evacuation Pause) 337M->49M(512M) 7.670ms
[2022-12-31T11:07:01.708+0530][502.045s] GC(18) User=0.00s Sys=0.00s Real=0.01s
[2022-12-31T11:08:01.547+0530][561.884s] GC(19) Pause Young (Normal) (G1 Evacuation Pause)
[2022-12-31T11:08:01.547+0530][561.885s] GC(19) Using 8 workers of 8 for evacuation
[2022-12-31T11:08:01.555+0530][561.892s] GC(19)   Pre Evacuate Collection Set: 0.0ms
[2022-12-31T11:08:01.555+0530][561.892s] GC(19)   Evacuate Collection Set: 6.4ms
[2022-12-31T11:08:01.555+0530][561.892s] GC(19)   Post Evacuate Collection Set: 1.0ms
[2022-12-31T11:08:01.555+0530][561.892s] GC(19)   Other: 0.3ms
[2022-12-31T11:08:01.555+0530][561.892s] GC(19) Eden regions: 288->0(291)
[2022-12-31T11:08:01.555+0530][561.893s] GC(19) Survivor regions: 19->16(39)
[2022-12-31T11:08:01.555+0530][561.893s] GC(19) Old regions: 25->25
[2022-12-31T11:08:01.555+0530][561.893s] GC(19) Humongous regions: 7->7
[2022-12-31T11:08:01.555+0530][561.893s] GC(19) Metaspace: 62752K->62752K(1105920K)
[2022-12-31T11:08:01.556+0530][561.893s] GC(19) Pause Young (Normal) (G1 Evacuation Pause) 337M->46M(512M) 8.260ms
[2022-12-31T11:08:01.556+0530][561.893s] GC(19) User=0.00s Sys=0.00s Real=0.01s
[2022-12-31T11:09:02.308+0530][622.646s] GC(20) Pause Young (Normal) (G1 Evacuation Pause)
[2022-12-31T11:09:02.309+0530][622.646s] GC(20) Using 8 workers of 8 for evacuation
[2022-12-31T11:09:02.316+0530][622.654s] GC(20)   Pre Evacuate Collection Set: 0.0ms
[2022-12-31T11:09:02.317+0530][622.654s] GC(20)   Evacuate Collection Set: 6.6ms
[2022-12-31T11:09:02.317+0530][622.654s] GC(20)   Post Evacuate Collection Set: 1.0ms
[2022-12-31T11:09:02.317+0530][622.654s] GC(20)   Other: 0.4ms
[2022-12-31T11:09:02.317+0530][622.655s] GC(20) Eden regions: 291->0(293)
[2022-12-31T11:09:02.317+0530][622.655s] GC(20) Survivor regions: 16->14(39)
[2022-12-31T11:09:02.317+0530][622.655s] GC(20) Old regions: 25->25
[2022-12-31T11:09:02.317+0530][622.655s] GC(20) Humongous regions: 7->7
[2022-12-31T11:09:02.317+0530][622.655s] GC(20) Metaspace: 62984K->62984K(1105920K)
[2022-12-31T11:09:02.317+0530][622.655s] GC(20) Pause Young (Normal) (G1 Evacuation Pause) 337M->45M(512M) 8.716ms
[2022-12-31T11:09:02.317+0530][622.655s] GC(20) User=0.00s Sys=0.00s Real=0.01s
[2022-12-31T11:10:03.053+0530][683.391s] GC(21) Pause Young (Normal) (G1 Evacuation Pause)
[2022-12-31T11:10:03.053+0530][683.391s] GC(21) Using 8 workers of 8 for evacuation
[2022-12-31T11:10:03.061+0530][683.399s] GC(21)   Pre Evacuate Collection Set: 0.0ms
[2022-12-31T11:10:03.061+0530][683.399s] GC(21)   Evacuate Collection Set: 7.0ms
[2022-12-31T11:10:03.062+0530][683.399s] GC(21)   Post Evacuate Collection Set: 0.7ms
[2022-12-31T11:10:03.062+0530][683.400s] GC(21)   Other: 0.3ms
[2022-12-31T11:10:03.062+0530][683.400s] GC(21) Eden regions: 293->0(293)
[2022-12-31T11:10:03.062+0530][683.400s] GC(21) Survivor regions: 14->14(39)
[2022-12-31T11:10:03.062+0530][683.400s] GC(21) Old regions: 25->25
[2022-12-31T11:10:03.062+0530][683.400s] GC(21) Humongous regions: 7->7
[2022-12-31T11:10:03.062+0530][683.400s] GC(21) Metaspace: 63781K->63781K(1107968K)
[2022-12-31T11:10:03.062+0530][683.400s] GC(21) Pause Young (Normal) (G1 Evacuation Pause) 338M->44M(512M) 8.646ms
[2022-12-31T11:10:03.062+0530][683.400s] GC(21) User=0.11s Sys=0.00s Real=0.01s
[2022-12-31T11:11:02.476+0530][742.813s] GC(22) Pause Young (Normal) (G1 Evacuation Pause)
[2022-12-31T11:11:02.476+0530][742.813s] GC(22) Using 8 workers of 8 for evacuation
[2022-12-31T11:11:02.485+0530][742.822s] GC(22)   Pre Evacuate Collection Set: 0.0ms
[2022-12-31T11:11:02.485+0530][742.823s] GC(22)   Evacuate Collection Set: 7.7ms
[2022-12-31T11:11:02.485+0530][742.823s] GC(22)   Post Evacuate Collection Set: 1.2ms
[2022-12-31T11:11:02.486+0530][742.823s] GC(22)   Other: 0.5ms
[2022-12-31T11:11:02.486+0530][742.823s] GC(22) Eden regions: 293->0(291)
[2022-12-31T11:11:02.486+0530][742.823s] GC(22) Survivor regions: 14->16(39)
[2022-12-31T11:11:02.486+0530][742.823s] GC(22) Old regions: 25->25
[2022-12-31T11:11:02.486+0530][742.823s] GC(22) Humongous regions: 7->7
[2022-12-31T11:11:02.486+0530][742.823s] GC(22) Metaspace: 63970K->63970K(1107968K)
[2022-12-31T11:11:02.486+0530][742.823s] GC(22) Pause Young (Normal) (G1 Evacuation Pause) 337M->46M(512M) 10.545ms
[2022-12-31T11:11:02.486+0530][742.824s] GC(22) User=0.13s Sys=0.00s Real=0.01s
[2022-12-31T11:12:02.344+0530][802.681s] GC(23) Pause Young (Normal) (G1 Evacuation Pause)
[2022-12-31T11:12:02.344+0530][802.682s] GC(23) Using 8 workers of 8 for evacuation
[2022-12-31T11:12:02.353+0530][802.690s] GC(23)   Pre Evacuate Collection Set: 0.0ms
[2022-12-31T11:12:02.353+0530][802.691s] GC(23)   Evacuate Collection Set: 7.8ms
[2022-12-31T11:12:02.353+0530][802.691s] GC(23)   Post Evacuate Collection Set: 0.8ms
[2022-12-31T11:12:02.353+0530][802.691s] GC(23)   Other: 0.4ms
[2022-12-31T11:12:02.353+0530][802.691s] GC(23) Eden regions: 291->0(295)
[2022-12-31T11:12:02.353+0530][802.691s] GC(23) Survivor regions: 16->12(39)
[2022-12-31T11:12:02.353+0530][802.691s] GC(23) Old regions: 25->31
[2022-12-31T11:12:02.353+0530][802.691s] GC(23) Humongous regions: 7->7
[2022-12-31T11:12:02.354+0530][802.691s] GC(23) Metaspace: 64003K->64003K(1107968K)
[2022-12-31T11:12:02.354+0530][802.691s] GC(23) Pause Young (Normal) (G1 Evacuation Pause) 337M->48M(512M) 9.987ms
[2022-12-31T11:12:02.354+0530][802.692s] GC(23) User=0.02s Sys=0.02s Real=0.01s
[2022-12-31T11:13:01.329+0530][861.667s] GC(24) Pause Young (Normal) (G1 Evacuation Pause)
[2022-12-31T11:13:01.329+0530][861.667s] GC(24) Using 8 workers of 8 for evacuation
[2022-12-31T11:13:01.336+0530][861.674s] GC(24)   Pre Evacuate Collection Set: 0.0ms
[2022-12-31T11:13:01.336+0530][861.674s] GC(24)   Evacuate Collection Set: 5.5ms
[2022-12-31T11:13:01.336+0530][861.674s] GC(24)   Post Evacuate Collection Set: 0.9ms
[2022-12-31T11:13:01.336+0530][861.674s] GC(24)   Other: 0.4ms
[2022-12-31T11:13:01.336+0530][861.674s] GC(24) Eden regions: 295->0(293)
[2022-12-31T11:13:01.337+0530][861.674s] GC(24) Survivor regions: 12->14(39)
[2022-12-31T11:13:01.337+0530][861.674s] GC(24) Old regions: 31->33
[2022-12-31T11:13:01.337+0530][861.674s] GC(24) Humongous regions: 7->7
[2022-12-31T11:13:01.337+0530][861.674s] GC(24) Metaspace: 64060K->64060K(1107968K)
[2022-12-31T11:13:01.337+0530][861.675s] GC(24) Pause Young (Normal) (G1 Evacuation Pause) 343M->52M(512M) 7.747ms
[2022-12-31T11:13:01.337+0530][861.675s] GC(24) User=0.00s Sys=0.00s Real=0.01s
[2022-12-31T11:14:00.942+0530][921.279s] GC(25) Pause Young (Normal) (G1 Evacuation Pause)
[2022-12-31T11:14:00.942+0530][921.279s] GC(25) Using 8 workers of 8 for evacuation
[2022-12-31T11:14:00.947+0530][921.284s] GC(25)   Pre Evacuate Collection Set: 0.0ms
[2022-12-31T11:14:00.947+0530][921.284s] GC(25)   Evacuate Collection Set: 4.1ms
[2022-12-31T11:14:00.947+0530][921.284s] GC(25)   Post Evacuate Collection Set: 0.5ms
[2022-12-31T11:14:00.947+0530][921.285s] GC(25)   Other: 0.5ms
[2022-12-31T11:14:00.947+0530][921.285s] GC(25) Eden regions: 293->0(296)
[2022-12-31T11:14:00.947+0530][921.285s] GC(25) Survivor regions: 14->11(39)
[2022-12-31T11:14:00.948+0530][921.285s] GC(25) Old regions: 33->33
[2022-12-31T11:14:00.948+0530][921.285s] GC(25) Humongous regions: 7->7
[2022-12-31T11:14:00.948+0530][921.285s] GC(25) Metaspace: 64139K->64139K(1107968K)
[2022-12-31T11:14:00.948+0530][921.285s] GC(25) Pause Young (Normal) (G1 Evacuation Pause) 345M->50M(512M) 6.087ms
[2022-12-31T11:14:00.948+0530][921.285s] GC(25) User=0.02s Sys=0.09s Real=0.01s
[2022-12-31T11:15:01.491+0530][981.829s] GC(26) Pause Young (Normal) (G1 Evacuation Pause)
[2022-12-31T11:15:01.491+0530][981.829s] GC(26) Using 8 workers of 8 for evacuation
[2022-12-31T11:15:01.495+0530][981.833s] GC(26)   Pre Evacuate Collection Set: 0.0ms
[2022-12-31T11:15:01.495+0530][981.833s] GC(26)   Evacuate Collection Set: 2.8ms
[2022-12-31T11:15:01.495+0530][981.833s] GC(26)   Post Evacuate Collection Set: 0.8ms
[2022-12-31T11:15:01.495+0530][981.833s] GC(26)   Other: 0.5ms
[2022-12-31T11:15:01.495+0530][981.833s] GC(26) Eden regions: 296->0(302)
[2022-12-31T11:15:01.495+0530][981.833s] GC(26) Survivor regions: 11->5(39)
[2022-12-31T11:15:01.496+0530][981.833s] GC(26) Old regions: 33->34
[2022-12-31T11:15:01.496+0530][981.834s] GC(26) Humongous regions: 7->7
[2022-12-31T11:15:01.496+0530][981.834s] GC(26) Metaspace: 64154K->64154K(1107968K)
[2022-12-31T11:15:01.496+0530][981.834s] GC(26) Pause Young (Normal) (G1 Evacuation Pause) 346M->45M(512M) 5.114ms
[2022-12-31T11:15:01.496+0530][981.834s] GC(26) User=0.13s Sys=0.00s Real=0.01s
[2022-12-31T11:15:04.317+0530][984.655s] GC(27) Pause Young (Normal) (G1 Evacuation Pause)
[2022-12-31T11:15:04.317+0530][984.655s] GC(27) Using 8 workers of 8 for evacuation
[2022-12-31T11:15:04.320+0530][984.658s] GC(27)   Pre Evacuate Collection Set: 0.0ms
[2022-12-31T11:15:04.321+0530][984.658s] GC(27)   Evacuate Collection Set: 2.6ms
[2022-12-31T11:15:04.321+0530][984.658s] GC(27)   Post Evacuate Collection Set: 0.4ms
[2022-12-31T11:15:04.321+0530][984.659s] GC(27)   Other: 0.3ms
[2022-12-31T11:15:04.321+0530][984.659s] GC(27) Eden regions: 302->0(303)
[2022-12-31T11:15:04.321+0530][984.659s] GC(27) Survivor regions: 5->4(39)
[2022-12-31T11:15:04.321+0530][984.659s] GC(27) Old regions: 34->36
[2022-12-31T11:15:04.321+0530][984.659s] GC(27) Humongous regions: 7->7
[2022-12-31T11:15:04.321+0530][984.659s] GC(27) Metaspace: 64158K->64158K(1107968K)
[2022-12-31T11:15:04.321+0530][984.659s] GC(27) Pause Young (Normal) (G1 Evacuation Pause) 347M->45M(512M) 3.925ms
[2022-12-31T11:15:04.321+0530][984.659s] GC(27) User=0.00s Sys=0.00s Real=0.00s
[2022-12-31T11:16:02.482+0530][1042.820s] GC(28) Pause Young (Normal) (G1 Evacuation Pause)
[2022-12-31T11:16:02.483+0530][1042.820s] GC(28) Using 8 workers of 8 for evacuation
[2022-12-31T11:16:02.489+0530][1042.826s] GC(28)   Pre Evacuate Collection Set: 0.0ms
[2022-12-31T11:16:02.489+0530][1042.826s] GC(28)   Evacuate Collection Set: 5.3ms
[2022-12-31T11:16:02.489+0530][1042.826s] GC(28)   Post Evacuate Collection Set: 0.5ms
[2022-12-31T11:16:02.489+0530][1042.827s] GC(28)   Other: 0.6ms
[2022-12-31T11:16:02.489+0530][1042.827s] GC(28) Eden regions: 303->0(301)
[2022-12-31T11:16:02.490+0530][1042.827s] GC(28) Survivor regions: 4->6(39)
[2022-12-31T11:16:02.490+0530][1042.827s] GC(28) Old regions: 36->36
[2022-12-31T11:16:02.490+0530][1042.827s] GC(28) Humongous regions: 7->7
[2022-12-31T11:16:02.490+0530][1042.827s] GC(28) Metaspace: 64211K->64211K(1107968K)
[2022-12-31T11:16:02.490+0530][1042.827s] GC(28) Pause Young (Normal) (G1 Evacuation Pause) 348M->47M(512M) 7.580ms
[2022-12-31T11:16:02.490+0530][1042.827s] GC(28) User=0.00s Sys=0.00s Real=0.01s
[2022-12-31T11:17:01.423+0530][1101.761s] GC(29) Pause Young (Normal) (G1 Evacuation Pause)
[2022-12-31T11:17:01.423+0530][1101.761s] GC(29) Using 8 workers of 8 for evacuation
[2022-12-31T11:17:01.428+0530][1101.766s] GC(29)   Pre Evacuate Collection Set: 0.0ms
[2022-12-31T11:17:01.428+0530][1101.766s] GC(29)   Evacuate Collection Set: 4.2ms
[2022-12-31T11:17:01.428+0530][1101.766s] GC(29)   Post Evacuate Collection Set: 0.4ms
[2022-12-31T11:17:01.428+0530][1101.766s] GC(29)   Other: 0.3ms
[2022-12-31T11:17:01.428+0530][1101.766s] GC(29) Eden regions: 301->0(297)
[2022-12-31T11:17:01.428+0530][1101.766s] GC(29) Survivor regions: 6->10(39)
[2022-12-31T11:17:01.429+0530][1101.766s] GC(29) Old regions: 36->36
[2022-12-31T11:17:01.429+0530][1101.766s] GC(29) Humongous regions: 7->7
[2022-12-31T11:17:01.429+0530][1101.766s] GC(29) Metaspace: 64230K->64230K(1107968K)
[2022-12-31T11:17:01.429+0530][1101.766s] GC(29) Pause Young (Normal) (G1 Evacuation Pause) 348M->51M(512M) 5.704ms
[2022-12-31T11:17:01.429+0530][1101.766s] GC(29) User=0.00s Sys=0.00s Real=0.01s
[2022-12-31T11:17:03.815+0530][1104.152s] GC(30) Pause Young (Normal) (G1 Evacuation Pause)
[2022-12-31T11:17:03.815+0530][1104.152s] GC(30) Using 8 workers of 8 for evacuation
[2022-12-31T11:17:03.819+0530][1104.156s] GC(30)   Pre Evacuate Collection Set: 0.0ms
[2022-12-31T11:17:03.819+0530][1104.156s] GC(30)   Evacuate Collection Set: 2.4ms
[2022-12-31T11:17:03.819+0530][1104.156s] GC(30)   Post Evacuate Collection Set: 1.1ms
[2022-12-31T11:17:03.819+0530][1104.156s] GC(30)   Other: 0.3ms
[2022-12-31T11:17:03.819+0530][1104.156s] GC(30) Eden regions: 297->0(304)
[2022-12-31T11:17:03.820+0530][1104.157s] GC(30) Survivor regions: 10->3(39)
[2022-12-31T11:17:03.820+0530][1104.157s] GC(30) Old regions: 36->36
[2022-12-31T11:17:03.820+0530][1104.157s] GC(30) Humongous regions: 7->7
[2022-12-31T11:17:03.820+0530][1104.157s] GC(30) Metaspace: 64245K->64245K(1107968K)
[2022-12-31T11:17:03.820+0530][1104.157s] GC(30) Pause Young (Normal) (G1 Evacuation Pause) 348M->45M(512M) 4.465ms
[2022-12-31T11:17:03.820+0530][1104.157s] GC(30) User=0.00s Sys=0.00s Real=0.00s
[2022-12-31T11:18:04.857+0530][1165.194s] GC(31) Pause Young (Normal) (G1 Evacuation Pause)
[2022-12-31T11:18:04.857+0530][1165.194s] GC(31) Using 8 workers of 8 for evacuation
[2022-12-31T11:18:04.861+0530][1165.198s] GC(31)   Pre Evacuate Collection Set: 0.0ms
[2022-12-31T11:18:04.861+0530][1165.198s] GC(31)   Evacuate Collection Set: 2.9ms
[2022-12-31T11:18:04.861+0530][1165.198s] GC(31)   Post Evacuate Collection Set: 0.5ms
[2022-12-31T11:18:04.861+0530][1165.198s] GC(31)   Other: 0.6ms
[2022-12-31T11:18:04.861+0530][1165.198s] GC(31) Eden regions: 304->0(304)
[2022-12-31T11:18:04.861+0530][1165.198s] GC(31) Survivor regions: 3->3(39)
[2022-12-31T11:18:04.862+0530][1165.199s] GC(31) Old regions: 36->36
[2022-12-31T11:18:04.862+0530][1165.199s] GC(31) Humongous regions: 7->7
[2022-12-31T11:18:04.862+0530][1165.199s] GC(31) Metaspace: 64258K->64258K(1107968K)
[2022-12-31T11:18:04.862+0530][1165.199s] GC(31) Pause Young (Normal) (G1 Evacuation Pause) 349M->45M(512M) 4.690ms
[2022-12-31T11:18:04.862+0530][1165.199s] GC(31) User=0.00s Sys=0.00s Real=0.00s
[2022-12-31T11:19:02.404+0530][1222.741s] GC(32) Pause Young (Normal) (G1 Evacuation Pause)
[2022-12-31T11:19:02.404+0530][1222.741s] GC(32) Using 8 workers of 8 for evacuation
[2022-12-31T11:19:02.408+0530][1222.746s] GC(32)   Pre Evacuate Collection Set: 0.0ms
[2022-12-31T11:19:02.408+0530][1222.746s] GC(32)   Evacuate Collection Set: 3.5ms
[2022-12-31T11:19:02.408+0530][1222.746s] GC(32)   Post Evacuate Collection Set: 0.5ms
[2022-12-31T11:19:02.408+0530][1222.746s] GC(32)   Other: 0.4ms
[2022-12-31T11:19:02.408+0530][1222.746s] GC(32) Eden regions: 304->0(301)
[2022-12-31T11:19:02.409+0530][1222.746s] GC(32) Survivor regions: 3->6(39)
[2022-12-31T11:19:02.409+0530][1222.746s] GC(32) Old regions: 36->36
[2022-12-31T11:19:02.409+0530][1222.746s] GC(32) Humongous regions: 7->7
[2022-12-31T11:19:02.409+0530][1222.746s] GC(32) Metaspace: 64282K->64282K(1107968K)
[2022-12-31T11:19:02.409+0530][1222.746s] GC(32) Pause Young (Normal) (G1 Evacuation Pause) 349M->48M(512M) 5.135ms
[2022-12-31T11:19:02.409+0530][1222.746s] GC(32) User=0.00s Sys=0.00s Real=0.00s
[2022-12-31T11:20:01.690+0530][1282.027s] GC(33) Pause Young (Normal) (G1 Evacuation Pause)
[2022-12-31T11:20:01.691+0530][1282.028s] GC(33) Using 8 workers of 8 for evacuation
[2022-12-31T11:20:01.694+0530][1282.031s] GC(33)   Pre Evacuate Collection Set: 0.0ms
[2022-12-31T11:20:01.695+0530][1282.032s] GC(33)   Evacuate Collection Set: 3.1ms
[2022-12-31T11:20:01.695+0530][1282.032s] GC(33)   Post Evacuate Collection Set: 0.5ms
[2022-12-31T11:20:01.695+0530][1282.032s] GC(33)   Other: 0.4ms
[2022-12-31T11:20:01.695+0530][1282.032s] GC(33) Eden regions: 301->0(300)
[2022-12-31T11:20:01.695+0530][1282.032s] GC(33) Survivor regions: 6->7(39)
[2022-12-31T11:20:01.695+0530][1282.032s] GC(33) Old regions: 36->36
[2022-12-31T11:20:01.695+0530][1282.032s] GC(33) Humongous regions: 7->7
[2022-12-31T11:20:01.695+0530][1282.032s] GC(33) Metaspace: 64297K->64297K(1107968K)
[2022-12-31T11:20:01.695+0530][1282.032s] GC(33) Pause Young (Normal) (G1 Evacuation Pause) 349M->49M(512M) 4.861ms
[2022-12-31T11:20:01.695+0530][1282.032s] GC(33) User=0.00s Sys=0.00s Real=0.00s
[2022-12-31T11:21:01.388+0530][1341.726s] GC(34) Pause Young (Normal) (G1 Evacuation Pause)
[2022-12-31T11:21:01.388+0530][1341.726s] GC(34) Using 8 workers of 8 for evacuation
[2022-12-31T11:21:01.392+0530][1341.729s] GC(34)   Pre Evacuate Collection Set: 0.0ms
[2022-12-31T11:21:01.392+0530][1341.730s] GC(34)   Evacuate Collection Set: 2.9ms
[2022-12-31T11:21:01.392+0530][1341.730s] GC(34)   Post Evacuate Collection Set: 0.5ms
[2022-12-31T11:21:01.392+0530][1341.730s] GC(34)   Other: 0.5ms
[2022-12-31T11:21:01.393+0530][1341.730s] GC(34) Eden regions: 300->0(300)
[2022-12-31T11:21:01.393+0530][1341.730s] GC(34) Survivor regions: 7->7(39)
[2022-12-31T11:21:01.393+0530][1341.730s] GC(34) Old regions: 36->36
[2022-12-31T11:21:01.393+0530][1341.730s] GC(34) Humongous regions: 7->7
[2022-12-31T11:21:01.393+0530][1341.730s] GC(34) Metaspace: 64392K->64392K(1107968K)
[2022-12-31T11:21:01.393+0530][1341.730s] GC(34) Pause Young (Normal) (G1 Evacuation Pause) 349M->49M(512M) 4.732ms
[2022-12-31T11:21:01.393+0530][1341.730s] GC(34) User=0.00s Sys=0.00s Real=0.00s
[2022-12-31T11:22:01.749+0530][1402.087s] GC(35) Pause Young (Normal) (G1 Evacuation Pause)
[2022-12-31T11:22:01.749+0530][1402.087s] GC(35) Using 8 workers of 8 for evacuation
[2022-12-31T11:22:01.753+0530][1402.091s] GC(35)   Pre Evacuate Collection Set: 0.0ms
[2022-12-31T11:22:01.753+0530][1402.091s] GC(35)   Evacuate Collection Set: 3.2ms
[2022-12-31T11:22:01.753+0530][1402.091s] GC(35)   Post Evacuate Collection Set: 0.5ms
[2022-12-31T11:22:01.753+0530][1402.091s] GC(35)   Other: 0.4ms
[2022-12-31T11:22:01.753+0530][1402.091s] GC(35) Eden regions: 300->0(298)
[2022-12-31T11:22:01.753+0530][1402.091s] GC(35) Survivor regions: 7->9(39)
[2022-12-31T11:22:01.753+0530][1402.091s] GC(35) Old regions: 36->36
[2022-12-31T11:22:01.753+0530][1402.091s] GC(35) Humongous regions: 7->7
[2022-12-31T11:22:01.753+0530][1402.091s] GC(35) Metaspace: 64450K->64450K(1107968K)
[2022-12-31T11:22:01.754+0530][1402.091s] GC(35) Pause Young (Normal) (G1 Evacuation Pause) 349M->51M(512M) 4.873ms
[2022-12-31T11:22:01.754+0530][1402.091s] GC(35) User=0.00s Sys=0.00s Real=0.00s
[2022-12-31T11:23:00.757+0530][1461.095s] GC(36) Pause Young (Normal) (G1 Evacuation Pause)
[2022-12-31T11:23:00.757+0530][1461.095s] GC(36) Using 8 workers of 8 for evacuation
[2022-12-31T11:23:00.761+0530][1461.099s] GC(36)   Pre Evacuate Collection Set: 0.0ms
[2022-12-31T11:23:00.761+0530][1461.099s] GC(36)   Evacuate Collection Set: 3.1ms
[2022-12-31T11:23:00.761+0530][1461.099s] GC(36)   Post Evacuate Collection Set: 0.5ms
[2022-12-31T11:23:00.762+0530][1461.099s] GC(36)   Other: 0.3ms
[2022-12-31T11:23:00.762+0530][1461.099s] GC(36) Eden regions: 298->0(297)
[2022-12-31T11:23:00.762+0530][1461.099s] GC(36) Survivor regions: 9->10(39)
[2022-12-31T11:23:00.762+0530][1461.099s] GC(36) Old regions: 36->37
[2022-12-31T11:23:00.762+0530][1461.099s] GC(36) Humongous regions: 7->7
[2022-12-31T11:23:00.762+0530][1461.100s] GC(36) Metaspace: 64462K->64462K(1107968K)
[2022-12-31T11:23:00.762+0530][1461.100s] GC(36) Pause Young (Normal) (G1 Evacuation Pause) 349M->52M(512M) 4.632ms
[2022-12-31T11:23:00.762+0530][1461.100s] GC(36) User=0.13s Sys=0.00s Real=0.01s
[2022-12-31T11:24:00.999+0530][1521.336s] GC(37) Pause Young (Normal) (G1 Evacuation Pause)
[2022-12-31T11:24:00.999+0530][1521.336s] GC(37) Using 8 workers of 8 for evacuation
[2022-12-31T11:24:01.002+0530][1521.339s] GC(37)   Pre Evacuate Collection Set: 0.0ms
[2022-12-31T11:24:01.002+0530][1521.339s] GC(37)   Evacuate Collection Set: 1.7ms
[2022-12-31T11:24:01.002+0530][1521.339s] GC(37)   Post Evacuate Collection Set: 0.4ms
[2022-12-31T11:24:01.002+0530][1521.339s] GC(37)   Other: 0.7ms
[2022-12-31T11:24:01.002+0530][1521.339s] GC(37) Eden regions: 297->0(304)
[2022-12-31T11:24:01.002+0530][1521.340s] GC(37) Survivor regions: 10->3(39)
[2022-12-31T11:24:01.002+0530][1521.340s] GC(37) Old regions: 37->37
[2022-12-31T11:24:01.002+0530][1521.340s] GC(37) Humongous regions: 7->7
[2022-12-31T11:24:01.002+0530][1521.340s] GC(37) Metaspace: 64471K->64471K(1107968K)
[2022-12-31T11:24:01.002+0530][1521.340s] GC(37) Pause Young (Normal) (G1 Evacuation Pause) 349M->46M(512M) 3.714ms
[2022-12-31T11:24:01.003+0530][1521.340s] GC(37) User=0.00s Sys=0.00s Real=0.00s
[2022-12-31T11:25:01.094+0530][1581.432s] GC(38) Pause Young (Normal) (G1 Evacuation Pause)
[2022-12-31T11:25:01.094+0530][1581.432s] GC(38) Using 8 workers of 8 for evacuation
[2022-12-31T11:25:01.098+0530][1581.435s] GC(38)   Pre Evacuate Collection Set: 0.0ms
[2022-12-31T11:25:01.098+0530][1581.435s] GC(38)   Evacuate Collection Set: 3.0ms
[2022-12-31T11:25:01.098+0530][1581.435s] GC(38)   Post Evacuate Collection Set: 0.3ms
[2022-12-31T11:25:01.098+0530][1581.436s] GC(38)   Other: 0.3ms
[2022-12-31T11:25:01.098+0530][1581.436s] GC(38) Eden regions: 304->0(300)
[2022-12-31T11:25:01.098+0530][1581.436s] GC(38) Survivor regions: 3->7(39)
[2022-12-31T11:25:01.098+0530][1581.436s] GC(38) Old regions: 37->37
[2022-12-31T11:25:01.098+0530][1581.436s] GC(38) Humongous regions: 7->7
[2022-12-31T11:25:01.098+0530][1581.436s] GC(38) Metaspace: 64471K->64471K(1107968K)
[2022-12-31T11:25:01.098+0530][1581.436s] GC(38) Pause Young (Normal) (G1 Evacuation Pause) 350M->49M(512M) 4.295ms
[2022-12-31T11:25:01.098+0530][1581.436s] GC(38) User=0.00s Sys=0.00s Real=0.00s
[2022-12-31T11:25:03.547+0530][1583.884s] GC(39) Pause Young (Normal) (G1 Evacuation Pause)
[2022-12-31T11:25:03.547+0530][1583.884s] GC(39) Using 8 workers of 8 for evacuation
[2022-12-31T11:25:03.550+0530][1583.888s] GC(39)   Pre Evacuate Collection Set: 0.0ms
[2022-12-31T11:25:03.551+0530][1583.888s] GC(39)   Evacuate Collection Set: 2.9ms
[2022-12-31T11:25:03.551+0530][1583.888s] GC(39)   Post Evacuate Collection Set: 0.4ms
[2022-12-31T11:25:03.551+0530][1583.888s] GC(39)   Other: 0.5ms
[2022-12-31T11:25:03.551+0530][1583.888s] GC(39) Eden regions: 300->0(302)
[2022-12-31T11:25:03.551+0530][1583.888s] GC(39) Survivor regions: 7->5(39)
[2022-12-31T11:25:03.551+0530][1583.888s] GC(39) Old regions: 37->37
[2022-12-31T11:25:03.551+0530][1583.888s] GC(39) Humongous regions: 7->7
[2022-12-31T11:25:03.551+0530][1583.888s] GC(39) Metaspace: 64478K->64478K(1107968K)
[2022-12-31T11:25:03.551+0530][1583.889s] GC(39) Pause Young (Normal) (G1 Evacuation Pause) 349M->47M(512M) 4.641ms
[2022-12-31T11:25:03.551+0530][1583.889s] GC(39) User=0.00s Sys=0.00s Real=0.00s
[2022-12-31T11:26:01.800+0530][1642.137s] GC(40) Pause Young (Normal) (G1 Evacuation Pause)
[2022-12-31T11:26:01.800+0530][1642.138s] GC(40) Using 8 workers of 8 for evacuation
[2022-12-31T11:26:01.803+0530][1642.141s] GC(40)   Pre Evacuate Collection Set: 0.0ms
[2022-12-31T11:26:01.803+0530][1642.141s] GC(40)   Evacuate Collection Set: 2.5ms
[2022-12-31T11:26:01.803+0530][1642.141s] GC(40)   Post Evacuate Collection Set: 0.4ms
[2022-12-31T11:26:01.804+0530][1642.141s] GC(40)   Other: 0.3ms
[2022-12-31T11:26:01.804+0530][1642.141s] GC(40) Eden regions: 302->0(301)
[2022-12-31T11:26:01.804+0530][1642.141s] GC(40) Survivor regions: 5->6(39)
[2022-12-31T11:26:01.804+0530][1642.141s] GC(40) Old regions: 37->37
[2022-12-31T11:26:01.804+0530][1642.141s] GC(40) Humongous regions: 7->7
[2022-12-31T11:26:01.804+0530][1642.141s] GC(40) Metaspace: 64482K->64482K(1107968K)
[2022-12-31T11:26:01.804+0530][1642.141s] GC(40) Pause Young (Normal) (G1 Evacuation Pause) 349M->48M(512M) 3.823ms
[2022-12-31T11:26:01.804+0530][1642.141s] GC(40) User=0.00s Sys=0.00s Real=0.00s
[2022-12-31T11:27:03.554+0530][1703.891s] GC(41) Pause Young (Normal) (G1 Evacuation Pause)
[2022-12-31T11:27:03.554+0530][1703.892s] GC(41) Using 8 workers of 8 for evacuation
[2022-12-31T11:27:03.559+0530][1703.896s] GC(41)   Pre Evacuate Collection Set: 0.0ms
[2022-12-31T11:27:03.559+0530][1703.897s] GC(41)   Evacuate Collection Set: 2.8ms
[2022-12-31T11:27:03.560+0530][1703.897s] GC(41)   Post Evacuate Collection Set: 1.6ms
[2022-12-31T11:27:03.560+0530][1703.897s] GC(41)   Other: 0.5ms
[2022-12-31T11:27:03.560+0530][1703.897s] GC(41) Eden regions: 301->0(303)
[2022-12-31T11:27:03.560+0530][1703.897s] GC(41) Survivor regions: 6->4(39)
[2022-12-31T11:27:03.560+0530][1703.897s] GC(41) Old regions: 37->37
[2022-12-31T11:27:03.560+0530][1703.897s] GC(41) Humongous regions: 7->7
[2022-12-31T11:27:03.560+0530][1703.897s] GC(41) Metaspace: 64494K->64494K(1107968K)
[2022-12-31T11:27:03.560+0530][1703.898s] GC(41) Pause Young (Normal) (G1 Evacuation Pause) 349M->46M(512M) 6.244ms
[2022-12-31T11:27:03.561+0530][1703.898s] GC(41) User=0.02s Sys=0.02s Real=0.01s
[2022-12-31T11:28:05.007+0530][1765.344s] GC(42) Pause Young (Normal) (G1 Evacuation Pause)
[2022-12-31T11:28:05.007+0530][1765.344s] GC(42) Using 8 workers of 8 for evacuation
[2022-12-31T11:28:05.011+0530][1765.348s] GC(42)   Pre Evacuate Collection Set: 0.0ms
[2022-12-31T11:28:05.011+0530][1765.349s] GC(42)   Evacuate Collection Set: 3.0ms
[2022-12-31T11:28:05.011+0530][1765.349s] GC(42)   Post Evacuate Collection Set: 0.5ms
[2022-12-31T11:28:05.011+0530][1765.349s] GC(42)   Other: 0.6ms
[2022-12-31T11:28:05.011+0530][1765.349s] GC(42) Eden regions: 303->0(303)
[2022-12-31T11:28:05.011+0530][1765.349s] GC(42) Survivor regions: 4->4(39)
[2022-12-31T11:28:05.012+0530][1765.349s] GC(42) Old regions: 37->37
[2022-12-31T11:28:05.012+0530][1765.349s] GC(42) Humongous regions: 7->7
[2022-12-31T11:28:05.012+0530][1765.349s] GC(42) Metaspace: 64503K->64503K(1107968K)
[2022-12-31T11:28:05.012+0530][1765.350s] GC(42) Pause Young (Normal) (G1 Evacuation Pause) 349M->47M(512M) 5.256ms
[2022-12-31T11:28:05.012+0530][1765.350s] GC(42) User=0.11s Sys=0.02s Real=0.01s
[2022-12-31T11:29:03.611+0530][1823.949s] GC(43) Pause Young (Normal) (G1 Evacuation Pause)
[2022-12-31T11:29:03.611+0530][1823.949s] GC(43) Using 8 workers of 8 for evacuation
[2022-12-31T11:29:03.617+0530][1823.954s] GC(43)   Pre Evacuate Collection Set: 0.0ms
[2022-12-31T11:29:03.617+0530][1823.955s] GC(43)   Evacuate Collection Set: 4.7ms
[2022-12-31T11:29:03.617+0530][1823.955s] GC(43)   Post Evacuate Collection Set: 0.6ms
[2022-12-31T11:29:03.617+0530][1823.955s] GC(43)   Other: 0.6ms
[2022-12-31T11:29:03.617+0530][1823.955s] GC(43) Eden regions: 303->0(294)
[2022-12-31T11:29:03.617+0530][1823.955s] GC(43) Survivor regions: 4->13(39)
[2022-12-31T11:29:03.618+0530][1823.955s] GC(43) Old regions: 37->37
[2022-12-31T11:29:03.618+0530][1823.956s] GC(43) Humongous regions: 7->7
[2022-12-31T11:29:03.618+0530][1823.956s] GC(43) Metaspace: 64506K->64506K(1107968K)
[2022-12-31T11:29:03.618+0530][1823.956s] GC(43) Pause Young (Normal) (G1 Evacuation Pause) 350M->56M(512M) 7.243ms
[2022-12-31T11:29:03.618+0530][1823.956s] GC(43) User=0.00s Sys=0.00s Real=0.01s
[2022-12-31T11:29:09.041+0530][1829.378s] GC(44) Pause Young (Normal) (G1 Evacuation Pause)
[2022-12-31T11:29:09.041+0530][1829.378s] GC(44) Using 8 workers of 8 for evacuation
[2022-12-31T11:29:09.044+0530][1829.381s] GC(44)   Pre Evacuate Collection Set: 0.0ms
[2022-12-31T11:29:09.044+0530][1829.381s] GC(44)   Evacuate Collection Set: 2.3ms
[2022-12-31T11:29:09.044+0530][1829.382s] GC(44)   Post Evacuate Collection Set: 0.5ms
[2022-12-31T11:29:09.044+0530][1829.382s] GC(44)   Other: 0.5ms
[2022-12-31T11:29:09.045+0530][1829.382s] GC(44) Eden regions: 294->0(303)
[2022-12-31T11:29:09.045+0530][1829.382s] GC(44) Survivor regions: 13->4(39)
[2022-12-31T11:29:09.045+0530][1829.382s] GC(44) Old regions: 37->37
[2022-12-31T11:29:09.045+0530][1829.382s] GC(44) Humongous regions: 7->7
[2022-12-31T11:29:09.045+0530][1829.382s] GC(44) Metaspace: 64507K->64507K(1107968K)
[2022-12-31T11:29:09.045+0530][1829.383s] GC(44) Pause Young (Normal) (G1 Evacuation Pause) 350M->46M(512M) 4.638ms
[2022-12-31T11:29:09.045+0530][1829.383s] GC(44) User=0.13s Sys=0.00s Real=0.00s
[2022-12-31T11:30:05.991+0530][1886.328s] GC(45) Pause Young (Normal) (G1 Evacuation Pause)
[2022-12-31T11:30:05.991+0530][1886.328s] GC(45) Using 8 workers of 8 for evacuation
[2022-12-31T11:30:05.994+0530][1886.331s] GC(45)   Pre Evacuate Collection Set: 0.0ms
[2022-12-31T11:30:05.994+0530][1886.331s] GC(45)   Evacuate Collection Set: 2.4ms
[2022-12-31T11:30:05.994+0530][1886.332s] GC(45)   Post Evacuate Collection Set: 0.5ms
[2022-12-31T11:30:05.995+0530][1886.332s] GC(45)   Other: 0.6ms
[2022-12-31T11:30:05.995+0530][1886.332s] GC(45) Eden regions: 303->0(304)
[2022-12-31T11:30:05.995+0530][1886.332s] GC(45) Survivor regions: 4->3(39)
[2022-12-31T11:30:05.995+0530][1886.332s] GC(45) Old regions: 37->37
[2022-12-31T11:30:05.995+0530][1886.332s] GC(45) Humongous regions: 7->7
[2022-12-31T11:30:05.995+0530][1886.332s] GC(45) Metaspace: 64514K->64514K(1107968K)
[2022-12-31T11:30:05.995+0530][1886.332s] GC(45) Pause Young (Normal) (G1 Evacuation Pause) 349M->45M(512M) 4.787ms
[2022-12-31T11:30:05.995+0530][1886.333s] GC(45) User=0.00s Sys=0.02s Real=0.00s
[2022-12-31T11:31:02.977+0530][1943.314s] GC(46) Pause Young (Normal) (G1 Evacuation Pause)
[2022-12-31T11:31:02.977+0530][1943.314s] GC(46) Using 8 workers of 8 for evacuation
[2022-12-31T11:31:02.979+0530][1943.317s] GC(46)   Pre Evacuate Collection Set: 0.0ms
[2022-12-31T11:31:02.980+0530][1943.317s] GC(46)   Evacuate Collection Set: 2.0ms
[2022-12-31T11:31:02.980+0530][1943.317s] GC(46)   Post Evacuate Collection Set: 0.4ms
[2022-12-31T11:31:02.980+0530][1943.317s] GC(46)   Other: 0.4ms
[2022-12-31T11:31:02.980+0530][1943.317s] GC(46) Eden regions: 304->0(304)
[2022-12-31T11:31:02.980+0530][1943.317s] GC(46) Survivor regions: 3->3(39)
[2022-12-31T11:31:02.980+0530][1943.317s] GC(46) Old regions: 37->37
[2022-12-31T11:31:02.980+0530][1943.318s] GC(46) Humongous regions: 7->7
[2022-12-31T11:31:02.980+0530][1943.318s] GC(46) Metaspace: 64532K->64532K(1107968K)
[2022-12-31T11:31:02.980+0530][1943.318s] GC(46) Pause Young (Normal) (G1 Evacuation Pause) 349M->45M(512M) 3.558ms
[2022-12-31T11:31:02.980+0530][1943.318s] GC(46) User=0.13s Sys=0.00s Real=0.00s
[2022-12-31T11:32:02.854+0530][2003.191s] GC(47) Pause Young (Normal) (G1 Evacuation Pause)
[2022-12-31T11:32:02.854+0530][2003.191s] GC(47) Using 8 workers of 8 for evacuation
[2022-12-31T11:32:02.857+0530][2003.195s] GC(47)   Pre Evacuate Collection Set: 0.0ms
[2022-12-31T11:32:02.857+0530][2003.195s] GC(47)   Evacuate Collection Set: 2.6ms
[2022-12-31T11:32:02.857+0530][2003.195s] GC(47)   Post Evacuate Collection Set: 0.4ms
[2022-12-31T11:32:02.858+0530][2003.195s] GC(47)   Other: 0.4ms
[2022-12-31T11:32:02.858+0530][2003.195s] GC(47) Eden regions: 304->0(303)
[2022-12-31T11:32:02.858+0530][2003.195s] GC(47) Survivor regions: 3->4(39)
[2022-12-31T11:32:02.858+0530][2003.195s] GC(47) Old regions: 37->37
[2022-12-31T11:32:02.858+0530][2003.195s] GC(47) Humongous regions: 7->7
[2022-12-31T11:32:02.858+0530][2003.196s] GC(47) Metaspace: 64534K->64534K(1107968K)
[2022-12-31T11:32:02.858+0530][2003.196s] GC(47) Pause Young (Normal) (G1 Evacuation Pause) 349M->47M(512M) 4.540ms
[2022-12-31T11:32:02.858+0530][2003.196s] GC(47) User=0.00s Sys=0.00s Real=0.00s
[2022-12-31T11:33:00.902+0530][2061.240s] GC(48) Pause Young (Normal) (G1 Evacuation Pause)
[2022-12-31T11:33:00.903+0530][2061.240s] GC(48) Using 8 workers of 8 for evacuation
[2022-12-31T11:33:00.907+0530][2061.244s] GC(48)   Pre Evacuate Collection Set: 0.0ms
[2022-12-31T11:33:00.908+0530][2061.245s] GC(48)   Evacuate Collection Set: 3.8ms
[2022-12-31T11:33:00.908+0530][2061.245s] GC(48)   Post Evacuate Collection Set: 0.5ms
[2022-12-31T11:33:00.908+0530][2061.245s] GC(48)   Other: 0.5ms
[2022-12-31T11:33:00.908+0530][2061.245s] GC(48) Eden regions: 303->0(296)
[2022-12-31T11:33:00.908+0530][2061.245s] GC(48) Survivor regions: 4->11(39)
[2022-12-31T11:33:00.908+0530][2061.245s] GC(48) Old regions: 37->37
[2022-12-31T11:33:00.908+0530][2061.245s] GC(48) Humongous regions: 7->7
[2022-12-31T11:33:00.908+0530][2061.245s] GC(48) Metaspace: 64557K->64557K(1107968K)
[2022-12-31T11:33:00.908+0530][2061.246s] GC(48) Pause Young (Normal) (G1 Evacuation Pause) 350M->54M(512M) 5.952ms
[2022-12-31T11:33:00.909+0530][2061.246s] GC(48) User=0.00s Sys=0.00s Real=0.01s
[2022-12-31T11:33:04.415+0530][2064.752s] GC(49) Pause Young (Normal) (G1 Evacuation Pause)
[2022-12-31T11:33:04.415+0530][2064.752s] GC(49) Using 8 workers of 8 for evacuation
[2022-12-31T11:33:04.418+0530][2064.755s] GC(49)   Pre Evacuate Collection Set: 0.0ms
[2022-12-31T11:33:04.418+0530][2064.755s] GC(49)   Evacuate Collection Set: 1.8ms
[2022-12-31T11:33:04.418+0530][2064.755s] GC(49)   Post Evacuate Collection Set: 0.4ms
[2022-12-31T11:33:04.418+0530][2064.755s] GC(49)   Other: 0.3ms
[2022-12-31T11:33:04.418+0530][2064.755s] GC(49) Eden regions: 296->0(303)
[2022-12-31T11:33:04.418+0530][2064.755s] GC(49) Survivor regions: 11->4(39)
[2022-12-31T11:33:04.418+0530][2064.755s] GC(49) Old regions: 37->37
[2022-12-31T11:33:04.418+0530][2064.755s] GC(49) Humongous regions: 7->7
[2022-12-31T11:33:04.418+0530][2064.755s] GC(49) Metaspace: 64557K->64557K(1107968K)
[2022-12-31T11:33:04.418+0530][2064.755s] GC(49) Pause Young (Normal) (G1 Evacuation Pause) 350M->47M(512M) 3.184ms
[2022-12-31T11:33:04.418+0530][2064.755s] GC(49) User=0.13s Sys=0.00s Real=0.00s
[2022-12-31T11:33:05.697+0530][2066.034s] GC(50) Pause Young (Normal) (G1 Evacuation Pause)
[2022-12-31T11:33:05.697+0530][2066.034s] GC(50) Using 8 workers of 8 for evacuation
[2022-12-31T11:33:05.700+0530][2066.037s] GC(50)   Pre Evacuate Collection Set: 0.0ms
[2022-12-31T11:33:05.700+0530][2066.037s] GC(50)   Evacuate Collection Set: 2.2ms
[2022-12-31T11:33:05.700+0530][2066.037s] GC(50)   Post Evacuate Collection Set: 0.4ms
[2022-12-31T11:33:05.700+0530][2066.037s] GC(50)   Other: 0.3ms
[2022-12-31T11:33:05.700+0530][2066.037s] GC(50) Eden regions: 303->0(304)
[2022-12-31T11:33:05.700+0530][2066.038s] GC(50) Survivor regions: 4->3(39)
[2022-12-31T11:33:05.700+0530][2066.038s] GC(50) Old regions: 37->38
[2022-12-31T11:33:05.700+0530][2066.038s] GC(50) Humongous regions: 7->7
[2022-12-31T11:33:05.700+0530][2066.038s] GC(50) Metaspace: 64558K->64558K(1107968K)
[2022-12-31T11:33:05.700+0530][2066.038s] GC(50) Pause Young (Normal) (G1 Evacuation Pause) 350M->46M(512M) 3.609ms
[2022-12-31T11:33:05.700+0530][2066.038s] GC(50) User=0.11s Sys=0.00s Real=0.00s
[2022-12-31T11:34:02.647+0530][2122.985s] GC(51) Pause Young (Normal) (G1 Evacuation Pause)
[2022-12-31T11:34:02.647+0530][2122.985s] GC(51) Using 8 workers of 8 for evacuation
[2022-12-31T11:34:02.650+0530][2122.988s] GC(51)   Pre Evacuate Collection Set: 0.0ms
[2022-12-31T11:34:02.650+0530][2122.988s] GC(51)   Evacuate Collection Set: 2.4ms
[2022-12-31T11:34:02.650+0530][2122.988s] GC(51)   Post Evacuate Collection Set: 0.4ms
[2022-12-31T11:34:02.650+0530][2122.988s] GC(51)   Other: 0.3ms
[2022-12-31T11:34:02.650+0530][2122.988s] GC(51) Eden regions: 304->0(302)
[2022-12-31T11:34:02.650+0530][2122.988s] GC(51) Survivor regions: 3->5(39)
[2022-12-31T11:34:02.650+0530][2122.988s] GC(51) Old regions: 38->38
[2022-12-31T11:34:02.651+0530][2122.988s] GC(51) Humongous regions: 7->7
[2022-12-31T11:34:02.651+0530][2122.988s] GC(51) Metaspace: 64564K->64564K(1107968K)
[2022-12-31T11:34:02.651+0530][2122.988s] GC(51) Pause Young (Normal) (G1 Evacuation Pause) 350M->48M(512M) 3.753ms
[2022-12-31T11:34:02.651+0530][2122.988s] GC(51) User=0.00s Sys=0.02s Real=0.00s
[2022-12-31T11:35:00.751+0530][2181.089s] GC(52) Pause Young (Normal) (G1 Evacuation Pause)
[2022-12-31T11:35:00.751+0530][2181.089s] GC(52) Using 8 workers of 8 for evacuation
[2022-12-31T11:35:00.754+0530][2181.091s] GC(52)   Pre Evacuate Collection Set: 0.0ms
[2022-12-31T11:35:00.754+0530][2181.092s] GC(52)   Evacuate Collection Set: 2.2ms
[2022-12-31T11:35:00.754+0530][2181.092s] GC(52)   Post Evacuate Collection Set: 0.3ms
[2022-12-31T11:35:00.754+0530][2181.092s] GC(52)   Other: 0.4ms
[2022-12-31T11:35:00.754+0530][2181.092s] GC(52) Eden regions: 302->0(300)
[2022-12-31T11:35:00.754+0530][2181.092s] GC(52) Survivor regions: 5->7(39)
[2022-12-31T11:35:00.754+0530][2181.092s] GC(52) Old regions: 38->38
[2022-12-31T11:35:00.754+0530][2181.092s] GC(52) Humongous regions: 7->7
[2022-12-31T11:35:00.755+0530][2181.092s] GC(52) Metaspace: 64614K->64614K(1107968K)
[2022-12-31T11:35:00.755+0530][2181.092s] GC(52) Pause Young (Normal) (G1 Evacuation Pause) 350M->50M(512M) 3.426ms
[2022-12-31T11:35:00.755+0530][2181.092s] GC(52) User=0.00s Sys=0.00s Real=0.00s
[2022-12-31T11:35:02.136+0530][2182.474s] GC(53) Pause Young (Normal) (G1 Evacuation Pause)
[2022-12-31T11:35:02.136+0530][2182.474s] GC(53) Using 8 workers of 8 for evacuation
[2022-12-31T11:35:02.138+0530][2182.476s] GC(53)   Pre Evacuate Collection Set: 0.0ms
[2022-12-31T11:35:02.139+0530][2182.477s] GC(53)   Evacuate Collection Set: 1.9ms
[2022-12-31T11:35:02.139+0530][2182.477s] GC(53)   Post Evacuate Collection Set: 0.5ms
[2022-12-31T11:35:02.139+0530][2182.477s] GC(53)   Other: 0.3ms
[2022-12-31T11:35:02.139+0530][2182.477s] GC(53) Eden regions: 300->0(300)
[2022-12-31T11:35:02.139+0530][2182.477s] GC(53) Survivor regions: 7->7(39)
[2022-12-31T11:35:02.139+0530][2182.477s] GC(53) Old regions: 38->38
[2022-12-31T11:35:02.139+0530][2182.477s] GC(53) Humongous regions: 7->7
[2022-12-31T11:35:02.139+0530][2182.477s] GC(53) Metaspace: 64616K->64616K(1107968K)
[2022-12-31T11:35:02.139+0530][2182.477s] GC(53) Pause Young (Normal) (G1 Evacuation Pause) 350M->50M(512M) 3.238ms
[2022-12-31T11:35:02.139+0530][2182.477s] GC(53) User=0.00s Sys=0.00s Real=0.00s
[2022-12-31T11:36:01.197+0530][2241.534s] GC(54) Pause Young (Normal) (G1 Evacuation Pause)
[2022-12-31T11:36:01.197+0530][2241.535s] GC(54) Using 8 workers of 8 for evacuation
[2022-12-31T11:36:01.202+0530][2241.540s] GC(54)   Pre Evacuate Collection Set: 0.0ms
[2022-12-31T11:36:01.203+0530][2241.540s] GC(54)   Evacuate Collection Set: 4.5ms
[2022-12-31T11:36:01.203+0530][2241.540s] GC(54)   Post Evacuate Collection Set: 0.6ms
[2022-12-31T11:36:01.203+0530][2241.540s] GC(54)   Other: 0.6ms
[2022-12-31T11:36:01.203+0530][2241.541s] GC(54) Eden regions: 300->0(292)
[2022-12-31T11:36:01.203+0530][2241.541s] GC(54) Survivor regions: 7->15(39)
[2022-12-31T11:36:01.203+0530][2241.541s] GC(54) Old regions: 38->38
[2022-12-31T11:36:01.203+0530][2241.541s] GC(54) Humongous regions: 7->7
[2022-12-31T11:36:01.203+0530][2241.541s] GC(54) Metaspace: 64618K->64618K(1107968K)
[2022-12-31T11:36:01.204+0530][2241.541s] GC(54) Pause Young (Normal) (G1 Evacuation Pause) 350M->58M(512M) 6.855ms
[2022-12-31T11:36:01.204+0530][2241.541s] GC(54) User=0.09s Sys=0.00s Real=0.01s
[2022-12-31T11:36:04.148+0530][2244.485s] GC(55) Pause Young (Normal) (G1 Evacuation Pause)
[2022-12-31T11:36:04.148+0530][2244.486s] GC(55) Using 8 workers of 8 for evacuation
[2022-12-31T11:36:04.151+0530][2244.488s] GC(55)   Pre Evacuate Collection Set: 0.0ms
[2022-12-31T11:36:04.151+0530][2244.488s] GC(55)   Evacuate Collection Set: 1.9ms
[2022-12-31T11:36:04.151+0530][2244.489s] GC(55)   Post Evacuate Collection Set: 0.5ms
[2022-12-31T11:36:04.151+0530][2244.489s] GC(55)   Other: 0.6ms
[2022-12-31T11:36:04.151+0530][2244.489s] GC(55) Eden regions: 292->0(304)
[2022-12-31T11:36:04.151+0530][2244.489s] GC(55) Survivor regions: 15->3(39)
[2022-12-31T11:36:04.151+0530][2244.489s] GC(55) Old regions: 38->38
[2022-12-31T11:36:04.151+0530][2244.489s] GC(55) Humongous regions: 7->7
[2022-12-31T11:36:04.152+0530][2244.489s] GC(55) Metaspace: 64620K->64620K(1107968K)
[2022-12-31T11:36:04.152+0530][2244.489s] GC(55) Pause Young (Normal) (G1 Evacuation Pause) 350M->47M(512M) 4.188ms
[2022-12-31T11:36:04.152+0530][2244.490s] GC(55) User=0.02s Sys=0.00s Real=0.00s
[2022-12-31T11:37:03.215+0530][2303.552s] GC(56) Pause Young (Normal) (G1 Evacuation Pause)
[2022-12-31T11:37:03.215+0530][2303.553s] GC(56) Using 8 workers of 8 for evacuation
[2022-12-31T11:37:03.220+0530][2303.558s] GC(56)   Pre Evacuate Collection Set: 0.0ms
[2022-12-31T11:37:03.220+0530][2303.558s] GC(56)   Evacuate Collection Set: 4.4ms
[2022-12-31T11:37:03.221+0530][2303.558s] GC(56)   Post Evacuate Collection Set: 0.4ms
[2022-12-31T11:37:03.221+0530][2303.558s] GC(56)   Other: 0.4ms
[2022-12-31T11:37:03.221+0530][2303.558s] GC(56) Eden regions: 304->0(294)
[2022-12-31T11:37:03.221+0530][2303.558s] GC(56) Survivor regions: 3->13(39)
[2022-12-31T11:37:03.221+0530][2303.558s] GC(56) Old regions: 38->38
[2022-12-31T11:37:03.221+0530][2303.558s] GC(56) Humongous regions: 7->7
[2022-12-31T11:37:03.221+0530][2303.558s] GC(56) Metaspace: 64636K->64636K(1107968K)
[2022-12-31T11:37:03.221+0530][2303.558s] GC(56) Pause Young (Normal) (G1 Evacuation Pause) 351M->56M(512M) 6.032ms
[2022-12-31T11:37:03.221+0530][2303.559s] GC(56) User=0.00s Sys=0.00s Real=0.01s
[2022-12-31T11:37:06.876+0530][2307.213s] GC(57) Pause Young (Normal) (G1 Evacuation Pause)
[2022-12-31T11:37:06.876+0530][2307.213s] GC(57) Using 8 workers of 8 for evacuation
[2022-12-31T11:37:06.879+0530][2307.216s] GC(57)   Pre Evacuate Collection Set: 0.0ms
[2022-12-31T11:37:06.879+0530][2307.216s] GC(57)   Evacuate Collection Set: 1.8ms
[2022-12-31T11:37:06.879+0530][2307.216s] GC(57)   Post Evacuate Collection Set: 0.4ms
[2022-12-31T11:37:06.879+0530][2307.216s] GC(57)   Other: 0.3ms
[2022-12-31T11:37:06.879+0530][2307.216s] GC(57) Eden regions: 294->0(304)
[2022-12-31T11:37:06.879+0530][2307.216s] GC(57) Survivor regions: 13->3(39)
[2022-12-31T11:37:06.879+0530][2307.216s] GC(57) Old regions: 38->38
[2022-12-31T11:37:06.879+0530][2307.216s] GC(57) Humongous regions: 7->7
[2022-12-31T11:37:06.879+0530][2307.216s] GC(57) Metaspace: 64636K->64636K(1107968K)
[2022-12-31T11:37:06.879+0530][2307.217s] GC(57) Pause Young (Normal) (G1 Evacuation Pause) 350M->46M(512M) 3.241ms
[2022-12-31T11:37:06.880+0530][2307.217s] GC(57) User=0.00s Sys=0.00s Real=0.00s
[2022-12-31T11:38:03.055+0530][2363.393s] GC(58) Pause Young (Normal) (G1 Evacuation Pause)
[2022-12-31T11:38:03.055+0530][2363.393s] GC(58) Using 8 workers of 8 for evacuation
[2022-12-31T11:38:03.059+0530][2363.397s] GC(58)   Pre Evacuate Collection Set: 0.0ms
[2022-12-31T11:38:03.059+0530][2363.397s] GC(58)   Evacuate Collection Set: 2.7ms
[2022-12-31T11:38:03.059+0530][2363.397s] GC(58)   Post Evacuate Collection Set: 0.5ms
[2022-12-31T11:38:03.060+0530][2363.397s] GC(58)   Other: 0.6ms
[2022-12-31T11:38:03.060+0530][2363.397s] GC(58) Eden regions: 304->0(301)
[2022-12-31T11:38:03.060+0530][2363.398s] GC(58) Survivor regions: 3->6(39)
[2022-12-31T11:38:03.060+0530][2363.398s] GC(58) Old regions: 38->38
[2022-12-31T11:38:03.060+0530][2363.398s] GC(58) Humongous regions: 7->7
[2022-12-31T11:38:03.060+0530][2363.398s] GC(58) Metaspace: 64636K->64636K(1107968K)
[2022-12-31T11:38:03.060+0530][2363.398s] GC(58) Pause Young (Normal) (G1 Evacuation Pause) 350M->50M(512M) 5.327ms
[2022-12-31T11:38:03.061+0530][2363.398s] GC(58) User=0.11s Sys=0.00s Real=0.01s
[2022-12-31T11:39:01.435+0530][2421.772s] GC(59) Pause Young (Normal) (G1 Evacuation Pause)
[2022-12-31T11:39:01.435+0530][2421.773s] GC(59) Using 8 workers of 8 for evacuation
[2022-12-31T11:39:01.440+0530][2421.777s] GC(59)   Pre Evacuate Collection Set: 0.0ms
[2022-12-31T11:39:01.440+0530][2421.778s] GC(59)   Evacuate Collection Set: 3.9ms
[2022-12-31T11:39:01.440+0530][2421.778s] GC(59)   Post Evacuate Collection Set: 0.6ms
[2022-12-31T11:39:01.440+0530][2421.778s] GC(59)   Other: 0.5ms
[2022-12-31T11:39:01.440+0530][2421.778s] GC(59) Eden regions: 301->0(295)
[2022-12-31T11:39:01.440+0530][2421.778s] GC(59) Survivor regions: 6->12(39)
[2022-12-31T11:39:01.440+0530][2421.778s] GC(59) Old regions: 38->38
[2022-12-31T11:39:01.441+0530][2421.778s] GC(59) Humongous regions: 7->7
[2022-12-31T11:39:01.441+0530][2421.779s] GC(59) Metaspace: 64646K->64646K(1107968K)
[2022-12-31T11:39:01.441+0530][2421.779s] GC(59) Pause Young (Normal) (G1 Evacuation Pause) 351M->56M(512M) 6.184ms
[2022-12-31T11:39:01.441+0530][2421.779s] GC(59) User=0.00s Sys=0.00s Real=0.01s
[2022-12-31T11:39:05.411+0530][2425.748s] GC(60) Pause Young (Normal) (G1 Evacuation Pause)
[2022-12-31T11:39:05.411+0530][2425.748s] GC(60) Using 8 workers of 8 for evacuation
[2022-12-31T11:39:05.413+0530][2425.750s] GC(60)   Pre Evacuate Collection Set: 0.0ms
[2022-12-31T11:39:05.413+0530][2425.751s] GC(60)   Evacuate Collection Set: 1.7ms
[2022-12-31T11:39:05.413+0530][2425.751s] GC(60)   Post Evacuate Collection Set: 0.3ms
[2022-12-31T11:39:05.414+0530][2425.751s] GC(60)   Other: 0.4ms
[2022-12-31T11:39:05.414+0530][2425.751s] GC(60) Eden regions: 295->0(304)
[2022-12-31T11:39:05.414+0530][2425.751s] GC(60) Survivor regions: 12->3(39)
[2022-12-31T11:39:05.414+0530][2425.751s] GC(60) Old regions: 38->38
[2022-12-31T11:39:05.414+0530][2425.751s] GC(60) Humongous regions: 7->7
[2022-12-31T11:39:05.414+0530][2425.751s] GC(60) Metaspace: 64646K->64646K(1107968K)
[2022-12-31T11:39:05.414+0530][2425.751s] GC(60) Pause Young (Normal) (G1 Evacuation Pause) 351M->46M(512M) 3.270ms
[2022-12-31T11:39:05.414+0530][2425.751s] GC(60) User=0.00s Sys=0.00s Real=0.00s
[2022-12-31T11:40:02.917+0530][2483.255s] GC(61) Pause Young (Normal) (G1 Evacuation Pause)
[2022-12-31T11:40:02.918+0530][2483.255s] GC(61) Using 8 workers of 8 for evacuation
[2022-12-31T11:40:02.923+0530][2483.260s] GC(61)   Pre Evacuate Collection Set: 0.0ms
[2022-12-31T11:40:02.923+0530][2483.261s] GC(61)   Evacuate Collection Set: 4.3ms
[2022-12-31T11:40:02.923+0530][2483.261s] GC(61)   Post Evacuate Collection Set: 0.6ms
[2022-12-31T11:40:02.923+0530][2483.261s] GC(61)   Other: 0.7ms
[2022-12-31T11:40:02.924+0530][2483.261s] GC(61) Eden regions: 304->0(300)
[2022-12-31T11:40:02.924+0530][2483.261s] GC(61) Survivor regions: 3->7(39)
[2022-12-31T11:40:02.924+0530][2483.261s] GC(61) Old regions: 38->38
[2022-12-31T11:40:02.924+0530][2483.261s] GC(61) Humongous regions: 7->7
[2022-12-31T11:40:02.924+0530][2483.261s] GC(61) Metaspace: 64657K->64657K(1107968K)
[2022-12-31T11:40:02.924+0530][2483.262s] GC(61) Pause Young (Normal) (G1 Evacuation Pause) 350M->51M(512M) 6.800ms
[2022-12-31T11:40:02.924+0530][2483.262s] GC(61) User=0.00s Sys=0.00s Real=0.01s
[2022-12-31T11:41:02.457+0530][2542.794s] GC(62) Pause Young (Normal) (G1 Evacuation Pause)
[2022-12-31T11:41:02.457+0530][2542.794s] GC(62) Using 8 workers of 8 for evacuation
[2022-12-31T11:41:02.461+0530][2542.798s] GC(62)   Pre Evacuate Collection Set: 0.0ms
[2022-12-31T11:41:02.461+0530][2542.799s] GC(62)   Evacuate Collection Set: 3.1ms
[2022-12-31T11:41:02.461+0530][2542.799s] GC(62)   Post Evacuate Collection Set: 0.6ms
[2022-12-31T11:41:02.461+0530][2542.799s] GC(62)   Other: 0.5ms
[2022-12-31T11:41:02.461+0530][2542.799s] GC(62) Eden regions: 300->0(301)
[2022-12-31T11:41:02.461+0530][2542.799s] GC(62) Survivor regions: 7->6(39)
[2022-12-31T11:41:02.462+0530][2542.799s] GC(62) Old regions: 38->38
[2022-12-31T11:41:02.462+0530][2542.799s] GC(62) Humongous regions: 7->7
[2022-12-31T11:41:02.462+0530][2542.799s] GC(62) Metaspace: 64657K->64657K(1107968K)
[2022-12-31T11:41:02.462+0530][2542.800s] GC(62) Pause Young (Normal) (G1 Evacuation Pause) 351M->49M(512M) 5.448ms
[2022-12-31T11:41:02.462+0530][2542.800s] GC(62) User=0.00s Sys=0.00s Real=0.00s
[2022-12-31T11:42:01.564+0530][2601.902s] GC(63) Pause Young (Normal) (G1 Evacuation Pause)
[2022-12-31T11:42:01.564+0530][2601.902s] GC(63) Using 8 workers of 8 for evacuation
[2022-12-31T11:42:01.570+0530][2601.907s] GC(63)   Pre Evacuate Collection Set: 0.0ms
[2022-12-31T11:42:01.570+0530][2601.908s] GC(63)   Evacuate Collection Set: 4.7ms
[2022-12-31T11:42:01.570+0530][2601.908s] GC(63)   Post Evacuate Collection Set: 0.5ms
[2022-12-31T11:42:01.570+0530][2601.908s] GC(63)   Other: 0.6ms
[2022-12-31T11:42:01.571+0530][2601.908s] GC(63) Eden regions: 301->0(295)
[2022-12-31T11:42:01.571+0530][2601.908s] GC(63) Survivor regions: 6->12(39)
[2022-12-31T11:42:01.571+0530][2601.908s] GC(63) Old regions: 38->38
[2022-12-31T11:42:01.571+0530][2601.908s] GC(63) Humongous regions: 7->7
[2022-12-31T11:42:01.571+0530][2601.909s] GC(63) Metaspace: 64659K->64659K(1107968K)
[2022-12-31T11:42:01.571+0530][2601.909s] GC(63) Pause Young (Normal) (G1 Evacuation Pause) 350M->56M(512M) 7.130ms
[2022-12-31T11:42:01.571+0530][2601.909s] GC(63) User=0.00s Sys=0.00s Real=0.01s
[2022-12-31T11:42:05.337+0530][2605.675s] GC(64) Pause Young (Normal) (G1 Evacuation Pause)
[2022-12-31T11:42:05.338+0530][2605.675s] GC(64) Using 8 workers of 8 for evacuation
[2022-12-31T11:42:05.340+0530][2605.678s] GC(64)   Pre Evacuate Collection Set: 0.0ms
[2022-12-31T11:42:05.340+0530][2605.678s] GC(64)   Evacuate Collection Set: 1.7ms
[2022-12-31T11:42:05.341+0530][2605.678s] GC(64)   Post Evacuate Collection Set: 0.4ms
[2022-12-31T11:42:05.341+0530][2605.678s] GC(64)   Other: 0.7ms
[2022-12-31T11:42:05.341+0530][2605.678s] GC(64) Eden regions: 295->0(304)
[2022-12-31T11:42:05.341+0530][2605.678s] GC(64) Survivor regions: 12->3(39)
[2022-12-31T11:42:05.341+0530][2605.678s] GC(64) Old regions: 38->38
[2022-12-31T11:42:05.341+0530][2605.679s] GC(64) Humongous regions: 7->7
[2022-12-31T11:42:05.341+0530][2605.679s] GC(64) Metaspace: 64663K->64663K(1107968K)
[2022-12-31T11:42:05.341+0530][2605.679s] GC(64) Pause Young (Normal) (G1 Evacuation Pause) 351M->47M(512M) 4.095ms
[2022-12-31T11:42:05.342+0530][2605.679s] GC(64) User=0.13s Sys=0.00s Real=0.01s
[2022-12-31T11:43:02.184+0530][2662.521s] GC(65) Pause Young (Normal) (G1 Evacuation Pause)
[2022-12-31T11:43:02.184+0530][2662.521s] GC(65) Using 8 workers of 8 for evacuation
[2022-12-31T11:43:02.187+0530][2662.524s] GC(65)   Pre Evacuate Collection Set: 0.0ms
[2022-12-31T11:43:02.187+0530][2662.524s] GC(65)   Evacuate Collection Set: 2.1ms
[2022-12-31T11:43:02.187+0530][2662.524s] GC(65)   Post Evacuate Collection Set: 0.3ms
[2022-12-31T11:43:02.187+0530][2662.524s] GC(65)   Other: 0.3ms
[2022-12-31T11:43:02.187+0530][2662.524s] GC(65) Eden regions: 304->0(302)
[2022-12-31T11:43:02.187+0530][2662.524s] GC(65) Survivor regions: 3->5(39)
[2022-12-31T11:43:02.187+0530][2662.524s] GC(65) Old regions: 38->38
[2022-12-31T11:43:02.187+0530][2662.525s] GC(65) Humongous regions: 7->7
[2022-12-31T11:43:02.187+0530][2662.525s] GC(65) Metaspace: 64676K->64676K(1107968K)
[2022-12-31T11:43:02.188+0530][2662.525s] GC(65) Pause Young (Normal) (G1 Evacuation Pause) 351M->49M(512M) 3.396ms
[2022-12-31T11:43:02.188+0530][2662.525s] GC(65) User=0.00s Sys=0.00s Real=0.00s
[2022-12-31T11:44:00.315+0530][2720.652s] GC(66) Pause Young (Normal) (G1 Evacuation Pause)
[2022-12-31T11:44:00.315+0530][2720.652s] GC(66) Using 8 workers of 8 for evacuation
[2022-12-31T11:44:00.319+0530][2720.656s] GC(66)   Pre Evacuate Collection Set: 0.0ms
[2022-12-31T11:44:00.319+0530][2720.656s] GC(66)   Evacuate Collection Set: 3.4ms
[2022-12-31T11:44:00.319+0530][2720.656s] GC(66)   Post Evacuate Collection Set: 0.5ms
[2022-12-31T11:44:00.319+0530][2720.656s] GC(66)   Other: 0.3ms
[2022-12-31T11:44:00.319+0530][2720.656s] GC(66) Eden regions: 302->0(290)
[2022-12-31T11:44:00.319+0530][2720.657s] GC(66) Survivor regions: 5->17(39)
[2022-12-31T11:44:00.320+0530][2720.657s] GC(66) Old regions: 38->38
[2022-12-31T11:44:00.320+0530][2720.657s] GC(66) Humongous regions: 7->7
[2022-12-31T11:44:00.320+0530][2720.657s] GC(66) Metaspace: 64691K->64691K(1107968K)
[2022-12-31T11:44:00.320+0530][2720.657s] GC(66) Pause Young (Normal) (G1 Evacuation Pause) 351M->60M(512M) 4.644ms
[2022-12-31T11:44:00.320+0530][2720.657s] GC(66) User=0.00s Sys=0.00s Real=0.00s
[2022-12-31T11:44:01.512+0530][2721.849s] GC(67) Pause Young (Normal) (G1 Evacuation Pause)
[2022-12-31T11:44:01.512+0530][2721.849s] GC(67) Using 8 workers of 8 for evacuation
[2022-12-31T11:44:01.516+0530][2721.853s] GC(67)   Pre Evacuate Collection Set: 0.0ms
[2022-12-31T11:44:01.516+0530][2721.853s] GC(67)   Evacuate Collection Set: 3.3ms
[2022-12-31T11:44:01.516+0530][2721.854s] GC(67)   Post Evacuate Collection Set: 0.4ms
[2022-12-31T11:44:01.516+0530][2721.854s] GC(67)   Other: 0.3ms
[2022-12-31T11:44:01.516+0530][2721.854s] GC(67) Eden regions: 290->0(300)
[2022-12-31T11:44:01.516+0530][2721.854s] GC(67) Survivor regions: 17->7(39)
[2022-12-31T11:44:01.516+0530][2721.854s] GC(67) Old regions: 38->38
[2022-12-31T11:44:01.516+0530][2721.854s] GC(67) Humongous regions: 7->7
[2022-12-31T11:44:01.517+0530][2721.854s] GC(67) Metaspace: 64692K->64692K(1107968K)
[2022-12-31T11:44:01.517+0530][2721.854s] GC(67) Pause Young (Normal) (G1 Evacuation Pause) 350M->51M(512M) 4.836ms
[2022-12-31T11:44:01.517+0530][2721.854s] GC(67) User=0.00s Sys=0.00s Real=0.00s
[2022-12-31T11:45:01.124+0530][2781.462s] GC(68) Pause Young (Normal) (G1 Evacuation Pause)
[2022-12-31T11:45:01.124+0530][2781.462s] GC(68) Using 8 workers of 8 for evacuation
[2022-12-31T11:45:01.129+0530][2781.467s] GC(68)   Pre Evacuate Collection Set: 0.0ms
[2022-12-31T11:45:01.129+0530][2781.467s] GC(68)   Evacuate Collection Set: 3.4ms
[2022-12-31T11:45:01.129+0530][2781.467s] GC(68)   Post Evacuate Collection Set: 1.2ms
[2022-12-31T11:45:01.129+0530][2781.467s] GC(68)   Other: 0.3ms
[2022-12-31T11:45:01.129+0530][2781.467s] GC(68) Eden regions: 300->0(292)
[2022-12-31T11:45:01.130+0530][2781.467s] GC(68) Survivor regions: 7->15(39)
[2022-12-31T11:45:01.130+0530][2781.467s] GC(68) Old regions: 38->38
[2022-12-31T11:45:01.130+0530][2781.467s] GC(68) Humongous regions: 7->7
[2022-12-31T11:45:01.130+0530][2781.467s] GC(68) Metaspace: 64703K->64703K(1107968K)
[2022-12-31T11:45:01.130+0530][2781.467s] GC(68) Pause Young (Normal) (G1 Evacuation Pause) 351M->59M(512M) 5.712ms
[2022-12-31T11:45:01.130+0530][2781.467s] GC(68) User=0.00s Sys=0.00s Real=0.01s
[2022-12-31T11:45:03.588+0530][2783.925s] GC(69) Pause Young (Normal) (G1 Evacuation Pause)
[2022-12-31T11:45:03.588+0530][2783.925s] GC(69) Using 8 workers of 8 for evacuation
[2022-12-31T11:45:03.591+0530][2783.928s] GC(69)   Pre Evacuate Collection Set: 0.0ms
[2022-12-31T11:45:03.591+0530][2783.928s] GC(69)   Evacuate Collection Set: 2.2ms
[2022-12-31T11:45:03.591+0530][2783.928s] GC(69)   Post Evacuate Collection Set: 0.4ms
[2022-12-31T11:45:03.591+0530][2783.928s] GC(69)   Other: 0.2ms
[2022-12-31T11:45:03.591+0530][2783.928s] GC(69) Eden regions: 292->0(301)
[2022-12-31T11:45:03.591+0530][2783.928s] GC(69) Survivor regions: 15->6(39)
[2022-12-31T11:45:03.591+0530][2783.928s] GC(69) Old regions: 38->38
[2022-12-31T11:45:03.591+0530][2783.928s] GC(69) Humongous regions: 7->7
[2022-12-31T11:45:03.591+0530][2783.928s] GC(69) Metaspace: 64717K->64717K(1107968K)
[2022-12-31T11:45:03.591+0530][2783.928s] GC(69) Pause Young (Normal) (G1 Evacuation Pause) 351M->50M(512M) 3.392ms
[2022-12-31T11:45:03.591+0530][2783.928s] GC(69) User=0.13s Sys=0.00s Real=0.00s
[2022-12-31T11:46:01.206+0530][2841.543s] GC(70) Pause Young (Normal) (G1 Evacuation Pause)
[2022-12-31T11:46:01.206+0530][2841.544s] GC(70) Using 8 workers of 8 for evacuation
[2022-12-31T11:46:01.209+0530][2841.546s] GC(70)   Pre Evacuate Collection Set: 0.0ms
[2022-12-31T11:46:01.209+0530][2841.546s] GC(70)   Evacuate Collection Set: 2.1ms
[2022-12-31T11:46:01.209+0530][2841.546s] GC(70)   Post Evacuate Collection Set: 0.5ms
[2022-12-31T11:46:01.209+0530][2841.546s] GC(70)   Other: 0.3ms
[2022-12-31T11:46:01.209+0530][2841.547s] GC(70) Eden regions: 301->0(302)
[2022-12-31T11:46:01.209+0530][2841.547s] GC(70) Survivor regions: 6->5(39)
[2022-12-31T11:46:01.210+0530][2841.547s] GC(70) Old regions: 38->38
[2022-12-31T11:46:01.210+0530][2841.547s] GC(70) Humongous regions: 7->7
[2022-12-31T11:46:01.210+0530][2841.547s] GC(70) Metaspace: 64735K->64735K(1107968K)
[2022-12-31T11:46:01.210+0530][2841.547s] GC(70) Pause Young (Normal) (G1 Evacuation Pause) 351M->49M(512M) 3.296ms
[2022-12-31T11:46:01.210+0530][2841.547s] GC(70) User=0.00s Sys=0.00s Real=0.00s
[2022-12-31T11:47:02.532+0530][2902.870s] GC(71) Pause Young (Normal) (G1 Evacuation Pause)
[2022-12-31T11:47:02.532+0530][2902.870s] GC(71) Using 8 workers of 8 for evacuation
[2022-12-31T11:47:02.536+0530][2902.874s] GC(71)   Pre Evacuate Collection Set: 0.0ms
[2022-12-31T11:47:02.536+0530][2902.874s] GC(71)   Evacuate Collection Set: 2.9ms
[2022-12-31T11:47:02.537+0530][2902.874s] GC(71)   Post Evacuate Collection Set: 0.8ms
[2022-12-31T11:47:02.537+0530][2902.874s] GC(71)   Other: 0.4ms
[2022-12-31T11:47:02.537+0530][2902.874s] GC(71) Eden regions: 302->0(304)
[2022-12-31T11:47:02.537+0530][2902.874s] GC(71) Survivor regions: 5->3(39)
[2022-12-31T11:47:02.537+0530][2902.875s] GC(71) Old regions: 38->38
[2022-12-31T11:47:02.537+0530][2902.875s] GC(71) Humongous regions: 7->7
[2022-12-31T11:47:02.537+0530][2902.875s] GC(71) Metaspace: 64755K->64755K(1107968K)
[2022-12-31T11:47:02.537+0530][2902.875s] GC(71) Pause Young (Normal) (G1 Evacuation Pause) 351M->47M(512M) 5.313ms
[2022-12-31T11:47:02.537+0530][2902.875s] GC(71) User=0.00s Sys=0.00s Real=0.00s
[2022-12-31T11:48:02.010+0530][2962.348s] GC(72) Pause Young (Normal) (G1 Evacuation Pause)
[2022-12-31T11:48:02.010+0530][2962.348s] GC(72) Using 8 workers of 8 for evacuation
[2022-12-31T11:48:02.015+0530][2962.353s] GC(72)   Pre Evacuate Collection Set: 0.0ms
[2022-12-31T11:48:02.016+0530][2962.353s] GC(72)   Evacuate Collection Set: 4.3ms
[2022-12-31T11:48:02.016+0530][2962.354s] GC(72)   Post Evacuate Collection Set: 0.7ms
[2022-12-31T11:48:02.016+0530][2962.354s] GC(72)   Other: 0.7ms
[2022-12-31T11:48:02.016+0530][2962.354s] GC(72) Eden regions: 304->0(301)
[2022-12-31T11:48:02.016+0530][2962.354s] GC(72) Survivor regions: 3->6(39)
[2022-12-31T11:48:02.016+0530][2962.354s] GC(72) Old regions: 38->38
[2022-12-31T11:48:02.016+0530][2962.354s] GC(72) Humongous regions: 7->7
[2022-12-31T11:48:02.016+0530][2962.354s] GC(72) Metaspace: 64766K->64766K(1107968K)
[2022-12-31T11:48:02.017+0530][2962.354s] GC(72) Pause Young (Normal) (G1 Evacuation Pause) 351M->50M(512M) 6.782ms
[2022-12-31T11:48:02.017+0530][2962.354s] GC(72) User=0.00s Sys=0.00s Real=0.01s
[2022-12-31T11:49:01.716+0530][3022.054s] GC(73) Pause Young (Normal) (G1 Evacuation Pause)
[2022-12-31T11:49:01.717+0530][3022.054s] GC(73) Using 8 workers of 8 for evacuation
[2022-12-31T11:49:01.723+0530][3022.060s] GC(73)   Pre Evacuate Collection Set: 0.0ms
[2022-12-31T11:49:01.723+0530][3022.060s] GC(73)   Evacuate Collection Set: 5.2ms
[2022-12-31T11:49:01.723+0530][3022.060s] GC(73)   Post Evacuate Collection Set: 1.0ms
[2022-12-31T11:49:01.723+0530][3022.061s] GC(73)   Other: 0.6ms
[2022-12-31T11:49:01.723+0530][3022.061s] GC(73) Eden regions: 301->0(296)
[2022-12-31T11:49:01.724+0530][3022.061s] GC(73) Survivor regions: 6->11(39)
[2022-12-31T11:49:01.724+0530][3022.061s] GC(73) Old regions: 38->38
[2022-12-31T11:49:01.724+0530][3022.061s] GC(73) Humongous regions: 7->7
[2022-12-31T11:49:01.724+0530][3022.061s] GC(73) Metaspace: 64772K->64772K(1107968K)
[2022-12-31T11:49:01.724+0530][3022.061s] GC(73) Pause Young (Normal) (G1 Evacuation Pause) 351M->55M(512M) 7.628ms
[2022-12-31T11:49:01.724+0530][3022.061s] GC(73) User=0.00s Sys=0.00s Real=0.01s
[2022-12-31T11:50:01.586+0530][3081.923s] GC(74) Pause Young (Normal) (G1 Evacuation Pause)
[2022-12-31T11:50:01.586+0530][3081.923s] GC(74) Using 8 workers of 8 for evacuation
[2022-12-31T11:50:01.592+0530][3081.929s] GC(74)   Pre Evacuate Collection Set: 0.0ms
[2022-12-31T11:50:01.592+0530][3081.929s] GC(74)   Evacuate Collection Set: 5.3ms
[2022-12-31T11:50:01.593+0530][3081.930s] GC(74)   Post Evacuate Collection Set: 0.6ms
[2022-12-31T11:50:01.593+0530][3081.930s] GC(74)   Other: 0.5ms
[2022-12-31T11:50:01.593+0530][3081.930s] GC(74) Eden regions: 296->0(296)
[2022-12-31T11:50:01.593+0530][3081.930s] GC(74) Survivor regions: 11->11(39)
[2022-12-31T11:50:01.593+0530][3081.930s] GC(74) Old regions: 38->38
[2022-12-31T11:50:01.593+0530][3081.930s] GC(74) Humongous regions: 7->7
[2022-12-31T11:50:01.593+0530][3081.931s] GC(74) Metaspace: 64773K->64773K(1107968K)
[2022-12-31T11:50:01.594+0530][3081.931s] GC(74) Pause Young (Normal) (G1 Evacuation Pause) 351M->55M(512M) 7.969ms
[2022-12-31T11:50:01.594+0530][3081.931s] GC(74) User=0.13s Sys=0.00s Real=0.01s
[2022-12-31T11:51:01.365+0530][3141.702s] GC(75) Pause Young (Normal) (G1 Evacuation Pause)
[2022-12-31T11:51:01.365+0530][3141.702s] GC(75) Using 8 workers of 8 for evacuation
[2022-12-31T11:51:01.375+0530][3141.713s] GC(75)   Pre Evacuate Collection Set: 0.0ms
[2022-12-31T11:51:01.376+0530][3141.713s] GC(75)   Evacuate Collection Set: 9.5ms
[2022-12-31T11:51:01.376+0530][3141.713s] GC(75)   Post Evacuate Collection Set: 0.7ms
[2022-12-31T11:51:01.376+0530][3141.713s] GC(75)   Other: 0.6ms
[2022-12-31T11:51:01.376+0530][3141.713s] GC(75) Eden regions: 296->0(287)
[2022-12-31T11:51:01.376+0530][3141.713s] GC(75) Survivor regions: 11->20(39)
[2022-12-31T11:51:01.376+0530][3141.713s] GC(75) Old regions: 38->38
[2022-12-31T11:51:01.376+0530][3141.713s] GC(75) Humongous regions: 7->7
[2022-12-31T11:51:01.376+0530][3141.714s] GC(75) Metaspace: 64775K->64775K(1107968K)
[2022-12-31T11:51:01.376+0530][3141.714s] GC(75) Pause Young (Normal) (G1 Evacuation Pause) 351M->64M(512M) 11.801ms
[2022-12-31T11:51:01.377+0530][3141.714s] GC(75) User=0.11s Sys=0.00s Real=0.01s
[2022-12-31T11:51:03.132+0530][3143.470s] GC(76) Pause Young (Normal) (G1 Evacuation Pause)
[2022-12-31T11:51:03.133+0530][3143.470s] GC(76) Using 8 workers of 8 for evacuation
[2022-12-31T11:51:03.142+0530][3143.479s] GC(76)   Pre Evacuate Collection Set: 0.0ms
[2022-12-31T11:51:03.142+0530][3143.480s] GC(76)   Evacuate Collection Set: 8.4ms
[2022-12-31T11:51:03.142+0530][3143.480s] GC(76)   Post Evacuate Collection Set: 0.5ms
[2022-12-31T11:51:03.142+0530][3143.480s] GC(76)   Other: 0.7ms
[2022-12-31T11:51:03.143+0530][3143.480s] GC(76) Eden regions: 287->0(297)
[2022-12-31T11:51:03.143+0530][3143.480s] GC(76) Survivor regions: 20->10(39)
[2022-12-31T11:51:03.143+0530][3143.480s] GC(76) Old regions: 38->39
[2022-12-31T11:51:03.143+0530][3143.481s] GC(76) Humongous regions: 7->7
[2022-12-31T11:51:03.143+0530][3143.481s] GC(76) Metaspace: 64787K->64787K(1107968K)
[2022-12-31T11:51:03.143+0530][3143.481s] GC(76) Pause Young (Normal) (G1 Evacuation Pause) 351M->54M(512M) 10.943ms
[2022-12-31T11:51:03.143+0530][3143.481s] GC(76) User=0.11s Sys=0.00s Real=0.01s
[2022-12-31T11:52:01.612+0530][3201.949s] GC(77) Pause Young (Normal) (G1 Evacuation Pause)
[2022-12-31T11:52:01.612+0530][3201.949s] GC(77) Using 8 workers of 8 for evacuation
[2022-12-31T11:52:01.618+0530][3201.955s] GC(77)   Pre Evacuate Collection Set: 0.0ms
[2022-12-31T11:52:01.618+0530][3201.955s] GC(77)   Evacuate Collection Set: 4.7ms
[2022-12-31T11:52:01.618+0530][3201.955s] GC(77)   Post Evacuate Collection Set: 0.4ms
[2022-12-31T11:52:01.618+0530][3201.955s] GC(77)   Other: 0.5ms
[2022-12-31T11:52:01.618+0530][3201.955s] GC(77) Eden regions: 297->0(296)
[2022-12-31T11:52:01.618+0530][3201.955s] GC(77) Survivor regions: 10->11(39)
[2022-12-31T11:52:01.619+0530][3201.956s] GC(77) Old regions: 39->39
[2022-12-31T11:52:01.619+0530][3201.956s] GC(77) Humongous regions: 7->7
[2022-12-31T11:52:01.619+0530][3201.956s] GC(77) Metaspace: 64790K->64790K(1107968K)
[2022-12-31T11:52:01.619+0530][3201.956s] GC(77) Pause Young (Normal) (G1 Evacuation Pause) 351M->55M(512M) 6.712ms
[2022-12-31T11:52:01.619+0530][3201.956s] GC(77) User=0.00s Sys=0.00s Real=0.01s
[2022-12-31T11:53:00.927+0530][3261.265s] GC(78) Pause Young (Normal) (G1 Evacuation Pause)
[2022-12-31T11:53:00.927+0530][3261.265s] GC(78) Using 8 workers of 8 for evacuation
[2022-12-31T11:53:00.933+0530][3261.271s] GC(78)   Pre Evacuate Collection Set: 0.0ms
[2022-12-31T11:53:00.933+0530][3261.271s] GC(78)   Evacuate Collection Set: 4.8ms
[2022-12-31T11:53:00.933+0530][3261.271s] GC(78)   Post Evacuate Collection Set: 0.5ms
[2022-12-31T11:53:00.934+0530][3261.271s] GC(78)   Other: 0.7ms
[2022-12-31T11:53:00.934+0530][3261.271s] GC(78) Eden regions: 296->0(296)
[2022-12-31T11:53:00.934+0530][3261.272s] GC(78) Survivor regions: 11->11(39)
[2022-12-31T11:53:00.934+0530][3261.272s] GC(78) Old regions: 39->39
[2022-12-31T11:53:00.934+0530][3261.272s] GC(78) Humongous regions: 7->7
[2022-12-31T11:53:00.934+0530][3261.272s] GC(78) Metaspace: 64791K->64791K(1107968K)
[2022-12-31T11:53:00.935+0530][3261.272s] GC(78) Pause Young (Normal) (G1 Evacuation Pause) 351M->56M(512M) 7.573ms
[2022-12-31T11:53:00.935+0530][3261.272s] GC(78) User=0.13s Sys=0.00s Real=0.01s
[2022-12-31T11:53:02.885+0530][3263.223s] GC(79) Pause Young (Normal) (G1 Evacuation Pause)
[2022-12-31T11:53:02.886+0530][3263.223s] GC(79) Using 8 workers of 8 for evacuation
[2022-12-31T11:53:02.891+0530][3263.228s] GC(79)   Pre Evacuate Collection Set: 0.0ms
[2022-12-31T11:53:02.891+0530][3263.229s] GC(79)   Evacuate Collection Set: 4.3ms
[2022-12-31T11:53:02.891+0530][3263.229s] GC(79)   Post Evacuate Collection Set: 0.7ms
[2022-12-31T11:53:02.891+0530][3263.229s] GC(79)   Other: 0.5ms
[2022-12-31T11:53:02.892+0530][3263.229s] GC(79) Eden regions: 296->0(301)
[2022-12-31T11:53:02.892+0530][3263.229s] GC(79) Survivor regions: 11->6(39)
[2022-12-31T11:53:02.892+0530][3263.229s] GC(79) Old regions: 39->39
[2022-12-31T11:53:02.892+0530][3263.230s] GC(79) Humongous regions: 7->7
[2022-12-31T11:53:02.892+0530][3263.230s] GC(79) Metaspace: 64791K->64791K(1107968K)
[2022-12-31T11:53:02.892+0530][3263.230s] GC(79) Pause Young (Normal) (G1 Evacuation Pause) 352M->51M(512M) 6.857ms
[2022-12-31T11:53:02.892+0530][3263.230s] GC(79) User=0.00s Sys=0.00s Real=0.01s
[2022-12-31T11:54:03.024+0530][3323.362s] GC(80) Pause Young (Normal) (G1 Evacuation Pause)
[2022-12-31T11:54:03.025+0530][3323.362s] GC(80) Using 8 workers of 8 for evacuation
[2022-12-31T11:54:03.029+0530][3323.367s] GC(80)   Pre Evacuate Collection Set: 0.0ms
[2022-12-31T11:54:03.030+0530][3323.367s] GC(80)   Evacuate Collection Set: 3.9ms
[2022-12-31T11:54:03.030+0530][3323.368s] GC(80)   Post Evacuate Collection Set: 0.6ms
[2022-12-31T11:54:03.030+0530][3323.368s] GC(80)   Other: 0.5ms
[2022-12-31T11:54:03.030+0530][3323.368s] GC(80) Eden regions: 301->0(301)
[2022-12-31T11:54:03.030+0530][3323.368s] GC(80) Survivor regions: 6->6(39)
[2022-12-31T11:54:03.030+0530][3323.368s] GC(80) Old regions: 39->39
[2022-12-31T11:54:03.031+0530][3323.368s] GC(80) Humongous regions: 7->7
[2022-12-31T11:54:03.031+0530][3323.368s] GC(80) Metaspace: 64792K->64792K(1107968K)
[2022-12-31T11:54:03.031+0530][3323.369s] GC(80) Pause Young (Normal) (G1 Evacuation Pause) 352M->50M(512M) 6.392ms
[2022-12-31T11:54:03.031+0530][3323.369s] GC(80) User=0.13s Sys=0.00s Real=0.01s
[2022-12-31T11:55:02.545+0530][3382.882s] GC(81) Pause Young (Normal) (G1 Evacuation Pause)
[2022-12-31T11:55:02.545+0530][3382.882s] GC(81) Using 8 workers of 8 for evacuation
[2022-12-31T11:55:02.550+0530][3382.887s] GC(81)   Pre Evacuate Collection Set: 0.0ms
[2022-12-31T11:55:02.550+0530][3382.887s] GC(81)   Evacuate Collection Set: 3.7ms
[2022-12-31T11:55:02.550+0530][3382.887s] GC(81)   Post Evacuate Collection Set: 0.8ms
[2022-12-31T11:55:02.550+0530][3382.887s] GC(81)   Other: 0.6ms
[2022-12-31T11:55:02.550+0530][3382.887s] GC(81) Eden regions: 301->0(300)
[2022-12-31T11:55:02.550+0530][3382.888s] GC(81) Survivor regions: 6->7(39)
[2022-12-31T11:55:02.551+0530][3382.888s] GC(81) Old regions: 39->39
[2022-12-31T11:55:02.551+0530][3382.888s] GC(81) Humongous regions: 7->7
[2022-12-31T11:55:02.551+0530][3382.888s] GC(81) Metaspace: 64794K->64794K(1107968K)
[2022-12-31T11:55:02.551+0530][3382.888s] GC(81) Pause Young (Normal) (G1 Evacuation Pause) 351M->51M(512M) 6.138ms
[2022-12-31T11:55:02.551+0530][3382.888s] GC(81) User=0.00s Sys=0.00s Real=0.01s
[2022-12-31T11:56:01.405+0530][3441.743s] GC(82) Pause Young (Normal) (G1 Evacuation Pause)
[2022-12-31T11:56:01.405+0530][3441.743s] GC(82) Using 8 workers of 8 for evacuation
[2022-12-31T11:56:01.416+0530][3441.753s] GC(82)   Pre Evacuate Collection Set: 0.0ms
[2022-12-31T11:56:01.416+0530][3441.753s] GC(82)   Evacuate Collection Set: 9.6ms
[2022-12-31T11:56:01.416+0530][3441.754s] GC(82)   Post Evacuate Collection Set: 0.5ms
[2022-12-31T11:56:01.416+0530][3441.754s] GC(82)   Other: 0.5ms
[2022-12-31T11:56:01.416+0530][3441.754s] GC(82) Eden regions: 300->0(288)
[2022-12-31T11:56:01.416+0530][3441.754s] GC(82) Survivor regions: 7->19(39)
[2022-12-31T11:56:01.416+0530][3441.754s] GC(82) Old regions: 39->39
[2022-12-31T11:56:01.416+0530][3441.754s] GC(82) Humongous regions: 7->7
[2022-12-31T11:56:01.416+0530][3441.754s] GC(82) Metaspace: 64794K->64794K(1107968K)
[2022-12-31T11:56:01.417+0530][3441.754s] GC(82) Pause Young (Normal) (G1 Evacuation Pause) 351M->64M(512M) 11.691ms
[2022-12-31T11:56:01.417+0530][3441.754s] GC(82) User=0.00s Sys=0.02s Real=0.01s
[2022-12-31T11:56:03.974+0530][3444.311s] GC(83) Pause Young (Normal) (G1 Evacuation Pause)
[2022-12-31T11:56:03.974+0530][3444.311s] GC(83) Using 8 workers of 8 for evacuation
[2022-12-31T11:56:03.979+0530][3444.316s] GC(83)   Pre Evacuate Collection Set: 0.0ms
[2022-12-31T11:56:03.979+0530][3444.316s] GC(83)   Evacuate Collection Set: 4.2ms
[2022-12-31T11:56:03.979+0530][3444.316s] GC(83)   Post Evacuate Collection Set: 0.6ms
[2022-12-31T11:56:03.979+0530][3444.317s] GC(83)   Other: 0.5ms
[2022-12-31T11:56:03.979+0530][3444.317s] GC(83) Eden regions: 288->0(300)
[2022-12-31T11:56:03.980+0530][3444.317s] GC(83) Survivor regions: 19->7(39)
[2022-12-31T11:56:03.980+0530][3444.317s] GC(83) Old regions: 39->39
[2022-12-31T11:56:03.980+0530][3444.317s] GC(83) Humongous regions: 7->7
[2022-12-31T11:56:03.980+0530][3444.317s] GC(83) Metaspace: 64798K->64798K(1107968K)
[2022-12-31T11:56:03.980+0530][3444.317s] GC(83) Pause Young (Normal) (G1 Evacuation Pause) 352M->51M(512M) 6.369ms
[2022-12-31T11:56:03.980+0530][3444.317s] GC(83) User=0.00s Sys=0.02s Real=0.01s
[2022-12-31T11:57:03.653+0530][3503.990s] GC(84) Pause Young (Normal) (G1 Evacuation Pause)
[2022-12-31T11:57:03.653+0530][3503.991s] GC(84) Using 8 workers of 8 for evacuation
[2022-12-31T11:57:03.664+0530][3504.002s] GC(84)   Pre Evacuate Collection Set: 0.1ms
[2022-12-31T11:57:03.665+0530][3504.002s] GC(84)   Evacuate Collection Set: 9.6ms
[2022-12-31T11:57:03.665+0530][3504.003s] GC(84)   Post Evacuate Collection Set: 0.9ms
[2022-12-31T11:57:03.665+0530][3504.003s] GC(84)   Other: 0.9ms
[2022-12-31T11:57:03.665+0530][3504.003s] GC(84) Eden regions: 300->0(292)
[2022-12-31T11:57:03.666+0530][3504.003s] GC(84) Survivor regions: 7->15(39)
[2022-12-31T11:57:03.666+0530][3504.004s] GC(84) Old regions: 39->39
[2022-12-31T11:57:03.666+0530][3504.004s] GC(84) Humongous regions: 7->7
[2022-12-31T11:57:03.666+0530][3504.004s] GC(84) Metaspace: 64839K->64839K(1107968K)
[2022-12-31T11:57:03.667+0530][3504.004s] GC(84) Pause Young (Normal) (G1 Evacuation Pause) 351M->60M(512M) 13.955ms
[2022-12-31T11:57:03.667+0530][3504.005s] GC(84) User=0.00s Sys=0.02s Real=0.01s
[2022-12-31T11:57:09.727+0530][3510.064s] GC(85) Pause Young (Normal) (G1 Evacuation Pause)
[2022-12-31T11:57:09.727+0530][3510.064s] GC(85) Using 8 workers of 8 for evacuation
[2022-12-31T11:57:09.732+0530][3510.069s] GC(85)   Pre Evacuate Collection Set: 0.0ms
[2022-12-31T11:57:09.732+0530][3510.069s] GC(85)   Evacuate Collection Set: 4.0ms
[2022-12-31T11:57:09.732+0530][3510.069s] GC(85)   Post Evacuate Collection Set: 0.5ms
[2022-12-31T11:57:09.732+0530][3510.069s] GC(85)   Other: 0.7ms
[2022-12-31T11:57:09.733+0530][3510.070s] GC(85) Eden regions: 292->0(302)
[2022-12-31T11:57:09.733+0530][3510.070s] GC(85) Survivor regions: 15->5(39)
[2022-12-31T11:57:09.733+0530][3510.070s] GC(85) Old regions: 39->39
[2022-12-31T11:57:09.733+0530][3510.070s] GC(85) Humongous regions: 7->7
[2022-12-31T11:57:09.733+0530][3510.070s] GC(85) Metaspace: 64845K->64845K(1107968K)
[2022-12-31T11:57:09.734+0530][3510.070s] GC(85) Pause Young (Normal) (G1 Evacuation Pause) 352M->49M(512M) 6.942ms
[2022-12-31T11:57:09.734+0530][3510.071s] GC(85) User=0.13s Sys=0.00s Real=0.01s
[2022-12-31T11:58:04.809+0530][3565.147s] GC(86) Pause Young (Normal) (G1 Evacuation Pause)
[2022-12-31T11:58:04.810+0530][3565.147s] GC(86) Using 8 workers of 8 for evacuation
[2022-12-31T11:58:04.814+0530][3565.151s] GC(86)   Pre Evacuate Collection Set: 0.0ms
[2022-12-31T11:58:04.814+0530][3565.152s] GC(86)   Evacuate Collection Set: 3.2ms
[2022-12-31T11:58:04.814+0530][3565.152s] GC(86)   Post Evacuate Collection Set: 0.8ms
[2022-12-31T11:58:04.815+0530][3565.152s] GC(86)   Other: 0.7ms
[2022-12-31T11:58:04.815+0530][3565.152s] GC(86) Eden regions: 302->0(303)
[2022-12-31T11:58:04.815+0530][3565.153s] GC(86) Survivor regions: 5->4(39)
[2022-12-31T11:58:04.815+0530][3565.153s] GC(86) Old regions: 39->39
[2022-12-31T11:58:04.815+0530][3565.153s] GC(86) Humongous regions: 7->7
[2022-12-31T11:58:04.816+0530][3565.153s] GC(86) Metaspace: 64846K->64846K(1107968K)
[2022-12-31T11:58:04.816+0530][3565.153s] GC(86) Pause Young (Normal) (G1 Evacuation Pause) 351M->49M(512M) 6.439ms
[2022-12-31T11:58:04.816+0530][3565.153s] GC(86) User=0.00s Sys=0.00s Real=0.01s
[2022-12-31T11:59:03.086+0530][3623.424s] GC(87) Pause Young (Normal) (G1 Evacuation Pause)
[2022-12-31T11:59:03.086+0530][3623.424s] GC(87) Using 8 workers of 8 for evacuation
[2022-12-31T11:59:03.091+0530][3623.429s] GC(87)   Pre Evacuate Collection Set: 0.0ms
[2022-12-31T11:59:03.092+0530][3623.430s] GC(87)   Evacuate Collection Set: 3.8ms
[2022-12-31T11:59:03.092+0530][3623.430s] GC(87)   Post Evacuate Collection Set: 0.6ms
[2022-12-31T11:59:03.092+0530][3623.430s] GC(87)   Other: 0.7ms
[2022-12-31T11:59:03.092+0530][3623.430s] GC(87) Eden regions: 303->0(301)
[2022-12-31T11:59:03.092+0530][3623.430s] GC(87) Survivor regions: 4->6(39)
[2022-12-31T11:59:03.092+0530][3623.430s] GC(87) Old regions: 39->39
[2022-12-31T11:59:03.093+0530][3623.431s] GC(87) Humongous regions: 7->7
[2022-12-31T11:59:03.093+0530][3623.431s] GC(87) Metaspace: 64846K->64846K(1107968K)
[2022-12-31T11:59:03.093+0530][3623.431s] GC(87) Pause Young (Normal) (G1 Evacuation Pause) 352M->50M(512M) 6.723ms
[2022-12-31T11:59:03.093+0530][3623.431s] GC(87) User=0.13s Sys=0.00s Real=0.01s
[2022-12-31T12:00:01.930+0530][3682.267s] GC(88) Pause Young (Normal) (G1 Evacuation Pause)
[2022-12-31T12:00:01.930+0530][3682.268s] GC(88) Using 8 workers of 8 for evacuation
[2022-12-31T12:00:01.936+0530][3682.274s] GC(88)   Pre Evacuate Collection Set: 0.0ms
[2022-12-31T12:00:01.937+0530][3682.274s] GC(88)   Evacuate Collection Set: 5.2ms
[2022-12-31T12:00:01.937+0530][3682.274s] GC(88)   Post Evacuate Collection Set: 0.6ms
[2022-12-31T12:00:01.937+0530][3682.275s] GC(88)   Other: 0.7ms
[2022-12-31T12:00:01.937+0530][3682.275s] GC(88) Eden regions: 301->0(298)
[2022-12-31T12:00:01.937+0530][3682.275s] GC(88) Survivor regions: 6->9(39)
[2022-12-31T12:00:01.937+0530][3682.275s] GC(88) Old regions: 39->39
[2022-12-31T12:00:01.938+0530][3682.275s] GC(88) Humongous regions: 7->7
[2022-12-31T12:00:01.938+0530][3682.275s] GC(88) Metaspace: 64848K->64848K(1107968K)
[2022-12-31T12:00:01.938+0530][3682.276s] GC(88) Pause Young (Normal) (G1 Evacuation Pause) 351M->54M(512M) 8.174ms
[2022-12-31T12:00:01.938+0530][3682.276s] GC(88) User=0.11s Sys=0.00s Real=0.01s
[2022-12-31T12:01:01.615+0530][3741.952s] GC(89) Pause Young (Normal) (G1 Evacuation Pause)
[2022-12-31T12:01:01.615+0530][3741.952s] GC(89) Using 8 workers of 8 for evacuation
[2022-12-31T12:01:01.621+0530][3741.958s] GC(89)   Pre Evacuate Collection Set: 0.0ms
[2022-12-31T12:01:01.621+0530][3741.959s] GC(89)   Evacuate Collection Set: 4.6ms
[2022-12-31T12:01:01.621+0530][3741.959s] GC(89)   Post Evacuate Collection Set: 0.8ms
[2022-12-31T12:01:01.621+0530][3741.959s] GC(89)   Other: 0.9ms
[2022-12-31T12:01:01.622+0530][3741.959s] GC(89) Eden regions: 298->0(298)
[2022-12-31T12:01:01.622+0530][3741.959s] GC(89) Survivor regions: 9->9(39)
[2022-12-31T12:01:01.622+0530][3741.959s] GC(89) Old regions: 39->39
[2022-12-31T12:01:01.622+0530][3741.960s] GC(89) Humongous regions: 7->7
[2022-12-31T12:01:01.622+0530][3741.960s] GC(89) Metaspace: 64849K->64849K(1107968K)
[2022-12-31T12:01:01.622+0530][3741.960s] GC(89) Pause Young (Normal) (G1 Evacuation Pause) 352M->54M(512M) 7.842ms
[2022-12-31T12:01:01.623+0530][3741.960s] GC(89) User=0.13s Sys=0.00s Real=0.01s
[2022-12-31T12:02:01.176+0530][3801.514s] GC(90) Pause Young (Normal) (G1 Evacuation Pause)
[2022-12-31T12:02:01.176+0530][3801.514s] GC(90) Using 8 workers of 8 for evacuation
[2022-12-31T12:02:01.182+0530][3801.519s] GC(90)   Pre Evacuate Collection Set: 0.0ms
[2022-12-31T12:02:01.182+0530][3801.520s] GC(90)   Evacuate Collection Set: 4.7ms
[2022-12-31T12:02:01.182+0530][3801.520s] GC(90)   Post Evacuate Collection Set: 0.6ms
[2022-12-31T12:02:01.182+0530][3801.520s] GC(90)   Other: 0.5ms
[2022-12-31T12:02:01.183+0530][3801.520s] GC(90) Eden regions: 298->0(296)
[2022-12-31T12:02:01.183+0530][3801.520s] GC(90) Survivor regions: 9->11(39)
[2022-12-31T12:02:01.183+0530][3801.521s] GC(90) Old regions: 39->39
[2022-12-31T12:02:01.183+0530][3801.521s] GC(90) Humongous regions: 7->7
[2022-12-31T12:02:01.183+0530][3801.521s] GC(90) Metaspace: 64849K->64849K(1107968K)
[2022-12-31T12:02:01.183+0530][3801.521s] GC(90) Pause Young (Normal) (G1 Evacuation Pause) 352M->55M(512M) 7.467ms
[2022-12-31T12:02:01.183+0530][3801.521s] GC(90) User=0.02s Sys=0.00s Real=0.01s
[2022-12-31T12:03:01.637+0530][3861.975s] GC(91) Pause Young (Normal) (G1 Evacuation Pause)
[2022-12-31T12:03:01.637+0530][3861.975s] GC(91) Using 8 workers of 8 for evacuation
[2022-12-31T12:03:01.644+0530][3861.981s] GC(91)   Pre Evacuate Collection Set: 0.0ms
[2022-12-31T12:03:01.644+0530][3861.982s] GC(91)   Evacuate Collection Set: 5.1ms
[2022-12-31T12:03:01.644+0530][3861.982s] GC(91)   Post Evacuate Collection Set: 0.6ms
[2022-12-31T12:03:01.644+0530][3861.982s] GC(91)   Other: 0.8ms
[2022-12-31T12:03:01.644+0530][3861.982s] GC(91) Eden regions: 296->0(298)
[2022-12-31T12:03:01.645+0530][3861.982s] GC(91) Survivor regions: 11->9(39)
[2022-12-31T12:03:01.645+0530][3861.983s] GC(91) Old regions: 39->39
[2022-12-31T12:03:01.645+0530][3861.983s] GC(91) Humongous regions: 7->7
[2022-12-31T12:03:01.645+0530][3861.983s] GC(91) Metaspace: 64856K->64856K(1107968K)
[2022-12-31T12:03:01.645+0530][3861.983s] GC(91) Pause Young (Normal) (G1 Evacuation Pause) 351M->54M(512M) 8.050ms
[2022-12-31T12:03:01.645+0530][3861.983s] GC(91) User=0.00s Sys=0.00s Real=0.01s
[2022-12-31T12:03:05.355+0530][3865.692s] GC(92) Pause Young (Normal) (G1 Evacuation Pause)
[2022-12-31T12:03:05.356+0530][3865.693s] GC(92) Using 8 workers of 8 for evacuation
[2022-12-31T12:03:05.361+0530][3865.698s] GC(92)   Pre Evacuate Collection Set: 0.0ms
[2022-12-31T12:03:05.361+0530][3865.698s] GC(92)   Evacuate Collection Set: 4.1ms
[2022-12-31T12:03:05.361+0530][3865.698s] GC(92)   Post Evacuate Collection Set: 0.6ms
[2022-12-31T12:03:05.361+0530][3865.698s] GC(92)   Other: 0.5ms
[2022-12-31T12:03:05.361+0530][3865.698s] GC(92) Eden regions: 298->0(302)
[2022-12-31T12:03:05.362+0530][3865.699s] GC(92) Survivor regions: 9->5(39)
[2022-12-31T12:03:05.362+0530][3865.699s] GC(92) Old regions: 39->39
[2022-12-31T12:03:05.362+0530][3865.699s] GC(92) Humongous regions: 7->7
[2022-12-31T12:03:05.362+0530][3865.699s] GC(92) Metaspace: 64857K->64857K(1107968K)
[2022-12-31T12:03:05.362+0530][3865.699s] GC(92) Pause Young (Normal) (G1 Evacuation Pause) 352M->50M(512M) 6.578ms
[2022-12-31T12:03:05.362+0530][3865.699s] GC(92) User=0.00s Sys=0.00s Real=0.01s
[2022-12-31T12:04:03.101+0530][3923.439s] GC(93) Pause Young (Normal) (G1 Evacuation Pause)
[2022-12-31T12:04:03.102+0530][3923.439s] GC(93) Using 8 workers of 8 for evacuation
[2022-12-31T12:04:03.107+0530][3923.445s] GC(93)   Pre Evacuate Collection Set: 0.0ms
[2022-12-31T12:04:03.107+0530][3923.445s] GC(93)   Evacuate Collection Set: 4.5ms
[2022-12-31T12:04:03.107+0530][3923.445s] GC(93)   Post Evacuate Collection Set: 0.6ms
[2022-12-31T12:04:03.108+0530][3923.445s] GC(93)   Other: 0.6ms
[2022-12-31T12:04:03.108+0530][3923.446s] GC(93) Eden regions: 302->0(297)
[2022-12-31T12:04:03.108+0530][3923.446s] GC(93) Survivor regions: 5->10(39)
[2022-12-31T12:04:03.108+0530][3923.446s] GC(93) Old regions: 39->39
[2022-12-31T12:04:03.108+0530][3923.446s] GC(93) Humongous regions: 7->7
[2022-12-31T12:04:03.108+0530][3923.446s] GC(93) Metaspace: 64858K->64858K(1107968K)
[2022-12-31T12:04:03.108+0530][3923.446s] GC(93) Pause Young (Normal) (G1 Evacuation Pause) 352M->54M(512M) 6.917ms
[2022-12-31T12:04:03.108+0530][3923.446s] GC(93) User=0.13s Sys=0.00s Real=0.01s
[2022-12-31T12:05:01.632+0530][3981.969s] GC(94) Pause Young (Normal) (G1 Evacuation Pause)
[2022-12-31T12:05:01.632+0530][3981.969s] GC(94) Using 8 workers of 8 for evacuation
[2022-12-31T12:05:01.638+0530][3981.975s] GC(94)   Pre Evacuate Collection Set: 0.0ms
[2022-12-31T12:05:01.638+0530][3981.975s] GC(94)   Evacuate Collection Set: 4.6ms
[2022-12-31T12:05:01.638+0530][3981.975s] GC(94)   Post Evacuate Collection Set: 0.6ms
[2022-12-31T12:05:01.638+0530][3981.975s] GC(94)   Other: 0.8ms
[2022-12-31T12:05:01.638+0530][3981.975s] GC(94) Eden regions: 297->0(299)
[2022-12-31T12:05:01.639+0530][3981.976s] GC(94) Survivor regions: 10->8(39)
[2022-12-31T12:05:01.639+0530][3981.976s] GC(94) Old regions: 39->39
[2022-12-31T12:05:01.639+0530][3981.976s] GC(94) Humongous regions: 7->7
[2022-12-31T12:05:01.639+0530][3981.976s] GC(94) Metaspace: 64867K->64867K(1107968K)
[2022-12-31T12:05:01.639+0530][3981.976s] GC(94) Pause Young (Normal) (G1 Evacuation Pause) 351M->53M(512M) 7.529ms
[2022-12-31T12:05:01.639+0530][3981.976s] GC(94) User=0.13s Sys=0.00s Real=0.01s
[2022-12-31T12:06:02.846+0530][4043.184s] GC(95) Pause Young (Normal) (G1 Evacuation Pause)
[2022-12-31T12:06:02.847+0530][4043.184s] GC(95) Using 8 workers of 8 for evacuation
[2022-12-31T12:06:02.853+0530][4043.190s] GC(95)   Pre Evacuate Collection Set: 0.0ms
[2022-12-31T12:06:02.853+0530][4043.190s] GC(95)   Evacuate Collection Set: 5.3ms
[2022-12-31T12:06:02.853+0530][4043.190s] GC(95)   Post Evacuate Collection Set: 0.6ms
[2022-12-31T12:06:02.853+0530][4043.190s] GC(95)   Other: 0.5ms
[2022-12-31T12:06:02.853+0530][4043.191s] GC(95) Eden regions: 299->0(296)
[2022-12-31T12:06:02.854+0530][4043.191s] GC(95) Survivor regions: 8->11(39)
[2022-12-31T12:06:02.854+0530][4043.191s] GC(95) Old regions: 39->39
[2022-12-31T12:06:02.854+0530][4043.191s] GC(95) Humongous regions: 7->7
[2022-12-31T12:06:02.854+0530][4043.191s] GC(95) Metaspace: 64871K->64871K(1107968K)
[2022-12-31T12:06:02.854+0530][4043.191s] GC(95) Pause Young (Normal) (G1 Evacuation Pause) 352M->55M(512M) 7.589ms
[2022-12-31T12:06:02.854+0530][4043.191s] GC(95) User=0.00s Sys=0.00s Real=0.01s
[2022-12-31T12:07:01.627+0530][4101.964s] GC(96) Pause Young (Normal) (G1 Evacuation Pause)
[2022-12-31T12:07:01.627+0530][4101.964s] GC(96) Using 8 workers of 8 for evacuation
[2022-12-31T12:07:01.633+0530][4101.970s] GC(96)   Pre Evacuate Collection Set: 0.0ms
[2022-12-31T12:07:01.633+0530][4101.970s] GC(96)   Evacuate Collection Set: 4.8ms
[2022-12-31T12:07:01.634+0530][4101.971s] GC(96)   Post Evacuate Collection Set: 0.6ms
[2022-12-31T12:07:01.634+0530][4101.971s] GC(96)   Other: 0.7ms
[2022-12-31T12:07:01.634+0530][4101.971s] GC(96) Eden regions: 296->0(296)
[2022-12-31T12:07:01.634+0530][4101.971s] GC(96) Survivor regions: 11->11(39)
[2022-12-31T12:07:01.634+0530][4101.971s] GC(96) Old regions: 39->39
[2022-12-31T12:07:01.635+0530][4101.972s] GC(96) Humongous regions: 7->7
[2022-12-31T12:07:01.635+0530][4101.972s] GC(96) Metaspace: 64874K->64874K(1107968K)
[2022-12-31T12:07:01.635+0530][4101.972s] GC(96) Pause Young (Normal) (G1 Evacuation Pause) 351M->56M(512M) 7.873ms
[2022-12-31T12:07:01.635+0530][4101.972s] GC(96) User=0.00s Sys=0.00s Real=0.01s
[2022-12-31T12:07:05.353+0530][4105.690s] GC(97) Pause Young (Normal) (G1 Evacuation Pause)
[2022-12-31T12:07:05.353+0530][4105.691s] GC(97) Using 8 workers of 8 for evacuation
[2022-12-31T12:07:05.358+0530][4105.695s] GC(97)   Pre Evacuate Collection Set: 0.0ms
[2022-12-31T12:07:05.358+0530][4105.696s] GC(97)   Evacuate Collection Set: 3.9ms
[2022-12-31T12:07:05.358+0530][4105.696s] GC(97)   Post Evacuate Collection Set: 0.5ms
[2022-12-31T12:07:05.358+0530][4105.696s] GC(97)   Other: 0.7ms
[2022-12-31T12:07:05.358+0530][4105.696s] GC(97) Eden regions: 296->0(302)
[2022-12-31T12:07:05.359+0530][4105.696s] GC(97) Survivor regions: 11->5(39)
[2022-12-31T12:07:05.359+0530][4105.696s] GC(97) Old regions: 39->39
[2022-12-31T12:07:05.359+0530][4105.697s] GC(97) Humongous regions: 7->7
[2022-12-31T12:07:05.359+0530][4105.697s] GC(97) Metaspace: 64874K->64874K(1107968K)
[2022-12-31T12:07:05.359+0530][4105.697s] GC(97) Pause Young (Normal) (G1 Evacuation Pause) 352M->50M(512M) 6.637ms
[2022-12-31T12:07:05.359+0530][4105.697s] GC(97) User=0.13s Sys=0.00s Real=0.01s
[2022-12-31T12:08:03.144+0530][4163.482s] GC(98) Pause Young (Normal) (G1 Evacuation Pause)
[2022-12-31T12:08:03.145+0530][4163.482s] GC(98) Using 8 workers of 8 for evacuation
[2022-12-31T12:08:03.150+0530][4163.488s] GC(98)   Pre Evacuate Collection Set: 0.0ms
[2022-12-31T12:08:03.151+0530][4163.488s] GC(98)   Evacuate Collection Set: 4.6ms
[2022-12-31T12:08:03.151+0530][4163.488s] GC(98)   Post Evacuate Collection Set: 0.6ms
[2022-12-31T12:08:03.151+0530][4163.489s] GC(98)   Other: 0.5ms
[2022-12-31T12:08:03.151+0530][4163.489s] GC(98) Eden regions: 302->0(298)
[2022-12-31T12:08:03.151+0530][4163.489s] GC(98) Survivor regions: 5->9(39)
[2022-12-31T12:08:03.151+0530][4163.489s] GC(98) Old regions: 39->39
[2022-12-31T12:08:03.151+0530][4163.489s] GC(98) Humongous regions: 7->7
[2022-12-31T12:08:03.152+0530][4163.489s] GC(98) Metaspace: 64874K->64874K(1107968K)
[2022-12-31T12:08:03.152+0530][4163.490s] GC(98) Pause Young (Normal) (G1 Evacuation Pause) 352M->54M(512M) 7.357ms
[2022-12-31T12:08:03.152+0530][4163.490s] GC(98) User=0.00s Sys=0.02s Real=0.01s
[2022-12-31T12:09:02.397+0530][4222.734s] GC(99) Pause Young (Normal) (G1 Evacuation Pause)
[2022-12-31T12:09:02.397+0530][4222.735s] GC(99) Using 8 workers of 8 for evacuation
[2022-12-31T12:09:02.402+0530][4222.739s] GC(99)   Pre Evacuate Collection Set: 0.0ms
[2022-12-31T12:09:02.403+0530][4222.740s] GC(99)   Evacuate Collection Set: 3.7ms
[2022-12-31T12:09:02.403+0530][4222.740s] GC(99)   Post Evacuate Collection Set: 0.7ms
[2022-12-31T12:09:02.403+0530][4222.740s] GC(99)   Other: 0.7ms
[2022-12-31T12:09:02.403+0530][4222.740s] GC(99) Eden regions: 298->0(302)
[2022-12-31T12:09:02.403+0530][4222.740s] GC(99) Survivor regions: 9->5(39)
[2022-12-31T12:09:02.403+0530][4222.740s] GC(99) Old regions: 39->39
[2022-12-31T12:09:02.404+0530][4222.741s] GC(99) Humongous regions: 7->7
[2022-12-31T12:09:02.404+0530][4222.741s] GC(99) Metaspace: 64897K->64897K(1107968K)
[2022-12-31T12:09:02.404+0530][4222.741s] GC(99) Pause Young (Normal) (G1 Evacuation Pause) 352M->50M(512M) 6.812ms
[2022-12-31T12:09:02.404+0530][4222.741s] GC(99) User=0.11s Sys=0.00s Real=0.01s
[2022-12-31T12:11:01.497+0530][4341.834s] GC(100) Pause Young (Normal) (G1 Evacuation Pause)
[2022-12-31T12:11:01.497+0530][4341.834s] GC(100) Using 8 workers of 8 for evacuation
[2022-12-31T12:11:01.504+0530][4341.841s] GC(100)   Pre Evacuate Collection Set: 0.0ms
[2022-12-31T12:11:01.504+0530][4341.842s] GC(100)   Evacuate Collection Set: 6.0ms
[2022-12-31T12:11:01.505+0530][4341.842s] GC(100)   Post Evacuate Collection Set: 0.6ms
[2022-12-31T12:11:01.505+0530][4341.842s] GC(100)   Other: 0.7ms
[2022-12-31T12:11:01.505+0530][4341.842s] GC(100) Eden regions: 302->0(298)
[2022-12-31T12:11:01.505+0530][4341.842s] GC(100) Survivor regions: 5->9(39)
[2022-12-31T12:11:01.505+0530][4341.843s] GC(100) Old regions: 39->39
[2022-12-31T12:11:01.506+0530][4341.843s] GC(100) Humongous regions: 7->7
[2022-12-31T12:11:01.506+0530][4341.843s] GC(100) Metaspace: 64904K->64904K(1107968K)
[2022-12-31T12:11:01.506+0530][4341.843s] GC(100) Pause Young (Normal) (G1 Evacuation Pause) 352M->54M(512M) 9.160ms
[2022-12-31T12:11:01.506+0530][4341.843s] GC(100) User=0.00s Sys=0.00s Real=0.01s
[2022-12-31T12:11:04.366+0530][4344.703s] GC(101) Pause Young (Normal) (G1 Evacuation Pause)
[2022-12-31T12:11:04.366+0530][4344.704s] GC(101) Using 8 workers of 8 for evacuation
[2022-12-31T12:11:04.375+0530][4344.712s] GC(101)   Pre Evacuate Collection Set: 0.0ms
[2022-12-31T12:11:04.375+0530][4344.712s] GC(101)   Evacuate Collection Set: 7.5ms
[2022-12-31T12:11:04.375+0530][4344.713s] GC(101)   Post Evacuate Collection Set: 0.6ms
[2022-12-31T12:11:04.375+0530][4344.713s] GC(101)   Other: 0.7ms
[2022-12-31T12:11:04.375+0530][4344.713s] GC(101) Eden regions: 298->0(299)
[2022-12-31T12:11:04.376+0530][4344.713s] GC(101) Survivor regions: 9->8(39)
[2022-12-31T12:11:04.376+0530][4344.713s] GC(101) Old regions: 39->39
[2022-12-31T12:11:04.376+0530][4344.714s] GC(101) Humongous regions: 7->7
[2022-12-31T12:11:04.376+0530][4344.714s] GC(101) Metaspace: 64905K->64905K(1107968K)
[2022-12-31T12:11:04.376+0530][4344.714s] GC(101) Pause Young (Normal) (G1 Evacuation Pause) 352M->53M(512M) 10.506ms
[2022-12-31T12:11:04.377+0530][4344.714s] GC(101) User=0.11s Sys=0.00s Real=0.01s
[2022-12-31T12:12:01.249+0530][4401.586s] GC(102) Pause Young (Normal) (G1 Evacuation Pause)
[2022-12-31T12:12:01.249+0530][4401.586s] GC(102) Using 8 workers of 8 for evacuation
[2022-12-31T12:12:01.258+0530][4401.595s] GC(102)   Pre Evacuate Collection Set: 0.0ms
[2022-12-31T12:12:01.258+0530][4401.595s] GC(102)   Evacuate Collection Set: 7.4ms
[2022-12-31T12:12:01.258+0530][4401.595s] GC(102)   Post Evacuate Collection Set: 0.7ms
[2022-12-31T12:12:01.258+0530][4401.595s] GC(102)   Other: 0.5ms
[2022-12-31T12:12:01.258+0530][4401.596s] GC(102) Eden regions: 299->0(290)
[2022-12-31T12:12:01.258+0530][4401.596s] GC(102) Survivor regions: 8->17(39)
[2022-12-31T12:12:01.258+0530][4401.596s] GC(102) Old regions: 39->39
[2022-12-31T12:12:01.259+0530][4401.596s] GC(102) Humongous regions: 7->7
[2022-12-31T12:12:01.259+0530][4401.596s] GC(102) Metaspace: 64906K->64906K(1107968K)
[2022-12-31T12:12:01.259+0530][4401.596s] GC(102) Pause Young (Normal) (G1 Evacuation Pause) 352M->62M(512M) 9.833ms
[2022-12-31T12:12:01.259+0530][4401.596s] GC(102) User=0.00s Sys=0.00s Real=0.01s
[2022-12-31T12:12:04.191+0530][4404.528s] GC(103) Pause Young (Normal) (G1 Evacuation Pause)
[2022-12-31T12:12:04.191+0530][4404.528s] GC(103) Using 8 workers of 8 for evacuation
[2022-12-31T12:12:04.198+0530][4404.536s] GC(103)   Pre Evacuate Collection Set: 0.0ms
[2022-12-31T12:12:04.199+0530][4404.536s] GC(103)   Evacuate Collection Set: 6.5ms
[2022-12-31T12:12:04.199+0530][4404.536s] GC(103)   Post Evacuate Collection Set: 0.5ms
[2022-12-31T12:12:04.199+0530][4404.536s] GC(103)   Other: 0.7ms
[2022-12-31T12:12:04.199+0530][4404.536s] GC(103) Eden regions: 290->0(300)
[2022-12-31T12:12:04.199+0530][4404.537s] GC(103) Survivor regions: 17->7(39)
[2022-12-31T12:12:04.199+0530][4404.537s] GC(103) Old regions: 39->40
[2022-12-31T12:12:04.199+0530][4404.537s] GC(103) Humongous regions: 7->7
[2022-12-31T12:12:04.199+0530][4404.537s] GC(103) Metaspace: 64912K->64912K(1107968K)
[2022-12-31T12:12:04.200+0530][4404.537s] GC(103) Pause Young (Normal) (G1 Evacuation Pause) 352M->53M(512M) 8.870ms
[2022-12-31T12:12:04.200+0530][4404.537s] GC(103) User=0.11s Sys=0.00s Real=0.01s
[2022-12-31T12:13:02.949+0530][4463.287s] GC(104) Pause Young (Normal) (G1 Evacuation Pause)
[2022-12-31T12:13:02.949+0530][4463.287s] GC(104) Using 8 workers of 8 for evacuation
[2022-12-31T12:13:02.954+0530][4463.292s] GC(104)   Pre Evacuate Collection Set: 0.0ms
[2022-12-31T12:13:02.954+0530][4463.292s] GC(104)   Evacuate Collection Set: 4.1ms
[2022-12-31T12:13:02.955+0530][4463.292s] GC(104)   Post Evacuate Collection Set: 0.6ms
[2022-12-31T12:13:02.955+0530][4463.293s] GC(104)   Other: 0.5ms
[2022-12-31T12:13:02.955+0530][4463.293s] GC(104) Eden regions: 300->0(303)
[2022-12-31T12:13:02.955+0530][4463.293s] GC(104) Survivor regions: 7->4(39)
[2022-12-31T12:13:02.955+0530][4463.293s] GC(104) Old regions: 40->40
[2022-12-31T12:13:02.955+0530][4463.293s] GC(104) Humongous regions: 7->7
[2022-12-31T12:13:02.956+0530][4463.294s] GC(104) Metaspace: 64913K->64913K(1107968K)
[2022-12-31T12:13:02.956+0530][4463.294s] GC(104) Pause Young (Normal) (G1 Evacuation Pause) 353M->49M(512M) 6.909ms
[2022-12-31T12:13:02.956+0530][4463.294s] GC(104) User=0.00s Sys=0.00s Real=0.01s
[2022-12-31T12:14:03.414+0530][4523.751s] GC(105) Pause Young (Normal) (G1 Evacuation Pause)
[2022-12-31T12:14:03.414+0530][4523.751s] GC(105) Using 8 workers of 8 for evacuation
[2022-12-31T12:14:03.421+0530][4523.759s] GC(105)   Pre Evacuate Collection Set: 0.0ms
[2022-12-31T12:14:03.421+0530][4523.759s] GC(105)   Evacuate Collection Set: 6.1ms
[2022-12-31T12:14:03.422+0530][4523.759s] GC(105)   Post Evacuate Collection Set: 0.7ms
[2022-12-31T12:14:03.422+0530][4523.759s] GC(105)   Other: 0.7ms
[2022-12-31T12:14:03.422+0530][4523.759s] GC(105) Eden regions: 303->0(294)
[2022-12-31T12:14:03.422+0530][4523.760s] GC(105) Survivor regions: 4->13(39)
[2022-12-31T12:14:03.422+0530][4523.760s] GC(105) Old regions: 40->40
[2022-12-31T12:14:03.422+0530][4523.760s] GC(105) Humongous regions: 7->7
[2022-12-31T12:14:03.423+0530][4523.760s] GC(105) Metaspace: 64913K->64913K(1107968K)
[2022-12-31T12:14:03.423+0530][4523.760s] GC(105) Pause Young (Normal) (G1 Evacuation Pause) 352M->59M(512M) 9.208ms
[2022-12-31T12:14:03.423+0530][4523.760s] GC(105) User=0.13s Sys=0.00s Real=0.01s
[2022-12-31T12:14:08.512+0530][4528.850s] GC(106) Pause Young (Normal) (G1 Evacuation Pause)
[2022-12-31T12:14:08.512+0530][4528.850s] GC(106) Using 8 workers of 8 for evacuation
[2022-12-31T12:14:08.517+0530][4528.855s] GC(106)   Pre Evacuate Collection Set: 0.0ms
[2022-12-31T12:14:08.518+0530][4528.855s] GC(106)   Evacuate Collection Set: 4.3ms
[2022-12-31T12:14:08.518+0530][4528.856s] GC(106)   Post Evacuate Collection Set: 0.6ms
[2022-12-31T12:14:08.518+0530][4528.856s] GC(106)   Other: 0.5ms
[2022-12-31T12:14:08.518+0530][4528.856s] GC(106) Eden regions: 294->0(301)
[2022-12-31T12:14:08.518+0530][4528.856s] GC(106) Survivor regions: 13->6(39)
[2022-12-31T12:14:08.518+0530][4528.856s] GC(106) Old regions: 40->40
[2022-12-31T12:14:08.519+0530][4528.856s] GC(106) Humongous regions: 7->7
[2022-12-31T12:14:08.519+0530][4528.857s] GC(106) Metaspace: 64913K->64913K(1107968K)
[2022-12-31T12:14:08.519+0530][4528.857s] GC(106) Pause Young (Normal) (G1 Evacuation Pause) 353M->51M(512M) 7.100ms
[2022-12-31T12:14:08.519+0530][4528.857s] GC(106) User=0.00s Sys=0.00s Real=0.01s
[2022-12-31T12:15:03.697+0530][4584.034s] GC(107) Pause Young (Normal) (G1 Evacuation Pause)
[2022-12-31T12:15:03.697+0530][4584.035s] GC(107) Using 8 workers of 8 for evacuation
[2022-12-31T12:15:03.702+0530][4584.039s] GC(107)   Pre Evacuate Collection Set: 0.0ms
[2022-12-31T12:15:03.702+0530][4584.039s] GC(107)   Evacuate Collection Set: 3.4ms
[2022-12-31T12:15:03.702+0530][4584.040s] GC(107)   Post Evacuate Collection Set: 0.6ms
[2022-12-31T12:15:03.702+0530][4584.040s] GC(107)   Other: 0.6ms
[2022-12-31T12:15:03.703+0530][4584.040s] GC(107) Eden regions: 301->0(300)
[2022-12-31T12:15:03.703+0530][4584.040s] GC(107) Survivor regions: 6->7(39)
[2022-12-31T12:15:03.703+0530][4584.040s] GC(107) Old regions: 40->40
[2022-12-31T12:15:03.703+0530][4584.040s] GC(107) Humongous regions: 7->7
[2022-12-31T12:15:03.703+0530][4584.041s] GC(107) Metaspace: 64913K->64913K(1107968K)
[2022-12-31T12:15:03.704+0530][4584.041s] GC(107) Pause Young (Normal) (G1 Evacuation Pause) 352M->53M(512M) 6.381ms
[2022-12-31T12:15:03.704+0530][4584.041s] GC(107) User=0.02s Sys=0.00s Real=0.01s
[2022-12-31T12:16:01.336+0530][4641.674s] GC(108) Pause Young (Normal) (G1 Evacuation Pause)
[2022-12-31T12:16:01.337+0530][4641.674s] GC(108) Using 8 workers of 8 for evacuation
[2022-12-31T12:16:01.340+0530][4641.677s] GC(108)   Pre Evacuate Collection Set: 0.0ms
[2022-12-31T12:16:01.340+0530][4641.678s] GC(108)   Evacuate Collection Set: 2.1ms
[2022-12-31T12:16:01.340+0530][4641.678s] GC(108)   Post Evacuate Collection Set: 0.5ms
[2022-12-31T12:16:01.341+0530][4641.678s] GC(108)   Other: 0.9ms
[2022-12-31T12:16:01.341+0530][4641.678s] GC(108) Eden regions: 300->0(304)
[2022-12-31T12:16:01.341+0530][4641.678s] GC(108) Survivor regions: 7->3(39)
[2022-12-31T12:16:01.341+0530][4641.679s] GC(108) Old regions: 40->40
[2022-12-31T12:16:01.341+0530][4641.679s] GC(108) Humongous regions: 7->7
[2022-12-31T12:16:01.341+0530][4641.679s] GC(108) Metaspace: 64914K->64914K(1107968K)
[2022-12-31T12:16:01.342+0530][4641.679s] GC(108) Pause Young (Normal) (G1 Evacuation Pause) 353M->48M(512M) 5.220ms
[2022-12-31T12:16:01.342+0530][4641.679s] GC(108) User=0.13s Sys=0.00s Real=0.01s
[2022-12-31T12:16:04.113+0530][4644.450s] GC(109) Pause Young (Normal) (G1 Evacuation Pause)
[2022-12-31T12:16:04.113+0530][4644.451s] GC(109) Using 8 workers of 8 for evacuation
[2022-12-31T12:16:04.117+0530][4644.455s] GC(109)   Pre Evacuate Collection Set: 0.0ms
[2022-12-31T12:16:04.117+0530][4644.455s] GC(109)   Evacuate Collection Set: 3.5ms
[2022-12-31T12:16:04.117+0530][4644.455s] GC(109)   Post Evacuate Collection Set: 0.4ms
[2022-12-31T12:16:04.117+0530][4644.455s] GC(109)   Other: 0.5ms
[2022-12-31T12:16:04.118+0530][4644.455s] GC(109) Eden regions: 304->0(303)
[2022-12-31T12:16:04.118+0530][4644.455s] GC(109) Survivor regions: 3->4(39)
[2022-12-31T12:16:04.118+0530][4644.456s] GC(109) Old regions: 40->40
[2022-12-31T12:16:04.118+0530][4644.456s] GC(109) Humongous regions: 7->7
[2022-12-31T12:16:04.118+0530][4644.456s] GC(109) Metaspace: 64915K->64915K(1107968K)
[2022-12-31T12:16:04.118+0530][4644.456s] GC(109) Pause Young (Normal) (G1 Evacuation Pause) 352M->50M(512M) 5.567ms
[2022-12-31T12:16:04.118+0530][4644.456s] GC(109) User=0.00s Sys=0.00s Real=0.01s
[2022-12-31T12:17:01.807+0530][4702.144s] GC(110) Pause Young (Normal) (G1 Evacuation Pause)
[2022-12-31T12:17:01.807+0530][4702.144s] GC(110) Using 8 workers of 8 for evacuation
[2022-12-31T12:17:01.813+0530][4702.150s] GC(110)   Pre Evacuate Collection Set: 0.0ms
[2022-12-31T12:17:01.813+0530][4702.150s] GC(110)   Evacuate Collection Set: 5.0ms
[2022-12-31T12:17:01.813+0530][4702.150s] GC(110)   Post Evacuate Collection Set: 0.7ms
[2022-12-31T12:17:01.813+0530][4702.150s] GC(110)   Other: 0.7ms
[2022-12-31T12:17:01.814+0530][4702.151s] GC(110) Eden regions: 303->0(293)
[2022-12-31T12:17:01.814+0530][4702.151s] GC(110) Survivor regions: 4->14(39)
[2022-12-31T12:17:01.814+0530][4702.151s] GC(110) Old regions: 40->40
[2022-12-31T12:17:01.814+0530][4702.151s] GC(110) Humongous regions: 7->7
[2022-12-31T12:17:01.814+0530][4702.151s] GC(110) Metaspace: 64916K->64916K(1107968K)
[2022-12-31T12:17:01.814+0530][4702.151s] GC(110) Pause Young (Normal) (G1 Evacuation Pause) 353M->59M(512M) 7.825ms
[2022-12-31T12:17:01.815+0530][4702.152s] GC(110) User=0.13s Sys=0.00s Real=0.01s
[2022-12-31T12:17:04.210+0530][4704.547s] GC(111) Pause Young (Normal) (G1 Evacuation Pause)
[2022-12-31T12:17:04.210+0530][4704.547s] GC(111) Using 8 workers of 8 for evacuation
[2022-12-31T12:17:04.216+0530][4704.553s] GC(111)   Pre Evacuate Collection Set: 0.0ms
[2022-12-31T12:17:04.216+0530][4704.553s] GC(111)   Evacuate Collection Set: 5.0ms
[2022-12-31T12:17:04.216+0530][4704.554s] GC(111)   Post Evacuate Collection Set: 0.4ms
[2022-12-31T12:17:04.216+0530][4704.554s] GC(111)   Other: 0.5ms
[2022-12-31T12:17:04.217+0530][4704.554s] GC(111) Eden regions: 293->0(300)
[2022-12-31T12:17:04.217+0530][4704.554s] GC(111) Survivor regions: 14->7(39)
[2022-12-31T12:17:04.217+0530][4704.554s] GC(111) Old regions: 40->40
[2022-12-31T12:17:04.217+0530][4704.554s] GC(111) Humongous regions: 7->7
[2022-12-31T12:17:04.217+0530][4704.554s] GC(111) Metaspace: 64916K->64916K(1107968K)
[2022-12-31T12:17:04.217+0530][4704.555s] GC(111) Pause Young (Normal) (G1 Evacuation Pause) 352M->53M(512M) 7.489ms
[2022-12-31T12:17:04.218+0530][4704.555s] GC(111) User=0.11s Sys=0.00s Real=0.01s
[2022-12-31T12:19:00.949+0530][4821.287s] GC(112) Pause Young (Normal) (G1 Evacuation Pause)
[2022-12-31T12:19:00.949+0530][4821.287s] GC(112) Using 8 workers of 8 for evacuation
[2022-12-31T12:19:00.955+0530][4821.292s] GC(112)   Pre Evacuate Collection Set: 0.0ms
[2022-12-31T12:19:00.955+0530][4821.293s] GC(112)   Evacuate Collection Set: 4.2ms
[2022-12-31T12:19:00.955+0530][4821.293s] GC(112)   Post Evacuate Collection Set: 0.6ms
[2022-12-31T12:19:00.955+0530][4821.293s] GC(112)   Other: 0.7ms
[2022-12-31T12:19:00.956+0530][4821.293s] GC(112) Eden regions: 300->0(300)
[2022-12-31T12:19:00.956+0530][4821.293s] GC(112) Survivor regions: 7->7(39)
[2022-12-31T12:19:00.956+0530][4821.293s] GC(112) Old regions: 40->40
[2022-12-31T12:19:00.956+0530][4821.294s] GC(112) Humongous regions: 7->7
[2022-12-31T12:19:00.956+0530][4821.294s] GC(112) Metaspace: 64920K->64920K(1107968K)
[2022-12-31T12:19:00.956+0530][4821.294s] GC(112) Pause Young (Normal) (G1 Evacuation Pause) 353M->53M(512M) 7.093ms
[2022-12-31T12:19:00.957+0530][4821.294s] GC(112) User=0.00s Sys=0.00s Real=0.01s
[2022-12-31T12:19:03.657+0530][4823.995s] GC(113) Pause Young (Normal) (G1 Evacuation Pause)
[2022-12-31T12:19:03.657+0530][4823.995s] GC(113) Using 8 workers of 8 for evacuation
[2022-12-31T12:19:03.664+0530][4824.002s] GC(113)   Pre Evacuate Collection Set: 0.0ms
[2022-12-31T12:19:03.664+0530][4824.002s] GC(113)   Evacuate Collection Set: 5.8ms
[2022-12-31T12:19:03.664+0530][4824.002s] GC(113)   Post Evacuate Collection Set: 0.5ms
[2022-12-31T12:19:03.665+0530][4824.002s] GC(113)   Other: 0.8ms
[2022-12-31T12:19:03.665+0530][4824.003s] GC(113) Eden regions: 300->0(299)
[2022-12-31T12:19:03.665+0530][4824.003s] GC(113) Survivor regions: 7->8(39)
[2022-12-31T12:19:03.665+0530][4824.003s] GC(113) Old regions: 40->40
[2022-12-31T12:19:03.665+0530][4824.003s] GC(113) Humongous regions: 7->7
[2022-12-31T12:19:03.665+0530][4824.003s] GC(113) Metaspace: 64923K->64923K(1107968K)
[2022-12-31T12:19:03.665+0530][4824.003s] GC(113) Pause Young (Normal) (G1 Evacuation Pause) 353M->53M(512M) 8.304ms
[2022-12-31T12:19:03.666+0530][4824.003s] GC(113) User=0.02s Sys=0.02s Real=0.01s
[2022-12-31T12:20:01.666+0530][4882.004s] GC(114) Pause Young (Normal) (G1 Evacuation Pause)
[2022-12-31T12:20:01.666+0530][4882.004s] GC(114) Using 8 workers of 8 for evacuation
[2022-12-31T12:20:01.674+0530][4882.012s] GC(114)   Pre Evacuate Collection Set: 0.0ms
[2022-12-31T12:20:01.674+0530][4882.012s] GC(114)   Evacuate Collection Set: 6.4ms
[2022-12-31T12:20:01.675+0530][4882.012s] GC(114)   Post Evacuate Collection Set: 0.8ms
[2022-12-31T12:20:01.675+0530][4882.012s] GC(114)   Other: 0.8ms
[2022-12-31T12:20:01.675+0530][4882.013s] GC(114) Eden regions: 299->0(292)
[2022-12-31T12:20:01.675+0530][4882.013s] GC(114) Survivor regions: 8->15(39)
[2022-12-31T12:20:01.675+0530][4882.013s] GC(114) Old regions: 40->40
[2022-12-31T12:20:01.675+0530][4882.013s] GC(114) Humongous regions: 7->7
[2022-12-31T12:20:01.675+0530][4882.013s] GC(114) Metaspace: 64923K->64923K(1107968K)
[2022-12-31T12:20:01.676+0530][4882.013s] GC(114) Pause Young (Normal) (G1 Evacuation Pause) 352M->61M(512M) 9.491ms
[2022-12-31T12:20:01.676+0530][4882.014s] GC(114) User=0.00s Sys=0.02s Real=0.01s
[2022-12-31T12:20:05.259+0530][4885.596s] GC(115) Pause Young (Normal) (G1 Evacuation Pause)
[2022-12-31T12:20:05.259+0530][4885.596s] GC(115) Using 8 workers of 8 for evacuation
[2022-12-31T12:20:05.265+0530][4885.602s] GC(115)   Pre Evacuate Collection Set: 0.0ms
[2022-12-31T12:20:05.265+0530][4885.602s] GC(115)   Evacuate Collection Set: 5.0ms
[2022-12-31T12:20:05.266+0530][4885.603s] GC(115)   Post Evacuate Collection Set: 0.6ms
[2022-12-31T12:20:05.266+0530][4885.603s] GC(115)   Other: 0.7ms
[2022-12-31T12:20:05.266+0530][4885.603s] GC(115) Eden regions: 292->0(300)
[2022-12-31T12:20:05.266+0530][4885.603s] GC(115) Survivor regions: 15->7(39)
[2022-12-31T12:20:05.266+0530][4885.603s] GC(115) Old regions: 40->40
[2022-12-31T12:20:05.266+0530][4885.603s] GC(115) Humongous regions: 7->7
[2022-12-31T12:20:05.267+0530][4885.604s] GC(115) Metaspace: 64923K->64923K(1107968K)
[2022-12-31T12:20:05.267+0530][4885.604s] GC(115) Pause Young (Normal) (G1 Evacuation Pause) 353M->53M(512M) 7.853ms
[2022-12-31T12:20:05.267+0530][4885.604s] GC(115) User=0.11s Sys=0.00s Real=0.01s
[2022-12-31T12:21:03.211+0530][4943.549s] GC(116) Pause Young (Normal) (G1 Evacuation Pause)
[2022-12-31T12:21:03.211+0530][4943.549s] GC(116) Using 8 workers of 8 for evacuation
[2022-12-31T12:21:03.215+0530][4943.552s] GC(116)   Pre Evacuate Collection Set: 0.0ms
[2022-12-31T12:21:03.215+0530][4943.552s] GC(116)   Evacuate Collection Set: 2.4ms
[2022-12-31T12:21:03.215+0530][4943.553s] GC(116)   Post Evacuate Collection Set: 0.5ms
[2022-12-31T12:21:03.215+0530][4943.553s] GC(116)   Other: 0.8ms
[2022-12-31T12:21:03.215+0530][4943.553s] GC(116) Eden regions: 300->0(304)
[2022-12-31T12:21:03.216+0530][4943.553s] GC(116) Survivor regions: 7->3(39)
[2022-12-31T12:21:03.216+0530][4943.553s] GC(116) Old regions: 40->40
[2022-12-31T12:21:03.216+0530][4943.553s] GC(116) Humongous regions: 7->7
[2022-12-31T12:21:03.216+0530][4943.554s] GC(116) Metaspace: 64923K->64923K(1107968K)
[2022-12-31T12:21:03.216+0530][4943.554s] GC(116) Pause Young (Normal) (G1 Evacuation Pause) 353M->49M(512M) 5.278ms
[2022-12-31T12:21:03.216+0530][4943.554s] GC(116) User=0.13s Sys=0.00s Real=0.01s
[2022-12-31T12:22:03.755+0530][5004.092s] GC(117) Pause Young (Normal) (G1 Evacuation Pause)
[2022-12-31T12:22:03.755+0530][5004.092s] GC(117) Using 8 workers of 8 for evacuation
[2022-12-31T12:22:03.761+0530][5004.098s] GC(117)   Pre Evacuate Collection Set: 0.0ms
[2022-12-31T12:22:03.761+0530][5004.098s] GC(117)   Evacuate Collection Set: 5.0ms
[2022-12-31T12:22:03.761+0530][5004.098s] GC(117)   Post Evacuate Collection Set: 0.6ms
[2022-12-31T12:22:03.761+0530][5004.098s] GC(117)   Other: 0.8ms
[2022-12-31T12:22:03.762+0530][5004.099s] GC(117) Eden regions: 304->0(297)
[2022-12-31T12:22:03.762+0530][5004.099s] GC(117) Survivor regions: 3->10(39)
[2022-12-31T12:22:03.762+0530][5004.099s] GC(117) Old regions: 40->40
[2022-12-31T12:22:03.762+0530][5004.099s] GC(117) Humongous regions: 7->7
[2022-12-31T12:22:03.762+0530][5004.099s] GC(117) Metaspace: 64924K->64924K(1107968K)
[2022-12-31T12:22:03.762+0530][5004.099s] GC(117) Pause Young (Normal) (G1 Evacuation Pause) 353M->56M(512M) 7.585ms
[2022-12-31T12:22:03.762+0530][5004.099s] GC(117) User=0.00s Sys=0.02s Real=0.01s
[2022-12-31T12:22:07.956+0530][5008.293s] GC(118) Pause Young (Normal) (G1 Evacuation Pause)
[2022-12-31T12:22:07.956+0530][5008.294s] GC(118) Using 8 workers of 8 for evacuation
[2022-12-31T12:22:07.959+0530][5008.297s] GC(118)   Pre Evacuate Collection Set: 0.0ms
[2022-12-31T12:22:07.959+0530][5008.297s] GC(118)   Evacuate Collection Set: 2.7ms
[2022-12-31T12:22:07.960+0530][5008.297s] GC(118)   Post Evacuate Collection Set: 0.4ms
[2022-12-31T12:22:07.960+0530][5008.298s] GC(118)   Other: 0.5ms
[2022-12-31T12:22:07.960+0530][5008.298s] GC(118) Eden regions: 297->0(304)
[2022-12-31T12:22:07.960+0530][5008.298s] GC(118) Survivor regions: 10->3(39)
[2022-12-31T12:22:07.960+0530][5008.298s] GC(118) Old regions: 40->40
[2022-12-31T12:22:07.960+0530][5008.298s] GC(118) Humongous regions: 7->7
[2022-12-31T12:22:07.960+0530][5008.298s] GC(118) Metaspace: 64926K->64926K(1107968K)
[2022-12-31T12:22:07.960+0530][5008.298s] GC(118) Pause Young (Normal) (G1 Evacuation Pause) 353M->49M(512M) 4.940ms
[2022-12-31T12:22:07.961+0530][5008.299s] GC(118) User=0.00s Sys=0.00s Real=0.00s
[2022-12-31T12:23:03.559+0530][5063.896s] GC(119) Pause Young (Normal) (G1 Evacuation Pause)
[2022-12-31T12:23:03.559+0530][5063.897s] GC(119) Using 8 workers of 8 for evacuation
[2022-12-31T12:23:03.564+0530][5063.902s] GC(119)   Pre Evacuate Collection Set: 0.0ms
[2022-12-31T12:23:03.565+0530][5063.903s] GC(119)   Evacuate Collection Set: 4.7ms
[2022-12-31T12:23:03.565+0530][5063.903s] GC(119)   Post Evacuate Collection Set: 0.6ms
[2022-12-31T12:23:03.565+0530][5063.903s] GC(119)   Other: 0.5ms
[2022-12-31T12:23:03.565+0530][5063.903s] GC(119) Eden regions: 304->0(301)
[2022-12-31T12:23:03.565+0530][5063.903s] GC(119) Survivor regions: 3->6(39)
[2022-12-31T12:23:03.565+0530][5063.903s] GC(119) Old regions: 40->40
[2022-12-31T12:23:03.565+0530][5063.903s] GC(119) Humongous regions: 7->7
[2022-12-31T12:23:03.565+0530][5063.903s] GC(119) Metaspace: 64926K->64926K(1107968K)
[2022-12-31T12:23:03.566+0530][5063.903s] GC(119) Pause Young (Normal) (G1 Evacuation Pause) 353M->52M(512M) 6.979ms
[2022-12-31T12:23:03.566+0530][5063.904s] GC(119) User=0.00s Sys=0.00s Real=0.01s
[2022-12-31T12:24:02.219+0530][5122.557s] GC(120) Pause Young (Normal) (G1 Evacuation Pause)
[2022-12-31T12:24:02.219+0530][5122.557s] GC(120) Using 8 workers of 8 for evacuation
[2022-12-31T12:24:02.224+0530][5122.561s] GC(120)   Pre Evacuate Collection Set: 0.0ms
[2022-12-31T12:24:02.224+0530][5122.562s] GC(120)   Evacuate Collection Set: 3.5ms
[2022-12-31T12:24:02.224+0530][5122.562s] GC(120)   Post Evacuate Collection Set: 0.5ms
[2022-12-31T12:24:02.224+0530][5122.562s] GC(120)   Other: 0.5ms
[2022-12-31T12:24:02.224+0530][5122.562s] GC(120) Eden regions: 301->0(304)
[2022-12-31T12:24:02.224+0530][5122.562s] GC(120) Survivor regions: 6->3(39)
[2022-12-31T12:24:02.225+0530][5122.562s] GC(120) Old regions: 40->40
[2022-12-31T12:24:02.225+0530][5122.562s] GC(120) Humongous regions: 7->7
[2022-12-31T12:24:02.225+0530][5122.563s] GC(120) Metaspace: 64928K->64928K(1107968K)
[2022-12-31T12:24:02.225+0530][5122.563s] GC(120) Pause Young (Normal) (G1 Evacuation Pause) 353M->49M(512M) 5.944ms
[2022-12-31T12:24:02.225+0530][5122.563s] GC(120) User=0.00s Sys=0.00s Real=0.01s
[2022-12-31T12:25:03.200+0530][5183.538s] GC(121) Pause Young (Normal) (G1 Evacuation Pause)
[2022-12-31T12:25:03.200+0530][5183.538s] GC(121) Using 8 workers of 8 for evacuation
[2022-12-31T12:25:03.205+0530][5183.543s] GC(121)   Pre Evacuate Collection Set: 0.0ms
[2022-12-31T12:25:03.205+0530][5183.543s] GC(121)   Evacuate Collection Set: 3.8ms
[2022-12-31T12:25:03.206+0530][5183.543s] GC(121)   Post Evacuate Collection Set: 0.6ms
[2022-12-31T12:25:03.206+0530][5183.544s] GC(121)   Other: 0.7ms
[2022-12-31T12:25:03.206+0530][5183.544s] GC(121) Eden regions: 304->0(301)
[2022-12-31T12:25:03.206+0530][5183.544s] GC(121) Survivor regions: 3->6(39)
[2022-12-31T12:25:03.206+0530][5183.544s] GC(121) Old regions: 40->40
[2022-12-31T12:25:03.207+0530][5183.544s] GC(121) Humongous regions: 7->7
[2022-12-31T12:25:03.207+0530][5183.545s] GC(121) Metaspace: 64932K->64932K(1107968K)
[2022-12-31T12:25:03.207+0530][5183.545s] GC(121) Pause Young (Normal) (G1 Evacuation Pause) 353M->51M(512M) 6.811ms
[2022-12-31T12:25:03.207+0530][5183.545s] GC(121) User=0.00s Sys=0.00s Real=0.01s
[2022-12-31T12:26:01.882+0530][5242.220s] GC(122) Pause Young (Normal) (G1 Evacuation Pause)
[2022-12-31T12:26:01.882+0530][5242.220s] GC(122) Using 8 workers of 8 for evacuation
[2022-12-31T12:26:01.897+0530][5242.235s] GC(122)   Pre Evacuate Collection Set: 0.0ms
[2022-12-31T12:26:01.897+0530][5242.235s] GC(122)   Evacuate Collection Set: 13.1ms
[2022-12-31T12:26:01.897+0530][5242.235s] GC(122)   Post Evacuate Collection Set: 1.0ms
[2022-12-31T12:26:01.898+0530][5242.235s] GC(122)   Other: 0.7ms
[2022-12-31T12:26:01.898+0530][5242.235s] GC(122) Eden regions: 301->0(288)
[2022-12-31T12:26:01.898+0530][5242.235s] GC(122) Survivor regions: 6->19(39)
[2022-12-31T12:26:01.898+0530][5242.236s] GC(122) Old regions: 40->40
[2022-12-31T12:26:01.898+0530][5242.236s] GC(122) Humongous regions: 7->7
[2022-12-31T12:26:01.898+0530][5242.236s] GC(122) Metaspace: 64933K->64933K(1107968K)
[2022-12-31T12:26:01.898+0530][5242.236s] GC(122) Pause Young (Normal) (G1 Evacuation Pause) 352M->65M(512M) 16.066ms
[2022-12-31T12:26:01.898+0530][5242.236s] GC(122) User=0.13s Sys=0.00s Real=0.02s
[2022-12-31T12:26:04.202+0530][5244.540s] GC(123) Pause Young (Normal) (G1 Evacuation Pause)
[2022-12-31T12:26:04.203+0530][5244.540s] GC(123) Using 8 workers of 8 for evacuation
[2022-12-31T12:26:04.210+0530][5244.548s] GC(123)   Pre Evacuate Collection Set: 0.0ms
[2022-12-31T12:26:04.211+0530][5244.548s] GC(123)   Evacuate Collection Set: 7.0ms
[2022-12-31T12:26:04.211+0530][5244.548s] GC(123)   Post Evacuate Collection Set: 0.6ms
[2022-12-31T12:26:04.211+0530][5244.549s] GC(123)   Other: 0.7ms
[2022-12-31T12:26:04.211+0530][5244.549s] GC(123) Eden regions: 288->0(299)
[2022-12-31T12:26:04.211+0530][5244.549s] GC(123) Survivor regions: 19->8(39)
[2022-12-31T12:26:04.212+0530][5244.549s] GC(123) Old regions: 40->40
[2022-12-31T12:26:04.212+0530][5244.549s] GC(123) Humongous regions: 7->7
[2022-12-31T12:26:04.212+0530][5244.549s] GC(123) Metaspace: 64935K->64935K(1107968K)
[2022-12-31T12:26:04.212+0530][5244.550s] GC(123) Pause Young (Normal) (G1 Evacuation Pause) 353M->54M(512M) 9.771ms
[2022-12-31T12:26:04.212+0530][5244.550s] GC(123) User=0.00s Sys=0.00s Real=0.01s
[2022-12-31T12:27:01.540+0530][5301.877s] GC(124) Pause Young (Normal) (G1 Evacuation Pause)
[2022-12-31T12:27:01.540+0530][5301.877s] GC(124) Using 8 workers of 8 for evacuation
[2022-12-31T12:27:01.545+0530][5301.882s] GC(124)   Pre Evacuate Collection Set: 0.0ms
[2022-12-31T12:27:01.545+0530][5301.882s] GC(124)   Evacuate Collection Set: 4.0ms
[2022-12-31T12:27:01.545+0530][5301.882s] GC(124)   Post Evacuate Collection Set: 0.6ms
[2022-12-31T12:27:01.546+0530][5301.882s] GC(124)   Other: 0.6ms
[2022-12-31T12:27:01.546+0530][5301.883s] GC(124) Eden regions: 299->0(299)
[2022-12-31T12:27:01.546+0530][5301.883s] GC(124) Survivor regions: 8->8(39)
[2022-12-31T12:27:01.546+0530][5301.883s] GC(124) Old regions: 40->40
[2022-12-31T12:27:01.546+0530][5301.883s] GC(124) Humongous regions: 7->7
[2022-12-31T12:27:01.546+0530][5301.883s] GC(124) Metaspace: 64980K->64980K(1107968K)
[2022-12-31T12:27:01.546+0530][5301.883s] GC(124) Pause Young (Normal) (G1 Evacuation Pause) 353M->54M(512M) 6.823ms
[2022-12-31T12:27:01.547+0530][5301.884s] GC(124) User=0.13s Sys=0.00s Real=0.01s
[2022-12-31T12:28:02.636+0530][5362.974s] GC(125) Pause Young (Normal) (G1 Evacuation Pause)
[2022-12-31T12:28:02.637+0530][5362.975s] GC(125) Using 8 workers of 8 for evacuation
[2022-12-31T12:28:02.644+0530][5362.982s] GC(125)   Pre Evacuate Collection Set: 0.0ms
[2022-12-31T12:28:02.644+0530][5362.982s] GC(125)   Evacuate Collection Set: 6.0ms
[2022-12-31T12:28:02.644+0530][5362.982s] GC(125)   Post Evacuate Collection Set: 0.7ms
[2022-12-31T12:28:02.645+0530][5362.982s] GC(125)   Other: 0.8ms
[2022-12-31T12:28:02.645+0530][5362.983s] GC(125) Eden regions: 299->0(291)
[2022-12-31T12:28:02.645+0530][5362.983s] GC(125) Survivor regions: 8->16(39)
[2022-12-31T12:28:02.645+0530][5362.983s] GC(125) Old regions: 40->41
[2022-12-31T12:28:02.645+0530][5362.983s] GC(125) Humongous regions: 7->7
[2022-12-31T12:28:02.645+0530][5362.983s] GC(125) Metaspace: 64998K->64998K(1107968K)
[2022-12-31T12:28:02.646+0530][5362.983s] GC(125) Pause Young (Normal) (G1 Evacuation Pause) 353M->62M(512M) 9.232ms
[2022-12-31T12:28:02.646+0530][5362.984s] GC(125) User=0.00s Sys=0.00s Real=0.01s
[2022-12-31T12:28:05.962+0530][5366.300s] GC(126) Pause Young (Normal) (G1 Evacuation Pause)
[2022-12-31T12:28:05.962+0530][5366.300s] GC(126) Using 8 workers of 8 for evacuation
[2022-12-31T12:28:05.969+0530][5366.306s] GC(126)   Pre Evacuate Collection Set: 0.0ms
[2022-12-31T12:28:05.969+0530][5366.307s] GC(126)   Evacuate Collection Set: 5.6ms
[2022-12-31T12:28:05.969+0530][5366.307s] GC(126)   Post Evacuate Collection Set: 0.6ms
[2022-12-31T12:28:05.969+0530][5366.307s] GC(126)   Other: 0.6ms
[2022-12-31T12:28:05.969+0530][5366.307s] GC(126) Eden regions: 291->0(300)
[2022-12-31T12:28:05.969+0530][5366.307s] GC(126) Survivor regions: 16->7(39)
[2022-12-31T12:28:05.970+0530][5366.307s] GC(126) Old regions: 41->41
[2022-12-31T12:28:05.970+0530][5366.307s] GC(126) Humongous regions: 7->7
[2022-12-31T12:28:05.970+0530][5366.308s] GC(126) Metaspace: 64998K->64998K(1107968K)
[2022-12-31T12:28:05.970+0530][5366.308s] GC(126) Pause Young (Normal) (G1 Evacuation Pause) 353M->53M(512M) 8.088ms
[2022-12-31T12:28:05.970+0530][5366.308s] GC(126) User=0.09s Sys=0.02s Real=0.01s
[2022-12-31T12:29:02.315+0530][5422.653s] GC(127) Pause Young (Normal) (G1 Evacuation Pause)
[2022-12-31T12:29:02.315+0530][5422.653s] GC(127) Using 8 workers of 8 for evacuation
[2022-12-31T12:29:02.320+0530][5422.657s] GC(127)   Pre Evacuate Collection Set: 0.0ms
[2022-12-31T12:29:02.320+0530][5422.657s] GC(127)   Evacuate Collection Set: 3.6ms
[2022-12-31T12:29:02.320+0530][5422.657s] GC(127)   Post Evacuate Collection Set: 0.4ms
[2022-12-31T12:29:02.320+0530][5422.658s] GC(127)   Other: 0.5ms
[2022-12-31T12:29:02.320+0530][5422.658s] GC(127) Eden regions: 300->0(299)
[2022-12-31T12:29:02.320+0530][5422.658s] GC(127) Survivor regions: 7->8(39)
[2022-12-31T12:29:02.320+0530][5422.658s] GC(127) Old regions: 41->41
[2022-12-31T12:29:02.320+0530][5422.658s] GC(127) Humongous regions: 7->7
[2022-12-31T12:29:02.321+0530][5422.658s] GC(127) Metaspace: 64998K->64998K(1107968K)
[2022-12-31T12:29:02.321+0530][5422.658s] GC(127) Pause Young (Normal) (G1 Evacuation Pause) 353M->54M(512M) 5.617ms
[2022-12-31T12:29:02.321+0530][5422.658s] GC(127) User=0.00s Sys=0.00s Real=0.01s
[2022-12-31T12:30:01.933+0530][5482.270s] GC(128) Pause Young (Normal) (G1 Evacuation Pause)
[2022-12-31T12:30:01.933+0530][5482.270s] GC(128) Using 8 workers of 8 for evacuation
[2022-12-31T12:30:01.938+0530][5482.275s] GC(128)   Pre Evacuate Collection Set: 0.0ms
[2022-12-31T12:30:01.938+0530][5482.276s] GC(128)   Evacuate Collection Set: 4.1ms
[2022-12-31T12:30:01.938+0530][5482.276s] GC(128)   Post Evacuate Collection Set: 0.5ms
[2022-12-31T12:30:01.939+0530][5482.276s] GC(128)   Other: 0.5ms
[2022-12-31T12:30:01.939+0530][5482.276s] GC(128) Eden regions: 299->0(302)
[2022-12-31T12:30:01.939+0530][5482.276s] GC(128) Survivor regions: 8->5(39)
[2022-12-31T12:30:01.939+0530][5482.276s] GC(128) Old regions: 41->41
[2022-12-31T12:30:01.939+0530][5482.277s] GC(128) Humongous regions: 7->7
[2022-12-31T12:30:01.939+0530][5482.277s] GC(128) Metaspace: 65000K->65000K(1107968K)
[2022-12-31T12:30:01.940+0530][5482.277s] GC(128) Pause Young (Normal) (G1 Evacuation Pause) 353M->51M(512M) 6.879ms
[2022-12-31T12:30:01.940+0530][5482.277s] GC(128) User=0.00s Sys=0.00s Real=0.01s
[2022-12-31T12:31:01.458+0530][5541.795s] GC(129) Pause Young (Normal) (G1 Evacuation Pause)
[2022-12-31T12:31:01.458+0530][5541.796s] GC(129) Using 8 workers of 8 for evacuation
[2022-12-31T12:31:01.465+0530][5541.803s] GC(129)   Pre Evacuate Collection Set: 0.0ms
[2022-12-31T12:31:01.465+0530][5541.803s] GC(129)   Evacuate Collection Set: 5.3ms
[2022-12-31T12:31:01.466+0530][5541.803s] GC(129)   Post Evacuate Collection Set: 1.3ms
[2022-12-31T12:31:01.466+0530][5541.803s] GC(129)   Other: 0.9ms
[2022-12-31T12:31:01.466+0530][5541.803s] GC(129) Eden regions: 302->0(295)
[2022-12-31T12:31:01.466+0530][5541.804s] GC(129) Survivor regions: 5->12(39)
[2022-12-31T12:31:01.466+0530][5541.804s] GC(129) Old regions: 41->41
[2022-12-31T12:31:01.466+0530][5541.804s] GC(129) Humongous regions: 7->7
[2022-12-31T12:31:01.467+0530][5541.804s] GC(129) Metaspace: 65000K->65000K(1107968K)
[2022-12-31T12:31:01.467+0530][5541.804s] GC(129) Pause Young (Normal) (G1 Evacuation Pause) 353M->58M(512M) 9.002ms
[2022-12-31T12:31:01.467+0530][5541.804s] GC(129) User=0.11s Sys=0.02s Real=0.01s
[2022-12-31T12:31:05.977+0530][5546.315s] GC(130) Pause Young (Normal) (G1 Evacuation Pause)
[2022-12-31T12:31:05.977+0530][5546.315s] GC(130) Using 8 workers of 8 for evacuation
[2022-12-31T12:31:05.981+0530][5546.319s] GC(130)   Pre Evacuate Collection Set: 0.1ms
[2022-12-31T12:31:05.982+0530][5546.319s] GC(130)   Evacuate Collection Set: 3.0ms
[2022-12-31T12:31:05.982+0530][5546.319s] GC(130)   Post Evacuate Collection Set: 0.6ms
[2022-12-31T12:31:05.982+0530][5546.320s] GC(130)   Other: 0.8ms
[2022-12-31T12:31:05.982+0530][5546.320s] GC(130) Eden regions: 295->0(303)
[2022-12-31T12:31:05.982+0530][5546.320s] GC(130) Survivor regions: 12->4(39)
[2022-12-31T12:31:05.983+0530][5546.320s] GC(130) Old regions: 41->41
[2022-12-31T12:31:05.983+0530][5546.320s] GC(130) Humongous regions: 7->7
[2022-12-31T12:31:05.983+0530][5546.320s] GC(130) Metaspace: 65001K->65001K(1107968K)
[2022-12-31T12:31:05.983+0530][5546.321s] GC(130) Pause Young (Normal) (G1 Evacuation Pause) 353M->50M(512M) 6.079ms
[2022-12-31T12:31:05.983+0530][5546.321s] GC(130) User=0.13s Sys=0.00s Real=0.01s
[2022-12-31T12:32:03.593+0530][5603.930s] GC(131) Pause Young (Normal) (G1 Evacuation Pause)
[2022-12-31T12:32:03.593+0530][5603.930s] GC(131) Using 8 workers of 8 for evacuation
[2022-12-31T12:32:03.597+0530][5603.935s] GC(131)   Pre Evacuate Collection Set: 0.0ms
[2022-12-31T12:32:03.597+0530][5603.935s] GC(131)   Evacuate Collection Set: 3.6ms
[2022-12-31T12:32:03.598+0530][5603.935s] GC(131)   Post Evacuate Collection Set: 0.5ms
[2022-12-31T12:32:03.598+0530][5603.936s] GC(131)   Other: 1.1ms
[2022-12-31T12:32:03.598+0530][5603.936s] GC(131) Eden regions: 303->0(303)
[2022-12-31T12:32:03.598+0530][5603.936s] GC(131) Survivor regions: 4->4(39)
[2022-12-31T12:32:03.598+0530][5603.936s] GC(131) Old regions: 41->41
[2022-12-31T12:32:03.598+0530][5603.936s] GC(131) Humongous regions: 7->7
[2022-12-31T12:32:03.598+0530][5603.936s] GC(131) Metaspace: 65001K->65001K(1107968K)
[2022-12-31T12:32:03.598+0530][5603.936s] GC(131) Pause Young (Normal) (G1 Evacuation Pause) 353M->51M(512M) 6.284ms
[2022-12-31T12:32:03.598+0530][5603.936s] GC(131) User=0.00s Sys=0.00s Real=0.01s
[2022-12-31T12:33:01.163+0530][5661.500s] GC(132) Pause Young (Normal) (G1 Evacuation Pause)
[2022-12-31T12:33:01.163+0530][5661.501s] GC(132) Using 8 workers of 8 for evacuation
[2022-12-31T12:33:01.169+0530][5661.506s] GC(132)   Pre Evacuate Collection Set: 0.0ms
[2022-12-31T12:33:01.169+0530][5661.506s] GC(132)   Evacuate Collection Set: 4.3ms
[2022-12-31T12:33:01.169+0530][5661.506s] GC(132)   Post Evacuate Collection Set: 0.5ms
[2022-12-31T12:33:01.169+0530][5661.507s] GC(132)   Other: 0.9ms
[2022-12-31T12:33:01.169+0530][5661.507s] GC(132) Eden regions: 303->0(298)
[2022-12-31T12:33:01.170+0530][5661.507s] GC(132) Survivor regions: 4->9(39)
[2022-12-31T12:33:01.170+0530][5661.507s] GC(132) Old regions: 41->41
[2022-12-31T12:33:01.170+0530][5661.507s] GC(132) Humongous regions: 7->7
[2022-12-31T12:33:01.170+0530][5661.507s] GC(132) Metaspace: 65002K->65002K(1107968K)
[2022-12-31T12:33:01.170+0530][5661.508s] GC(132) Pause Young (Normal) (G1 Evacuation Pause) 354M->55M(512M) 7.287ms
[2022-12-31T12:33:01.170+0530][5661.508s] GC(132) User=0.13s Sys=0.00s Real=0.01s
[2022-12-31T12:34:01.742+0530][5722.080s] GC(133) Pause Young (Normal) (G1 Evacuation Pause)
[2022-12-31T12:34:01.743+0530][5722.080s] GC(133) Using 8 workers of 8 for evacuation
[2022-12-31T12:34:01.750+0530][5722.088s] GC(133)   Pre Evacuate Collection Set: 0.0ms
[2022-12-31T12:34:01.750+0530][5722.088s] GC(133)   Evacuate Collection Set: 6.2ms
[2022-12-31T12:34:01.750+0530][5722.088s] GC(133)   Post Evacuate Collection Set: 0.6ms
[2022-12-31T12:34:01.751+0530][5722.088s] GC(133)   Other: 0.8ms
[2022-12-31T12:34:01.751+0530][5722.089s] GC(133) Eden regions: 298->0(289)
[2022-12-31T12:34:01.751+0530][5722.089s] GC(133) Survivor regions: 9->18(39)
[2022-12-31T12:34:01.751+0530][5722.089s] GC(133) Old regions: 41->41
[2022-12-31T12:34:01.751+0530][5722.089s] GC(133) Humongous regions: 7->7
[2022-12-31T12:34:01.751+0530][5722.089s] GC(133) Metaspace: 65002K->65002K(1107968K)
[2022-12-31T12:34:01.752+0530][5722.089s] GC(133) Pause Young (Normal) (G1 Evacuation Pause) 353M->64M(512M) 9.278ms
[2022-12-31T12:34:01.752+0530][5722.090s] GC(133) User=0.13s Sys=0.00s Real=0.01s
[2022-12-31T12:34:04.448+0530][5724.785s] GC(134) Pause Young (Normal) (G1 Evacuation Pause)
[2022-12-31T12:34:04.449+0530][5724.786s] GC(134) Using 8 workers of 8 for evacuation
[2022-12-31T12:34:04.454+0530][5724.792s] GC(134)   Pre Evacuate Collection Set: 0.0ms
[2022-12-31T12:34:04.454+0530][5724.792s] GC(134)   Evacuate Collection Set: 5.1ms
[2022-12-31T12:34:04.454+0530][5724.792s] GC(134)   Post Evacuate Collection Set: 0.6ms
[2022-12-31T12:34:04.454+0530][5724.792s] GC(134)   Other: 0.7ms
[2022-12-31T12:34:04.455+0530][5724.793s] GC(134) Eden regions: 289->0(300)
[2022-12-31T12:34:04.455+0530][5724.793s] GC(134) Survivor regions: 18->7(39)
[2022-12-31T12:34:04.455+0530][5724.793s] GC(134) Old regions: 41->41
[2022-12-31T12:34:04.455+0530][5724.793s] GC(134) Humongous regions: 7->7
[2022-12-31T12:34:04.455+0530][5724.793s] GC(134) Metaspace: 65002K->65002K(1107968K)
[2022-12-31T12:34:04.455+0530][5724.793s] GC(134) Pause Young (Normal) (G1 Evacuation Pause) 353M->54M(512M) 7.883ms
[2022-12-31T12:34:04.456+0530][5724.794s] GC(134) User=0.02s Sys=0.00s Real=0.01s
[2022-12-31T12:35:01.658+0530][5781.996s] GC(135) Pause Young (Normal) (G1 Evacuation Pause)
[2022-12-31T12:35:01.658+0530][5781.996s] GC(135) Using 8 workers of 8 for evacuation
[2022-12-31T12:35:01.665+0530][5782.002s] GC(135)   Pre Evacuate Collection Set: 0.0ms
[2022-12-31T12:35:01.665+0530][5782.003s] GC(135)   Evacuate Collection Set: 5.6ms
[2022-12-31T12:35:01.665+0530][5782.003s] GC(135)   Post Evacuate Collection Set: 0.7ms
[2022-12-31T12:35:01.666+0530][5782.003s] GC(135)   Other: 0.6ms
[2022-12-31T12:35:01.666+0530][5782.003s] GC(135) Eden regions: 300->0(293)
[2022-12-31T12:35:01.666+0530][5782.003s] GC(135) Survivor regions: 7->14(39)
[2022-12-31T12:35:01.666+0530][5782.003s] GC(135) Old regions: 41->41
[2022-12-31T12:35:01.666+0530][5782.004s] GC(135) Humongous regions: 7->7
[2022-12-31T12:35:01.666+0530][5782.004s] GC(135) Metaspace: 65002K->65002K(1107968K)
[2022-12-31T12:35:01.666+0530][5782.004s] GC(135) Pause Young (Normal) (G1 Evacuation Pause) 354M->60M(512M) 8.165ms
[2022-12-31T12:35:01.667+0530][5782.004s] GC(135) User=0.00s Sys=0.00s Real=0.01s
[2022-12-31T12:35:05.909+0530][5786.246s] GC(136) Pause Young (Normal) (G1 Evacuation Pause)
[2022-12-31T12:35:05.909+0530][5786.247s] GC(136) Using 8 workers of 8 for evacuation
[2022-12-31T12:35:05.913+0530][5786.250s] GC(136)   Pre Evacuate Collection Set: 0.0ms
[2022-12-31T12:35:05.913+0530][5786.250s] GC(136)   Evacuate Collection Set: 2.5ms
[2022-12-31T12:35:05.913+0530][5786.251s] GC(136)   Post Evacuate Collection Set: 0.5ms
[2022-12-31T12:35:05.914+0530][5786.251s] GC(136)   Other: 0.7ms
[2022-12-31T12:35:05.914+0530][5786.251s] GC(136) Eden regions: 293->0(304)
[2022-12-31T12:35:05.914+0530][5786.251s] GC(136) Survivor regions: 14->3(39)
[2022-12-31T12:35:05.914+0530][5786.251s] GC(136) Old regions: 41->41
[2022-12-31T12:35:05.914+0530][5786.251s] GC(136) Humongous regions: 7->7
[2022-12-31T12:35:05.914+0530][5786.252s] GC(136) Metaspace: 65002K->65002K(1107968K)
[2022-12-31T12:35:05.915+0530][5786.252s] GC(136) Pause Young (Normal) (G1 Evacuation Pause) 353M->50M(512M) 5.345ms
[2022-12-31T12:35:05.915+0530][5786.252s] GC(136) User=0.00s Sys=0.00s Real=0.01s
[2022-12-31T12:36:03.900+0530][5844.238s] GC(137) Pause Young (Normal) (G1 Evacuation Pause)
[2022-12-31T12:36:03.900+0530][5844.238s] GC(137) Using 8 workers of 8 for evacuation
[2022-12-31T12:36:03.906+0530][5844.244s] GC(137)   Pre Evacuate Collection Set: 0.0ms
[2022-12-31T12:36:03.907+0530][5844.244s] GC(137)   Evacuate Collection Set: 5.0ms
[2022-12-31T12:36:03.907+0530][5844.244s] GC(137)   Post Evacuate Collection Set: 0.5ms
[2022-12-31T12:36:03.907+0530][5844.244s] GC(137)   Other: 0.6ms
[2022-12-31T12:36:03.907+0530][5844.244s] GC(137) Eden regions: 304->0(302)
[2022-12-31T12:36:03.907+0530][5844.245s] GC(137) Survivor regions: 3->5(39)
[2022-12-31T12:36:03.907+0530][5844.245s] GC(137) Old regions: 41->41
[2022-12-31T12:36:03.908+0530][5844.245s] GC(137) Humongous regions: 7->7
[2022-12-31T12:36:03.908+0530][5844.245s] GC(137) Metaspace: 65002K->65002K(1107968K)
[2022-12-31T12:36:03.908+0530][5844.245s] GC(137) Pause Young (Normal) (G1 Evacuation Pause) 354M->52M(512M) 7.723ms
[2022-12-31T12:36:03.908+0530][5844.246s] GC(137) User=0.00s Sys=0.02s Real=0.01s
[2022-12-31T12:37:02.000+0530][5902.338s] GC(138) Pause Young (Normal) (G1 Evacuation Pause)
[2022-12-31T12:37:02.001+0530][5902.338s] GC(138) Using 8 workers of 8 for evacuation
[2022-12-31T12:37:02.005+0530][5902.342s] GC(138)   Pre Evacuate Collection Set: 0.0ms
[2022-12-31T12:37:02.005+0530][5902.343s] GC(138)   Evacuate Collection Set: 3.6ms
[2022-12-31T12:37:02.006+0530][5902.343s] GC(138)   Post Evacuate Collection Set: 0.5ms
[2022-12-31T12:37:02.006+0530][5902.343s] GC(138)   Other: 0.6ms
[2022-12-31T12:37:02.006+0530][5902.343s] GC(138) Eden regions: 302->0(303)
[2022-12-31T12:37:02.006+0530][5902.343s] GC(138) Survivor regions: 5->4(39)
[2022-12-31T12:37:02.006+0530][5902.343s] GC(138) Old regions: 41->41
[2022-12-31T12:37:02.006+0530][5902.343s] GC(138) Humongous regions: 7->7
[2022-12-31T12:37:02.006+0530][5902.343s] GC(138) Metaspace: 65002K->65002K(1107968K)
[2022-12-31T12:37:02.006+0530][5902.344s] GC(138) Pause Young (Normal) (G1 Evacuation Pause) 354M->51M(512M) 5.865ms
[2022-12-31T12:37:02.006+0530][5902.344s] GC(138) User=0.00s Sys=0.00s Real=0.01s
[2022-12-31T12:39:00.932+0530][6021.270s] GC(139) Pause Young (Normal) (G1 Evacuation Pause)
[2022-12-31T12:39:00.933+0530][6021.270s] GC(139) Using 8 workers of 8 for evacuation
[2022-12-31T12:39:00.938+0530][6021.276s] GC(139)   Pre Evacuate Collection Set: 0.0ms
[2022-12-31T12:39:00.939+0530][6021.276s] GC(139)   Evacuate Collection Set: 4.6ms
[2022-12-31T12:39:00.939+0530][6021.276s] GC(139)   Post Evacuate Collection Set: 0.6ms
[2022-12-31T12:39:00.939+0530][6021.276s] GC(139)   Other: 0.6ms
[2022-12-31T12:39:00.939+0530][6021.277s] GC(139) Eden regions: 303->0(299)
[2022-12-31T12:39:00.939+0530][6021.277s] GC(139) Survivor regions: 4->8(39)
[2022-12-31T12:39:00.940+0530][6021.277s] GC(139) Old regions: 41->41
[2022-12-31T12:39:00.940+0530][6021.277s] GC(139) Humongous regions: 7->7
[2022-12-31T12:39:00.940+0530][6021.277s] GC(139) Metaspace: 65002K->65002K(1107968K)
[2022-12-31T12:39:00.940+0530][6021.278s] GC(139) Pause Young (Normal) (G1 Evacuation Pause) 354M->55M(512M) 7.800ms
[2022-12-31T12:39:00.940+0530][6021.278s] GC(139) User=0.03s Sys=0.02s Real=0.01s
[2022-12-31T12:40:01.349+0530][6081.686s] GC(140) Pause Young (Normal) (G1 Evacuation Pause)
[2022-12-31T12:40:01.349+0530][6081.687s] GC(140) Using 8 workers of 8 for evacuation
[2022-12-31T12:40:01.355+0530][6081.692s] GC(140)   Pre Evacuate Collection Set: 0.0ms
[2022-12-31T12:40:01.355+0530][6081.692s] GC(140)   Evacuate Collection Set: 4.5ms
[2022-12-31T12:40:01.355+0530][6081.693s] GC(140)   Post Evacuate Collection Set: 0.5ms
[2022-12-31T12:40:01.355+0530][6081.693s] GC(140)   Other: 0.8ms
[2022-12-31T12:40:01.355+0530][6081.693s] GC(140) Eden regions: 299->0(297)
[2022-12-31T12:40:01.356+0530][6081.693s] GC(140) Survivor regions: 8->10(39)
[2022-12-31T12:40:01.356+0530][6081.693s] GC(140) Old regions: 41->41
[2022-12-31T12:40:01.356+0530][6081.693s] GC(140) Humongous regions: 7->7
[2022-12-31T12:40:01.356+0530][6081.694s] GC(140) Metaspace: 65011K->65011K(1107968K)
[2022-12-31T12:40:01.356+0530][6081.694s] GC(140) Pause Young (Normal) (G1 Evacuation Pause) 354M->57M(512M) 7.359ms
[2022-12-31T12:40:01.356+0530][6081.694s] GC(140) User=0.13s Sys=0.00s Real=0.01s
[2022-12-31T12:41:01.148+0530][6141.485s] GC(141) Pause Young (Normal) (G1 Evacuation Pause)
[2022-12-31T12:41:01.148+0530][6141.485s] GC(141) Using 8 workers of 8 for evacuation
[2022-12-31T12:41:01.152+0530][6141.490s] GC(141)   Pre Evacuate Collection Set: 0.0ms
[2022-12-31T12:41:01.152+0530][6141.490s] GC(141)   Evacuate Collection Set: 3.9ms
[2022-12-31T12:41:01.152+0530][6141.490s] GC(141)   Post Evacuate Collection Set: 0.5ms
[2022-12-31T12:41:01.153+0530][6141.490s] GC(141)   Other: 0.7ms
[2022-12-31T12:41:01.153+0530][6141.491s] GC(141) Eden regions: 297->0(299)
[2022-12-31T12:41:01.153+0530][6141.491s] GC(141) Survivor regions: 10->8(39)
[2022-12-31T12:41:01.153+0530][6141.491s] GC(141) Old regions: 41->41
[2022-12-31T12:41:01.153+0530][6141.491s] GC(141) Humongous regions: 7->7
[2022-12-31T12:41:01.153+0530][6141.491s] GC(141) Metaspace: 65011K->65011K(1107968K)
[2022-12-31T12:41:01.154+0530][6141.491s] GC(141) Pause Young (Normal) (G1 Evacuation Pause) 354M->55M(512M) 6.779ms
[2022-12-31T12:41:01.154+0530][6141.492s] GC(141) User=0.13s Sys=0.00s Real=0.01s
[2022-12-31T12:42:01.469+0530][6201.807s] GC(142) Pause Young (Normal) (G1 Evacuation Pause)
[2022-12-31T12:42:01.469+0530][6201.807s] GC(142) Using 8 workers of 8 for evacuation
[2022-12-31T12:42:01.475+0530][6201.813s] GC(142)   Pre Evacuate Collection Set: 0.0ms
[2022-12-31T12:42:01.475+0530][6201.813s] GC(142)   Evacuate Collection Set: 5.2ms
[2022-12-31T12:42:01.476+0530][6201.813s] GC(142)   Post Evacuate Collection Set: 0.5ms
[2022-12-31T12:42:01.476+0530][6201.813s] GC(142)   Other: 0.5ms
[2022-12-31T12:42:01.476+0530][6201.814s] GC(142) Eden regions: 299->0(295)
[2022-12-31T12:42:01.476+0530][6201.814s] GC(142) Survivor regions: 8->12(39)
[2022-12-31T12:42:01.476+0530][6201.814s] GC(142) Old regions: 41->41
[2022-12-31T12:42:01.476+0530][6201.814s] GC(142) Humongous regions: 7->7
[2022-12-31T12:42:01.476+0530][6201.814s] GC(142) Metaspace: 65011K->65011K(1107968K)
[2022-12-31T12:42:01.476+0530][6201.814s] GC(142) Pause Young (Normal) (G1 Evacuation Pause) 354M->59M(512M) 7.317ms
[2022-12-31T12:42:01.476+0530][6201.814s] GC(142) User=0.00s Sys=0.00s Real=0.01s
[2022-12-31T12:42:05.087+0530][6205.424s] GC(143) Pause Young (Normal) (G1 Evacuation Pause)
[2022-12-31T12:42:05.088+0530][6205.425s] GC(143) Using 8 workers of 8 for evacuation
[2022-12-31T12:42:05.093+0530][6205.430s] GC(143)   Pre Evacuate Collection Set: 0.0ms
[2022-12-31T12:42:05.093+0530][6205.430s] GC(143)   Evacuate Collection Set: 4.5ms
[2022-12-31T12:42:05.093+0530][6205.431s] GC(143)   Post Evacuate Collection Set: 0.5ms
[2022-12-31T12:42:05.094+0530][6205.431s] GC(143)   Other: 0.7ms
[2022-12-31T12:42:05.094+0530][6205.431s] GC(143) Eden regions: 295->0(301)
[2022-12-31T12:42:05.094+0530][6205.431s] GC(143) Survivor regions: 12->6(39)
[2022-12-31T12:42:05.094+0530][6205.431s] GC(143) Old regions: 41->41
[2022-12-31T12:42:05.094+0530][6205.431s] GC(143) Humongous regions: 7->7
[2022-12-31T12:42:05.094+0530][6205.431s] GC(143) Metaspace: 65012K->65012K(1107968K)
[2022-12-31T12:42:05.094+0530][6205.431s] GC(143) Pause Young (Normal) (G1 Evacuation Pause) 354M->53M(512M) 6.944ms
[2022-12-31T12:42:05.094+0530][6205.432s] GC(143) User=0.11s Sys=0.00s Real=0.01s
[2022-12-31T12:43:02.951+0530][6263.288s] GC(144) Pause Young (Normal) (G1 Evacuation Pause)
[2022-12-31T12:43:02.951+0530][6263.288s] GC(144) Using 8 workers of 8 for evacuation
[2022-12-31T12:43:02.955+0530][6263.292s] GC(144)   Pre Evacuate Collection Set: 0.0ms
[2022-12-31T12:43:02.955+0530][6263.292s] GC(144)   Evacuate Collection Set: 3.2ms
[2022-12-31T12:43:02.956+0530][6263.293s] GC(144)   Post Evacuate Collection Set: 0.5ms
[2022-12-31T12:43:02.956+0530][6263.293s] GC(144)   Other: 0.6ms
[2022-12-31T12:43:02.956+0530][6263.293s] GC(144) Eden regions: 301->0(303)
[2022-12-31T12:43:02.956+0530][6263.293s] GC(144) Survivor regions: 6->4(39)
[2022-12-31T12:43:02.956+0530][6263.293s] GC(144) Old regions: 41->41
[2022-12-31T12:43:02.956+0530][6263.293s] GC(144) Humongous regions: 7->7
[2022-12-31T12:43:02.956+0530][6263.293s] GC(144) Metaspace: 65014K->65014K(1107968K)
[2022-12-31T12:43:02.956+0530][6263.294s] GC(144) Pause Young (Normal) (G1 Evacuation Pause) 354M->51M(512M) 5.492ms
[2022-12-31T12:43:02.957+0530][6263.294s] GC(144) User=0.00s Sys=0.00s Real=0.01s
[2022-12-31T12:44:01.629+0530][6321.967s] GC(145) Pause Young (Normal) (G1 Evacuation Pause)
[2022-12-31T12:44:01.629+0530][6321.967s] GC(145) Using 8 workers of 8 for evacuation
[2022-12-31T12:44:01.636+0530][6321.974s] GC(145)   Pre Evacuate Collection Set: 0.0ms
[2022-12-31T12:44:01.637+0530][6321.974s] GC(145)   Evacuate Collection Set: 5.8ms
[2022-12-31T12:44:01.637+0530][6321.974s] GC(145)   Post Evacuate Collection Set: 0.7ms
[2022-12-31T12:44:01.637+0530][6321.975s] GC(145)   Other: 0.8ms
[2022-12-31T12:44:01.637+0530][6321.975s] GC(145) Eden regions: 303->0(291)
[2022-12-31T12:44:01.637+0530][6321.975s] GC(145) Survivor regions: 4->16(39)
[2022-12-31T12:44:01.637+0530][6321.975s] GC(145) Old regions: 41->41
[2022-12-31T12:44:01.638+0530][6321.975s] GC(145) Humongous regions: 7->7
[2022-12-31T12:44:01.638+0530][6321.975s] GC(145) Metaspace: 65034K->65034K(1107968K)
[2022-12-31T12:44:01.638+0530][6321.976s] GC(145) Pause Young (Normal) (G1 Evacuation Pause) 354M->63M(512M) 8.884ms
[2022-12-31T12:44:01.638+0530][6321.976s] GC(145) User=0.13s Sys=0.00s Real=0.01s
[2022-12-31T12:44:05.558+0530][6325.895s] GC(146) Pause Young (Normal) (G1 Evacuation Pause)
[2022-12-31T12:44:05.558+0530][6325.896s] GC(146) Using 8 workers of 8 for evacuation
[2022-12-31T12:44:05.564+0530][6325.901s] GC(146)   Pre Evacuate Collection Set: 0.0ms
[2022-12-31T12:44:05.564+0530][6325.902s] GC(146)   Evacuate Collection Set: 4.6ms
[2022-12-31T12:44:05.564+0530][6325.902s] GC(146)   Post Evacuate Collection Set: 0.6ms
[2022-12-31T12:44:05.564+0530][6325.902s] GC(146)   Other: 0.7ms
[2022-12-31T12:44:05.564+0530][6325.902s] GC(146) Eden regions: 291->0(300)
[2022-12-31T12:44:05.565+0530][6325.902s] GC(146) Survivor regions: 16->7(39)
[2022-12-31T12:44:05.565+0530][6325.902s] GC(146) Old regions: 41->41
[2022-12-31T12:44:05.565+0530][6325.903s] GC(146) Humongous regions: 7->7
[2022-12-31T12:44:05.565+0530][6325.903s] GC(146) Metaspace: 65034K->65034K(1107968K)
[2022-12-31T12:44:05.565+0530][6325.903s] GC(146) Pause Young (Normal) (G1 Evacuation Pause) 354M->54M(512M) 7.509ms
[2022-12-31T12:44:05.565+0530][6325.903s] GC(146) User=0.00s Sys=0.00s Real=0.01s
[2022-12-31T12:45:03.315+0530][6383.653s] GC(147) Pause Young (Normal) (G1 Evacuation Pause)
[2022-12-31T12:45:03.316+0530][6383.653s] GC(147) Using 8 workers of 8 for evacuation
[2022-12-31T12:45:03.320+0530][6383.658s] GC(147)   Pre Evacuate Collection Set: 0.0ms
[2022-12-31T12:45:03.321+0530][6383.658s] GC(147)   Evacuate Collection Set: 3.9ms
[2022-12-31T12:45:03.321+0530][6383.658s] GC(147)   Post Evacuate Collection Set: 0.6ms
[2022-12-31T12:45:03.321+0530][6383.658s] GC(147)   Other: 0.5ms
[2022-12-31T12:45:03.321+0530][6383.658s] GC(147) Eden regions: 300->0(302)
[2022-12-31T12:45:03.321+0530][6383.659s] GC(147) Survivor regions: 7->5(39)
[2022-12-31T12:45:03.322+0530][6383.659s] GC(147) Old regions: 41->41
[2022-12-31T12:45:03.322+0530][6383.659s] GC(147) Humongous regions: 7->7
[2022-12-31T12:45:03.322+0530][6383.659s] GC(147) Metaspace: 65107K->65107K(1107968K)
[2022-12-31T12:45:03.322+0530][6383.659s] GC(147) Pause Young (Normal) (G1 Evacuation Pause) 354M->52M(512M) 6.815ms
[2022-12-31T12:45:03.322+0530][6383.660s] GC(147) User=0.00s Sys=0.00s Real=0.01s
[2022-12-31T12:46:02.787+0530][6443.124s] GC(148) Pause Young (Normal) (G1 Evacuation Pause)
[2022-12-31T12:46:02.787+0530][6443.125s] GC(148) Using 8 workers of 8 for evacuation
[2022-12-31T12:46:02.792+0530][6443.130s] GC(148)   Pre Evacuate Collection Set: 0.0ms
[2022-12-31T12:46:02.792+0530][6443.130s] GC(148)   Evacuate Collection Set: 3.7ms
[2022-12-31T12:46:02.792+0530][6443.130s] GC(148)   Post Evacuate Collection Set: 1.0ms
[2022-12-31T12:46:02.792+0530][6443.130s] GC(148)   Other: 0.6ms
[2022-12-31T12:46:02.793+0530][6443.130s] GC(148) Eden regions: 302->0(300)
[2022-12-31T12:46:02.793+0530][6443.130s] GC(148) Survivor regions: 5->7(39)
[2022-12-31T12:46:02.793+0530][6443.131s] GC(148) Old regions: 41->41
[2022-12-31T12:46:02.793+0530][6443.131s] GC(148) Humongous regions: 7->7
[2022-12-31T12:46:02.793+0530][6443.131s] GC(148) Metaspace: 65107K->65107K(1107968K)
[2022-12-31T12:46:02.793+0530][6443.131s] GC(148) Pause Young (Normal) (G1 Evacuation Pause) 354M->54M(512M) 6.369ms
[2022-12-31T12:46:02.793+0530][6443.131s] GC(148) User=0.00s Sys=0.02s Real=0.01s
[2022-12-31T12:47:02.154+0530][6502.491s] GC(149) Pause Young (Normal) (G1 Evacuation Pause)
[2022-12-31T12:47:02.154+0530][6502.492s] GC(149) Using 8 workers of 8 for evacuation
[2022-12-31T12:47:02.161+0530][6502.499s] GC(149)   Pre Evacuate Collection Set: 0.0ms
[2022-12-31T12:47:02.161+0530][6502.499s] GC(149)   Evacuate Collection Set: 6.1ms
[2022-12-31T12:47:02.161+0530][6502.499s] GC(149)   Post Evacuate Collection Set: 0.7ms
[2022-12-31T12:47:02.162+0530][6502.499s] GC(149)   Other: 0.6ms
[2022-12-31T12:47:02.162+0530][6502.499s] GC(149) Eden regions: 300->0(294)
[2022-12-31T12:47:02.162+0530][6502.499s] GC(149) Survivor regions: 7->13(39)
[2022-12-31T12:47:02.162+0530][6502.500s] GC(149) Old regions: 41->41
[2022-12-31T12:47:02.162+0530][6502.500s] GC(149) Humongous regions: 7->7
[2022-12-31T12:47:02.162+0530][6502.500s] GC(149) Metaspace: 65107K->65107K(1107968K)
[2022-12-31T12:47:02.162+0530][6502.500s] GC(149) Pause Young (Normal) (G1 Evacuation Pause) 354M->60M(512M) 8.538ms
[2022-12-31T12:47:02.162+0530][6502.500s] GC(149) User=0.00s Sys=0.00s Real=0.01s
[2022-12-31T12:47:06.262+0530][6506.600s] GC(150) Pause Young (Normal) (G1 Evacuation Pause)
[2022-12-31T12:47:06.262+0530][6506.600s] GC(150) Using 8 workers of 8 for evacuation
[2022-12-31T12:47:06.265+0530][6506.603s] GC(150)   Pre Evacuate Collection Set: 0.0ms
[2022-12-31T12:47:06.266+0530][6506.603s] GC(150)   Evacuate Collection Set: 2.4ms
[2022-12-31T12:47:06.266+0530][6506.603s] GC(150)   Post Evacuate Collection Set: 0.4ms
[2022-12-31T12:47:06.266+0530][6506.603s] GC(150)   Other: 0.5ms
[2022-12-31T12:47:06.266+0530][6506.603s] GC(150) Eden regions: 294->0(304)
[2022-12-31T12:47:06.266+0530][6506.604s] GC(150) Survivor regions: 13->3(39)
[2022-12-31T12:47:06.266+0530][6506.604s] GC(150) Old regions: 41->41
[2022-12-31T12:47:06.266+0530][6506.604s] GC(150) Humongous regions: 7->7
[2022-12-31T12:47:06.266+0530][6506.604s] GC(150) Metaspace: 65107K->65107K(1107968K)
[2022-12-31T12:47:06.267+0530][6506.604s] GC(150) Pause Young (Normal) (G1 Evacuation Pause) 354M->50M(512M) 4.351ms
[2022-12-31T12:47:06.267+0530][6506.604s] GC(150) User=0.00s Sys=0.00s Real=0.00s
[2022-12-31T12:48:03.416+0530][6563.753s] GC(151) Pause Young (Normal) (G1 Evacuation Pause)
[2022-12-31T12:48:03.416+0530][6563.754s] GC(151) Using 8 workers of 8 for evacuation
[2022-12-31T12:48:03.420+0530][6563.758s] GC(151)   Pre Evacuate Collection Set: 0.0ms
[2022-12-31T12:48:03.421+0530][6563.758s] GC(151)   Evacuate Collection Set: 3.7ms
[2022-12-31T12:48:03.421+0530][6563.759s] GC(151)   Post Evacuate Collection Set: 0.6ms
[2022-12-31T12:48:03.421+0530][6563.759s] GC(151)   Other: 0.6ms
[2022-12-31T12:48:03.421+0530][6563.759s] GC(151) Eden regions: 304->0(302)
[2022-12-31T12:48:03.421+0530][6563.759s] GC(151) Survivor regions: 3->5(39)
[2022-12-31T12:48:03.422+0530][6563.759s] GC(151) Old regions: 41->41
[2022-12-31T12:48:03.422+0530][6563.760s] GC(151) Humongous regions: 7->7
[2022-12-31T12:48:03.422+0530][6563.760s] GC(151) Metaspace: 65109K->65109K(1107968K)
[2022-12-31T12:48:03.422+0530][6563.760s] GC(151) Pause Young (Normal) (G1 Evacuation Pause) 354M->52M(512M) 6.609ms
[2022-12-31T12:48:03.423+0530][6563.760s] GC(151) User=0.13s Sys=0.00s Real=0.01s
[2022-12-31T12:49:01.696+0530][6622.034s] GC(152) Pause Young (Normal) (G1 Evacuation Pause)
[2022-12-31T12:49:01.696+0530][6622.034s] GC(152) Using 8 workers of 8 for evacuation
[2022-12-31T12:49:01.702+0530][6622.040s] GC(152)   Pre Evacuate Collection Set: 0.0ms
[2022-12-31T12:49:01.702+0530][6622.040s] GC(152)   Evacuate Collection Set: 4.9ms
[2022-12-31T12:49:01.702+0530][6622.040s] GC(152)   Post Evacuate Collection Set: 0.6ms
[2022-12-31T12:49:01.703+0530][6622.041s] GC(152)   Other: 0.7ms
[2022-12-31T12:49:01.703+0530][6622.041s] GC(152) Eden regions: 302->0(296)
[2022-12-31T12:49:01.703+0530][6622.041s] GC(152) Survivor regions: 5->11(39)
[2022-12-31T12:49:01.703+0530][6622.041s] GC(152) Old regions: 41->42
[2022-12-31T12:49:01.703+0530][6622.041s] GC(152) Humongous regions: 7->7
[2022-12-31T12:49:01.703+0530][6622.041s] GC(152) Metaspace: 65116K->65116K(1107968K)
[2022-12-31T12:49:01.703+0530][6622.041s] GC(152) Pause Young (Normal) (G1 Evacuation Pause) 354M->58M(512M) 7.689ms
[2022-12-31T12:49:01.704+0530][6622.041s] GC(152) User=0.11s Sys=0.00s Real=0.01s
[2022-12-31T12:50:01.077+0530][6681.415s] GC(153) Pause Young (Normal) (G1 Evacuation Pause)
[2022-12-31T12:50:01.078+0530][6681.415s] GC(153) Using 8 workers of 8 for evacuation
[2022-12-31T12:50:01.084+0530][6681.422s] GC(153)   Pre Evacuate Collection Set: 0.0ms
[2022-12-31T12:50:01.084+0530][6681.422s] GC(153)   Evacuate Collection Set: 6.0ms
[2022-12-31T12:50:01.085+0530][6681.422s] GC(153)   Post Evacuate Collection Set: 0.4ms
[2022-12-31T12:50:01.085+0530][6681.423s] GC(153)   Other: 0.6ms
[2022-12-31T12:50:01.085+0530][6681.423s] GC(153) Eden regions: 296->0(296)
[2022-12-31T12:50:01.085+0530][6681.423s] GC(153) Survivor regions: 11->11(39)
[2022-12-31T12:50:01.085+0530][6681.423s] GC(153) Old regions: 42->42
[2022-12-31T12:50:01.085+0530][6681.423s] GC(153) Humongous regions: 7->7
[2022-12-31T12:50:01.085+0530][6681.423s] GC(153) Metaspace: 65116K->65116K(1107968K)
[2022-12-31T12:50:01.085+0530][6681.423s] GC(153) Pause Young (Normal) (G1 Evacuation Pause) 354M->58M(512M) 8.076ms
[2022-12-31T12:50:01.086+0530][6681.423s] GC(153) User=0.00s Sys=0.00s Real=0.01s
[2022-12-31T12:50:03.706+0530][6684.044s] GC(154) Pause Young (Normal) (G1 Evacuation Pause)
[2022-12-31T12:50:03.706+0530][6684.044s] GC(154) Using 8 workers of 8 for evacuation
[2022-12-31T12:50:03.710+0530][6684.048s] GC(154)   Pre Evacuate Collection Set: 0.0ms
[2022-12-31T12:50:03.711+0530][6684.048s] GC(154)   Evacuate Collection Set: 3.5ms
[2022-12-31T12:50:03.711+0530][6684.049s] GC(154)   Post Evacuate Collection Set: 0.5ms
[2022-12-31T12:50:03.711+0530][6684.049s] GC(154)   Other: 0.5ms
[2022-12-31T12:50:03.711+0530][6684.049s] GC(154) Eden regions: 296->0(302)
[2022-12-31T12:50:03.712+0530][6684.049s] GC(154) Survivor regions: 11->5(39)
[2022-12-31T12:50:03.712+0530][6684.049s] GC(154) Old regions: 42->42
[2022-12-31T12:50:03.712+0530][6684.050s] GC(154) Humongous regions: 7->7
[2022-12-31T12:50:03.712+0530][6684.050s] GC(154) Metaspace: 65116K->65116K(1107968K)
[2022-12-31T12:50:03.713+0530][6684.050s] GC(154) Pause Young (Normal) (G1 Evacuation Pause) 354M->52M(512M) 6.626ms
[2022-12-31T12:50:03.713+0530][6684.050s] GC(154) User=0.00s Sys=0.00s Real=0.01s
[2022-12-31T12:51:02.245+0530][6742.582s] GC(155) Pause Young (Normal) (G1 Evacuation Pause)
[2022-12-31T12:51:02.246+0530][6742.583s] GC(155) Using 8 workers of 8 for evacuation
[2022-12-31T12:51:02.251+0530][6742.588s] GC(155)   Pre Evacuate Collection Set: 0.0ms
[2022-12-31T12:51:02.251+0530][6742.588s] GC(155)   Evacuate Collection Set: 4.4ms
[2022-12-31T12:51:02.251+0530][6742.589s] GC(155)   Post Evacuate Collection Set: 0.6ms
[2022-12-31T12:51:02.252+0530][6742.589s] GC(155)   Other: 0.7ms
[2022-12-31T12:51:02.252+0530][6742.589s] GC(155) Eden regions: 302->0(297)
[2022-12-31T12:51:02.252+0530][6742.589s] GC(155) Survivor regions: 5->10(39)
[2022-12-31T12:51:02.252+0530][6742.589s] GC(155) Old regions: 42->42
[2022-12-31T12:51:02.252+0530][6742.589s] GC(155) Humongous regions: 7->7
[2022-12-31T12:51:02.252+0530][6742.590s] GC(155) Metaspace: 65117K->65117K(1107968K)
[2022-12-31T12:51:02.253+0530][6742.590s] GC(155) Pause Young (Normal) (G1 Evacuation Pause) 354M->57M(512M) 7.332ms
[2022-12-31T12:51:02.253+0530][6742.590s] GC(155) User=0.00s Sys=0.00s Real=0.01s
[2022-12-31T12:52:00.993+0530][6801.331s] GC(156) Pause Young (Normal) (G1 Evacuation Pause)
[2022-12-31T12:52:00.994+0530][6801.331s] GC(156) Using 8 workers of 8 for evacuation
[2022-12-31T12:52:00.999+0530][6801.337s] GC(156)   Pre Evacuate Collection Set: 0.0ms
[2022-12-31T12:52:00.999+0530][6801.337s] GC(156)   Evacuate Collection Set: 4.9ms
[2022-12-31T12:52:01.000+0530][6801.337s] GC(156)   Post Evacuate Collection Set: 0.5ms
[2022-12-31T12:52:01.000+0530][6801.337s] GC(156)   Other: 0.6ms
[2022-12-31T12:52:01.000+0530][6801.337s] GC(156) Eden regions: 297->0(296)
[2022-12-31T12:52:01.000+0530][6801.338s] GC(156) Survivor regions: 10->11(39)
[2022-12-31T12:52:01.000+0530][6801.338s] GC(156) Old regions: 42->42
[2022-12-31T12:52:01.000+0530][6801.338s] GC(156) Humongous regions: 7->7
[2022-12-31T12:52:01.000+0530][6801.338s] GC(156) Metaspace: 65118K->65118K(1107968K)
[2022-12-31T12:52:01.000+0530][6801.338s] GC(156) Pause Young (Normal) (G1 Evacuation Pause) 354M->58M(512M) 7.039ms
[2022-12-31T12:52:01.000+0530][6801.338s] GC(156) User=0.11s Sys=0.00s Real=0.01s
[2022-12-31T12:53:01.478+0530][6861.816s] GC(157) Pause Young (Normal) (G1 Evacuation Pause)
[2022-12-31T12:53:01.478+0530][6861.816s] GC(157) Using 8 workers of 8 for evacuation
[2022-12-31T12:53:01.483+0530][6861.821s] GC(157)   Pre Evacuate Collection Set: 0.0ms
[2022-12-31T12:53:01.484+0530][6861.821s] GC(157)   Evacuate Collection Set: 4.6ms
[2022-12-31T12:53:01.484+0530][6861.822s] GC(157)   Post Evacuate Collection Set: 0.5ms
[2022-12-31T12:53:01.484+0530][6861.822s] GC(157)   Other: 0.6ms
[2022-12-31T12:53:01.484+0530][6861.822s] GC(157) Eden regions: 296->0(297)
[2022-12-31T12:53:01.484+0530][6861.822s] GC(157) Survivor regions: 11->10(39)
[2022-12-31T12:53:01.484+0530][6861.822s] GC(157) Old regions: 42->42
[2022-12-31T12:53:01.484+0530][6861.822s] GC(157) Humongous regions: 7->7
[2022-12-31T12:53:01.484+0530][6861.822s] GC(157) Metaspace: 65121K->65121K(1107968K)
[2022-12-31T12:53:01.485+0530][6861.822s] GC(157) Pause Young (Normal) (G1 Evacuation Pause) 354M->57M(512M) 6.813ms
[2022-12-31T12:53:01.485+0530][6861.823s] GC(157) User=0.11s Sys=0.00s Real=0.01s
[2022-12-31T12:54:01.108+0530][6921.446s] GC(158) Pause Young (Normal) (G1 Evacuation Pause)
[2022-12-31T12:54:01.108+0530][6921.446s] GC(158) Using 8 workers of 8 for evacuation
[2022-12-31T12:54:01.115+0530][6921.452s] GC(158)   Pre Evacuate Collection Set: 0.0ms
[2022-12-31T12:54:01.115+0530][6921.453s] GC(158)   Evacuate Collection Set: 5.4ms
[2022-12-31T12:54:01.115+0530][6921.453s] GC(158)   Post Evacuate Collection Set: 0.6ms
[2022-12-31T12:54:01.115+0530][6921.453s] GC(158)   Other: 0.7ms
[2022-12-31T12:54:01.115+0530][6921.453s] GC(158) Eden regions: 297->0(293)
[2022-12-31T12:54:01.115+0530][6921.453s] GC(158) Survivor regions: 10->14(39)
[2022-12-31T12:54:01.116+0530][6921.453s] GC(158) Old regions: 42->42
[2022-12-31T12:54:01.116+0530][6921.453s] GC(158) Humongous regions: 7->7
[2022-12-31T12:54:01.116+0530][6921.453s] GC(158) Metaspace: 65123K->65123K(1107968K)
[2022-12-31T12:54:01.116+0530][6921.453s] GC(158) Pause Young (Normal) (G1 Evacuation Pause) 354M->61M(512M) 7.786ms
[2022-12-31T12:54:01.116+0530][6921.454s] GC(158) User=0.00s Sys=0.00s Real=0.01s
[2022-12-31T12:54:04.055+0530][6924.393s] GC(159) Pause Young (Normal) (G1 Evacuation Pause)
[2022-12-31T12:54:04.055+0530][6924.393s] GC(159) Using 8 workers of 8 for evacuation
[2022-12-31T12:54:04.060+0530][6924.397s] GC(159)   Pre Evacuate Collection Set: 0.0ms
[2022-12-31T12:54:04.060+0530][6924.398s] GC(159)   Evacuate Collection Set: 3.6ms
[2022-12-31T12:54:04.060+0530][6924.398s] GC(159)   Post Evacuate Collection Set: 0.5ms
[2022-12-31T12:54:04.060+0530][6924.398s] GC(159)   Other: 0.6ms
[2022-12-31T12:54:04.060+0530][6924.398s] GC(159) Eden regions: 293->0(302)
[2022-12-31T12:54:04.061+0530][6924.398s] GC(159) Survivor regions: 14->5(39)
[2022-12-31T12:54:04.061+0530][6924.398s] GC(159) Old regions: 42->42
[2022-12-31T12:54:04.061+0530][6924.399s] GC(159) Humongous regions: 7->7
[2022-12-31T12:54:04.061+0530][6924.399s] GC(159) Metaspace: 65123K->65123K(1107968K)
[2022-12-31T12:54:04.061+0530][6924.399s] GC(159) Pause Young (Normal) (G1 Evacuation Pause) 354M->52M(512M) 6.297ms
[2022-12-31T12:54:04.061+0530][6924.399s] GC(159) User=0.11s Sys=0.00s Real=0.01s
[2022-12-31T12:55:03.164+0530][6983.502s] GC(160) Pause Young (Normal) (G1 Evacuation Pause)
[2022-12-31T12:55:03.164+0530][6983.502s] GC(160) Using 8 workers of 8 for evacuation
[2022-12-31T12:55:03.169+0530][6983.507s] GC(160)   Pre Evacuate Collection Set: 0.0ms
[2022-12-31T12:55:03.169+0530][6983.507s] GC(160)   Evacuate Collection Set: 3.9ms
[2022-12-31T12:55:03.169+0530][6983.507s] GC(160)   Post Evacuate Collection Set: 0.6ms
[2022-12-31T12:55:03.169+0530][6983.507s] GC(160)   Other: 0.6ms
[2022-12-31T12:55:03.170+0530][6983.507s] GC(160) Eden regions: 302->0(298)
[2022-12-31T12:55:03.170+0530][6983.508s] GC(160) Survivor regions: 5->9(39)
[2022-12-31T12:55:03.170+0530][6983.508s] GC(160) Old regions: 42->42
[2022-12-31T12:55:03.170+0530][6983.508s] GC(160) Humongous regions: 7->7
[2022-12-31T12:55:03.170+0530][6983.508s] GC(160) Metaspace: 65126K->65126K(1107968K)
[2022-12-31T12:55:03.170+0530][6983.508s] GC(160) Pause Young (Normal) (G1 Evacuation Pause) 354M->57M(512M) 6.604ms
[2022-12-31T12:55:03.171+0530][6983.508s] GC(160) User=0.13s Sys=0.00s Real=0.01s
[2022-12-31T12:55:07.184+0530][6987.522s] GC(161) Pause Young (Normal) (G1 Evacuation Pause)
[2022-12-31T12:55:07.184+0530][6987.522s] GC(161) Using 8 workers of 8 for evacuation
[2022-12-31T12:55:07.188+0530][6987.525s] GC(161)   Pre Evacuate Collection Set: 0.0ms
[2022-12-31T12:55:07.188+0530][6987.526s] GC(161)   Evacuate Collection Set: 2.7ms
[2022-12-31T12:55:07.188+0530][6987.526s] GC(161)   Post Evacuate Collection Set: 0.5ms
[2022-12-31T12:55:07.188+0530][6987.526s] GC(161)   Other: 0.5ms
[2022-12-31T12:55:07.189+0530][6987.526s] GC(161) Eden regions: 298->0(304)
[2022-12-31T12:55:07.189+0530][6987.526s] GC(161) Survivor regions: 9->3(39)
[2022-12-31T12:55:07.189+0530][6987.526s] GC(161) Old regions: 42->42
[2022-12-31T12:55:07.189+0530][6987.527s] GC(161) Humongous regions: 7->7
[2022-12-31T12:55:07.189+0530][6987.527s] GC(161) Metaspace: 65126K->65126K(1107968K)
[2022-12-31T12:55:07.189+0530][6987.527s] GC(161) Pause Young (Normal) (G1 Evacuation Pause) 355M->51M(512M) 5.100ms
[2022-12-31T12:55:07.189+0530][6987.527s] GC(161) User=0.00s Sys=0.00s Real=0.00s
[2022-12-31T12:56:04.316+0530][7044.653s] GC(162) Pause Young (Normal) (G1 Evacuation Pause)
[2022-12-31T12:56:04.316+0530][7044.653s] GC(162) Using 8 workers of 8 for evacuation
[2022-12-31T12:56:04.321+0530][7044.658s] GC(162)   Pre Evacuate Collection Set: 0.0ms
[2022-12-31T12:56:04.321+0530][7044.658s] GC(162)   Evacuate Collection Set: 4.0ms
[2022-12-31T12:56:04.321+0530][7044.659s] GC(162)   Post Evacuate Collection Set: 0.5ms
[2022-12-31T12:56:04.321+0530][7044.659s] GC(162)   Other: 0.6ms
[2022-12-31T12:56:04.321+0530][7044.659s] GC(162) Eden regions: 304->0(303)
[2022-12-31T12:56:04.321+0530][7044.659s] GC(162) Survivor regions: 3->4(39)
[2022-12-31T12:56:04.322+0530][7044.659s] GC(162) Old regions: 42->42
[2022-12-31T12:56:04.322+0530][7044.659s] GC(162) Humongous regions: 7->7
[2022-12-31T12:56:04.322+0530][7044.659s] GC(162) Metaspace: 65126K->65126K(1107968K)
[2022-12-31T12:56:04.322+0530][7044.659s] GC(162) Pause Young (Normal) (G1 Evacuation Pause) 355M->52M(512M) 6.198ms
[2022-12-31T12:56:04.322+0530][7044.659s] GC(162) User=0.00s Sys=0.00s Real=0.01s
[2022-12-31T12:57:03.496+0530][7103.833s] GC(163) Pause Young (Normal) (G1 Evacuation Pause)
[2022-12-31T12:57:03.496+0530][7103.834s] GC(163) Using 8 workers of 8 for evacuation
[2022-12-31T12:57:03.501+0530][7103.838s] GC(163)   Pre Evacuate Collection Set: 0.0ms
[2022-12-31T12:57:03.501+0530][7103.839s] GC(163)   Evacuate Collection Set: 3.9ms
[2022-12-31T12:57:03.501+0530][7103.839s] GC(163)   Post Evacuate Collection Set: 0.5ms
[2022-12-31T12:57:03.502+0530][7103.839s] GC(163)   Other: 0.5ms
[2022-12-31T12:57:03.502+0530][7103.839s] GC(163) Eden regions: 303->0(302)
[2022-12-31T12:57:03.502+0530][7103.839s] GC(163) Survivor regions: 4->5(39)
[2022-12-31T12:57:03.502+0530][7103.840s] GC(163) Old regions: 42->42
[2022-12-31T12:57:03.502+0530][7103.840s] GC(163) Humongous regions: 7->7
[2022-12-31T12:57:03.502+0530][7103.840s] GC(163) Metaspace: 65130K->65130K(1107968K)
[2022-12-31T12:57:03.503+0530][7103.840s] GC(163) Pause Young (Normal) (G1 Evacuation Pause) 355M->53M(512M) 6.645ms
[2022-12-31T12:57:03.503+0530][7103.840s] GC(163) User=0.00s Sys=0.00s Real=0.01s
[2022-12-31T12:58:01.366+0530][7161.704s] GC(164) Pause Young (Normal) (G1 Evacuation Pause)
[2022-12-31T12:58:01.366+0530][7161.704s] GC(164) Using 8 workers of 8 for evacuation
[2022-12-31T12:58:01.371+0530][7161.708s] GC(164)   Pre Evacuate Collection Set: 0.0ms
[2022-12-31T12:58:01.371+0530][7161.709s] GC(164)   Evacuate Collection Set: 3.6ms
[2022-12-31T12:58:01.372+0530][7161.709s] GC(164)   Post Evacuate Collection Set: 0.5ms
[2022-12-31T12:58:01.372+0530][7161.709s] GC(164)   Other: 0.7ms
[2022-12-31T12:58:01.372+0530][7161.709s] GC(164) Eden regions: 302->0(300)
[2022-12-31T12:58:01.372+0530][7161.709s] GC(164) Survivor regions: 5->7(39)
[2022-12-31T12:58:01.372+0530][7161.709s] GC(164) Old regions: 42->42
[2022-12-31T12:58:01.372+0530][7161.710s] GC(164) Humongous regions: 7->7
[2022-12-31T12:58:01.373+0530][7161.710s] GC(164) Metaspace: 65130K->65130K(1107968K)
[2022-12-31T12:58:01.373+0530][7161.710s] GC(164) Pause Young (Normal) (G1 Evacuation Pause) 355M->55M(512M) 6.487ms
[2022-12-31T12:58:01.373+0530][7161.710s] GC(164) User=0.13s Sys=0.00s Real=0.01s
[2022-12-31T12:58:03.661+0530][7163.998s] GC(165) Pause Young (Normal) (G1 Evacuation Pause)
[2022-12-31T12:58:03.661+0530][7163.998s] GC(165) Using 8 workers of 8 for evacuation
[2022-12-31T12:58:03.667+0530][7164.005s] GC(165)   Pre Evacuate Collection Set: 0.0ms
[2022-12-31T12:58:03.668+0530][7164.005s] GC(165)   Evacuate Collection Set: 5.0ms
[2022-12-31T12:58:03.668+0530][7164.005s] GC(165)   Post Evacuate Collection Set: 0.6ms
[2022-12-31T12:58:03.668+0530][7164.005s] GC(165)   Other: 0.6ms
[2022-12-31T12:58:03.668+0530][7164.005s] GC(165) Eden regions: 300->0(300)
[2022-12-31T12:58:03.668+0530][7164.006s] GC(165) Survivor regions: 7->7(39)
[2022-12-31T12:58:03.669+0530][7164.006s] GC(165) Old regions: 42->42
[2022-12-31T12:58:03.669+0530][7164.006s] GC(165) Humongous regions: 7->7
[2022-12-31T12:58:03.669+0530][7164.006s] GC(165) Metaspace: 65130K->65130K(1107968K)
[2022-12-31T12:58:03.669+0530][7164.006s] GC(165) Pause Young (Normal) (G1 Evacuation Pause) 355M->55M(512M) 7.985ms
[2022-12-31T12:58:03.669+0530][7164.006s] GC(165) User=0.13s Sys=0.00s Real=0.01s
[2022-12-31T12:59:01.786+0530][7222.123s] GC(166) Pause Young (Normal) (G1 Evacuation Pause)
[2022-12-31T12:59:01.786+0530][7222.124s] GC(166) Using 8 workers of 8 for evacuation
[2022-12-31T12:59:01.793+0530][7222.130s] GC(166)   Pre Evacuate Collection Set: 0.0ms
[2022-12-31T12:59:01.793+0530][7222.130s] GC(166)   Evacuate Collection Set: 5.3ms
[2022-12-31T12:59:01.793+0530][7222.130s] GC(166)   Post Evacuate Collection Set: 0.6ms
[2022-12-31T12:59:01.793+0530][7222.131s] GC(166)   Other: 0.7ms
[2022-12-31T12:59:01.794+0530][7222.131s] GC(166) Eden regions: 300->0(291)
[2022-12-31T12:59:01.794+0530][7222.131s] GC(166) Survivor regions: 7->16(39)
[2022-12-31T12:59:01.794+0530][7222.131s] GC(166) Old regions: 42->42
[2022-12-31T12:59:01.794+0530][7222.131s] GC(166) Humongous regions: 7->7
[2022-12-31T12:59:01.794+0530][7222.131s] GC(166) Metaspace: 65136K->65136K(1107968K)
[2022-12-31T12:59:01.794+0530][7222.132s] GC(166) Pause Young (Normal) (G1 Evacuation Pause) 355M->63M(512M) 8.177ms
[2022-12-31T12:59:01.795+0530][7222.132s] GC(166) User=0.13s Sys=0.00s Real=0.01s
[2022-12-31T12:59:04.178+0530][7224.515s] GC(167) Pause Young (Normal) (G1 Evacuation Pause)
[2022-12-31T12:59:04.178+0530][7224.516s] GC(167) Using 8 workers of 8 for evacuation
[2022-12-31T12:59:04.185+0530][7224.523s] GC(167)   Pre Evacuate Collection Set: 0.0ms
[2022-12-31T12:59:04.185+0530][7224.523s] GC(167)   Evacuate Collection Set: 5.8ms
[2022-12-31T12:59:04.185+0530][7224.523s] GC(167)   Post Evacuate Collection Set: 0.6ms
[2022-12-31T12:59:04.185+0530][7224.523s] GC(167)   Other: 0.8ms
[2022-12-31T12:59:04.185+0530][7224.523s] GC(167) Eden regions: 291->0(300)
[2022-12-31T12:59:04.186+0530][7224.523s] GC(167) Survivor regions: 16->7(39)
[2022-12-31T12:59:04.186+0530][7224.524s] GC(167) Old regions: 42->42
[2022-12-31T12:59:04.186+0530][7224.524s] GC(167) Humongous regions: 7->7
[2022-12-31T12:59:04.186+0530][7224.524s] GC(167) Metaspace: 65136K->65136K(1107968K)
[2022-12-31T12:59:04.186+0530][7224.524s] GC(167) Pause Young (Normal) (G1 Evacuation Pause) 354M->55M(512M) 8.589ms
[2022-12-31T12:59:04.186+0530][7224.524s] GC(167) User=0.13s Sys=0.00s Real=0.01s
[2022-12-31T13:00:03.156+0530][7283.494s] GC(168) Pause Young (Normal) (G1 Evacuation Pause)
[2022-12-31T13:00:03.156+0530][7283.494s] GC(168) Using 8 workers of 8 for evacuation
[2022-12-31T13:00:03.162+0530][7283.500s] GC(168)   Pre Evacuate Collection Set: 0.0ms
[2022-12-31T13:00:03.163+0530][7283.500s] GC(168)   Evacuate Collection Set: 5.2ms
[2022-12-31T13:00:03.163+0530][7283.501s] GC(168)   Post Evacuate Collection Set: 0.5ms
[2022-12-31T13:00:03.163+0530][7283.501s] GC(168)   Other: 0.6ms
[2022-12-31T13:00:03.163+0530][7283.501s] GC(168) Eden regions: 300->0(301)
[2022-12-31T13:00:03.163+0530][7283.501s] GC(168) Survivor regions: 7->6(39)
[2022-12-31T13:00:03.164+0530][7283.501s] GC(168) Old regions: 42->42
[2022-12-31T13:00:03.164+0530][7283.501s] GC(168) Humongous regions: 7->7
[2022-12-31T13:00:03.164+0530][7283.501s] GC(168) Metaspace: 65138K->65138K(1107968K)
[2022-12-31T13:00:03.164+0530][7283.502s] GC(168) Pause Young (Normal) (G1 Evacuation Pause) 355M->54M(512M) 7.778ms
[2022-12-31T13:00:03.164+0530][7283.502s] GC(168) User=0.00s Sys=0.00s Real=0.01s
[2022-12-31T13:01:03.503+0530][7343.840s] GC(169) Pause Young (Normal) (G1 Evacuation Pause)
[2022-12-31T13:01:03.503+0530][7343.840s] GC(169) Using 8 workers of 8 for evacuation
[2022-12-31T13:01:03.508+0530][7343.845s] GC(169)   Pre Evacuate Collection Set: 0.0ms
[2022-12-31T13:01:03.508+0530][7343.845s] GC(169)   Evacuate Collection Set: 3.8ms
[2022-12-31T13:01:03.508+0530][7343.846s] GC(169)   Post Evacuate Collection Set: 0.9ms
[2022-12-31T13:01:03.508+0530][7343.846s] GC(169)   Other: 0.5ms
[2022-12-31T13:01:03.508+0530][7343.846s] GC(169) Eden regions: 301->0(303)
[2022-12-31T13:01:03.509+0530][7343.846s] GC(169) Survivor regions: 6->4(39)
[2022-12-31T13:01:03.509+0530][7343.846s] GC(169) Old regions: 42->42
[2022-12-31T13:01:03.509+0530][7343.846s] GC(169) Humongous regions: 7->7
[2022-12-31T13:01:03.509+0530][7343.846s] GC(169) Metaspace: 65138K->65138K(1107968K)
[2022-12-31T13:01:03.509+0530][7343.846s] GC(169) Pause Young (Normal) (G1 Evacuation Pause) 355M->52M(512M) 6.308ms
[2022-12-31T13:01:03.509+0530][7343.846s] GC(169) User=0.00s Sys=0.00s Real=0.01s
[2022-12-31T13:03:02.265+0530][7462.603s] GC(170) Pause Young (Normal) (G1 Evacuation Pause)
[2022-12-31T13:03:02.265+0530][7462.603s] GC(170) Using 8 workers of 8 for evacuation
[2022-12-31T13:03:02.272+0530][7462.610s] GC(170)   Pre Evacuate Collection Set: 0.0ms
[2022-12-31T13:03:02.272+0530][7462.610s] GC(170)   Evacuate Collection Set: 5.8ms
[2022-12-31T13:03:02.272+0530][7462.610s] GC(170)   Post Evacuate Collection Set: 0.6ms
[2022-12-31T13:03:02.272+0530][7462.610s] GC(170)   Other: 0.6ms
[2022-12-31T13:03:02.273+0530][7462.610s] GC(170) Eden regions: 303->0(291)
[2022-12-31T13:03:02.273+0530][7462.611s] GC(170) Survivor regions: 4->16(39)
[2022-12-31T13:03:02.273+0530][7462.611s] GC(170) Old regions: 42->42
[2022-12-31T13:03:02.273+0530][7462.611s] GC(170) Humongous regions: 7->7
[2022-12-31T13:03:02.273+0530][7462.611s] GC(170) Metaspace: 65139K->65139K(1107968K)
[2022-12-31T13:03:02.273+0530][7462.611s] GC(170) Pause Young (Normal) (G1 Evacuation Pause) 355M->63M(512M) 8.503ms
[2022-12-31T13:03:02.273+0530][7462.611s] GC(170) User=0.00s Sys=0.00s Real=0.01s
[2022-12-31T13:03:05.950+0530][7466.287s] GC(171) Pause Young (Normal) (G1 Evacuation Pause)
[2022-12-31T13:03:05.950+0530][7466.287s] GC(171) Using 8 workers of 8 for evacuation
[2022-12-31T13:03:05.956+0530][7466.293s] GC(171)   Pre Evacuate Collection Set: 0.0ms
[2022-12-31T13:03:05.957+0530][7466.294s] GC(171)   Evacuate Collection Set: 5.0ms
[2022-12-31T13:03:05.957+0530][7466.294s] GC(171)   Post Evacuate Collection Set: 0.5ms
[2022-12-31T13:03:05.957+0530][7466.294s] GC(171)   Other: 0.6ms
[2022-12-31T13:03:05.957+0530][7466.294s] GC(171) Eden regions: 291->0(300)
[2022-12-31T13:03:05.957+0530][7466.294s] GC(171) Survivor regions: 16->7(39)
[2022-12-31T13:03:05.957+0530][7466.294s] GC(171) Old regions: 42->42
[2022-12-31T13:03:05.958+0530][7466.295s] GC(171) Humongous regions: 7->7
[2022-12-31T13:03:05.958+0530][7466.295s] GC(171) Metaspace: 65139K->65139K(1107968K)
[2022-12-31T13:03:05.958+0530][7466.295s] GC(171) Pause Young (Normal) (G1 Evacuation Pause) 354M->55M(512M) 7.801ms
[2022-12-31T13:03:05.958+0530][7466.295s] GC(171) User=0.00s Sys=0.00s Real=0.01s
[2022-12-31T13:04:02.924+0530][7523.262s] GC(172) Pause Young (Normal) (G1 Evacuation Pause)
[2022-12-31T13:04:02.924+0530][7523.262s] GC(172) Using 8 workers of 8 for evacuation
[2022-12-31T13:04:02.929+0530][7523.267s] GC(172)   Pre Evacuate Collection Set: 0.0ms
[2022-12-31T13:04:02.929+0530][7523.267s] GC(172)   Evacuate Collection Set: 3.5ms
[2022-12-31T13:04:02.929+0530][7523.267s] GC(172)   Post Evacuate Collection Set: 0.6ms
[2022-12-31T13:04:02.929+0530][7523.267s] GC(172)   Other: 0.5ms
[2022-12-31T13:04:02.929+0530][7523.267s] GC(172) Eden regions: 300->0(303)
[2022-12-31T13:04:02.929+0530][7523.267s] GC(172) Survivor regions: 7->4(39)
[2022-12-31T13:04:02.929+0530][7523.267s] GC(172) Old regions: 42->42
[2022-12-31T13:04:02.930+0530][7523.267s] GC(172) Humongous regions: 7->7
[2022-12-31T13:04:02.930+0530][7523.268s] GC(172) Metaspace: 65151K->65151K(1107968K)
[2022-12-31T13:04:02.930+0530][7523.268s] GC(172) Pause Young (Normal) (G1 Evacuation Pause) 355M->52M(512M) 5.704ms
[2022-12-31T13:04:02.930+0530][7523.268s] GC(172) User=0.00s Sys=0.00s Real=0.01s
[2022-12-31T13:05:02.208+0530][7582.546s] GC(173) Pause Young (Normal) (G1 Evacuation Pause)
[2022-12-31T13:05:02.208+0530][7582.546s] GC(173) Using 8 workers of 8 for evacuation
[2022-12-31T13:05:02.215+0530][7582.553s] GC(173)   Pre Evacuate Collection Set: 0.0ms
[2022-12-31T13:05:02.215+0530][7582.553s] GC(173)   Evacuate Collection Set: 5.8ms
[2022-12-31T13:05:02.215+0530][7582.553s] GC(173)   Post Evacuate Collection Set: 0.6ms
[2022-12-31T13:05:02.216+0530][7582.553s] GC(173)   Other: 0.8ms
[2022-12-31T13:05:02.216+0530][7582.554s] GC(173) Eden regions: 303->0(297)
[2022-12-31T13:05:02.216+0530][7582.554s] GC(173) Survivor regions: 4->10(39)
[2022-12-31T13:05:02.216+0530][7582.554s] GC(173) Old regions: 42->42
[2022-12-31T13:05:02.216+0530][7582.554s] GC(173) Humongous regions: 7->7
[2022-12-31T13:05:02.216+0530][7582.554s] GC(173) Metaspace: 65152K->65152K(1107968K)
[2022-12-31T13:05:02.216+0530][7582.554s] GC(173) Pause Young (Normal) (G1 Evacuation Pause) 355M->58M(512M) 8.540ms
[2022-12-31T13:05:02.216+0530][7582.554s] GC(173) User=0.11s Sys=0.00s Real=0.01s
[2022-12-31T13:06:01.103+0530][7641.441s] GC(174) Pause Young (Normal) (G1 Evacuation Pause)
[2022-12-31T13:06:01.103+0530][7641.441s] GC(174) Using 8 workers of 8 for evacuation
[2022-12-31T13:06:01.109+0530][7641.447s] GC(174)   Pre Evacuate Collection Set: 0.0ms
[2022-12-31T13:06:01.109+0530][7641.447s] GC(174)   Evacuate Collection Set: 5.0ms
[2022-12-31T13:06:01.110+0530][7641.447s] GC(174)   Post Evacuate Collection Set: 0.5ms
[2022-12-31T13:06:01.110+0530][7641.447s] GC(174)   Other: 0.7ms
[2022-12-31T13:06:01.110+0530][7641.448s] GC(174) Eden regions: 297->0(294)
[2022-12-31T13:06:01.110+0530][7641.448s] GC(174) Survivor regions: 10->13(39)
[2022-12-31T13:06:01.110+0530][7641.448s] GC(174) Old regions: 42->42
[2022-12-31T13:06:01.110+0530][7641.448s] GC(174) Humongous regions: 7->7
[2022-12-31T13:06:01.110+0530][7641.448s] GC(174) Metaspace: 65152K->65152K(1107968K)
[2022-12-31T13:06:01.110+0530][7641.448s] GC(174) Pause Young (Normal) (G1 Evacuation Pause) 355M->61M(512M) 7.322ms
[2022-12-31T13:06:01.110+0530][7641.448s] GC(174) User=0.02s Sys=0.00s Real=0.01s
[2022-12-31T13:06:04.964+0530][7645.302s] GC(175) Pause Young (Normal) (G1 Evacuation Pause)
[2022-12-31T13:06:04.965+0530][7645.302s] GC(175) Using 8 workers of 8 for evacuation
[2022-12-31T13:06:04.968+0530][7645.306s] GC(175)   Pre Evacuate Collection Set: 0.0ms
[2022-12-31T13:06:04.968+0530][7645.306s] GC(175)   Evacuate Collection Set: 2.9ms
[2022-12-31T13:06:04.968+0530][7645.306s] GC(175)   Post Evacuate Collection Set: 0.4ms
[2022-12-31T13:06:04.969+0530][7645.306s] GC(175)   Other: 0.5ms
[2022-12-31T13:06:04.969+0530][7645.306s] GC(175) Eden regions: 294->0(303)
[2022-12-31T13:06:04.969+0530][7645.306s] GC(175) Survivor regions: 13->4(39)
[2022-12-31T13:06:04.969+0530][7645.306s] GC(175) Old regions: 42->42
[2022-12-31T13:06:04.969+0530][7645.307s] GC(175) Humongous regions: 7->7
[2022-12-31T13:06:04.969+0530][7645.307s] GC(175) Metaspace: 65152K->65152K(1107968K)
[2022-12-31T13:06:04.969+0530][7645.307s] GC(175) Pause Young (Normal) (G1 Evacuation Pause) 355M->52M(512M) 4.909ms
[2022-12-31T13:06:04.969+0530][7645.307s] GC(175) User=0.00s Sys=0.00s Real=0.01s
[2022-12-31T13:07:03.315+0530][7703.653s] GC(176) Pause Young (Normal) (G1 Evacuation Pause)
[2022-12-31T13:07:03.316+0530][7703.653s] GC(176) Using 8 workers of 8 for evacuation
[2022-12-31T13:07:03.320+0530][7703.658s] GC(176)   Pre Evacuate Collection Set: 0.0ms
[2022-12-31T13:07:03.320+0530][7703.658s] GC(176)   Evacuate Collection Set: 3.6ms
[2022-12-31T13:07:03.321+0530][7703.658s] GC(176)   Post Evacuate Collection Set: 0.5ms
[2022-12-31T13:07:03.321+0530][7703.658s] GC(176)   Other: 0.7ms
[2022-12-31T13:07:03.321+0530][7703.658s] GC(176) Eden regions: 303->0(301)
[2022-12-31T13:07:03.321+0530][7703.659s] GC(176) Survivor regions: 4->6(39)
[2022-12-31T13:07:03.321+0530][7703.659s] GC(176) Old regions: 42->42
[2022-12-31T13:07:03.321+0530][7703.659s] GC(176) Humongous regions: 7->7
[2022-12-31T13:07:03.322+0530][7703.659s] GC(176) Metaspace: 65155K->65155K(1107968K)
[2022-12-31T13:07:03.322+0530][7703.659s] GC(176) Pause Young (Normal) (G1 Evacuation Pause) 355M->54M(512M) 6.442ms
[2022-12-31T13:07:03.322+0530][7703.659s] GC(176) User=0.00s Sys=0.00s Real=0.01s
[2022-12-31T13:08:01.007+0530][7761.344s] GC(177) Pause Young (Normal) (G1 Evacuation Pause)
[2022-12-31T13:08:01.008+0530][7761.345s] GC(177) Using 8 workers of 8 for evacuation
[2022-12-31T13:08:01.013+0530][7761.350s] GC(177)   Pre Evacuate Collection Set: 0.0ms
[2022-12-31T13:08:01.013+0530][7761.350s] GC(177)   Evacuate Collection Set: 4.3ms
[2022-12-31T13:08:01.013+0530][7761.351s] GC(177)   Post Evacuate Collection Set: 0.6ms
[2022-12-31T13:08:01.014+0530][7761.351s] GC(177)   Other: 0.7ms
[2022-12-31T13:08:01.014+0530][7761.351s] GC(177) Eden regions: 301->0(298)
[2022-12-31T13:08:01.014+0530][7761.351s] GC(177) Survivor regions: 6->9(39)
[2022-12-31T13:08:01.014+0530][7761.351s] GC(177) Old regions: 42->42
[2022-12-31T13:08:01.014+0530][7761.351s] GC(177) Humongous regions: 7->7
[2022-12-31T13:08:01.014+0530][7761.351s] GC(177) Metaspace: 65156K->65156K(1107968K)
[2022-12-31T13:08:01.014+0530][7761.351s] GC(177) Pause Young (Normal) (G1 Evacuation Pause) 355M->57M(512M) 6.961ms
[2022-12-31T13:08:01.015+0530][7761.352s] GC(177) User=0.13s Sys=0.00s Real=0.01s
[2022-12-31T13:09:01.582+0530][7821.919s] GC(178) Pause Young (Normal) (G1 Evacuation Pause)
[2022-12-31T13:09:01.582+0530][7821.919s] GC(178) Using 8 workers of 8 for evacuation
[2022-12-31T13:09:01.590+0530][7821.927s] GC(178)   Pre Evacuate Collection Set: 0.0ms
[2022-12-31T13:09:01.590+0530][7821.927s] GC(178)   Evacuate Collection Set: 7.0ms
[2022-12-31T13:09:01.590+0530][7821.928s] GC(178)   Post Evacuate Collection Set: 0.5ms
[2022-12-31T13:09:01.591+0530][7821.928s] GC(178)   Other: 0.5ms
[2022-12-31T13:09:01.591+0530][7821.928s] GC(178) Eden regions: 298->0(287)
[2022-12-31T13:09:01.591+0530][7821.928s] GC(178) Survivor regions: 9->20(39)
[2022-12-31T13:09:01.591+0530][7821.928s] GC(178) Old regions: 42->42
[2022-12-31T13:09:01.591+0530][7821.928s] GC(178) Humongous regions: 7->7
[2022-12-31T13:09:01.591+0530][7821.928s] GC(178) Metaspace: 65167K->65167K(1107968K)
[2022-12-31T13:09:01.591+0530][7821.928s] GC(178) Pause Young (Normal) (G1 Evacuation Pause) 355M->68M(512M) 9.208ms
[2022-12-31T13:09:01.591+0530][7821.928s] GC(178) User=0.13s Sys=0.00s Real=0.01s
[2022-12-31T13:09:03.658+0530][7823.995s] GC(179) Pause Young (Normal) (G1 Evacuation Pause)
[2022-12-31T13:09:03.658+0530][7823.996s] GC(179) Using 8 workers of 8 for evacuation
[2022-12-31T13:09:03.666+0530][7824.004s] GC(179)   Pre Evacuate Collection Set: 0.0ms
[2022-12-31T13:09:03.666+0530][7824.004s] GC(179)   Evacuate Collection Set: 7.0ms
[2022-12-31T13:09:03.667+0530][7824.004s] GC(179)   Post Evacuate Collection Set: 0.6ms
[2022-12-31T13:09:03.667+0530][7824.004s] GC(179)   Other: 0.7ms
[2022-12-31T13:09:03.667+0530][7824.005s] GC(179) Eden regions: 287->0(298)
[2022-12-31T13:09:03.667+0530][7824.005s] GC(179) Survivor regions: 20->9(39)
[2022-12-31T13:09:03.667+0530][7824.005s] GC(179) Old regions: 42->43
[2022-12-31T13:09:03.668+0530][7824.005s] GC(179) Humongous regions: 7->7
[2022-12-31T13:09:03.668+0530][7824.005s] GC(179) Metaspace: 65176K->65176K(1107968K)
[2022-12-31T13:09:03.668+0530][7824.005s] GC(179) Pause Young (Normal) (G1 Evacuation Pause) 355M->57M(512M) 10.040ms
[2022-12-31T13:09:03.668+0530][7824.005s] GC(179) User=0.02s Sys=0.00s Real=0.01s
[2022-12-31T13:10:01.116+0530][7881.453s] GC(180) Pause Young (Normal) (G1 Evacuation Pause)
[2022-12-31T13:10:01.116+0530][7881.454s] GC(180) Using 8 workers of 8 for evacuation
[2022-12-31T13:10:01.122+0530][7881.459s] GC(180)   Pre Evacuate Collection Set: 0.0ms
[2022-12-31T13:10:01.122+0530][7881.460s] GC(180)   Evacuate Collection Set: 4.7ms
[2022-12-31T13:10:01.123+0530][7881.460s] GC(180)   Post Evacuate Collection Set: 0.6ms
[2022-12-31T13:10:01.123+0530][7881.460s] GC(180)   Other: 0.6ms
[2022-12-31T13:10:01.123+0530][7881.460s] GC(180) Eden regions: 298->0(295)
[2022-12-31T13:10:01.123+0530][7881.460s] GC(180) Survivor regions: 9->12(39)
[2022-12-31T13:10:01.123+0530][7881.461s] GC(180) Old regions: 43->43
[2022-12-31T13:10:01.124+0530][7881.461s] GC(180) Humongous regions: 7->7
[2022-12-31T13:10:01.124+0530][7881.461s] GC(180) Metaspace: 65177K->65177K(1107968K)
[2022-12-31T13:10:01.124+0530][7881.461s] GC(180) Pause Young (Normal) (G1 Evacuation Pause) 355M->60M(512M) 7.672ms
[2022-12-31T13:10:01.124+0530][7881.461s] GC(180) User=0.13s Sys=0.00s Real=0.01s
[2022-12-31T13:10:05.365+0530][7885.702s] GC(181) Pause Young (Normal) (G1 Evacuation Pause)
[2022-12-31T13:10:05.365+0530][7885.702s] GC(181) Using 8 workers of 8 for evacuation
[2022-12-31T13:10:05.369+0530][7885.706s] GC(181)   Pre Evacuate Collection Set: 0.0ms
[2022-12-31T13:10:05.369+0530][7885.706s] GC(181)   Evacuate Collection Set: 2.7ms
[2022-12-31T13:10:05.369+0530][7885.706s] GC(181)   Post Evacuate Collection Set: 0.5ms
[2022-12-31T13:10:05.369+0530][7885.706s] GC(181)   Other: 0.6ms
[2022-12-31T13:10:05.369+0530][7885.707s] GC(181) Eden regions: 295->0(304)
[2022-12-31T13:10:05.369+0530][7885.707s] GC(181) Survivor regions: 12->3(39)
[2022-12-31T13:10:05.369+0530][7885.707s] GC(181) Old regions: 43->43
[2022-12-31T13:10:05.370+0530][7885.707s] GC(181) Humongous regions: 7->7
[2022-12-31T13:10:05.370+0530][7885.707s] GC(181) Metaspace: 65191K->65191K(1107968K)
[2022-12-31T13:10:05.370+0530][7885.707s] GC(181) Pause Young (Normal) (G1 Evacuation Pause) 355M->51M(512M) 5.023ms
[2022-12-31T13:10:05.370+0530][7885.707s] GC(181) User=0.02s Sys=0.00s Real=0.00s
[2022-12-31T13:11:03.592+0530][7943.929s] GC(182) Pause Young (Normal) (G1 Evacuation Pause)
[2022-12-31T13:11:03.592+0530][7943.930s] GC(182) Using 8 workers of 8 for evacuation
[2022-12-31T13:11:03.597+0530][7943.934s] GC(182)   Pre Evacuate Collection Set: 0.0ms
[2022-12-31T13:11:03.597+0530][7943.934s] GC(182)   Evacuate Collection Set: 3.8ms
[2022-12-31T13:11:03.597+0530][7943.935s] GC(182)   Post Evacuate Collection Set: 0.4ms
[2022-12-31T13:11:03.597+0530][7943.935s] GC(182)   Other: 0.7ms
[2022-12-31T13:11:03.597+0530][7943.935s] GC(182) Eden regions: 304->0(303)
[2022-12-31T13:11:03.597+0530][7943.935s] GC(182) Survivor regions: 3->4(39)
[2022-12-31T13:11:03.598+0530][7943.935s] GC(182) Old regions: 43->43
[2022-12-31T13:11:03.598+0530][7943.935s] GC(182) Humongous regions: 7->7
[2022-12-31T13:11:03.598+0530][7943.935s] GC(182) Metaspace: 65204K->65204K(1107968K)
[2022-12-31T13:11:03.598+0530][7943.935s] GC(182) Pause Young (Normal) (G1 Evacuation Pause) 355M->52M(512M) 5.867ms
[2022-12-31T13:11:03.598+0530][7943.935s] GC(182) User=0.00s Sys=0.00s Real=0.01s
[2022-12-31T13:12:02.747+0530][8003.084s] GC(183) Pause Young (Normal) (G1 Evacuation Pause)
[2022-12-31T13:12:02.747+0530][8003.085s] GC(183) Using 8 workers of 8 for evacuation
[2022-12-31T13:12:02.751+0530][8003.089s] GC(183)   Pre Evacuate Collection Set: 0.0ms
[2022-12-31T13:12:02.751+0530][8003.089s] GC(183)   Evacuate Collection Set: 3.1ms
[2022-12-31T13:12:02.751+0530][8003.089s] GC(183)   Post Evacuate Collection Set: 0.5ms
[2022-12-31T13:12:02.751+0530][8003.089s] GC(183)   Other: 0.5ms
[2022-12-31T13:12:02.751+0530][8003.089s] GC(183) Eden regions: 303->0(301)
[2022-12-31T13:12:02.751+0530][8003.089s] GC(183) Survivor regions: 4->6(39)
[2022-12-31T13:12:02.751+0530][8003.089s] GC(183) Old regions: 43->43
[2022-12-31T13:12:02.752+0530][8003.090s] GC(183) Humongous regions: 7->7
[2022-12-31T13:12:02.752+0530][8003.090s] GC(183) Metaspace: 65204K->65204K(1107968K)
[2022-12-31T13:12:02.752+0530][8003.090s] GC(183) Pause Young (Normal) (G1 Evacuation Pause) 355M->55M(512M) 5.255ms
[2022-12-31T13:12:02.752+0530][8003.090s] GC(183) User=0.00s Sys=0.00s Real=0.01s
[2022-12-31T13:13:01.707+0530][8062.044s] GC(184) Pause Young (Normal) (G1 Evacuation Pause)
[2022-12-31T13:13:01.707+0530][8062.044s] GC(184) Using 8 workers of 8 for evacuation
[2022-12-31T13:13:01.712+0530][8062.049s] GC(184)   Pre Evacuate Collection Set: 0.0ms
[2022-12-31T13:13:01.712+0530][8062.049s] GC(184)   Evacuate Collection Set: 4.3ms
[2022-12-31T13:13:01.712+0530][8062.050s] GC(184)   Post Evacuate Collection Set: 0.5ms
[2022-12-31T13:13:01.713+0530][8062.050s] GC(184)   Other: 0.6ms
[2022-12-31T13:13:01.713+0530][8062.050s] GC(184) Eden regions: 301->0(298)
[2022-12-31T13:13:01.713+0530][8062.050s] GC(184) Survivor regions: 6->9(39)
[2022-12-31T13:13:01.713+0530][8062.050s] GC(184) Old regions: 43->43
[2022-12-31T13:13:01.713+0530][8062.050s] GC(184) Humongous regions: 7->7
[2022-12-31T13:13:01.713+0530][8062.051s] GC(184) Metaspace: 65204K->65204K(1107968K)
[2022-12-31T13:13:01.714+0530][8062.051s] GC(184) Pause Young (Normal) (G1 Evacuation Pause) 356M->58M(512M) 7.123ms
[2022-12-31T13:13:01.714+0530][8062.051s] GC(184) User=0.02s Sys=0.00s Real=0.01s
[2022-12-31T13:14:00.984+0530][8121.322s] GC(185) Pause Young (Normal) (G1 Evacuation Pause)
[2022-12-31T13:14:00.985+0530][8121.322s] GC(185) Using 8 workers of 8 for evacuation
[2022-12-31T13:14:00.989+0530][8121.327s] GC(185)   Pre Evacuate Collection Set: 0.0ms
[2022-12-31T13:14:00.990+0530][8121.327s] GC(185)   Evacuate Collection Set: 3.9ms
[2022-12-31T13:14:00.990+0530][8121.327s] GC(185)   Post Evacuate Collection Set: 0.5ms
[2022-12-31T13:14:00.990+0530][8121.328s] GC(185)   Other: 0.8ms
[2022-12-31T13:14:00.990+0530][8121.328s] GC(185) Eden regions: 298->0(299)
[2022-12-31T13:14:00.990+0530][8121.328s] GC(185) Survivor regions: 9->8(39)
[2022-12-31T13:14:00.990+0530][8121.328s] GC(185) Old regions: 43->43
[2022-12-31T13:14:00.990+0530][8121.328s] GC(185) Humongous regions: 7->7
[2022-12-31T13:14:00.990+0530][8121.328s] GC(185) Metaspace: 65204K->65204K(1107968K)
[2022-12-31T13:14:00.991+0530][8121.328s] GC(185) Pause Young (Normal) (G1 Evacuation Pause) 356M->56M(512M) 6.315ms
[2022-12-31T13:14:00.991+0530][8121.328s] GC(185) User=0.00s Sys=0.00s Real=0.01s
[2022-12-31T13:15:01.432+0530][8181.770s] GC(186) Pause Young (Normal) (G1 Evacuation Pause)
[2022-12-31T13:15:01.432+0530][8181.770s] GC(186) Using 8 workers of 8 for evacuation
[2022-12-31T13:15:01.437+0530][8181.774s] GC(186)   Pre Evacuate Collection Set: 0.0ms
[2022-12-31T13:15:01.437+0530][8181.775s] GC(186)   Evacuate Collection Set: 3.8ms
[2022-12-31T13:15:01.437+0530][8181.775s] GC(186)   Post Evacuate Collection Set: 0.5ms
[2022-12-31T13:15:01.437+0530][8181.775s] GC(186)   Other: 0.6ms
[2022-12-31T13:15:01.438+0530][8181.775s] GC(186) Eden regions: 299->0(300)
[2022-12-31T13:15:01.438+0530][8181.775s] GC(186) Survivor regions: 8->7(39)
[2022-12-31T13:15:01.438+0530][8181.776s] GC(186) Old regions: 43->43
[2022-12-31T13:15:01.438+0530][8181.776s] GC(186) Humongous regions: 7->7
[2022-12-31T13:15:01.438+0530][8181.776s] GC(186) Metaspace: 65204K->65204K(1107968K)
[2022-12-31T13:15:01.438+0530][8181.776s] GC(186) Pause Young (Normal) (G1 Evacuation Pause) 355M->56M(512M) 6.508ms
[2022-12-31T13:15:01.438+0530][8181.776s] GC(186) User=0.00s Sys=0.00s Real=0.01s
[2022-12-31T13:15:03.373+0530][8183.711s] GC(187) Pause Young (Normal) (G1 Evacuation Pause)
[2022-12-31T13:15:03.374+0530][8183.711s] GC(187) Using 8 workers of 8 for evacuation
[2022-12-31T13:15:03.380+0530][8183.717s] GC(187)   Pre Evacuate Collection Set: 0.0ms
[2022-12-31T13:15:03.380+0530][8183.717s] GC(187)   Evacuate Collection Set: 5.0ms
[2022-12-31T13:15:03.380+0530][8183.718s] GC(187)   Post Evacuate Collection Set: 0.6ms
[2022-12-31T13:15:03.380+0530][8183.718s] GC(187)   Other: 0.7ms
[2022-12-31T13:15:03.381+0530][8183.718s] GC(187) Eden regions: 300->0(300)
[2022-12-31T13:15:03.381+0530][8183.718s] GC(187) Survivor regions: 7->7(39)
[2022-12-31T13:15:03.381+0530][8183.718s] GC(187) Old regions: 43->43
[2022-12-31T13:15:03.381+0530][8183.719s] GC(187) Humongous regions: 7->7
[2022-12-31T13:15:03.381+0530][8183.719s] GC(187) Metaspace: 65206K->65206K(1107968K)
[2022-12-31T13:15:03.381+0530][8183.719s] GC(187) Pause Young (Normal) (G1 Evacuation Pause) 356M->55M(512M) 7.970ms
[2022-12-31T13:15:03.382+0530][8183.719s] GC(187) User=0.00s Sys=0.00s Real=0.01s
[2022-12-31T13:16:01.951+0530][8242.289s] GC(188) Pause Young (Normal) (G1 Evacuation Pause)
[2022-12-31T13:16:01.951+0530][8242.289s] GC(188) Using 8 workers of 8 for evacuation
[2022-12-31T13:16:01.958+0530][8242.296s] GC(188)   Pre Evacuate Collection Set: 0.0ms
[2022-12-31T13:16:01.958+0530][8242.296s] GC(188)   Evacuate Collection Set: 5.3ms
[2022-12-31T13:16:01.958+0530][8242.296s] GC(188)   Post Evacuate Collection Set: 1.2ms
[2022-12-31T13:16:01.958+0530][8242.296s] GC(188)   Other: 0.7ms
[2022-12-31T13:16:01.959+0530][8242.296s] GC(188) Eden regions: 300->0(295)
[2022-12-31T13:16:01.959+0530][8242.296s] GC(188) Survivor regions: 7->12(39)
[2022-12-31T13:16:01.959+0530][8242.296s] GC(188) Old regions: 43->43
[2022-12-31T13:16:01.959+0530][8242.297s] GC(188) Humongous regions: 7->7
[2022-12-31T13:16:01.959+0530][8242.297s] GC(188) Metaspace: 65208K->65208K(1107968K)
[2022-12-31T13:16:01.959+0530][8242.297s] GC(188) Pause Young (Normal) (G1 Evacuation Pause) 355M->61M(512M) 8.265ms
[2022-12-31T13:16:01.959+0530][8242.297s] GC(188) User=0.00s Sys=0.00s Real=0.01s
[2022-12-31T13:16:06.235+0530][8246.572s] GC(189) Pause Young (Normal) (G1 Evacuation Pause)
[2022-12-31T13:16:06.235+0530][8246.573s] GC(189) Using 8 workers of 8 for evacuation
[2022-12-31T13:16:06.238+0530][8246.576s] GC(189)   Pre Evacuate Collection Set: 0.0ms
[2022-12-31T13:16:06.238+0530][8246.576s] GC(189)   Evacuate Collection Set: 2.2ms
[2022-12-31T13:16:06.239+0530][8246.576s] GC(189)   Post Evacuate Collection Set: 0.4ms
[2022-12-31T13:16:06.239+0530][8246.576s] GC(189)   Other: 0.7ms
[2022-12-31T13:16:06.239+0530][8246.576s] GC(189) Eden regions: 295->0(304)
[2022-12-31T13:16:06.239+0530][8246.576s] GC(189) Survivor regions: 12->3(39)
[2022-12-31T13:16:06.239+0530][8246.576s] GC(189) Old regions: 43->43
[2022-12-31T13:16:06.239+0530][8246.576s] GC(189) Humongous regions: 7->7
[2022-12-31T13:16:06.239+0530][8246.577s] GC(189) Metaspace: 65208K->65208K(1107968K)
[2022-12-31T13:16:06.239+0530][8246.577s] GC(189) Pause Young (Normal) (G1 Evacuation Pause) 356M->52M(512M) 4.413ms
[2022-12-31T13:16:06.240+0530][8246.577s] GC(189) User=0.00s Sys=0.00s Real=0.01s
[2022-12-31T13:18:01.027+0530][8361.364s] GC(190) Pause Young (Normal) (G1 Evacuation Pause)
[2022-12-31T13:18:01.027+0530][8361.364s] GC(190) Using 8 workers of 8 for evacuation
[2022-12-31T13:18:01.033+0530][8361.370s] GC(190)   Pre Evacuate Collection Set: 0.0ms
[2022-12-31T13:18:01.034+0530][8361.371s] GC(190)   Evacuate Collection Set: 5.3ms
[2022-12-31T13:18:01.034+0530][8361.371s] GC(190)   Post Evacuate Collection Set: 0.6ms
[2022-12-31T13:18:01.034+0530][8361.371s] GC(190)   Other: 0.6ms
[2022-12-31T13:18:01.034+0530][8361.371s] GC(190) Eden regions: 304->0(293)
[2022-12-31T13:18:01.034+0530][8361.371s] GC(190) Survivor regions: 3->14(39)
[2022-12-31T13:18:01.034+0530][8361.372s] GC(190) Old regions: 43->43
[2022-12-31T13:18:01.035+0530][8361.372s] GC(190) Humongous regions: 7->7
[2022-12-31T13:18:01.035+0530][8361.372s] GC(190) Metaspace: 65211K->65211K(1107968K)
[2022-12-31T13:18:01.035+0530][8361.372s] GC(190) Pause Young (Normal) (G1 Evacuation Pause) 356M->63M(512M) 8.352ms
[2022-12-31T13:18:01.035+0530][8361.373s] GC(190) User=0.00s Sys=0.00s Real=0.01s
[2022-12-31T13:18:04.735+0530][8365.072s] GC(191) Pause Young (Normal) (G1 Evacuation Pause)
[2022-12-31T13:18:04.735+0530][8365.072s] GC(191) Using 8 workers of 8 for evacuation
[2022-12-31T13:18:04.740+0530][8365.078s] GC(191)   Pre Evacuate Collection Set: 0.0ms
[2022-12-31T13:18:04.741+0530][8365.078s] GC(191)   Evacuate Collection Set: 4.2ms
[2022-12-31T13:18:04.741+0530][8365.078s] GC(191)   Post Evacuate Collection Set: 0.6ms
[2022-12-31T13:18:04.741+0530][8365.078s] GC(191)   Other: 0.5ms
[2022-12-31T13:18:04.741+0530][8365.078s] GC(191) Eden regions: 293->0(302)
[2022-12-31T13:18:04.741+0530][8365.079s] GC(191) Survivor regions: 14->5(39)
[2022-12-31T13:18:04.741+0530][8365.079s] GC(191) Old regions: 43->43
[2022-12-31T13:18:04.742+0530][8365.079s] GC(191) Humongous regions: 7->7
[2022-12-31T13:18:04.742+0530][8365.079s] GC(191) Metaspace: 65211K->65211K(1107968K)
[2022-12-31T13:18:04.742+0530][8365.079s] GC(191) Pause Young (Normal) (G1 Evacuation Pause) 356M->54M(512M) 6.972ms
[2022-12-31T13:18:04.742+0530][8365.079s] GC(191) User=0.00s Sys=0.00s Real=0.01s
[2022-12-31T13:19:03.437+0530][8423.774s] GC(192) Pause Young (Normal) (G1 Evacuation Pause)
[2022-12-31T13:19:03.437+0530][8423.775s] GC(192) Using 8 workers of 8 for evacuation
[2022-12-31T13:19:03.441+0530][8423.779s] GC(192)   Pre Evacuate Collection Set: 0.0ms
[2022-12-31T13:19:03.442+0530][8423.779s] GC(192)   Evacuate Collection Set: 3.5ms
[2022-12-31T13:19:03.442+0530][8423.779s] GC(192)   Post Evacuate Collection Set: 0.5ms
[2022-12-31T13:19:03.442+0530][8423.780s] GC(192)   Other: 0.6ms
[2022-12-31T13:19:03.442+0530][8423.780s] GC(192) Eden regions: 302->0(302)
[2022-12-31T13:19:03.442+0530][8423.780s] GC(192) Survivor regions: 5->5(39)
[2022-12-31T13:19:03.443+0530][8423.780s] GC(192) Old regions: 43->43
[2022-12-31T13:19:03.443+0530][8423.780s] GC(192) Humongous regions: 7->7
[2022-12-31T13:19:03.443+0530][8423.780s] GC(192) Metaspace: 65212K->65212K(1107968K)
[2022-12-31T13:19:03.443+0530][8423.781s] GC(192) Pause Young (Normal) (G1 Evacuation Pause) 356M->54M(512M) 6.271ms
[2022-12-31T13:19:03.443+0530][8423.781s] GC(192) User=0.00s Sys=0.00s Real=0.01s
[2022-12-31T13:20:02.160+0530][8482.497s] GC(193) Pause Young (Normal) (G1 Evacuation Pause)
[2022-12-31T13:20:02.160+0530][8482.497s] GC(193) Using 8 workers of 8 for evacuation
[2022-12-31T13:20:02.164+0530][8482.502s] GC(193)   Pre Evacuate Collection Set: 0.0ms
[2022-12-31T13:20:02.165+0530][8482.502s] GC(193)   Evacuate Collection Set: 3.7ms
[2022-12-31T13:20:02.165+0530][8482.502s] GC(193)   Post Evacuate Collection Set: 0.5ms
[2022-12-31T13:20:02.165+0530][8482.502s] GC(193)   Other: 0.5ms
[2022-12-31T13:20:02.165+0530][8482.502s] GC(193) Eden regions: 302->0(298)
[2022-12-31T13:20:02.165+0530][8482.502s] GC(193) Survivor regions: 5->9(39)
[2022-12-31T13:20:02.165+0530][8482.502s] GC(193) Old regions: 43->43
[2022-12-31T13:20:02.165+0530][8482.503s] GC(193) Humongous regions: 7->7
[2022-12-31T13:20:02.165+0530][8482.503s] GC(193) Metaspace: 65212K->65212K(1107968K)
[2022-12-31T13:20:02.166+0530][8482.503s] GC(193) Pause Young (Normal) (G1 Evacuation Pause) 356M->57M(512M) 5.854ms
[2022-12-31T13:20:02.166+0530][8482.503s] GC(193) User=0.00s Sys=0.00s Real=0.01s
[2022-12-31T13:21:01.526+0530][8541.864s] GC(194) Pause Young (Normal) (G1 Evacuation Pause)
[2022-12-31T13:21:01.527+0530][8541.864s] GC(194) Using 8 workers of 8 for evacuation
[2022-12-31T13:21:01.532+0530][8541.869s] GC(194)   Pre Evacuate Collection Set: 0.0ms
[2022-12-31T13:21:01.532+0530][8541.870s] GC(194)   Evacuate Collection Set: 4.4ms
[2022-12-31T13:21:01.532+0530][8541.870s] GC(194)   Post Evacuate Collection Set: 0.5ms
[2022-12-31T13:21:01.533+0530][8541.870s] GC(194)   Other: 0.7ms
[2022-12-31T13:21:01.533+0530][8541.870s] GC(194) Eden regions: 298->0(296)
[2022-12-31T13:21:01.533+0530][8541.870s] GC(194) Survivor regions: 9->11(39)
[2022-12-31T13:21:01.533+0530][8541.870s] GC(194) Old regions: 43->43
[2022-12-31T13:21:01.533+0530][8541.870s] GC(194) Humongous regions: 7->7
[2022-12-31T13:21:01.533+0530][8541.870s] GC(194) Metaspace: 65213K->65213K(1107968K)
[2022-12-31T13:21:01.533+0530][8541.870s] GC(194) Pause Young (Normal) (G1 Evacuation Pause) 355M->60M(512M) 6.714ms
[2022-12-31T13:21:01.533+0530][8541.871s] GC(194) User=0.00s Sys=0.00s Real=0.01s
[2022-12-31T13:21:05.710+0530][8546.048s] GC(195) Pause Young (Normal) (G1 Evacuation Pause)
[2022-12-31T13:21:05.710+0530][8546.048s] GC(195) Using 8 workers of 8 for evacuation
[2022-12-31T13:21:05.713+0530][8546.051s] GC(195)   Pre Evacuate Collection Set: 0.0ms
[2022-12-31T13:21:05.714+0530][8546.052s] GC(195)   Evacuate Collection Set: 2.6ms
[2022-12-31T13:21:05.714+0530][8546.052s] GC(195)   Post Evacuate Collection Set: 0.5ms
[2022-12-31T13:21:05.714+0530][8546.052s] GC(195)   Other: 0.5ms
[2022-12-31T13:21:05.714+0530][8546.052s] GC(195) Eden regions: 296->0(304)
[2022-12-31T13:21:05.714+0530][8546.052s] GC(195) Survivor regions: 11->3(39)
[2022-12-31T13:21:05.715+0530][8546.052s] GC(195) Old regions: 43->43
[2022-12-31T13:21:05.715+0530][8546.052s] GC(195) Humongous regions: 7->7
[2022-12-31T13:21:05.715+0530][8546.053s] GC(195) Metaspace: 65213K->65213K(1107968K)
[2022-12-31T13:21:05.715+0530][8546.053s] GC(195) Pause Young (Normal) (G1 Evacuation Pause) 356M->52M(512M) 5.114ms
[2022-12-31T13:21:05.715+0530][8546.053s] GC(195) User=0.13s Sys=0.00s Real=0.00s
[2022-12-31T13:22:03.144+0530][8603.481s] GC(196) Pause Young (Normal) (G1 Evacuation Pause)
[2022-12-31T13:22:03.144+0530][8603.482s] GC(196) Using 8 workers of 8 for evacuation
[2022-12-31T13:22:03.148+0530][8603.486s] GC(196)   Pre Evacuate Collection Set: 0.0ms
[2022-12-31T13:22:03.149+0530][8603.486s] GC(196)   Evacuate Collection Set: 3.1ms
[2022-12-31T13:22:03.149+0530][8603.486s] GC(196)   Post Evacuate Collection Set: 0.6ms
[2022-12-31T13:22:03.149+0530][8603.486s] GC(196)   Other: 0.6ms
[2022-12-31T13:22:03.149+0530][8603.486s] GC(196) Eden regions: 304->0(303)
[2022-12-31T13:22:03.149+0530][8603.486s] GC(196) Survivor regions: 3->4(39)
[2022-12-31T13:22:03.149+0530][8603.486s] GC(196) Old regions: 43->43
[2022-12-31T13:22:03.149+0530][8603.487s] GC(196) Humongous regions: 7->7
[2022-12-31T13:22:03.149+0530][8603.487s] GC(196) Metaspace: 65213K->65213K(1107968K)
[2022-12-31T13:22:03.150+0530][8603.487s] GC(196) Pause Young (Normal) (G1 Evacuation Pause) 356M->53M(512M) 5.472ms
[2022-12-31T13:22:03.150+0530][8603.487s] GC(196) User=0.00s Sys=0.00s Real=0.01s
[2022-12-31T13:23:03.413+0530][8663.750s] GC(197) Pause Young (Normal) (G1 Evacuation Pause)
[2022-12-31T13:23:03.413+0530][8663.750s] GC(197) Using 8 workers of 8 for evacuation
[2022-12-31T13:23:03.417+0530][8663.755s] GC(197)   Pre Evacuate Collection Set: 0.0ms
[2022-12-31T13:23:03.418+0530][8663.755s] GC(197)   Evacuate Collection Set: 3.7ms
[2022-12-31T13:23:03.418+0530][8663.755s] GC(197)   Post Evacuate Collection Set: 0.6ms
[2022-12-31T13:23:03.418+0530][8663.755s] GC(197)   Other: 0.7ms
[2022-12-31T13:23:03.418+0530][8663.755s] GC(197) Eden regions: 303->0(303)
[2022-12-31T13:23:03.419+0530][8663.756s] GC(197) Survivor regions: 4->4(39)
[2022-12-31T13:23:03.419+0530][8663.756s] GC(197) Old regions: 43->43
[2022-12-31T13:23:03.419+0530][8663.756s] GC(197) Humongous regions: 7->7
[2022-12-31T13:23:03.419+0530][8663.756s] GC(197) Metaspace: 65216K->65216K(1107968K)
[2022-12-31T13:23:03.419+0530][8663.756s] GC(197) Pause Young (Normal) (G1 Evacuation Pause) 356M->53M(512M) 6.491ms
[2022-12-31T13:23:03.419+0530][8663.756s] GC(197) User=0.13s Sys=0.00s Real=0.01s
[2022-12-31T13:24:02.603+0530][8722.941s] GC(198) Pause Young (Normal) (G1 Evacuation Pause)
[2022-12-31T13:24:02.604+0530][8722.941s] GC(198) Using 8 workers of 8 for evacuation
[2022-12-31T13:24:02.607+0530][8722.945s] GC(198)   Pre Evacuate Collection Set: 0.0ms
[2022-12-31T13:24:02.608+0530][8722.945s] GC(198)   Evacuate Collection Set: 2.9ms
[2022-12-31T13:24:02.608+0530][8722.945s] GC(198)   Post Evacuate Collection Set: 0.4ms
[2022-12-31T13:24:02.608+0530][8722.945s] GC(198)   Other: 0.6ms
[2022-12-31T13:24:02.608+0530][8722.946s] GC(198) Eden regions: 303->0(303)
[2022-12-31T13:24:02.608+0530][8722.946s] GC(198) Survivor regions: 4->4(39)
[2022-12-31T13:24:02.608+0530][8722.946s] GC(198) Old regions: 43->44
[2022-12-31T13:24:02.608+0530][8722.946s] GC(198) Humongous regions: 7->7
[2022-12-31T13:24:02.608+0530][8722.946s] GC(198) Metaspace: 65216K->65216K(1107968K)
[2022-12-31T13:24:02.608+0530][8722.946s] GC(198) Pause Young (Normal) (G1 Evacuation Pause) 356M->53M(512M) 5.044ms
[2022-12-31T13:24:02.609+0530][8722.946s] GC(198) User=0.00s Sys=0.02s Real=0.01s
[2022-12-31T13:25:01.773+0530][8782.111s] GC(199) Pause Young (Normal) (G1 Evacuation Pause)
[2022-12-31T13:25:01.773+0530][8782.111s] GC(199) Using 8 workers of 8 for evacuation
[2022-12-31T13:25:01.779+0530][8782.116s] GC(199)   Pre Evacuate Collection Set: 0.0ms
[2022-12-31T13:25:01.779+0530][8782.117s] GC(199)   Evacuate Collection Set: 4.2ms
[2022-12-31T13:25:01.779+0530][8782.117s] GC(199)   Post Evacuate Collection Set: 0.6ms
[2022-12-31T13:25:01.779+0530][8782.117s] GC(199)   Other: 0.7ms
[2022-12-31T13:25:01.779+0530][8782.117s] GC(199) Eden regions: 303->0(299)
[2022-12-31T13:25:01.779+0530][8782.117s] GC(199) Survivor regions: 4->8(39)
[2022-12-31T13:25:01.780+0530][8782.117s] GC(199) Old regions: 44->44
[2022-12-31T13:25:01.780+0530][8782.117s] GC(199) Humongous regions: 7->7
[2022-12-31T13:25:01.780+0530][8782.117s] GC(199) Metaspace: 65216K->65216K(1107968K)
[2022-12-31T13:25:01.780+0530][8782.118s] GC(199) Pause Young (Normal) (G1 Evacuation Pause) 356M->58M(512M) 6.768ms
[2022-12-31T13:25:01.780+0530][8782.118s] GC(199) User=0.13s Sys=0.00s Real=0.01s
[2022-12-31T13:26:00.905+0530][8841.242s] GC(200) Pause Young (Normal) (G1 Evacuation Pause)
[2022-12-31T13:26:00.905+0530][8841.242s] GC(200) Using 8 workers of 8 for evacuation
[2022-12-31T13:26:00.911+0530][8841.248s] GC(200)   Pre Evacuate Collection Set: 0.0ms
[2022-12-31T13:26:00.911+0530][8841.248s] GC(200)   Evacuate Collection Set: 4.9ms
[2022-12-31T13:26:00.911+0530][8841.248s] GC(200)   Post Evacuate Collection Set: 0.4ms
[2022-12-31T13:26:00.911+0530][8841.248s] GC(200)   Other: 0.5ms
[2022-12-31T13:26:00.911+0530][8841.248s] GC(200) Eden regions: 299->0(295)
[2022-12-31T13:26:00.911+0530][8841.248s] GC(200) Survivor regions: 8->12(39)
[2022-12-31T13:26:00.911+0530][8841.249s] GC(200) Old regions: 44->44
[2022-12-31T13:26:00.912+0530][8841.249s] GC(200) Humongous regions: 7->7
[2022-12-31T13:26:00.912+0530][8841.249s] GC(200) Metaspace: 65230K->65230K(1107968K)
[2022-12-31T13:26:00.912+0530][8841.249s] GC(200) Pause Young (Normal) (G1 Evacuation Pause) 357M->61M(512M) 6.962ms
[2022-12-31T13:26:00.912+0530][8841.249s] GC(200) User=0.00s Sys=0.00s Real=0.01s
[2022-12-31T13:27:01.301+0530][8901.639s] GC(201) Pause Young (Normal) (G1 Evacuation Pause)
[2022-12-31T13:27:01.302+0530][8901.639s] GC(201) Using 8 workers of 8 for evacuation
[2022-12-31T13:27:01.307+0530][8901.644s] GC(201)   Pre Evacuate Collection Set: 0.0ms
[2022-12-31T13:27:01.307+0530][8901.645s] GC(201)   Evacuate Collection Set: 4.2ms
[2022-12-31T13:27:01.307+0530][8901.645s] GC(201)   Post Evacuate Collection Set: 0.5ms
[2022-12-31T13:27:01.307+0530][8901.645s] GC(201)   Other: 0.7ms
[2022-12-31T13:27:01.308+0530][8901.645s] GC(201) Eden regions: 295->0(299)
[2022-12-31T13:27:01.308+0530][8901.645s] GC(201) Survivor regions: 12->8(39)
[2022-12-31T13:27:01.308+0530][8901.646s] GC(201) Old regions: 44->44
[2022-12-31T13:27:01.308+0530][8901.646s] GC(201) Humongous regions: 7->7
[2022-12-31T13:27:01.308+0530][8901.646s] GC(201) Metaspace: 65230K->65230K(1107968K)
[2022-12-31T13:27:01.308+0530][8901.646s] GC(201) Pause Young (Normal) (G1 Evacuation Pause) 356M->57M(512M) 6.920ms
[2022-12-31T13:27:01.309+0530][8901.646s] GC(201) User=0.02s Sys=0.09s Real=0.01s
[2022-12-31T13:27:03.550+0530][8903.887s] GC(202) Pause Young (Normal) (G1 Evacuation Pause)
[2022-12-31T13:27:03.550+0530][8903.887s] GC(202) Using 8 workers of 8 for evacuation
[2022-12-31T13:27:03.556+0530][8903.893s] GC(202)   Pre Evacuate Collection Set: 0.0ms
[2022-12-31T13:27:03.556+0530][8903.893s] GC(202)   Evacuate Collection Set: 4.5ms
[2022-12-31T13:27:03.556+0530][8903.893s] GC(202)   Post Evacuate Collection Set: 0.4ms
[2022-12-31T13:27:03.556+0530][8903.893s] GC(202)   Other: 0.5ms
[2022-12-31T13:27:03.556+0530][8903.893s] GC(202) Eden regions: 299->0(300)
[2022-12-31T13:27:03.556+0530][8903.893s] GC(202) Survivor regions: 8->7(39)
[2022-12-31T13:27:03.556+0530][8903.893s] GC(202) Old regions: 44->44
[2022-12-31T13:27:03.557+0530][8903.894s] GC(202) Humongous regions: 7->7
[2022-12-31T13:27:03.557+0530][8903.894s] GC(202) Metaspace: 65230K->65230K(1107968K)
[2022-12-31T13:27:03.557+0530][8903.894s] GC(202) Pause Young (Normal) (G1 Evacuation Pause) 356M->56M(512M) 6.536ms
[2022-12-31T13:27:03.557+0530][8903.894s] GC(202) User=0.00s Sys=0.00s Real=0.01s
[2022-12-31T13:28:00.873+0530][8961.210s] GC(203) Pause Young (Normal) (G1 Evacuation Pause)
[2022-12-31T13:28:00.873+0530][8961.210s] GC(203) Using 8 workers of 8 for evacuation
[2022-12-31T13:28:00.880+0530][8961.217s] GC(203)   Pre Evacuate Collection Set: 0.0ms
[2022-12-31T13:28:00.880+0530][8961.217s] GC(203)   Evacuate Collection Set: 5.9ms
[2022-12-31T13:28:00.880+0530][8961.218s] GC(203)   Post Evacuate Collection Set: 0.7ms
[2022-12-31T13:28:00.880+0530][8961.218s] GC(203)   Other: 0.7ms
[2022-12-31T13:28:00.881+0530][8961.218s] GC(203) Eden regions: 300->0(290)
[2022-12-31T13:28:00.881+0530][8961.218s] GC(203) Survivor regions: 7->17(39)
[2022-12-31T13:28:00.881+0530][8961.218s] GC(203) Old regions: 44->44
[2022-12-31T13:28:00.881+0530][8961.218s] GC(203) Humongous regions: 7->7
[2022-12-31T13:28:00.881+0530][8961.219s] GC(203) Metaspace: 65232K->65232K(1107968K)
[2022-12-31T13:28:00.881+0530][8961.219s] GC(203) Pause Young (Normal) (G1 Evacuation Pause) 356M->67M(512M) 8.901ms
[2022-12-31T13:28:00.882+0530][8961.219s] GC(203) User=0.00s Sys=0.00s Real=0.01s
[2022-12-31T13:28:03.934+0530][8964.271s] GC(204) Pause Young (Normal) (G1 Evacuation Pause)
[2022-12-31T13:28:03.934+0530][8964.271s] GC(204) Using 8 workers of 8 for evacuation
[2022-12-31T13:28:03.940+0530][8964.278s] GC(204)   Pre Evacuate Collection Set: 0.0ms
[2022-12-31T13:28:03.941+0530][8964.278s] GC(204)   Evacuate Collection Set: 5.5ms
[2022-12-31T13:28:03.941+0530][8964.278s] GC(204)   Post Evacuate Collection Set: 0.6ms
[2022-12-31T13:28:03.941+0530][8964.278s] GC(204)   Other: 0.5ms
[2022-12-31T13:28:03.941+0530][8964.279s] GC(204) Eden regions: 290->0(300)
[2022-12-31T13:28:03.941+0530][8964.279s] GC(204) Survivor regions: 17->7(39)
[2022-12-31T13:28:03.942+0530][8964.279s] GC(204) Old regions: 44->44
[2022-12-31T13:28:03.942+0530][8964.279s] GC(204) Humongous regions: 7->7
[2022-12-31T13:28:03.942+0530][8964.279s] GC(204) Metaspace: 65232K->65232K(1107968K)
[2022-12-31T13:28:03.942+0530][8964.279s] GC(204) Pause Young (Normal) (G1 Evacuation Pause) 357M->56M(512M) 8.033ms
[2022-12-31T13:28:03.942+0530][8964.279s] GC(204) User=0.00s Sys=0.00s Real=0.01s
[2022-12-31T13:29:03.024+0530][9023.362s] GC(205) Pause Young (Normal) (G1 Evacuation Pause)
[2022-12-31T13:29:03.025+0530][9023.362s] GC(205) Using 8 workers of 8 for evacuation
[2022-12-31T13:29:03.029+0530][9023.367s] GC(205)   Pre Evacuate Collection Set: 0.0ms
[2022-12-31T13:29:03.029+0530][9023.367s] GC(205)   Evacuate Collection Set: 3.2ms
[2022-12-31T13:29:03.029+0530][9023.367s] GC(205)   Post Evacuate Collection Set: 0.5ms
[2022-12-31T13:29:03.030+0530][9023.367s] GC(205)   Other: 0.9ms
[2022-12-31T13:29:03.030+0530][9023.367s] GC(205) Eden regions: 300->0(300)
[2022-12-31T13:29:03.030+0530][9023.367s] GC(205) Survivor regions: 7->7(39)
[2022-12-31T13:29:03.030+0530][9023.368s] GC(205) Old regions: 44->44
[2022-12-31T13:29:03.030+0530][9023.368s] GC(205) Humongous regions: 7->7
[2022-12-31T13:29:03.030+0530][9023.368s] GC(205) Metaspace: 65232K->65232K(1107968K)
[2022-12-31T13:29:03.031+0530][9023.368s] GC(205) Pause Young (Normal) (G1 Evacuation Pause) 356M->56M(512M) 6.143ms
[2022-12-31T13:29:03.031+0530][9023.368s] GC(205) User=0.13s Sys=0.00s Real=0.01s
[2022-12-31T13:29:06.774+0530][9027.111s] GC(206) Pause Young (Normal) (G1 Evacuation Pause)
[2022-12-31T13:29:06.774+0530][9027.112s] GC(206) Using 8 workers of 8 for evacuation
[2022-12-31T13:29:06.778+0530][9027.115s] GC(206)   Pre Evacuate Collection Set: 0.0ms
[2022-12-31T13:29:06.778+0530][9027.116s] GC(206)   Evacuate Collection Set: 3.0ms
[2022-12-31T13:29:06.778+0530][9027.116s] GC(206)   Post Evacuate Collection Set: 0.4ms
[2022-12-31T13:29:06.778+0530][9027.116s] GC(206)   Other: 0.7ms
[2022-12-31T13:29:06.779+0530][9027.116s] GC(206) Eden regions: 300->0(304)
[2022-12-31T13:29:06.779+0530][9027.116s] GC(206) Survivor regions: 7->3(39)
[2022-12-31T13:29:06.779+0530][9027.117s] GC(206) Old regions: 44->44
[2022-12-31T13:29:06.779+0530][9027.117s] GC(206) Humongous regions: 7->7
[2022-12-31T13:29:06.779+0530][9027.117s] GC(206) Metaspace: 65235K->65235K(1107968K)
[2022-12-31T13:29:06.780+0530][9027.117s] GC(206) Pause Young (Normal) (G1 Evacuation Pause) 356M->53M(512M) 5.816ms
[2022-12-31T13:29:06.780+0530][9027.117s] GC(206) User=0.09s Sys=0.00s Real=0.01s
[2022-12-31T13:30:04.147+0530][9084.485s] GC(207) Pause Young (Normal) (G1 Evacuation Pause)
[2022-12-31T13:30:04.147+0530][9084.485s] GC(207) Using 8 workers of 8 for evacuation
[2022-12-31T13:30:04.154+0530][9084.492s] GC(207)   Pre Evacuate Collection Set: 0.0ms
[2022-12-31T13:30:04.154+0530][9084.492s] GC(207)   Evacuate Collection Set: 5.6ms
[2022-12-31T13:30:04.154+0530][9084.492s] GC(207)   Post Evacuate Collection Set: 0.7ms
[2022-12-31T13:30:04.155+0530][9084.492s] GC(207)   Other: 0.6ms
[2022-12-31T13:30:04.155+0530][9084.493s] GC(207) Eden regions: 304->0(297)
[2022-12-31T13:30:04.155+0530][9084.493s] GC(207) Survivor regions: 3->10(39)
[2022-12-31T13:30:04.155+0530][9084.493s] GC(207) Old regions: 44->44
[2022-12-31T13:30:04.155+0530][9084.493s] GC(207) Humongous regions: 7->7
[2022-12-31T13:30:04.155+0530][9084.493s] GC(207) Metaspace: 65235K->65235K(1107968K)
[2022-12-31T13:30:04.156+0530][9084.493s] GC(207) Pause Young (Normal) (G1 Evacuation Pause) 357M->60M(512M) 8.563ms
[2022-12-31T13:30:04.156+0530][9084.494s] GC(207) User=0.13s Sys=0.00s Real=0.01s
[2022-12-31T13:31:01.373+0530][9141.711s] GC(208) Pause Young (Normal) (G1 Evacuation Pause)
[2022-12-31T13:31:01.373+0530][9141.711s] GC(208) Using 8 workers of 8 for evacuation
[2022-12-31T13:31:01.379+0530][9141.717s] GC(208)   Pre Evacuate Collection Set: 0.0ms
[2022-12-31T13:31:01.379+0530][9141.717s] GC(208)   Evacuate Collection Set: 4.2ms
[2022-12-31T13:31:01.380+0530][9141.717s] GC(208)   Post Evacuate Collection Set: 1.3ms
[2022-12-31T13:31:01.380+0530][9141.717s] GC(208)   Other: 0.6ms
[2022-12-31T13:31:01.380+0530][9141.717s] GC(208) Eden regions: 297->0(298)
[2022-12-31T13:31:01.380+0530][9141.718s] GC(208) Survivor regions: 10->9(39)
[2022-12-31T13:31:01.380+0530][9141.718s] GC(208) Old regions: 44->44
[2022-12-31T13:31:01.380+0530][9141.718s] GC(208) Humongous regions: 7->7
[2022-12-31T13:31:01.380+0530][9141.718s] GC(208) Metaspace: 65235K->65235K(1107968K)
[2022-12-31T13:31:01.381+0530][9141.718s] GC(208) Pause Young (Normal) (G1 Evacuation Pause) 357M->58M(512M) 7.623ms
[2022-12-31T13:31:01.381+0530][9141.718s] GC(208) User=0.00s Sys=0.00s Real=0.01s
[2022-12-31T13:32:02.393+0530][9202.731s] GC(209) Pause Young (Normal) (G1 Evacuation Pause)
[2022-12-31T13:32:02.394+0530][9202.731s] GC(209) Using 8 workers of 8 for evacuation
[2022-12-31T13:32:02.399+0530][9202.737s] GC(209)   Pre Evacuate Collection Set: 0.0ms
[2022-12-31T13:32:02.399+0530][9202.737s] GC(209)   Evacuate Collection Set: 4.7ms
[2022-12-31T13:32:02.400+0530][9202.737s] GC(209)   Post Evacuate Collection Set: 0.6ms
[2022-12-31T13:32:02.400+0530][9202.738s] GC(209)   Other: 0.6ms
[2022-12-31T13:32:02.400+0530][9202.738s] GC(209) Eden regions: 298->0(296)
[2022-12-31T13:32:02.400+0530][9202.738s] GC(209) Survivor regions: 9->11(39)
[2022-12-31T13:32:02.400+0530][9202.738s] GC(209) Old regions: 44->44
[2022-12-31T13:32:02.400+0530][9202.738s] GC(209) Humongous regions: 7->7
[2022-12-31T13:32:02.400+0530][9202.738s] GC(209) Metaspace: 65237K->65237K(1107968K)
[2022-12-31T13:32:02.401+0530][9202.738s] GC(209) Pause Young (Normal) (G1 Evacuation Pause) 356M->61M(512M) 7.333ms
[2022-12-31T13:32:02.401+0530][9202.739s] GC(209) User=0.02s Sys=0.00s Real=0.01s
[2022-12-31T13:32:04.824+0530][9205.162s] GC(210) Pause Young (Normal) (G1 Evacuation Pause)
[2022-12-31T13:32:04.825+0530][9205.162s] GC(210) Using 8 workers of 8 for evacuation
[2022-12-31T13:32:04.828+0530][9205.165s] GC(210)   Pre Evacuate Collection Set: 0.0ms
[2022-12-31T13:32:04.828+0530][9205.165s] GC(210)   Evacuate Collection Set: 2.4ms
[2022-12-31T13:32:04.828+0530][9205.165s] GC(210)   Post Evacuate Collection Set: 0.4ms
[2022-12-31T13:32:04.828+0530][9205.165s] GC(210)   Other: 0.5ms
[2022-12-31T13:32:04.828+0530][9205.166s] GC(210) Eden regions: 296->0(304)
[2022-12-31T13:32:04.828+0530][9205.166s] GC(210) Survivor regions: 11->3(39)
[2022-12-31T13:32:04.828+0530][9205.166s] GC(210) Old regions: 44->44
[2022-12-31T13:32:04.829+0530][9205.166s] GC(210) Humongous regions: 7->7
[2022-12-31T13:32:04.829+0530][9205.166s] GC(210) Metaspace: 65237K->65237K(1107968K)
[2022-12-31T13:32:04.829+0530][9205.166s] GC(210) Pause Young (Normal) (G1 Evacuation Pause) 357M->52M(512M) 4.404ms
[2022-12-31T13:32:04.829+0530][9205.166s] GC(210) User=0.00s Sys=0.00s Real=0.01s
[2022-12-31T13:33:04.697+0530][9265.034s] GC(211) Pause Young (Normal) (G1 Evacuation Pause)
[2022-12-31T13:33:04.697+0530][9265.034s] GC(211) Using 8 workers of 8 for evacuation
[2022-12-31T13:33:04.702+0530][9265.039s] GC(211)   Pre Evacuate Collection Set: 0.0ms
[2022-12-31T13:33:04.702+0530][9265.039s] GC(211)   Evacuate Collection Set: 3.4ms
[2022-12-31T13:33:04.702+0530][9265.039s] GC(211)   Post Evacuate Collection Set: 0.5ms
[2022-12-31T13:33:04.702+0530][9265.039s] GC(211)   Other: 0.7ms
[2022-12-31T13:33:04.702+0530][9265.039s] GC(211) Eden regions: 304->0(304)
[2022-12-31T13:33:04.702+0530][9265.039s] GC(211) Survivor regions: 3->3(39)
[2022-12-31T13:33:04.702+0530][9265.039s] GC(211) Old regions: 44->44
[2022-12-31T13:33:04.702+0530][9265.040s] GC(211) Humongous regions: 7->7
[2022-12-31T13:33:04.703+0530][9265.040s] GC(211) Metaspace: 65237K->65237K(1107968K)
[2022-12-31T13:33:04.703+0530][9265.040s] GC(211) Pause Young (Normal) (G1 Evacuation Pause) 356M->52M(512M) 5.803ms
[2022-12-31T13:33:04.703+0530][9265.040s] GC(211) User=0.09s Sys=0.00s Real=0.01s
[2022-12-31T13:34:04.275+0530][9324.613s] GC(212) Pause Young (Normal) (G1 Evacuation Pause)
[2022-12-31T13:34:04.275+0530][9324.613s] GC(212) Using 8 workers of 8 for evacuation
[2022-12-31T13:34:04.280+0530][9324.618s] GC(212)   Pre Evacuate Collection Set: 0.0ms
[2022-12-31T13:34:04.280+0530][9324.618s] GC(212)   Evacuate Collection Set: 3.9ms
[2022-12-31T13:34:04.281+0530][9324.618s] GC(212)   Post Evacuate Collection Set: 0.4ms
[2022-12-31T13:34:04.281+0530][9324.618s] GC(212)   Other: 0.6ms
[2022-12-31T13:34:04.281+0530][9324.619s] GC(212) Eden regions: 304->0(303)
[2022-12-31T13:34:04.281+0530][9324.619s] GC(212) Survivor regions: 3->4(39)
[2022-12-31T13:34:04.281+0530][9324.619s] GC(212) Old regions: 44->44
[2022-12-31T13:34:04.281+0530][9324.619s] GC(212) Humongous regions: 7->7
[2022-12-31T13:34:04.281+0530][9324.619s] GC(212) Metaspace: 65239K->65239K(1107968K)
[2022-12-31T13:34:04.281+0530][9324.619s] GC(212) Pause Young (Normal) (G1 Evacuation Pause) 356M->54M(512M) 6.074ms
[2022-12-31T13:34:04.281+0530][9324.619s] GC(212) User=0.02s Sys=0.00s Real=0.01s
[2022-12-31T13:35:01.367+0530][9381.704s] GC(213) Pause Young (Normal) (G1 Evacuation Pause)
[2022-12-31T13:35:01.367+0530][9381.704s] GC(213) Using 8 workers of 8 for evacuation
[2022-12-31T13:35:01.373+0530][9381.710s] GC(213)   Pre Evacuate Collection Set: 0.0ms
[2022-12-31T13:35:01.373+0530][9381.710s] GC(213)   Evacuate Collection Set: 4.7ms
[2022-12-31T13:35:01.373+0530][9381.710s] GC(213)   Post Evacuate Collection Set: 0.5ms
[2022-12-31T13:35:01.373+0530][9381.710s] GC(213)   Other: 0.7ms
[2022-12-31T13:35:01.373+0530][9381.710s] GC(213) Eden regions: 303->0(294)
[2022-12-31T13:35:01.373+0530][9381.710s] GC(213) Survivor regions: 4->13(39)
[2022-12-31T13:35:01.373+0530][9381.710s] GC(213) Old regions: 44->44
[2022-12-31T13:35:01.374+0530][9381.711s] GC(213) Humongous regions: 7->7
[2022-12-31T13:35:01.374+0530][9381.711s] GC(213) Metaspace: 65247K->65247K(1107968K)
[2022-12-31T13:35:01.374+0530][9381.711s] GC(213) Pause Young (Normal) (G1 Evacuation Pause) 357M->62M(512M) 7.114ms
[2022-12-31T13:35:01.374+0530][9381.711s] GC(213) User=0.13s Sys=0.00s Real=0.01s
[2022-12-31T13:35:05.483+0530][9385.820s] GC(214) Pause Young (Normal) (G1 Evacuation Pause)
[2022-12-31T13:35:05.483+0530][9385.820s] GC(214) Using 8 workers of 8 for evacuation
[2022-12-31T13:35:05.486+0530][9385.823s] GC(214)   Pre Evacuate Collection Set: 0.0ms
[2022-12-31T13:35:05.486+0530][9385.823s] GC(214)   Evacuate Collection Set: 2.6ms
[2022-12-31T13:35:05.486+0530][9385.824s] GC(214)   Post Evacuate Collection Set: 0.4ms
[2022-12-31T13:35:05.487+0530][9385.824s] GC(214)   Other: 0.5ms
[2022-12-31T13:35:05.487+0530][9385.824s] GC(214) Eden regions: 294->0(304)
[2022-12-31T13:35:05.487+0530][9385.824s] GC(214) Survivor regions: 13->3(39)
[2022-12-31T13:35:05.487+0530][9385.824s] GC(214) Old regions: 44->44
[2022-12-31T13:35:05.487+0530][9385.824s] GC(214) Humongous regions: 7->7
[2022-12-31T13:35:05.487+0530][9385.825s] GC(214) Metaspace: 65247K->65247K(1107968K)
[2022-12-31T13:35:05.488+0530][9385.825s] GC(214) Pause Young (Normal) (G1 Evacuation Pause) 356M->53M(512M) 5.039ms
[2022-12-31T13:35:05.488+0530][9385.825s] GC(214) User=0.00s Sys=0.00s Real=0.00s
[2022-12-31T13:36:03.888+0530][9444.226s] GC(215) Pause Young (Normal) (G1 Evacuation Pause)
[2022-12-31T13:36:03.888+0530][9444.226s] GC(215) Using 8 workers of 8 for evacuation
[2022-12-31T13:36:03.896+0530][9444.234s] GC(215)   Pre Evacuate Collection Set: 0.0ms
[2022-12-31T13:36:03.896+0530][9444.234s] GC(215)   Evacuate Collection Set: 6.8ms
[2022-12-31T13:36:03.896+0530][9444.234s] GC(215)   Post Evacuate Collection Set: 0.7ms
[2022-12-31T13:36:03.897+0530][9444.234s] GC(215)   Other: 0.6ms
[2022-12-31T13:36:03.897+0530][9444.235s] GC(215) Eden regions: 304->0(299)
[2022-12-31T13:36:03.897+0530][9444.235s] GC(215) Survivor regions: 3->8(39)
[2022-12-31T13:36:03.897+0530][9444.235s] GC(215) Old regions: 44->44
[2022-12-31T13:36:03.897+0530][9444.235s] GC(215) Humongous regions: 7->7
[2022-12-31T13:36:03.897+0530][9444.235s] GC(215) Metaspace: 65247K->65247K(1107968K)
[2022-12-31T13:36:03.897+0530][9444.235s] GC(215) Pause Young (Normal) (G1 Evacuation Pause) 357M->58M(512M) 9.475ms
[2022-12-31T13:36:03.898+0530][9444.235s] GC(215) User=0.00s Sys=0.00s Real=0.01s
[2022-12-31T13:37:02.134+0530][9502.471s] GC(216) Pause Young (Normal) (G1 Evacuation Pause)
[2022-12-31T13:37:02.134+0530][9502.471s] GC(216) Using 8 workers of 8 for evacuation
[2022-12-31T13:37:02.142+0530][9502.479s] GC(216)   Pre Evacuate Collection Set: 0.1ms
[2022-12-31T13:37:02.142+0530][9502.479s] GC(216)   Evacuate Collection Set: 6.2ms
[2022-12-31T13:37:02.142+0530][9502.479s] GC(216)   Post Evacuate Collection Set: 0.8ms
[2022-12-31T13:37:02.142+0530][9502.479s] GC(216)   Other: 0.8ms
[2022-12-31T13:37:02.143+0530][9502.480s] GC(216) Eden regions: 299->0(292)
[2022-12-31T13:37:02.143+0530][9502.480s] GC(216) Survivor regions: 8->15(39)
[2022-12-31T13:37:02.143+0530][9502.480s] GC(216) Old regions: 44->44
[2022-12-31T13:37:02.143+0530][9502.480s] GC(216) Humongous regions: 7->7
[2022-12-31T13:37:02.143+0530][9502.480s] GC(216) Metaspace: 65247K->65247K(1107968K)
[2022-12-31T13:37:02.144+0530][9502.481s] GC(216) Pause Young (Normal) (G1 Evacuation Pause) 357M->65M(512M) 9.524ms
[2022-12-31T13:37:02.144+0530][9502.481s] GC(216) User=0.11s Sys=0.00s Real=0.01s
[2022-12-31T13:37:05.889+0530][9506.227s] GC(217) Pause Young (Normal) (G1 Evacuation Pause)
[2022-12-31T13:37:05.889+0530][9506.227s] GC(217) Using 8 workers of 8 for evacuation
[2022-12-31T13:37:05.894+0530][9506.232s] GC(217)   Pre Evacuate Collection Set: 0.0ms
[2022-12-31T13:37:05.895+0530][9506.233s] GC(217)   Evacuate Collection Set: 4.3ms
[2022-12-31T13:37:05.895+0530][9506.233s] GC(217)   Post Evacuate Collection Set: 0.6ms
[2022-12-31T13:37:05.895+0530][9506.233s] GC(217)   Other: 0.7ms
[2022-12-31T13:37:05.895+0530][9506.233s] GC(217) Eden regions: 292->0(300)
[2022-12-31T13:37:05.895+0530][9506.233s] GC(217) Survivor regions: 15->7(39)
[2022-12-31T13:37:05.895+0530][9506.233s] GC(217) Old regions: 44->44
[2022-12-31T13:37:05.896+0530][9506.234s] GC(217) Humongous regions: 7->7
[2022-12-31T13:37:05.896+0530][9506.234s] GC(217) Metaspace: 65247K->65247K(1107968K)
[2022-12-31T13:37:05.896+0530][9506.234s] GC(217) Pause Young (Normal) (G1 Evacuation Pause) 357M->57M(512M) 7.263ms
[2022-12-31T13:37:05.896+0530][9506.234s] GC(217) User=0.00s Sys=0.00s Real=0.01s
[2022-12-31T13:38:02.498+0530][9562.836s] GC(218) Pause Young (Normal) (G1 Evacuation Pause)
[2022-12-31T13:38:02.499+0530][9562.836s] GC(218) Using 8 workers of 8 for evacuation
[2022-12-31T13:38:02.506+0530][9562.843s] GC(218)   Pre Evacuate Collection Set: 0.0ms
[2022-12-31T13:38:02.506+0530][9562.843s] GC(218)   Evacuate Collection Set: 5.9ms
[2022-12-31T13:38:02.506+0530][9562.844s] GC(218)   Post Evacuate Collection Set: 0.6ms
[2022-12-31T13:38:02.507+0530][9562.844s] GC(218)   Other: 0.8ms
[2022-12-31T13:38:02.507+0530][9562.844s] GC(218) Eden regions: 300->0(292)
[2022-12-31T13:38:02.507+0530][9562.844s] GC(218) Survivor regions: 7->15(39)
[2022-12-31T13:38:02.507+0530][9562.844s] GC(218) Old regions: 44->44
[2022-12-31T13:38:02.507+0530][9562.845s] GC(218) Humongous regions: 7->7
[2022-12-31T13:38:02.507+0530][9562.845s] GC(218) Metaspace: 65247K->65247K(1107968K)
[2022-12-31T13:38:02.508+0530][9562.845s] GC(218) Pause Young (Normal) (G1 Evacuation Pause) 357M->65M(512M) 9.100ms
[2022-12-31T13:38:02.508+0530][9562.845s] GC(218) User=0.00s Sys=0.00s Real=0.01s
[2022-12-31T13:38:06.265+0530][9566.602s] GC(219) Pause Young (Normal) (G1 Evacuation Pause)
[2022-12-31T13:38:06.265+0530][9566.602s] GC(219) Using 8 workers of 8 for evacuation
[2022-12-31T13:38:06.270+0530][9566.607s] GC(219)   Pre Evacuate Collection Set: 0.0ms
[2022-12-31T13:38:06.271+0530][9566.608s] GC(219)   Evacuate Collection Set: 4.8ms
[2022-12-31T13:38:06.271+0530][9566.608s] GC(219)   Post Evacuate Collection Set: 0.4ms
[2022-12-31T13:38:06.271+0530][9566.608s] GC(219)   Other: 0.5ms
[2022-12-31T13:38:06.271+0530][9566.608s] GC(219) Eden regions: 292->0(300)
[2022-12-31T13:38:06.271+0530][9566.608s] GC(219) Survivor regions: 15->7(39)
[2022-12-31T13:38:06.271+0530][9566.608s] GC(219) Old regions: 44->44
[2022-12-31T13:38:06.271+0530][9566.608s] GC(219) Humongous regions: 7->7
[2022-12-31T13:38:06.271+0530][9566.609s] GC(219) Metaspace: 65247K->65247K(1107968K)
[2022-12-31T13:38:06.271+0530][9566.609s] GC(219) Pause Young (Normal) (G1 Evacuation Pause) 357M->57M(512M) 6.812ms
[2022-12-31T13:38:06.272+0530][9566.609s] GC(219) User=0.00s Sys=0.00s Real=0.01s
[2022-12-31T13:39:02.389+0530][9622.727s] GC(220) Pause Young (Normal) (G1 Evacuation Pause)
[2022-12-31T13:39:02.390+0530][9622.727s] GC(220) Using 8 workers of 8 for evacuation
[2022-12-31T13:39:02.397+0530][9622.735s] GC(220)   Pre Evacuate Collection Set: 0.0ms
[2022-12-31T13:39:02.397+0530][9622.735s] GC(220)   Evacuate Collection Set: 6.1ms
[2022-12-31T13:39:02.397+0530][9622.735s] GC(220)   Post Evacuate Collection Set: 0.7ms
[2022-12-31T13:39:02.397+0530][9622.735s] GC(220)   Other: 0.7ms
[2022-12-31T13:39:02.398+0530][9622.735s] GC(220) Eden regions: 300->0(292)
[2022-12-31T13:39:02.398+0530][9622.736s] GC(220) Survivor regions: 7->15(39)
[2022-12-31T13:39:02.398+0530][9622.736s] GC(220) Old regions: 44->44
[2022-12-31T13:39:02.398+0530][9622.736s] GC(220) Humongous regions: 7->7
[2022-12-31T13:39:02.398+0530][9622.736s] GC(220) Metaspace: 65247K->65247K(1107968K)
[2022-12-31T13:39:02.398+0530][9622.736s] GC(220) Pause Young (Normal) (G1 Evacuation Pause) 357M->65M(512M) 8.751ms
[2022-12-31T13:39:02.398+0530][9622.736s] GC(220) User=0.00s Sys=0.00s Real=0.01s
[2022-12-31T13:39:06.220+0530][9626.558s] GC(221) Pause Young (Normal) (G1 Evacuation Pause)
[2022-12-31T13:39:06.221+0530][9626.558s] GC(221) Using 8 workers of 8 for evacuation
[2022-12-31T13:39:06.229+0530][9626.566s] GC(221)   Pre Evacuate Collection Set: 0.0ms
[2022-12-31T13:39:06.229+0530][9626.566s] GC(221)   Evacuate Collection Set: 6.4ms
[2022-12-31T13:39:06.230+0530][9626.567s] GC(221)   Post Evacuate Collection Set: 1.2ms
[2022-12-31T13:39:06.230+0530][9626.567s] GC(221)   Other: 0.9ms
[2022-12-31T13:39:06.230+0530][9626.567s] GC(221) Eden regions: 292->0(301)
[2022-12-31T13:39:06.230+0530][9626.567s] GC(221) Survivor regions: 15->6(39)
[2022-12-31T13:39:06.231+0530][9626.568s] GC(221) Old regions: 44->44
[2022-12-31T13:39:06.231+0530][9626.568s] GC(221) Humongous regions: 7->7
[2022-12-31T13:39:06.231+0530][9626.568s] GC(221) Metaspace: 65247K->65247K(1107968K)
[2022-12-31T13:39:06.231+0530][9626.568s] GC(221) Pause Young (Normal) (G1 Evacuation Pause) 357M->56M(512M) 10.675ms
[2022-12-31T13:39:06.231+0530][9626.568s] GC(221) User=0.00s Sys=0.02s Real=0.01s
[2022-12-31T13:40:01.868+0530][9682.206s] GC(222) Pause Young (Normal) (G1 Evacuation Pause)
[2022-12-31T13:40:01.869+0530][9682.206s] GC(222) Using 8 workers of 8 for evacuation
[2022-12-31T13:40:01.871+0530][9682.209s] GC(222)   Pre Evacuate Collection Set: 0.0ms
[2022-12-31T13:40:01.872+0530][9682.209s] GC(222)   Evacuate Collection Set: 2.1ms
[2022-12-31T13:40:01.872+0530][9682.209s] GC(222)   Post Evacuate Collection Set: 0.4ms
[2022-12-31T13:40:01.872+0530][9682.209s] GC(222)   Other: 0.5ms
[2022-12-31T13:40:01.872+0530][9682.209s] GC(222) Eden regions: 301->0(303)
[2022-12-31T13:40:01.872+0530][9682.210s] GC(222) Survivor regions: 6->4(39)
[2022-12-31T13:40:01.872+0530][9682.210s] GC(222) Old regions: 44->44
[2022-12-31T13:40:01.872+0530][9682.210s] GC(222) Humongous regions: 7->7
[2022-12-31T13:40:01.872+0530][9682.210s] GC(222) Metaspace: 65247K->65247K(1107968K)
[2022-12-31T13:40:01.872+0530][9682.210s] GC(222) Pause Young (Normal) (G1 Evacuation Pause) 357M->54M(512M) 3.743ms
[2022-12-31T13:40:01.872+0530][9682.210s] GC(222) User=0.11s Sys=0.02s Real=0.00s
[2022-12-31T13:41:02.542+0530][9742.880s] GC(223) Pause Young (Normal) (G1 Evacuation Pause)
[2022-12-31T13:41:02.542+0530][9742.880s] GC(223) Using 8 workers of 8 for evacuation
[2022-12-31T13:41:02.546+0530][9742.884s] GC(223)   Pre Evacuate Collection Set: 0.0ms
[2022-12-31T13:41:02.546+0530][9742.884s] GC(223)   Evacuate Collection Set: 3.3ms
[2022-12-31T13:41:02.547+0530][9742.884s] GC(223)   Post Evacuate Collection Set: 0.4ms
[2022-12-31T13:41:02.547+0530][9742.884s] GC(223)   Other: 0.6ms
[2022-12-31T13:41:02.547+0530][9742.885s] GC(223) Eden regions: 303->0(301)
[2022-12-31T13:41:02.547+0530][9742.885s] GC(223) Survivor regions: 4->6(39)
[2022-12-31T13:41:02.547+0530][9742.885s] GC(223) Old regions: 44->45
[2022-12-31T13:41:02.547+0530][9742.885s] GC(223) Humongous regions: 7->7
[2022-12-31T13:41:02.547+0530][9742.885s] GC(223) Metaspace: 65248K->65248K(1107968K)
[2022-12-31T13:41:02.547+0530][9742.885s] GC(223) Pause Young (Normal) (G1 Evacuation Pause) 357M->56M(512M) 5.347ms
[2022-12-31T13:41:02.547+0530][9742.885s] GC(223) User=0.00s Sys=0.00s Real=0.00s
[2022-12-31T13:42:02.219+0530][9802.556s] GC(224) Pause Young (Normal) (G1 Evacuation Pause)
[2022-12-31T13:42:02.219+0530][9802.556s] GC(224) Using 8 workers of 8 for evacuation
[2022-12-31T13:42:02.223+0530][9802.560s] GC(224)   Pre Evacuate Collection Set: 0.0ms
[2022-12-31T13:42:02.223+0530][9802.560s] GC(224)   Evacuate Collection Set: 3.3ms
[2022-12-31T13:42:02.223+0530][9802.561s] GC(224)   Post Evacuate Collection Set: 0.3ms
[2022-12-31T13:42:02.223+0530][9802.561s] GC(224)   Other: 0.4ms
[2022-12-31T13:42:02.223+0530][9802.561s] GC(224) Eden regions: 301->0(295)
[2022-12-31T13:42:02.223+0530][9802.561s] GC(224) Survivor regions: 6->12(39)
[2022-12-31T13:42:02.223+0530][9802.561s] GC(224) Old regions: 45->45
[2022-12-31T13:42:02.223+0530][9802.561s] GC(224) Humongous regions: 7->7
[2022-12-31T13:42:02.223+0530][9802.561s] GC(224) Metaspace: 65249K->65249K(1107968K)
[2022-12-31T13:42:02.224+0530][9802.561s] GC(224) Pause Young (Normal) (G1 Evacuation Pause) 357M->63M(512M) 4.756ms
[2022-12-31T13:42:02.224+0530][9802.561s] GC(224) User=0.00s Sys=0.00s Real=0.00s
[2022-12-31T13:42:04.907+0530][9805.244s] GC(225) Pause Young (Normal) (G1 Evacuation Pause)
[2022-12-31T13:42:04.907+0530][9805.245s] GC(225) Using 8 workers of 8 for evacuation
[2022-12-31T13:42:04.910+0530][9805.247s] GC(225)   Pre Evacuate Collection Set: 0.0ms
[2022-12-31T13:42:04.910+0530][9805.247s] GC(225)   Evacuate Collection Set: 1.9ms
[2022-12-31T13:42:04.910+0530][9805.248s] GC(225)   Post Evacuate Collection Set: 0.4ms
[2022-12-31T13:42:04.911+0530][9805.248s] GC(225)   Other: 0.4ms
[2022-12-31T13:42:04.911+0530][9805.248s] GC(225) Eden regions: 295->0(304)
[2022-12-31T13:42:04.911+0530][9805.248s] GC(225) Survivor regions: 12->3(39)
[2022-12-31T13:42:04.911+0530][9805.248s] GC(225) Old regions: 45->45
[2022-12-31T13:42:04.911+0530][9805.248s] GC(225) Humongous regions: 7->7
[2022-12-31T13:42:04.911+0530][9805.248s] GC(225) Metaspace: 65249K->65249K(1107968K)
[2022-12-31T13:42:04.911+0530][9805.248s] GC(225) Pause Young (Normal) (G1 Evacuation Pause) 358M->53M(512M) 4.013ms
[2022-12-31T13:42:04.911+0530][9805.249s] GC(225) User=0.00s Sys=0.00s Real=0.00s
[2022-12-31T13:44:01.346+0530][9921.684s] GC(226) Pause Young (Normal) (G1 Evacuation Pause)
[2022-12-31T13:44:01.347+0530][9921.684s] GC(226) Using 8 workers of 8 for evacuation
[2022-12-31T13:44:01.351+0530][9921.689s] GC(226)   Pre Evacuate Collection Set: 0.1ms
[2022-12-31T13:44:01.352+0530][9921.689s] GC(226)   Evacuate Collection Set: 3.7ms
[2022-12-31T13:44:01.352+0530][9921.689s] GC(226)   Post Evacuate Collection Set: 0.5ms
[2022-12-31T13:44:01.352+0530][9921.689s] GC(226)   Other: 0.9ms
[2022-12-31T13:44:01.352+0530][9921.690s] GC(226) Eden regions: 304->0(300)
[2022-12-31T13:44:01.352+0530][9921.690s] GC(226) Survivor regions: 3->7(39)
[2022-12-31T13:44:01.352+0530][9921.690s] GC(226) Old regions: 45->45
[2022-12-31T13:44:01.352+0530][9921.690s] GC(226) Humongous regions: 7->7
[2022-12-31T13:44:01.353+0530][9921.690s] GC(226) Metaspace: 65249K->65249K(1107968K)
[2022-12-31T13:44:01.353+0530][9921.690s] GC(226) Pause Young (Normal) (G1 Evacuation Pause) 357M->57M(512M) 6.360ms
[2022-12-31T13:44:01.353+0530][9921.690s] GC(226) User=0.00s Sys=0.00s Real=0.01s
[2022-12-31T13:44:05.720+0530][9926.058s] GC(227) Pause Young (Normal) (G1 Evacuation Pause)
[2022-12-31T13:44:05.720+0530][9926.058s] GC(227) Using 8 workers of 8 for evacuation
[2022-12-31T13:44:05.723+0530][9926.061s] GC(227)   Pre Evacuate Collection Set: 0.0ms
[2022-12-31T13:44:05.723+0530][9926.061s] GC(227)   Evacuate Collection Set: 2.0ms
[2022-12-31T13:44:05.723+0530][9926.061s] GC(227)   Post Evacuate Collection Set: 0.4ms
[2022-12-31T13:44:05.723+0530][9926.061s] GC(227)   Other: 0.6ms
[2022-12-31T13:44:05.723+0530][9926.061s] GC(227) Eden regions: 300->0(304)
[2022-12-31T13:44:05.724+0530][9926.061s] GC(227) Survivor regions: 7->3(39)
[2022-12-31T13:44:05.724+0530][9926.061s] GC(227) Old regions: 45->45
[2022-12-31T13:44:05.724+0530][9926.062s] GC(227) Humongous regions: 7->7
[2022-12-31T13:44:05.724+0530][9926.062s] GC(227) Metaspace: 65249K->65249K(1107968K)
[2022-12-31T13:44:05.724+0530][9926.062s] GC(227) Pause Young (Normal) (G1 Evacuation Pause) 357M->53M(512M) 4.329ms
[2022-12-31T13:44:05.724+0530][9926.062s] GC(227) User=0.00s Sys=0.00s Real=0.00s
[2022-12-31T13:45:04.702+0530][9985.039s] GC(228) Pause Young (Normal) (G1 Evacuation Pause)
[2022-12-31T13:45:04.702+0530][9985.039s] GC(228) Using 8 workers of 8 for evacuation
[2022-12-31T13:45:04.704+0530][9985.042s] GC(228)   Pre Evacuate Collection Set: 0.0ms
[2022-12-31T13:45:04.705+0530][9985.042s] GC(228)   Evacuate Collection Set: 2.0ms
[2022-12-31T13:45:04.705+0530][9985.042s] GC(228)   Post Evacuate Collection Set: 0.3ms
[2022-12-31T13:45:04.705+0530][9985.042s] GC(228)   Other: 0.4ms
[2022-12-31T13:45:04.705+0530][9985.043s] GC(228) Eden regions: 304->0(304)
[2022-12-31T13:45:04.705+0530][9985.043s] GC(228) Survivor regions: 3->3(39)
[2022-12-31T13:45:04.705+0530][9985.043s] GC(228) Old regions: 45->45
[2022-12-31T13:45:04.705+0530][9985.043s] GC(228) Humongous regions: 7->7
[2022-12-31T13:45:04.705+0530][9985.043s] GC(228) Metaspace: 65249K->65249K(1107968K)
[2022-12-31T13:45:04.705+0530][9985.043s] GC(228) Pause Young (Normal) (G1 Evacuation Pause) 357M->53M(512M) 3.603ms
[2022-12-31T13:45:04.705+0530][9985.043s] GC(228) User=0.00s Sys=0.00s Real=0.00s
[2022-12-31T13:46:03.752+0530][10044.090s] GC(229) Pause Young (Normal) (G1 Evacuation Pause)
[2022-12-31T13:46:03.752+0530][10044.090s] GC(229) Using 8 workers of 8 for evacuation
[2022-12-31T13:46:03.757+0530][10044.095s] GC(229)   Pre Evacuate Collection Set: 0.0ms
[2022-12-31T13:46:03.757+0530][10044.095s] GC(229)   Evacuate Collection Set: 3.7ms
[2022-12-31T13:46:03.757+0530][10044.095s] GC(229)   Post Evacuate Collection Set: 0.5ms
[2022-12-31T13:46:03.758+0530][10044.095s] GC(229)   Other: 0.6ms
[2022-12-31T13:46:03.758+0530][10044.095s] GC(229) Eden regions: 304->0(303)
[2022-12-31T13:46:03.758+0530][10044.095s] GC(229) Survivor regions: 3->4(39)
[2022-12-31T13:46:03.758+0530][10044.095s] GC(229) Old regions: 45->45
[2022-12-31T13:46:03.758+0530][10044.095s] GC(229) Humongous regions: 7->7
[2022-12-31T13:46:03.758+0530][10044.096s] GC(229) Metaspace: 65249K->65249K(1107968K)
[2022-12-31T13:46:03.758+0530][10044.096s] GC(229) Pause Young (Normal) (G1 Evacuation Pause) 357M->55M(512M) 5.978ms
[2022-12-31T13:46:03.758+0530][10044.096s] GC(229) User=0.00s Sys=0.00s Real=0.01s
[2022-12-31T13:48:01.300+0530][10161.638s] GC(230) Pause Young (Normal) (G1 Evacuation Pause)
[2022-12-31T13:48:01.300+0530][10161.638s] GC(230) Using 8 workers of 8 for evacuation
[2022-12-31T13:48:01.304+0530][10161.641s] GC(230)   Pre Evacuate Collection Set: 0.0ms
[2022-12-31T13:48:01.304+0530][10161.642s] GC(230)   Evacuate Collection Set: 2.4ms
[2022-12-31T13:48:01.304+0530][10161.642s] GC(230)   Post Evacuate Collection Set: 0.7ms
[2022-12-31T13:48:01.304+0530][10161.642s] GC(230)   Other: 0.6ms
[2022-12-31T13:48:01.305+0530][10161.642s] GC(230) Eden regions: 303->0(303)
[2022-12-31T13:48:01.305+0530][10161.642s] GC(230) Survivor regions: 4->4(39)
[2022-12-31T13:48:01.305+0530][10161.642s] GC(230) Old regions: 45->45
[2022-12-31T13:48:01.305+0530][10161.642s] GC(230) Humongous regions: 7->7
[2022-12-31T13:48:01.305+0530][10161.642s] GC(230) Metaspace: 65249K->65249K(1107968K)
[2022-12-31T13:48:01.305+0530][10161.642s] GC(230) Pause Young (Normal) (G1 Evacuation Pause) 358M->54M(512M) 4.852ms
[2022-12-31T13:48:01.305+0530][10161.643s] GC(230) User=0.00s Sys=0.00s Real=0.01s
[2022-12-31T13:48:03.282+0530][10163.619s] GC(231) Pause Young (Normal) (G1 Evacuation Pause)
[2022-12-31T13:48:03.282+0530][10163.619s] GC(231) Using 8 workers of 8 for evacuation
[2022-12-31T13:48:03.286+0530][10163.623s] GC(231)   Pre Evacuate Collection Set: 0.0ms
[2022-12-31T13:48:03.286+0530][10163.623s] GC(231)   Evacuate Collection Set: 2.7ms
[2022-12-31T13:48:03.286+0530][10163.623s] GC(231)   Post Evacuate Collection Set: 0.5ms
[2022-12-31T13:48:03.286+0530][10163.623s] GC(231)   Other: 0.8ms
[2022-12-31T13:48:03.286+0530][10163.623s] GC(231) Eden regions: 303->0(299)
[2022-12-31T13:48:03.286+0530][10163.623s] GC(231) Survivor regions: 4->8(39)
[2022-12-31T13:48:03.286+0530][10163.623s] GC(231) Old regions: 45->45
[2022-12-31T13:48:03.286+0530][10163.623s] GC(231) Humongous regions: 7->7
[2022-12-31T13:48:03.286+0530][10163.623s] GC(231) Metaspace: 65249K->65249K(1107968K)
[2022-12-31T13:48:03.287+0530][10163.624s] GC(231) Pause Young (Normal) (G1 Evacuation Pause) 357M->58M(512M) 4.787ms
[2022-12-31T13:48:03.287+0530][10163.624s] GC(231) User=0.00s Sys=0.00s Real=0.00s
[2022-12-31T13:49:00.903+0530][10221.241s] GC(232) Pause Young (Normal) (G1 Evacuation Pause)
[2022-12-31T13:49:00.903+0530][10221.241s] GC(232) Using 8 workers of 8 for evacuation
[2022-12-31T13:49:00.909+0530][10221.246s] GC(232)   Pre Evacuate Collection Set: 0.0ms
[2022-12-31T13:49:00.909+0530][10221.247s] GC(232)   Evacuate Collection Set: 4.2ms
[2022-12-31T13:49:00.909+0530][10221.247s] GC(232)   Post Evacuate Collection Set: 0.6ms
[2022-12-31T13:49:00.909+0530][10221.247s] GC(232)   Other: 0.6ms
[2022-12-31T13:49:00.909+0530][10221.247s] GC(232) Eden regions: 299->0(292)
[2022-12-31T13:49:00.909+0530][10221.247s] GC(232) Survivor regions: 8->15(39)
[2022-12-31T13:49:00.909+0530][10221.247s] GC(232) Old regions: 45->45
[2022-12-31T13:49:00.910+0530][10221.247s] GC(232) Humongous regions: 7->7
[2022-12-31T13:49:00.910+0530][10221.247s] GC(232) Metaspace: 65249K->65249K(1107968K)
[2022-12-31T13:49:00.910+0530][10221.248s] GC(232) Pause Young (Normal) (G1 Evacuation Pause) 357M->65M(512M) 6.646ms
[2022-12-31T13:49:00.910+0530][10221.248s] GC(232) User=0.00s Sys=0.00s Real=0.01s
[2022-12-31T13:49:02.511+0530][10222.848s] GC(233) Pause Young (Normal) (G1 Evacuation Pause)
[2022-12-31T13:49:02.511+0530][10222.849s] GC(233) Using 8 workers of 8 for evacuation
[2022-12-31T13:49:02.518+0530][10222.855s] GC(233)   Pre Evacuate Collection Set: 0.0ms
[2022-12-31T13:49:02.518+0530][10222.855s] GC(233)   Evacuate Collection Set: 5.6ms
[2022-12-31T13:49:02.518+0530][10222.855s] GC(233)   Post Evacuate Collection Set: 0.5ms
[2022-12-31T13:49:02.518+0530][10222.855s] GC(233)   Other: 0.5ms
[2022-12-31T13:49:02.518+0530][10222.855s] GC(233) Eden regions: 292->0(299)
[2022-12-31T13:49:02.518+0530][10222.856s] GC(233) Survivor regions: 15->8(39)
[2022-12-31T13:49:02.518+0530][10222.856s] GC(233) Old regions: 45->45
[2022-12-31T13:49:02.518+0530][10222.856s] GC(233) Humongous regions: 7->7
[2022-12-31T13:49:02.518+0530][10222.856s] GC(233) Metaspace: 65249K->65249K(1107968K)
[2022-12-31T13:49:02.518+0530][10222.856s] GC(233) Pause Young (Normal) (G1 Evacuation Pause) 357M->58M(512M) 7.486ms
[2022-12-31T13:49:02.518+0530][10222.856s] GC(233) User=0.00s Sys=0.00s Real=0.01s
[2022-12-31T13:50:01.902+0530][10282.240s] GC(234) Pause Young (Normal) (G1 Evacuation Pause)
[2022-12-31T13:50:01.902+0530][10282.240s] GC(234) Using 8 workers of 8 for evacuation
[2022-12-31T13:50:01.908+0530][10282.246s] GC(234)   Pre Evacuate Collection Set: 0.0ms
[2022-12-31T13:50:01.909+0530][10282.246s] GC(234)   Evacuate Collection Set: 5.6ms
[2022-12-31T13:50:01.909+0530][10282.247s] GC(234)   Post Evacuate Collection Set: 0.6ms
[2022-12-31T13:50:01.909+0530][10282.247s] GC(234)   Other: 0.5ms
[2022-12-31T13:50:01.909+0530][10282.247s] GC(234) Eden regions: 299->0(292)
[2022-12-31T13:50:01.909+0530][10282.247s] GC(234) Survivor regions: 8->15(39)
[2022-12-31T13:50:01.909+0530][10282.247s] GC(234) Old regions: 45->45
[2022-12-31T13:50:01.909+0530][10282.247s] GC(234) Humongous regions: 7->7
[2022-12-31T13:50:01.909+0530][10282.247s] GC(234) Metaspace: 65249K->65249K(1107968K)
[2022-12-31T13:50:01.910+0530][10282.248s] GC(234) Pause Young (Normal) (G1 Evacuation Pause) 357M->66M(512M) 8.096ms
[2022-12-31T13:50:01.910+0530][10282.248s] GC(234) User=0.00s Sys=0.00s Real=0.01s
[2022-12-31T13:50:05.147+0530][10285.485s] GC(235) Pause Young (Normal) (G1 Evacuation Pause)
[2022-12-31T13:50:05.148+0530][10285.485s] GC(235) Using 8 workers of 8 for evacuation
[2022-12-31T13:50:05.153+0530][10285.490s] GC(235)   Pre Evacuate Collection Set: 0.0ms
[2022-12-31T13:50:05.153+0530][10285.490s] GC(235)   Evacuate Collection Set: 4.0ms
[2022-12-31T13:50:05.153+0530][10285.490s] GC(235)   Post Evacuate Collection Set: 0.6ms
[2022-12-31T13:50:05.153+0530][10285.490s] GC(235)   Other: 0.7ms
[2022-12-31T13:50:05.153+0530][10285.491s] GC(235) Eden regions: 292->0(301)
[2022-12-31T13:50:05.153+0530][10285.491s] GC(235) Survivor regions: 15->6(39)
[2022-12-31T13:50:05.154+0530][10285.491s] GC(235) Old regions: 45->45
[2022-12-31T13:50:05.154+0530][10285.491s] GC(235) Humongous regions: 7->7
[2022-12-31T13:50:05.154+0530][10285.491s] GC(235) Metaspace: 65249K->65249K(1107968K)
[2022-12-31T13:50:05.154+0530][10285.491s] GC(235) Pause Young (Normal) (G1 Evacuation Pause) 358M->57M(512M) 6.438ms
[2022-12-31T13:50:05.154+0530][10285.491s] GC(235) User=0.13s Sys=0.00s Real=0.01s
[2022-12-31T13:51:02.209+0530][10342.547s] GC(236) Pause Young (Normal) (G1 Evacuation Pause)
[2022-12-31T13:51:02.209+0530][10342.547s] GC(236) Using 8 workers of 8 for evacuation
[2022-12-31T13:51:02.213+0530][10342.551s] GC(236)   Pre Evacuate Collection Set: 0.0ms
[2022-12-31T13:51:02.213+0530][10342.551s] GC(236)   Evacuate Collection Set: 2.8ms
[2022-12-31T13:51:02.213+0530][10342.551s] GC(236)   Post Evacuate Collection Set: 0.5ms
[2022-12-31T13:51:02.213+0530][10342.551s] GC(236)   Other: 0.5ms
[2022-12-31T13:51:02.214+0530][10342.551s] GC(236) Eden regions: 301->0(299)
[2022-12-31T13:51:02.214+0530][10342.552s] GC(236) Survivor regions: 6->8(39)
[2022-12-31T13:51:02.214+0530][10342.552s] GC(236) Old regions: 45->45
[2022-12-31T13:51:02.214+0530][10342.552s] GC(236) Humongous regions: 7->7
[2022-12-31T13:51:02.214+0530][10342.552s] GC(236) Metaspace: 65249K->65249K(1107968K)
[2022-12-31T13:51:02.214+0530][10342.552s] GC(236) Pause Young (Normal) (G1 Evacuation Pause) 358M->58M(512M) 5.048ms
[2022-12-31T13:51:02.214+0530][10342.552s] GC(236) User=0.00s Sys=0.02s Real=0.00s
[2022-12-31T13:52:01.634+0530][10401.971s] GC(237) Pause Young (Normal) (G1 Evacuation Pause)
[2022-12-31T13:52:01.634+0530][10401.972s] GC(237) Using 8 workers of 8 for evacuation
[2022-12-31T13:52:01.639+0530][10401.977s] GC(237)   Pre Evacuate Collection Set: 0.0ms
[2022-12-31T13:52:01.639+0530][10401.977s] GC(237)   Evacuate Collection Set: 3.9ms
[2022-12-31T13:52:01.639+0530][10401.977s] GC(237)   Post Evacuate Collection Set: 0.6ms
[2022-12-31T13:52:01.639+0530][10401.977s] GC(237)   Other: 0.6ms
[2022-12-31T13:52:01.639+0530][10401.977s] GC(237) Eden regions: 299->0(292)
[2022-12-31T13:52:01.640+0530][10401.977s] GC(237) Survivor regions: 8->15(39)
[2022-12-31T13:52:01.640+0530][10401.977s] GC(237) Old regions: 45->45
[2022-12-31T13:52:01.640+0530][10401.977s] GC(237) Humongous regions: 7->7
[2022-12-31T13:52:01.640+0530][10401.978s] GC(237) Metaspace: 65249K->65249K(1107968K)
[2022-12-31T13:52:01.640+0530][10401.978s] GC(237) Pause Young (Normal) (G1 Evacuation Pause) 357M->66M(512M) 6.246ms
[2022-12-31T13:52:01.640+0530][10401.978s] GC(237) User=0.13s Sys=0.00s Real=0.01s
[2022-12-31T13:52:03.587+0530][10403.924s] GC(238) Pause Young (Normal) (G1 Evacuation Pause)
[2022-12-31T13:52:03.587+0530][10403.924s] GC(238) Using 8 workers of 8 for evacuation
[2022-12-31T13:52:03.590+0530][10403.928s] GC(238)   Pre Evacuate Collection Set: 0.0ms
[2022-12-31T13:52:03.591+0530][10403.928s] GC(238)   Evacuate Collection Set: 2.7ms
[2022-12-31T13:52:03.591+0530][10403.928s] GC(238)   Post Evacuate Collection Set: 0.3ms
[2022-12-31T13:52:03.591+0530][10403.928s] GC(238)   Other: 0.4ms
[2022-12-31T13:52:03.591+0530][10403.928s] GC(238) Eden regions: 292->0(302)
[2022-12-31T13:52:03.591+0530][10403.928s] GC(238) Survivor regions: 15->5(39)
[2022-12-31T13:52:03.591+0530][10403.928s] GC(238) Old regions: 45->45
[2022-12-31T13:52:03.591+0530][10403.928s] GC(238) Humongous regions: 7->7
[2022-12-31T13:52:03.591+0530][10403.928s] GC(238) Metaspace: 65249K->65249K(1107968K)
[2022-12-31T13:52:03.591+0530][10403.928s] GC(238) Pause Young (Normal) (G1 Evacuation Pause) 358M->56M(512M) 4.209ms
[2022-12-31T13:52:03.591+0530][10403.929s] GC(238) User=0.13s Sys=0.00s Real=0.00s
[2022-12-31T13:53:02.407+0530][10462.745s] GC(239) Pause Young (Normal) (G1 Evacuation Pause)
[2022-12-31T13:53:02.407+0530][10462.745s] GC(239) Using 8 workers of 8 for evacuation
[2022-12-31T13:53:02.411+0530][10462.749s] GC(239)   Pre Evacuate Collection Set: 0.0ms
[2022-12-31T13:53:02.412+0530][10462.749s] GC(239)   Evacuate Collection Set: 3.1ms
[2022-12-31T13:53:02.412+0530][10462.749s] GC(239)   Post Evacuate Collection Set: 0.5ms
[2022-12-31T13:53:02.412+0530][10462.749s] GC(239)   Other: 0.6ms
[2022-12-31T13:53:02.412+0530][10462.749s] GC(239) Eden regions: 302->0(299)
[2022-12-31T13:53:02.412+0530][10462.749s] GC(239) Survivor regions: 5->8(39)
[2022-12-31T13:53:02.412+0530][10462.749s] GC(239) Old regions: 45->45
[2022-12-31T13:53:02.412+0530][10462.749s] GC(239) Humongous regions: 7->7
[2022-12-31T13:53:02.412+0530][10462.749s] GC(239) Metaspace: 65250K->65250K(1107968K)
[2022-12-31T13:53:02.412+0530][10462.750s] GC(239) Pause Young (Normal) (G1 Evacuation Pause) 358M->59M(512M) 5.000ms
[2022-12-31T13:53:02.412+0530][10462.750s] GC(239) User=0.00s Sys=0.00s Real=0.00s
[2022-12-31T13:54:00.738+0530][10521.075s] GC(240) Pause Young (Normal) (G1 Evacuation Pause)
[2022-12-31T13:54:00.738+0530][10521.075s] GC(240) Using 8 workers of 8 for evacuation
[2022-12-31T13:54:00.742+0530][10521.079s] GC(240)   Pre Evacuate Collection Set: 0.0ms
[2022-12-31T13:54:00.742+0530][10521.079s] GC(240)   Evacuate Collection Set: 2.9ms
[2022-12-31T13:54:00.742+0530][10521.079s] GC(240)   Post Evacuate Collection Set: 0.5ms
[2022-12-31T13:54:00.742+0530][10521.080s] GC(240)   Other: 0.4ms
[2022-12-31T13:54:00.742+0530][10521.080s] GC(240) Eden regions: 299->0(298)
[2022-12-31T13:54:00.742+0530][10521.080s] GC(240) Survivor regions: 8->9(39)
[2022-12-31T13:54:00.742+0530][10521.080s] GC(240) Old regions: 45->45
[2022-12-31T13:54:00.742+0530][10521.080s] GC(240) Humongous regions: 7->7
[2022-12-31T13:54:00.742+0530][10521.080s] GC(240) Metaspace: 65261K->65261K(1107968K)
[2022-12-31T13:54:00.742+0530][10521.080s] GC(240) Pause Young (Normal) (G1 Evacuation Pause) 358M->60M(512M) 4.707ms
[2022-12-31T13:54:00.742+0530][10521.080s] GC(240) User=0.00s Sys=0.00s Real=0.00s
[2022-12-31T13:55:01.279+0530][10581.616s] GC(241) Pause Young (Normal) (G1 Evacuation Pause)
[2022-12-31T13:55:01.279+0530][10581.616s] GC(241) Using 8 workers of 8 for evacuation
[2022-12-31T13:55:01.285+0530][10581.622s] GC(241)   Pre Evacuate Collection Set: 0.0ms
[2022-12-31T13:55:01.285+0530][10581.622s] GC(241)   Evacuate Collection Set: 5.1ms
[2022-12-31T13:55:01.285+0530][10581.622s] GC(241)   Post Evacuate Collection Set: 0.5ms
[2022-12-31T13:55:01.285+0530][10581.623s] GC(241)   Other: 0.5ms
[2022-12-31T13:55:01.286+0530][10581.623s] GC(241) Eden regions: 298->0(293)
[2022-12-31T13:55:01.286+0530][10581.623s] GC(241) Survivor regions: 9->14(39)
[2022-12-31T13:55:01.286+0530][10581.623s] GC(241) Old regions: 45->45
[2022-12-31T13:55:01.286+0530][10581.623s] GC(241) Humongous regions: 7->7
[2022-12-31T13:55:01.286+0530][10581.623s] GC(241) Metaspace: 65261K->65261K(1107968K)
[2022-12-31T13:55:01.286+0530][10581.623s] GC(241) Pause Young (Normal) (G1 Evacuation Pause) 358M->65M(512M) 7.297ms
[2022-12-31T13:55:01.286+0530][10581.623s] GC(241) User=0.00s Sys=0.00s Real=0.01s
[2022-12-31T13:55:04.562+0530][10584.900s] GC(242) Pause Young (Normal) (G1 Evacuation Pause)
[2022-12-31T13:55:04.562+0530][10584.900s] GC(242) Using 8 workers of 8 for evacuation
[2022-12-31T13:55:04.567+0530][10584.905s] GC(242)   Pre Evacuate Collection Set: 0.0ms
[2022-12-31T13:55:04.568+0530][10584.905s] GC(242)   Evacuate Collection Set: 3.8ms
[2022-12-31T13:55:04.568+0530][10584.905s] GC(242)   Post Evacuate Collection Set: 1.1ms
[2022-12-31T13:55:04.568+0530][10584.905s] GC(242)   Other: 0.4ms
[2022-12-31T13:55:04.568+0530][10584.906s] GC(242) Eden regions: 293->0(302)
[2022-12-31T13:55:04.568+0530][10584.906s] GC(242) Survivor regions: 14->5(39)
[2022-12-31T13:55:04.568+0530][10584.906s] GC(242) Old regions: 45->45
[2022-12-31T13:55:04.568+0530][10584.906s] GC(242) Humongous regions: 7->7
[2022-12-31T13:55:04.569+0530][10584.906s] GC(242) Metaspace: 65261K->65261K(1107968K)
[2022-12-31T13:55:04.569+0530][10584.906s] GC(242) Pause Young (Normal) (G1 Evacuation Pause) 358M->56M(512M) 6.755ms
[2022-12-31T13:55:04.569+0530][10584.907s] GC(242) User=0.00s Sys=0.00s Real=0.01s
[2022-12-31T13:56:02.303+0530][10642.640s] GC(243) Pause Young (Normal) (G1 Evacuation Pause)
[2022-12-31T13:56:02.303+0530][10642.640s] GC(243) Using 8 workers of 8 for evacuation
[2022-12-31T13:56:02.306+0530][10642.644s] GC(243)   Pre Evacuate Collection Set: 0.0ms
[2022-12-31T13:56:02.306+0530][10642.644s] GC(243)   Evacuate Collection Set: 2.6ms
[2022-12-31T13:56:02.306+0530][10642.644s] GC(243)   Post Evacuate Collection Set: 0.4ms
[2022-12-31T13:56:02.307+0530][10642.644s] GC(243)   Other: 0.4ms
[2022-12-31T13:56:02.307+0530][10642.644s] GC(243) Eden regions: 302->0(302)
[2022-12-31T13:56:02.307+0530][10642.644s] GC(243) Survivor regions: 5->5(39)
[2022-12-31T13:56:02.307+0530][10642.644s] GC(243) Old regions: 45->45
[2022-12-31T13:56:02.307+0530][10642.644s] GC(243) Humongous regions: 7->7
[2022-12-31T13:56:02.307+0530][10642.644s] GC(243) Metaspace: 65261K->65261K(1107968K)
[2022-12-31T13:56:02.307+0530][10642.645s] GC(243) Pause Young (Normal) (G1 Evacuation Pause) 358M->56M(512M) 4.218ms
[2022-12-31T13:56:02.307+0530][10642.645s] GC(243) User=0.00s Sys=0.02s Real=0.00s
[2022-12-31T13:57:01.841+0530][10702.178s] GC(244) Pause Young (Normal) (G1 Evacuation Pause)
[2022-12-31T13:57:01.841+0530][10702.178s] GC(244) Using 8 workers of 8 for evacuation
[2022-12-31T13:57:01.846+0530][10702.183s] GC(244)   Pre Evacuate Collection Set: 0.0ms
[2022-12-31T13:57:01.846+0530][10702.183s] GC(244)   Evacuate Collection Set: 4.1ms
[2022-12-31T13:57:01.846+0530][10702.183s] GC(244)   Post Evacuate Collection Set: 0.5ms
[2022-12-31T13:57:01.846+0530][10702.183s] GC(244)   Other: 0.5ms
[2022-12-31T13:57:01.846+0530][10702.183s] GC(244) Eden regions: 302->0(293)
[2022-12-31T13:57:01.846+0530][10702.183s] GC(244) Survivor regions: 5->14(39)
[2022-12-31T13:57:01.846+0530][10702.183s] GC(244) Old regions: 45->45
[2022-12-31T13:57:01.847+0530][10702.184s] GC(244) Humongous regions: 7->7
[2022-12-31T13:57:01.847+0530][10702.184s] GC(244) Metaspace: 65261K->65261K(1107968K)
[2022-12-31T13:57:01.847+0530][10702.184s] GC(244) Pause Young (Normal) (G1 Evacuation Pause) 358M->65M(512M) 6.055ms
[2022-12-31T13:57:01.847+0530][10702.184s] GC(244) User=0.00s Sys=0.00s Real=0.01s
[2022-12-31T13:57:05.405+0530][10705.742s] GC(245) Pause Young (Normal) (G1 Evacuation Pause)
[2022-12-31T13:57:05.405+0530][10705.742s] GC(245) Using 8 workers of 8 for evacuation
[2022-12-31T13:57:05.409+0530][10705.746s] GC(245)   Pre Evacuate Collection Set: 0.0ms
[2022-12-31T13:57:05.409+0530][10705.747s] GC(245)   Evacuate Collection Set: 3.2ms
[2022-12-31T13:57:05.409+0530][10705.747s] GC(245)   Post Evacuate Collection Set: 0.5ms
[2022-12-31T13:57:05.409+0530][10705.747s] GC(245)   Other: 0.6ms
[2022-12-31T13:57:05.409+0530][10705.747s] GC(245) Eden regions: 293->0(301)
[2022-12-31T13:57:05.409+0530][10705.747s] GC(245) Survivor regions: 14->6(39)
[2022-12-31T13:57:05.409+0530][10705.747s] GC(245) Old regions: 45->45
[2022-12-31T13:57:05.410+0530][10705.747s] GC(245) Humongous regions: 7->7
[2022-12-31T13:57:05.410+0530][10705.747s] GC(245) Metaspace: 65261K->65261K(1107968K)
[2022-12-31T13:57:05.410+0530][10705.747s] GC(245) Pause Young (Normal) (G1 Evacuation Pause) 358M->57M(512M) 5.089ms
[2022-12-31T13:57:05.410+0530][10705.747s] GC(245) User=0.00s Sys=0.00s Real=0.01s
[2022-12-31T13:58:01.963+0530][10762.300s] GC(246) Pause Young (Normal) (G1 Evacuation Pause)
[2022-12-31T13:58:01.963+0530][10762.301s] GC(246) Using 8 workers of 8 for evacuation
[2022-12-31T13:58:01.970+0530][10762.308s] GC(246)   Pre Evacuate Collection Set: 0.0ms
[2022-12-31T13:58:01.970+0530][10762.308s] GC(246)   Evacuate Collection Set: 5.9ms
[2022-12-31T13:58:01.970+0530][10762.308s] GC(246)   Post Evacuate Collection Set: 0.8ms
[2022-12-31T13:58:01.971+0530][10762.308s] GC(246)   Other: 0.5ms
[2022-12-31T13:58:01.971+0530][10762.309s] GC(246) Eden regions: 301->0(294)
[2022-12-31T13:58:01.971+0530][10762.309s] GC(246) Survivor regions: 6->13(39)
[2022-12-31T13:58:01.971+0530][10762.309s] GC(246) Old regions: 45->45
[2022-12-31T13:58:01.971+0530][10762.309s] GC(246) Humongous regions: 7->7
[2022-12-31T13:58:01.971+0530][10762.309s] GC(246) Metaspace: 65261K->65261K(1107968K)
[2022-12-31T13:58:01.971+0530][10762.309s] GC(246) Pause Young (Normal) (G1 Evacuation Pause) 358M->64M(512M) 8.766ms
[2022-12-31T13:58:01.971+0530][10762.309s] GC(246) User=0.00s Sys=0.00s Real=0.01s
[2022-12-31T13:58:05.660+0530][10765.998s] GC(247) Pause Young (Normal) (G1 Evacuation Pause)
[2022-12-31T13:58:05.660+0530][10765.998s] GC(247) Using 8 workers of 8 for evacuation
[2022-12-31T13:58:05.662+0530][10766.000s] GC(247)   Pre Evacuate Collection Set: 0.0ms
[2022-12-31T13:58:05.662+0530][10766.000s] GC(247)   Evacuate Collection Set: 1.7ms
[2022-12-31T13:58:05.662+0530][10766.000s] GC(247)   Post Evacuate Collection Set: 0.4ms
[2022-12-31T13:58:05.663+0530][10766.000s] GC(247)   Other: 0.4ms
[2022-12-31T13:58:05.663+0530][10766.001s] GC(247) Eden regions: 294->0(304)
[2022-12-31T13:58:05.663+0530][10766.001s] GC(247) Survivor regions: 13->3(39)
[2022-12-31T13:58:05.663+0530][10766.001s] GC(247) Old regions: 45->45
[2022-12-31T13:58:05.663+0530][10766.001s] GC(247) Humongous regions: 7->7
[2022-12-31T13:58:05.663+0530][10766.001s] GC(247) Metaspace: 65261K->65261K(1107968K)
[2022-12-31T13:58:05.663+0530][10766.001s] GC(247) Pause Young (Normal) (G1 Evacuation Pause) 358M->54M(512M) 3.643ms
[2022-12-31T13:58:05.663+0530][10766.001s] GC(247) User=0.00s Sys=0.00s Real=0.00s
[2022-12-31T13:59:03.342+0530][10823.679s] GC(248) Pause Young (Normal) (G1 Evacuation Pause)
[2022-12-31T13:59:03.342+0530][10823.679s] GC(248) Using 8 workers of 8 for evacuation
[2022-12-31T13:59:03.345+0530][10823.682s] GC(248)   Pre Evacuate Collection Set: 0.0ms
[2022-12-31T13:59:03.345+0530][10823.683s] GC(248)   Evacuate Collection Set: 2.4ms
[2022-12-31T13:59:03.346+0530][10823.683s] GC(248)   Post Evacuate Collection Set: 0.5ms
[2022-12-31T13:59:03.346+0530][10823.683s] GC(248)   Other: 0.5ms
[2022-12-31T13:59:03.346+0530][10823.683s] GC(248) Eden regions: 304->0(302)
[2022-12-31T13:59:03.346+0530][10823.683s] GC(248) Survivor regions: 3->5(39)
[2022-12-31T13:59:03.346+0530][10823.683s] GC(248) Old regions: 45->45
[2022-12-31T13:59:03.346+0530][10823.683s] GC(248) Humongous regions: 7->7
[2022-12-31T13:59:03.346+0530][10823.683s] GC(248) Metaspace: 65261K->65261K(1107968K)
[2022-12-31T13:59:03.346+0530][10823.684s] GC(248) Pause Young (Normal) (G1 Evacuation Pause) 358M->56M(512M) 4.549ms
[2022-12-31T13:59:03.346+0530][10823.684s] GC(248) User=0.00s Sys=0.00s Real=0.00s
[2022-12-31T14:00:01.043+0530][10881.381s] GC(249) Pause Young (Normal) (G1 Evacuation Pause)
[2022-12-31T14:00:01.043+0530][10881.381s] GC(249) Using 8 workers of 8 for evacuation
[2022-12-31T14:00:01.048+0530][10881.385s] GC(249)   Pre Evacuate Collection Set: 0.0ms
[2022-12-31T14:00:01.048+0530][10881.385s] GC(249)   Evacuate Collection Set: 3.3ms
[2022-12-31T14:00:01.048+0530][10881.385s] GC(249)   Post Evacuate Collection Set: 0.6ms
[2022-12-31T14:00:01.048+0530][10881.386s] GC(249)   Other: 0.6ms
[2022-12-31T14:00:01.048+0530][10881.386s] GC(249) Eden regions: 302->0(299)
[2022-12-31T14:00:01.048+0530][10881.386s] GC(249) Survivor regions: 5->8(39)
[2022-12-31T14:00:01.048+0530][10881.386s] GC(249) Old regions: 45->45
[2022-12-31T14:00:01.048+0530][10881.386s] GC(249) Humongous regions: 7->7
[2022-12-31T14:00:01.049+0530][10881.386s] GC(249) Metaspace: 65261K->65261K(1107968K)
[2022-12-31T14:00:01.049+0530][10881.386s] GC(249) Pause Young (Normal) (G1 Evacuation Pause) 358M->59M(512M) 5.603ms
[2022-12-31T14:00:01.049+0530][10881.386s] GC(249) User=0.00s Sys=0.00s Real=0.01s
[2022-12-31T14:00:03.000+0530][10883.338s] GC(250) Pause Young (Normal) (G1 Evacuation Pause)
[2022-12-31T14:00:03.001+0530][10883.338s] GC(250) Using 8 workers of 8 for evacuation
[2022-12-31T14:00:03.005+0530][10883.343s] GC(250)   Pre Evacuate Collection Set: 0.0ms
[2022-12-31T14:00:03.006+0530][10883.343s] GC(250)   Evacuate Collection Set: 3.8ms
[2022-12-31T14:00:03.006+0530][10883.343s] GC(250)   Post Evacuate Collection Set: 0.5ms
[2022-12-31T14:00:03.006+0530][10883.343s] GC(250)   Other: 0.6ms
[2022-12-31T14:00:03.006+0530][10883.343s] GC(250) Eden regions: 299->0(300)
[2022-12-31T14:00:03.006+0530][10883.343s] GC(250) Survivor regions: 8->7(39)
[2022-12-31T14:00:03.006+0530][10883.344s] GC(250) Old regions: 45->46
[2022-12-31T14:00:03.006+0530][10883.344s] GC(250) Humongous regions: 7->7
[2022-12-31T14:00:03.007+0530][10883.344s] GC(250) Metaspace: 65261K->65261K(1107968K)
[2022-12-31T14:00:03.007+0530][10883.344s] GC(250) Pause Young (Normal) (G1 Evacuation Pause) 358M->58M(512M) 6.416ms
[2022-12-31T14:00:03.007+0530][10883.344s] GC(250) User=0.00s Sys=0.00s Real=0.01s
[2022-12-31T14:01:02.452+0530][10942.790s] GC(251) Pause Young (Normal) (G1 Evacuation Pause)
[2022-12-31T14:01:02.452+0530][10942.790s] GC(251) Using 8 workers of 8 for evacuation
[2022-12-31T14:01:02.457+0530][10942.795s] GC(251)   Pre Evacuate Collection Set: 0.0ms
[2022-12-31T14:01:02.457+0530][10942.795s] GC(251)   Evacuate Collection Set: 4.2ms
[2022-12-31T14:01:02.457+0530][10942.795s] GC(251)   Post Evacuate Collection Set: 0.5ms
[2022-12-31T14:01:02.457+0530][10942.795s] GC(251)   Other: 0.4ms
[2022-12-31T14:01:02.457+0530][10942.795s] GC(251) Eden regions: 300->0(294)
[2022-12-31T14:01:02.458+0530][10942.795s] GC(251) Survivor regions: 7->13(39)
[2022-12-31T14:01:02.458+0530][10942.796s] GC(251) Old regions: 46->46
[2022-12-31T14:01:02.458+0530][10942.796s] GC(251) Humongous regions: 7->7
[2022-12-31T14:01:02.458+0530][10942.796s] GC(251) Metaspace: 65261K->65261K(1107968K)
[2022-12-31T14:01:02.458+0530][10942.796s] GC(251) Pause Young (Normal) (G1 Evacuation Pause) 358M->64M(512M) 5.985ms
[2022-12-31T14:01:02.458+0530][10942.796s] GC(251) User=0.00s Sys=0.00s Real=0.01s
[2022-12-31T14:01:05.564+0530][10945.901s] GC(252) Pause Young (Normal) (G1 Evacuation Pause)
[2022-12-31T14:01:05.564+0530][10945.901s] GC(252) Using 8 workers of 8 for evacuation
[2022-12-31T14:01:05.568+0530][10945.906s] GC(252)   Pre Evacuate Collection Set: 0.0ms
[2022-12-31T14:01:05.568+0530][10945.906s] GC(252)   Evacuate Collection Set: 3.6ms
[2022-12-31T14:01:05.568+0530][10945.906s] GC(252)   Post Evacuate Collection Set: 0.5ms
[2022-12-31T14:01:05.569+0530][10945.906s] GC(252)   Other: 0.4ms
[2022-12-31T14:01:05.569+0530][10945.906s] GC(252) Eden regions: 294->0(301)
[2022-12-31T14:01:05.569+0530][10945.906s] GC(252) Survivor regions: 13->6(39)
[2022-12-31T14:01:05.569+0530][10945.906s] GC(252) Old regions: 46->46
[2022-12-31T14:01:05.569+0530][10945.906s] GC(252) Humongous regions: 7->7
[2022-12-31T14:01:05.569+0530][10945.907s] GC(252) Metaspace: 65263K->65263K(1107968K)
[2022-12-31T14:01:05.569+0530][10945.907s] GC(252) Pause Young (Normal) (G1 Evacuation Pause) 358M->58M(512M) 5.425ms
[2022-12-31T14:01:05.569+0530][10945.907s] GC(252) User=0.00s Sys=0.00s Real=0.01s
[2022-12-31T14:02:03.518+0530][11003.855s] GC(253) Pause Young (Normal) (G1 Evacuation Pause)
[2022-12-31T14:02:03.518+0530][11003.856s] GC(253) Using 8 workers of 8 for evacuation
[2022-12-31T14:02:03.522+0530][11003.859s] GC(253)   Pre Evacuate Collection Set: 0.1ms
[2022-12-31T14:02:03.522+0530][11003.860s] GC(253)   Evacuate Collection Set: 2.5ms
[2022-12-31T14:02:03.522+0530][11003.860s] GC(253)   Post Evacuate Collection Set: 0.4ms
[2022-12-31T14:02:03.522+0530][11003.860s] GC(253)   Other: 1.1ms
[2022-12-31T14:02:03.522+0530][11003.860s] GC(253) Eden regions: 301->0(304)
[2022-12-31T14:02:03.522+0530][11003.860s] GC(253) Survivor regions: 6->3(39)
[2022-12-31T14:02:03.522+0530][11003.860s] GC(253) Old regions: 46->46
[2022-12-31T14:02:03.522+0530][11003.860s] GC(253) Humongous regions: 7->7
[2022-12-31T14:02:03.522+0530][11003.860s] GC(253) Metaspace: 65263K->65263K(1107968K)
[2022-12-31T14:02:03.522+0530][11003.860s] GC(253) Pause Young (Normal) (G1 Evacuation Pause) 359M->54M(512M) 4.914ms
[2022-12-31T14:02:03.523+0530][11003.860s] GC(253) User=0.00s Sys=0.00s Real=0.01s
[2022-12-31T14:03:02.590+0530][11062.927s] GC(254) Pause Young (Normal) (G1 Evacuation Pause)
[2022-12-31T14:03:02.591+0530][11062.928s] GC(254) Using 8 workers of 8 for evacuation
[2022-12-31T14:03:02.595+0530][11062.932s] GC(254)   Pre Evacuate Collection Set: 0.0ms
[2022-12-31T14:03:02.595+0530][11062.932s] GC(254)   Evacuate Collection Set: 3.6ms
[2022-12-31T14:03:02.595+0530][11062.932s] GC(254)   Post Evacuate Collection Set: 0.5ms
[2022-12-31T14:03:02.596+0530][11062.933s] GC(254)   Other: 0.5ms
[2022-12-31T14:03:02.596+0530][11062.933s] GC(254) Eden regions: 304->0(301)
[2022-12-31T14:03:02.596+0530][11062.933s] GC(254) Survivor regions: 3->6(39)
[2022-12-31T14:03:02.596+0530][11062.933s] GC(254) Old regions: 46->46
[2022-12-31T14:03:02.596+0530][11062.933s] GC(254) Humongous regions: 7->7
[2022-12-31T14:03:02.596+0530][11062.933s] GC(254) Metaspace: 65263K->65263K(1107968K)
[2022-12-31T14:03:02.596+0530][11062.933s] GC(254) Pause Young (Normal) (G1 Evacuation Pause) 358M->58M(512M) 5.806ms
[2022-12-31T14:03:02.596+0530][11062.933s] GC(254) User=0.00s Sys=0.00s Real=0.01s
[2022-12-31T14:04:02.029+0530][11122.366s] GC(255) Pause Young (Normal) (G1 Evacuation Pause)
[2022-12-31T14:04:02.029+0530][11122.367s] GC(255) Using 8 workers of 8 for evacuation
[2022-12-31T14:04:02.036+0530][11122.373s] GC(255)   Pre Evacuate Collection Set: 0.0ms
[2022-12-31T14:04:02.036+0530][11122.374s] GC(255)   Evacuate Collection Set: 5.6ms
[2022-12-31T14:04:02.036+0530][11122.374s] GC(255)   Post Evacuate Collection Set: 0.6ms
[2022-12-31T14:04:02.036+0530][11122.374s] GC(255)   Other: 0.6ms
[2022-12-31T14:04:02.036+0530][11122.374s] GC(255) Eden regions: 301->0(289)
[2022-12-31T14:04:02.036+0530][11122.374s] GC(255) Survivor regions: 6->18(39)
[2022-12-31T14:04:02.037+0530][11122.374s] GC(255) Old regions: 46->46
[2022-12-31T14:04:02.037+0530][11122.374s] GC(255) Humongous regions: 7->7
[2022-12-31T14:04:02.037+0530][11122.374s] GC(255) Metaspace: 65263K->65263K(1107968K)
[2022-12-31T14:04:02.037+0530][11122.375s] GC(255) Pause Young (Normal) (G1 Evacuation Pause) 359M->70M(512M) 8.050ms
[2022-12-31T14:04:02.037+0530][11122.375s] GC(255) User=0.00s Sys=0.00s Real=0.01s
[2022-12-31T14:04:04.291+0530][11124.628s] GC(256) Pause Young (Normal) (G1 Evacuation Pause)
[2022-12-31T14:04:04.291+0530][11124.629s] GC(256) Using 8 workers of 8 for evacuation
[2022-12-31T14:04:04.296+0530][11124.633s] GC(256)   Pre Evacuate Collection Set: 0.0ms
[2022-12-31T14:04:04.296+0530][11124.634s] GC(256)   Evacuate Collection Set: 4.4ms
[2022-12-31T14:04:04.296+0530][11124.634s] GC(256)   Post Evacuate Collection Set: 0.4ms
[2022-12-31T14:04:04.296+0530][11124.634s] GC(256)   Other: 0.4ms
[2022-12-31T14:04:04.296+0530][11124.634s] GC(256) Eden regions: 289->0(299)
[2022-12-31T14:04:04.296+0530][11124.634s] GC(256) Survivor regions: 18->8(39)
[2022-12-31T14:04:04.297+0530][11124.634s] GC(256) Old regions: 46->46
[2022-12-31T14:04:04.297+0530][11124.634s] GC(256) Humongous regions: 7->7
[2022-12-31T14:04:04.297+0530][11124.634s] GC(256) Metaspace: 65263K->65263K(1107968K)
[2022-12-31T14:04:04.297+0530][11124.634s] GC(256) Pause Young (Normal) (G1 Evacuation Pause) 359M->59M(512M) 5.995ms
[2022-12-31T14:04:04.297+0530][11124.634s] GC(256) User=0.13s Sys=0.00s Real=0.01s
[2022-12-31T14:05:01.178+0530][11181.515s] GC(257) Pause Young (Normal) (G1 Evacuation Pause)
[2022-12-31T14:05:01.178+0530][11181.515s] GC(257) Using 8 workers of 8 for evacuation
[2022-12-31T14:05:01.183+0530][11181.520s] GC(257)   Pre Evacuate Collection Set: 0.0ms
[2022-12-31T14:05:01.183+0530][11181.520s] GC(257)   Evacuate Collection Set: 4.1ms
[2022-12-31T14:05:01.183+0530][11181.521s] GC(257)   Post Evacuate Collection Set: 0.7ms
[2022-12-31T14:05:01.183+0530][11181.521s] GC(257)   Other: 0.5ms
[2022-12-31T14:05:01.184+0530][11181.521s] GC(257) Eden regions: 299->0(297)
[2022-12-31T14:05:01.184+0530][11181.521s] GC(257) Survivor regions: 8->10(39)
[2022-12-31T14:05:01.184+0530][11181.521s] GC(257) Old regions: 46->46
[2022-12-31T14:05:01.184+0530][11181.521s] GC(257) Humongous regions: 7->7
[2022-12-31T14:05:01.184+0530][11181.521s] GC(257) Metaspace: 65263K->65263K(1107968K)
[2022-12-31T14:05:01.184+0530][11181.522s] GC(257) Pause Young (Normal) (G1 Evacuation Pause) 358M->62M(512M) 6.691ms
[2022-12-31T14:05:01.184+0530][11181.522s] GC(257) User=0.02s Sys=0.00s Real=0.01s
[2022-12-31T14:06:01.340+0530][11241.677s] GC(258) Pause Young (Normal) (G1 Evacuation Pause)
[2022-12-31T14:06:01.340+0530][11241.678s] GC(258) Using 8 workers of 8 for evacuation
[2022-12-31T14:06:01.346+0530][11241.684s] GC(258)   Pre Evacuate Collection Set: 0.0ms
[2022-12-31T14:06:01.346+0530][11241.684s] GC(258)   Evacuate Collection Set: 5.0ms
[2022-12-31T14:06:01.346+0530][11241.684s] GC(258)   Post Evacuate Collection Set: 0.5ms
[2022-12-31T14:06:01.346+0530][11241.684s] GC(258)   Other: 0.6ms
[2022-12-31T14:06:01.346+0530][11241.684s] GC(258) Eden regions: 297->0(290)
[2022-12-31T14:06:01.347+0530][11241.684s] GC(258) Survivor regions: 10->17(39)
[2022-12-31T14:06:01.347+0530][11241.684s] GC(258) Old regions: 46->46
[2022-12-31T14:06:01.347+0530][11241.684s] GC(258) Humongous regions: 7->7
[2022-12-31T14:06:01.347+0530][11241.685s] GC(258) Metaspace: 65263K->65263K(1107968K)
[2022-12-31T14:06:01.347+0530][11241.685s] GC(258) Pause Young (Normal) (G1 Evacuation Pause) 359M->69M(512M) 7.310ms
[2022-12-31T14:06:01.347+0530][11241.685s] GC(258) User=0.00s Sys=0.00s Real=0.01s
[2022-12-31T14:06:03.227+0530][11243.565s] GC(259) Pause Young (Normal) (G1 Evacuation Pause)
[2022-12-31T14:06:03.228+0530][11243.565s] GC(259) Using 8 workers of 8 for evacuation
[2022-12-31T14:06:03.232+0530][11243.570s] GC(259)   Pre Evacuate Collection Set: 0.0ms
[2022-12-31T14:06:03.232+0530][11243.570s] GC(259)   Evacuate Collection Set: 3.9ms
[2022-12-31T14:06:03.233+0530][11243.570s] GC(259)   Post Evacuate Collection Set: 0.3ms
[2022-12-31T14:06:03.233+0530][11243.570s] GC(259)   Other: 0.6ms
[2022-12-31T14:06:03.233+0530][11243.570s] GC(259) Eden regions: 290->0(300)
[2022-12-31T14:06:03.233+0530][11243.570s] GC(259) Survivor regions: 17->7(39)
[2022-12-31T14:06:03.233+0530][11243.571s] GC(259) Old regions: 46->46
[2022-12-31T14:06:03.233+0530][11243.571s] GC(259) Humongous regions: 7->7
[2022-12-31T14:06:03.233+0530][11243.571s] GC(259) Metaspace: 65263K->65263K(1107968K)
[2022-12-31T14:06:03.233+0530][11243.571s] GC(259) Pause Young (Normal) (G1 Evacuation Pause) 359M->58M(512M) 5.788ms
[2022-12-31T14:06:03.233+0530][11243.571s] GC(259) User=0.09s Sys=0.00s Real=0.01s
[2022-12-31T14:07:01.500+0530][11301.838s] GC(260) Pause Young (Normal) (G1 Evacuation Pause)
[2022-12-31T14:07:01.500+0530][11301.838s] GC(260) Using 8 workers of 8 for evacuation
[2022-12-31T14:07:01.507+0530][11301.844s] GC(260)   Pre Evacuate Collection Set: 0.0ms
[2022-12-31T14:07:01.507+0530][11301.845s] GC(260)   Evacuate Collection Set: 5.4ms
[2022-12-31T14:07:01.507+0530][11301.845s] GC(260)   Post Evacuate Collection Set: 0.7ms
[2022-12-31T14:07:01.508+0530][11301.845s] GC(260)   Other: 0.5ms
[2022-12-31T14:07:01.508+0530][11301.845s] GC(260) Eden regions: 300->0(289)
[2022-12-31T14:07:01.508+0530][11301.845s] GC(260) Survivor regions: 7->18(39)
[2022-12-31T14:07:01.508+0530][11301.845s] GC(260) Old regions: 46->46
[2022-12-31T14:07:01.508+0530][11301.845s] GC(260) Humongous regions: 7->7
[2022-12-31T14:07:01.508+0530][11301.845s] GC(260) Metaspace: 65263K->65263K(1107968K)
[2022-12-31T14:07:01.508+0530][11301.845s] GC(260) Pause Young (Normal) (G1 Evacuation Pause) 358M->69M(512M) 7.816ms
[2022-12-31T14:07:01.508+0530][11301.846s] GC(260) User=0.00s Sys=0.00s Real=0.01s
[2022-12-31T14:07:03.939+0530][11304.276s] GC(261) Pause Young (Normal) (G1 Evacuation Pause)
[2022-12-31T14:07:03.939+0530][11304.277s] GC(261) Using 8 workers of 8 for evacuation
[2022-12-31T14:07:03.943+0530][11304.281s] GC(261)   Pre Evacuate Collection Set: 0.0ms
[2022-12-31T14:07:03.943+0530][11304.281s] GC(261)   Evacuate Collection Set: 3.5ms
[2022-12-31T14:07:03.943+0530][11304.281s] GC(261)   Post Evacuate Collection Set: 0.5ms
[2022-12-31T14:07:03.944+0530][11304.281s] GC(261)   Other: 0.6ms
[2022-12-31T14:07:03.944+0530][11304.281s] GC(261) Eden regions: 289->0(300)
[2022-12-31T14:07:03.944+0530][11304.282s] GC(261) Survivor regions: 18->7(39)
[2022-12-31T14:07:03.944+0530][11304.282s] GC(261) Old regions: 46->46
[2022-12-31T14:07:03.944+0530][11304.282s] GC(261) Humongous regions: 7->7
[2022-12-31T14:07:03.944+0530][11304.282s] GC(261) Metaspace: 65263K->65263K(1107968K)
[2022-12-31T14:07:03.944+0530][11304.282s] GC(261) Pause Young (Normal) (G1 Evacuation Pause) 358M->58M(512M) 5.765ms
[2022-12-31T14:07:03.944+0530][11304.282s] GC(261) User=0.00s Sys=0.00s Real=0.01s
[2022-12-31T14:08:02.629+0530][11362.967s] GC(262) Pause Young (Normal) (G1 Evacuation Pause)
[2022-12-31T14:08:02.629+0530][11362.967s] GC(262) Using 8 workers of 8 for evacuation
[2022-12-31T14:08:02.634+0530][11362.971s] GC(262)   Pre Evacuate Collection Set: 0.0ms
[2022-12-31T14:08:02.634+0530][11362.972s] GC(262)   Evacuate Collection Set: 3.8ms
[2022-12-31T14:08:02.634+0530][11362.972s] GC(262)   Post Evacuate Collection Set: 0.5ms
[2022-12-31T14:08:02.634+0530][11362.972s] GC(262)   Other: 0.5ms
[2022-12-31T14:08:02.635+0530][11362.972s] GC(262) Eden regions: 300->0(297)
[2022-12-31T14:08:02.635+0530][11362.972s] GC(262) Survivor regions: 7->10(39)
[2022-12-31T14:08:02.635+0530][11362.972s] GC(262) Old regions: 46->46
[2022-12-31T14:08:02.635+0530][11362.972s] GC(262) Humongous regions: 7->7
[2022-12-31T14:08:02.635+0530][11362.972s] GC(262) Metaspace: 65263K->65263K(1107968K)
[2022-12-31T14:08:02.635+0530][11362.973s] GC(262) Pause Young (Normal) (G1 Evacuation Pause) 358M->61M(512M) 6.069ms
[2022-12-31T14:08:02.635+0530][11362.973s] GC(262) User=0.00s Sys=0.00s Real=0.01s
[2022-12-31T14:08:06.480+0530][11366.817s] GC(263) Pause Young (Normal) (G1 Evacuation Pause)
[2022-12-31T14:08:06.480+0530][11366.818s] GC(263) Using 8 workers of 8 for evacuation
[2022-12-31T14:08:06.483+0530][11366.820s] GC(263)   Pre Evacuate Collection Set: 0.0ms
[2022-12-31T14:08:06.483+0530][11366.821s] GC(263)   Evacuate Collection Set: 2.1ms
[2022-12-31T14:08:06.483+0530][11366.821s] GC(263)   Post Evacuate Collection Set: 0.3ms
[2022-12-31T14:08:06.484+0530][11366.821s] GC(263)   Other: 0.5ms
[2022-12-31T14:08:06.484+0530][11366.821s] GC(263) Eden regions: 297->0(304)
[2022-12-31T14:08:06.484+0530][11366.821s] GC(263) Survivor regions: 10->3(39)
[2022-12-31T14:08:06.484+0530][11366.821s] GC(263) Old regions: 46->46
[2022-12-31T14:08:06.484+0530][11366.821s] GC(263) Humongous regions: 7->7
[2022-12-31T14:08:06.484+0530][11366.821s] GC(263) Metaspace: 65263K->65263K(1107968K)
[2022-12-31T14:08:06.484+0530][11366.822s] GC(263) Pause Young (Normal) (G1 Evacuation Pause) 358M->55M(512M) 4.184ms
[2022-12-31T14:08:06.484+0530][11366.822s] GC(263) User=0.00s Sys=0.00s Real=0.00s
[2022-12-31T14:09:02.770+0530][11423.107s] GC(264) Pause Young (Normal) (G1 Evacuation Pause)
[2022-12-31T14:09:02.770+0530][11423.108s] GC(264) Using 8 workers of 8 for evacuation
[2022-12-31T14:09:02.776+0530][11423.114s] GC(264)   Pre Evacuate Collection Set: 0.0ms
[2022-12-31T14:09:02.776+0530][11423.114s] GC(264)   Evacuate Collection Set: 4.9ms
[2022-12-31T14:09:02.776+0530][11423.114s] GC(264)   Post Evacuate Collection Set: 0.5ms
[2022-12-31T14:09:02.776+0530][11423.114s] GC(264)   Other: 0.7ms
[2022-12-31T14:09:02.777+0530][11423.114s] GC(264) Eden regions: 304->0(300)
[2022-12-31T14:09:02.777+0530][11423.114s] GC(264) Survivor regions: 3->7(39)
[2022-12-31T14:09:02.777+0530][11423.114s] GC(264) Old regions: 46->46
[2022-12-31T14:09:02.777+0530][11423.114s] GC(264) Humongous regions: 7->7
[2022-12-31T14:09:02.777+0530][11423.114s] GC(264) Metaspace: 65263K->65263K(1107968K)
[2022-12-31T14:09:02.777+0530][11423.115s] GC(264) Pause Young (Normal) (G1 Evacuation Pause) 359M->59M(512M) 7.049ms
[2022-12-31T14:09:02.777+0530][11423.115s] GC(264) User=0.02s Sys=0.00s Real=0.01s
[2022-12-31T14:10:01.926+0530][11482.264s] GC(265) Pause Young (Normal) (G1 Evacuation Pause)
[2022-12-31T14:10:01.926+0530][11482.264s] GC(265) Using 8 workers of 8 for evacuation
[2022-12-31T14:10:01.932+0530][11482.270s] GC(265)   Pre Evacuate Collection Set: 0.0ms
[2022-12-31T14:10:01.932+0530][11482.270s] GC(265)   Evacuate Collection Set: 4.4ms
[2022-12-31T14:10:01.932+0530][11482.270s] GC(265)   Post Evacuate Collection Set: 0.6ms
[2022-12-31T14:10:01.932+0530][11482.270s] GC(265)   Other: 0.6ms
[2022-12-31T14:10:01.932+0530][11482.270s] GC(265) Eden regions: 300->0(290)
[2022-12-31T14:10:01.932+0530][11482.270s] GC(265) Survivor regions: 7->17(39)
[2022-12-31T14:10:01.932+0530][11482.270s] GC(265) Old regions: 46->46
[2022-12-31T14:10:01.933+0530][11482.270s] GC(265) Humongous regions: 7->7
[2022-12-31T14:10:01.933+0530][11482.270s] GC(265) Metaspace: 65263K->65263K(1107968K)
[2022-12-31T14:10:01.933+0530][11482.271s] GC(265) Pause Young (Normal) (G1 Evacuation Pause) 359M->69M(512M) 6.504ms
[2022-12-31T14:10:01.933+0530][11482.271s] GC(265) User=0.02s Sys=0.00s Real=0.01s
[2022-12-31T14:10:04.415+0530][11484.753s] GC(266) Pause Young (Normal) (G1 Evacuation Pause)
[2022-12-31T14:10:04.416+0530][11484.753s] GC(266) Using 8 workers of 8 for evacuation
[2022-12-31T14:10:04.420+0530][11484.757s] GC(266)   Pre Evacuate Collection Set: 0.0ms
[2022-12-31T14:10:04.420+0530][11484.757s] GC(266)   Evacuate Collection Set: 3.4ms
[2022-12-31T14:10:04.420+0530][11484.757s] GC(266)   Post Evacuate Collection Set: 0.5ms
[2022-12-31T14:10:04.420+0530][11484.758s] GC(266)   Other: 0.4ms
[2022-12-31T14:10:04.421+0530][11484.758s] GC(266) Eden regions: 290->0(300)
[2022-12-31T14:10:04.421+0530][11484.758s] GC(266) Survivor regions: 17->7(39)
[2022-12-31T14:10:04.421+0530][11484.758s] GC(266) Old regions: 46->46
[2022-12-31T14:10:04.421+0530][11484.758s] GC(266) Humongous regions: 7->7
[2022-12-31T14:10:04.421+0530][11484.758s] GC(266) Metaspace: 65263K->65263K(1107968K)
[2022-12-31T14:10:04.421+0530][11484.758s] GC(266) Pause Young (Normal) (G1 Evacuation Pause) 359M->59M(512M) 5.658ms
[2022-12-31T14:10:04.421+0530][11484.759s] GC(266) User=0.13s Sys=0.00s Real=0.01s
[2022-12-31T14:11:02.294+0530][11542.631s] GC(267) Pause Young (Normal) (G1 Evacuation Pause)
[2022-12-31T14:11:02.294+0530][11542.631s] GC(267) Using 8 workers of 8 for evacuation
[2022-12-31T14:11:02.297+0530][11542.635s] GC(267)   Pre Evacuate Collection Set: 0.0ms
[2022-12-31T14:11:02.297+0530][11542.635s] GC(267)   Evacuate Collection Set: 2.5ms
[2022-12-31T14:11:02.297+0530][11542.635s] GC(267)   Post Evacuate Collection Set: 0.5ms
[2022-12-31T14:11:02.297+0530][11542.635s] GC(267)   Other: 0.5ms
[2022-12-31T14:11:02.298+0530][11542.635s] GC(267) Eden regions: 300->0(301)
[2022-12-31T14:11:02.298+0530][11542.635s] GC(267) Survivor regions: 7->6(39)
[2022-12-31T14:11:02.298+0530][11542.635s] GC(267) Old regions: 46->46
[2022-12-31T14:11:02.298+0530][11542.635s] GC(267) Humongous regions: 7->7
[2022-12-31T14:11:02.298+0530][11542.635s] GC(267) Metaspace: 65263K->65263K(1107968K)
[2022-12-31T14:11:02.298+0530][11542.635s] GC(267) Pause Young (Normal) (G1 Evacuation Pause) 359M->58M(512M) 4.365ms
[2022-12-31T14:11:02.298+0530][11542.636s] GC(267) User=0.00s Sys=0.00s Real=0.00s
[2022-12-31T14:12:01.465+0530][11601.802s] GC(268) Pause Young (Normal) (G1 Evacuation Pause)
[2022-12-31T14:12:01.465+0530][11601.803s] GC(268) Using 8 workers of 8 for evacuation
[2022-12-31T14:12:01.470+0530][11601.807s] GC(268)   Pre Evacuate Collection Set: 0.0ms
[2022-12-31T14:12:01.470+0530][11601.807s] GC(268)   Evacuate Collection Set: 3.6ms
[2022-12-31T14:12:01.470+0530][11601.808s] GC(268)   Post Evacuate Collection Set: 0.5ms
[2022-12-31T14:12:01.470+0530][11601.808s] GC(268)   Other: 0.4ms
[2022-12-31T14:12:01.471+0530][11601.808s] GC(268) Eden regions: 301->0(295)
[2022-12-31T14:12:01.471+0530][11601.808s] GC(268) Survivor regions: 6->12(39)
[2022-12-31T14:12:01.471+0530][11601.808s] GC(268) Old regions: 46->46
[2022-12-31T14:12:01.471+0530][11601.808s] GC(268) Humongous regions: 7->7
[2022-12-31T14:12:01.471+0530][11601.809s] GC(268) Metaspace: 65263K->65263K(1107968K)
[2022-12-31T14:12:01.471+0530][11601.809s] GC(268) Pause Young (Normal) (G1 Evacuation Pause) 359M->64M(512M) 6.253ms
[2022-12-31T14:12:01.472+0530][11601.809s] GC(268) User=0.00s Sys=0.00s Real=0.01s
[2022-12-31T14:12:04.707+0530][11605.044s] GC(269) Pause Young (Normal) (G1 Evacuation Pause)
[2022-12-31T14:12:04.707+0530][11605.044s] GC(269) Using 8 workers of 8 for evacuation
[2022-12-31T14:12:04.709+0530][11605.047s] GC(269)   Pre Evacuate Collection Set: 0.0ms
[2022-12-31T14:12:04.709+0530][11605.047s] GC(269)   Evacuate Collection Set: 1.7ms
[2022-12-31T14:12:04.709+0530][11605.047s] GC(269)   Post Evacuate Collection Set: 0.4ms
[2022-12-31T14:12:04.710+0530][11605.047s] GC(269)   Other: 0.6ms
[2022-12-31T14:12:04.710+0530][11605.047s] GC(269) Eden regions: 295->0(304)
[2022-12-31T14:12:04.710+0530][11605.047s] GC(269) Survivor regions: 12->3(39)
[2022-12-31T14:12:04.710+0530][11605.047s] GC(269) Old regions: 46->47
[2022-12-31T14:12:04.710+0530][11605.047s] GC(269) Humongous regions: 7->7
[2022-12-31T14:12:04.710+0530][11605.048s] GC(269) Metaspace: 65263K->65263K(1107968K)
[2022-12-31T14:12:04.710+0530][11605.048s] GC(269) Pause Young (Normal) (G1 Evacuation Pause) 359M->55M(512M) 3.437ms
[2022-12-31T14:12:04.710+0530][11605.048s] GC(269) User=0.00s Sys=0.00s Real=0.00s
[2022-12-31T14:13:03.179+0530][11663.517s] GC(270) Pause Young (Normal) (G1 Evacuation Pause)
[2022-12-31T14:13:03.180+0530][11663.517s] GC(270) Using 8 workers of 8 for evacuation
[2022-12-31T14:13:03.184+0530][11663.522s] GC(270)   Pre Evacuate Collection Set: 0.0ms
[2022-12-31T14:13:03.184+0530][11663.522s] GC(270)   Evacuate Collection Set: 3.6ms
[2022-12-31T14:13:03.185+0530][11663.522s] GC(270)   Post Evacuate Collection Set: 0.5ms
[2022-12-31T14:13:03.185+0530][11663.522s] GC(270)   Other: 0.6ms
[2022-12-31T14:13:03.185+0530][11663.522s] GC(270) Eden regions: 304->0(302)
[2022-12-31T14:13:03.185+0530][11663.522s] GC(270) Survivor regions: 3->5(39)
[2022-12-31T14:13:03.185+0530][11663.522s] GC(270) Old regions: 47->47
[2022-12-31T14:13:03.185+0530][11663.523s] GC(270) Humongous regions: 7->7
[2022-12-31T14:13:03.185+0530][11663.523s] GC(270) Metaspace: 65263K->65263K(1107968K)
[2022-12-31T14:13:03.185+0530][11663.523s] GC(270) Pause Young (Normal) (G1 Evacuation Pause) 359M->58M(512M) 5.935ms
[2022-12-31T14:13:03.185+0530][11663.523s] GC(270) User=0.09s Sys=0.02s Real=0.01s
[2022-12-31T14:14:02.667+0530][11723.005s] GC(271) Pause Young (Normal) (G1 Evacuation Pause)
[2022-12-31T14:14:02.668+0530][11723.005s] GC(271) Using 8 workers of 8 for evacuation
[2022-12-31T14:14:02.672+0530][11723.009s] GC(271)   Pre Evacuate Collection Set: 0.0ms
[2022-12-31T14:14:02.672+0530][11723.009s] GC(271)   Evacuate Collection Set: 3.2ms
[2022-12-31T14:14:02.672+0530][11723.009s] GC(271)   Post Evacuate Collection Set: 0.5ms
[2022-12-31T14:14:02.672+0530][11723.010s] GC(271)   Other: 0.7ms
[2022-12-31T14:14:02.672+0530][11723.010s] GC(271) Eden regions: 302->0(302)
[2022-12-31T14:14:02.672+0530][11723.010s] GC(271) Survivor regions: 5->5(39)
[2022-12-31T14:14:02.673+0530][11723.010s] GC(271) Old regions: 47->47
[2022-12-31T14:14:02.673+0530][11723.010s] GC(271) Humongous regions: 7->7
[2022-12-31T14:14:02.673+0530][11723.010s] GC(271) Metaspace: 65264K->65264K(1107968K)
[2022-12-31T14:14:02.673+0530][11723.010s] GC(271) Pause Young (Normal) (G1 Evacuation Pause) 360M->57M(512M) 5.738ms
[2022-12-31T14:14:02.673+0530][11723.010s] GC(271) User=0.00s Sys=0.00s Real=0.01s
[2022-12-31T14:15:02.503+0530][11782.841s] GC(272) Pause Young (Normal) (G1 Evacuation Pause)
[2022-12-31T14:15:02.503+0530][11782.841s] GC(272) Using 8 workers of 8 for evacuation
[2022-12-31T14:15:02.506+0530][11782.844s] GC(272)   Pre Evacuate Collection Set: 0.0ms
[2022-12-31T14:15:02.506+0530][11782.844s] GC(272)   Evacuate Collection Set: 2.2ms
[2022-12-31T14:15:02.506+0530][11782.844s] GC(272)   Post Evacuate Collection Set: 0.5ms
[2022-12-31T14:15:02.507+0530][11782.844s] GC(272)   Other: 0.6ms
[2022-12-31T14:15:02.507+0530][11782.845s] GC(272) Eden regions: 302->0(303)
[2022-12-31T14:15:02.507+0530][11782.845s] GC(272) Survivor regions: 5->4(39)
[2022-12-31T14:15:02.507+0530][11782.845s] GC(272) Old regions: 47->47
[2022-12-31T14:15:02.507+0530][11782.845s] GC(272) Humongous regions: 7->7
[2022-12-31T14:15:02.507+0530][11782.845s] GC(272) Metaspace: 65264K->65264K(1107968K)
[2022-12-31T14:15:02.508+0530][11782.845s] GC(272) Pause Young (Normal) (G1 Evacuation Pause) 359M->56M(512M) 4.668ms
[2022-12-31T14:15:02.508+0530][11782.846s] GC(272) User=0.00s Sys=0.00s Real=0.00s
[2022-12-31T14:16:01.509+0530][11841.847s] GC(273) Pause Young (Normal) (G1 Evacuation Pause)
[2022-12-31T14:16:01.509+0530][11841.847s] GC(273) Using 8 workers of 8 for evacuation
[2022-12-31T14:16:01.514+0530][11841.852s] GC(273)   Pre Evacuate Collection Set: 0.0ms
[2022-12-31T14:16:01.514+0530][11841.852s] GC(273)   Evacuate Collection Set: 4.2ms
[2022-12-31T14:16:01.514+0530][11841.852s] GC(273)   Post Evacuate Collection Set: 0.4ms
[2022-12-31T14:16:01.514+0530][11841.852s] GC(273)   Other: 0.4ms
[2022-12-31T14:16:01.514+0530][11841.852s] GC(273) Eden regions: 303->0(291)
[2022-12-31T14:16:01.515+0530][11841.852s] GC(273) Survivor regions: 4->16(39)
[2022-12-31T14:16:01.515+0530][11841.852s] GC(273) Old regions: 47->47
[2022-12-31T14:16:01.515+0530][11841.852s] GC(273) Humongous regions: 7->7
[2022-12-31T14:16:01.515+0530][11841.852s] GC(273) Metaspace: 65264K->65264K(1107968K)
[2022-12-31T14:16:01.515+0530][11841.853s] GC(273) Pause Young (Normal) (G1 Evacuation Pause) 359M->69M(512M) 5.908ms
[2022-12-31T14:16:01.515+0530][11841.853s] GC(273) User=0.13s Sys=0.00s Real=0.01s
[2022-12-31T14:16:04.708+0530][11845.045s] GC(274) Pause Young (Normal) (G1 Evacuation Pause)
[2022-12-31T14:16:04.708+0530][11845.045s] GC(274) Using 8 workers of 8 for evacuation
[2022-12-31T14:16:04.712+0530][11845.049s] GC(274)   Pre Evacuate Collection Set: 0.0ms
[2022-12-31T14:16:04.712+0530][11845.049s] GC(274)   Evacuate Collection Set: 3.1ms
[2022-12-31T14:16:04.712+0530][11845.049s] GC(274)   Post Evacuate Collection Set: 0.4ms
[2022-12-31T14:16:04.712+0530][11845.049s] GC(274)   Other: 0.4ms
[2022-12-31T14:16:04.712+0530][11845.049s] GC(274) Eden regions: 291->0(301)
[2022-12-31T14:16:04.713+0530][11845.049s] GC(274) Survivor regions: 16->6(39)
[2022-12-31T14:16:04.713+0530][11845.050s] GC(274) Old regions: 47->47
[2022-12-31T14:16:04.713+0530][11845.050s] GC(274) Humongous regions: 7->7
[2022-12-31T14:16:04.713+0530][11845.050s] GC(274) Metaspace: 65264K->65264K(1107968K)
[2022-12-31T14:16:04.713+0530][11845.050s] GC(274) Pause Young (Normal) (G1 Evacuation Pause) 360M->59M(512M) 4.646ms
[2022-12-31T14:16:04.713+0530][11845.050s] GC(274) User=0.00s Sys=0.00s Real=0.01s
[2022-12-31T14:17:02.778+0530][11903.116s] GC(275) Pause Young (Normal) (G1 Evacuation Pause)
[2022-12-31T14:17:02.778+0530][11903.116s] GC(275) Using 8 workers of 8 for evacuation
[2022-12-31T14:17:02.781+0530][11903.119s] GC(275)   Pre Evacuate Collection Set: 0.0ms
[2022-12-31T14:17:02.781+0530][11903.119s] GC(275)   Evacuate Collection Set: 2.4ms
[2022-12-31T14:17:02.781+0530][11903.119s] GC(275)   Post Evacuate Collection Set: 0.5ms
[2022-12-31T14:17:02.782+0530][11903.119s] GC(275)   Other: 0.5ms
[2022-12-31T14:17:02.782+0530][11903.119s] GC(275) Eden regions: 301->0(301)
[2022-12-31T14:17:02.782+0530][11903.119s] GC(275) Survivor regions: 6->6(39)
[2022-12-31T14:17:02.782+0530][11903.120s] GC(275) Old regions: 47->47
[2022-12-31T14:17:02.782+0530][11903.120s] GC(275) Humongous regions: 7->7
[2022-12-31T14:17:02.782+0530][11903.120s] GC(275) Metaspace: 65264K->65264K(1107968K)
[2022-12-31T14:17:02.782+0530][11903.120s] GC(275) Pause Young (Normal) (G1 Evacuation Pause) 360M->58M(512M) 4.273ms
[2022-12-31T14:17:02.782+0530][11903.120s] GC(275) User=0.00s Sys=0.00s Real=0.00s
[2022-12-31T14:18:01.567+0530][11961.904s] GC(276) Pause Young (Normal) (G1 Evacuation Pause)
[2022-12-31T14:18:01.567+0530][11961.904s] GC(276) Using 8 workers of 8 for evacuation
[2022-12-31T14:18:01.572+0530][11961.909s] GC(276)   Pre Evacuate Collection Set: 0.0ms
[2022-12-31T14:18:01.572+0530][11961.909s] GC(276)   Evacuate Collection Set: 3.8ms
[2022-12-31T14:18:01.572+0530][11961.909s] GC(276)   Post Evacuate Collection Set: 0.5ms
[2022-12-31T14:18:01.572+0530][11961.909s] GC(276)   Other: 0.6ms
[2022-12-31T14:18:01.572+0530][11961.910s] GC(276) Eden regions: 301->0(299)
[2022-12-31T14:18:01.572+0530][11961.910s] GC(276) Survivor regions: 6->8(39)
[2022-12-31T14:18:01.572+0530][11961.910s] GC(276) Old regions: 47->47
[2022-12-31T14:18:01.573+0530][11961.910s] GC(276) Humongous regions: 7->7
[2022-12-31T14:18:01.573+0530][11961.910s] GC(276) Metaspace: 65264K->65264K(1107968K)
[2022-12-31T14:18:01.573+0530][11961.910s] GC(276) Pause Young (Normal) (G1 Evacuation Pause) 359M->60M(512M) 6.103ms
[2022-12-31T14:18:01.573+0530][11961.910s] GC(276) User=0.00s Sys=0.02s Real=0.01s
[2022-12-31T14:19:01.547+0530][12021.884s] GC(277) Pause Young (Normal) (G1 Evacuation Pause)
[2022-12-31T14:19:01.547+0530][12021.884s] GC(277) Using 8 workers of 8 for evacuation
[2022-12-31T14:19:01.550+0530][12021.888s] GC(277)   Pre Evacuate Collection Set: 0.0ms
[2022-12-31T14:19:01.550+0530][12021.888s] GC(277)   Evacuate Collection Set: 2.5ms
[2022-12-31T14:19:01.550+0530][12021.888s] GC(277)   Post Evacuate Collection Set: 0.3ms
[2022-12-31T14:19:01.551+0530][12021.888s] GC(277)   Other: 0.4ms
[2022-12-31T14:19:01.551+0530][12021.888s] GC(277) Eden regions: 299->0(303)
[2022-12-31T14:19:01.551+0530][12021.888s] GC(277) Survivor regions: 8->4(39)
[2022-12-31T14:19:01.551+0530][12021.888s] GC(277) Old regions: 47->47
[2022-12-31T14:19:01.551+0530][12021.888s] GC(277) Humongous regions: 7->7
[2022-12-31T14:19:01.551+0530][12021.889s] GC(277) Metaspace: 65265K->65265K(1107968K)
[2022-12-31T14:19:01.551+0530][12021.889s] GC(277) Pause Young (Normal) (G1 Evacuation Pause) 359M->56M(512M) 4.363ms
[2022-12-31T14:19:01.551+0530][12021.889s] GC(277) User=0.00s Sys=0.00s Real=0.00s
[2022-12-31T14:20:02.799+0530][12083.137s] GC(278) Pause Young (Normal) (G1 Evacuation Pause)
[2022-12-31T14:20:02.800+0530][12083.137s] GC(278) Using 8 workers of 8 for evacuation
[2022-12-31T14:20:02.804+0530][12083.141s] GC(278)   Pre Evacuate Collection Set: 0.0ms
[2022-12-31T14:20:02.804+0530][12083.142s] GC(278)   Evacuate Collection Set: 3.3ms
[2022-12-31T14:20:02.804+0530][12083.142s] GC(278)   Post Evacuate Collection Set: 0.5ms
[2022-12-31T14:20:02.804+0530][12083.142s] GC(278)   Other: 0.5ms
[2022-12-31T14:20:02.804+0530][12083.142s] GC(278) Eden regions: 303->0(303)
[2022-12-31T14:20:02.805+0530][12083.142s] GC(278) Survivor regions: 4->4(39)
[2022-12-31T14:20:02.805+0530][12083.142s] GC(278) Old regions: 47->47
[2022-12-31T14:20:02.805+0530][12083.143s] GC(278) Humongous regions: 7->7
[2022-12-31T14:20:02.805+0530][12083.143s] GC(278) Metaspace: 65265K->65265K(1107968K)
[2022-12-31T14:20:02.805+0530][12083.143s] GC(278) Pause Young (Normal) (G1 Evacuation Pause) 359M->57M(512M) 5.633ms
[2022-12-31T14:20:02.805+0530][12083.143s] GC(278) User=0.00s Sys=0.00s Real=0.01s
[2022-12-31T14:21:01.971+0530][12142.309s] GC(279) Pause Young (Normal) (G1 Evacuation Pause)
[2022-12-31T14:21:01.971+0530][12142.309s] GC(279) Using 8 workers of 8 for evacuation
[2022-12-31T14:21:01.975+0530][12142.313s] GC(279)   Pre Evacuate Collection Set: 0.0ms
[2022-12-31T14:21:01.976+0530][12142.313s] GC(279)   Evacuate Collection Set: 3.3ms
[2022-12-31T14:21:01.976+0530][12142.314s] GC(279)   Post Evacuate Collection Set: 0.6ms
[2022-12-31T14:21:01.976+0530][12142.314s] GC(279)   Other: 0.5ms
[2022-12-31T14:21:01.976+0530][12142.314s] GC(279) Eden regions: 303->0(300)
[2022-12-31T14:21:01.976+0530][12142.314s] GC(279) Survivor regions: 4->7(39)
[2022-12-31T14:21:01.977+0530][12142.314s] GC(279) Old regions: 47->47
[2022-12-31T14:21:01.977+0530][12142.314s] GC(279) Humongous regions: 7->7
[2022-12-31T14:21:01.977+0530][12142.314s] GC(279) Metaspace: 65265K->65265K(1107968K)
[2022-12-31T14:21:01.977+0530][12142.314s] GC(279) Pause Young (Normal) (G1 Evacuation Pause) 360M->59M(512M) 5.733ms
[2022-12-31T14:21:01.977+0530][12142.314s] GC(279) User=0.00s Sys=0.00s Real=0.01s
[2022-12-31T14:22:01.565+0530][12201.903s] GC(280) Pause Young (Normal) (G1 Evacuation Pause)
[2022-12-31T14:22:01.565+0530][12201.903s] GC(280) Using 8 workers of 8 for evacuation
[2022-12-31T14:22:01.571+0530][12201.909s] GC(280)   Pre Evacuate Collection Set: 0.0ms
[2022-12-31T14:22:01.572+0530][12201.909s] GC(280)   Evacuate Collection Set: 5.0ms
[2022-12-31T14:22:01.572+0530][12201.909s] GC(280)   Post Evacuate Collection Set: 0.6ms
[2022-12-31T14:22:01.572+0530][12201.910s] GC(280)   Other: 0.6ms
[2022-12-31T14:22:01.572+0530][12201.910s] GC(280) Eden regions: 300->0(291)
[2022-12-31T14:22:01.572+0530][12201.910s] GC(280) Survivor regions: 7->16(39)
[2022-12-31T14:22:01.572+0530][12201.910s] GC(280) Old regions: 47->47
[2022-12-31T14:22:01.572+0530][12201.910s] GC(280) Humongous regions: 7->7
[2022-12-31T14:22:01.572+0530][12201.910s] GC(280) Metaspace: 65265K->65265K(1107968K)
[2022-12-31T14:22:01.573+0530][12201.910s] GC(280) Pause Young (Normal) (G1 Evacuation Pause) 359M->68M(512M) 7.290ms
[2022-12-31T14:22:01.573+0530][12201.910s] GC(280) User=0.02s Sys=0.00s Real=0.01s
[2022-12-31T14:22:03.807+0530][12204.144s] GC(281) Pause Young (Normal) (G1 Evacuation Pause)
[2022-12-31T14:22:03.807+0530][12204.144s] GC(281) Using 8 workers of 8 for evacuation
[2022-12-31T14:22:03.811+0530][12204.148s] GC(281)   Pre Evacuate Collection Set: 0.0ms
[2022-12-31T14:22:03.811+0530][12204.149s] GC(281)   Evacuate Collection Set: 3.2ms
[2022-12-31T14:22:03.811+0530][12204.149s] GC(281)   Post Evacuate Collection Set: 0.5ms
[2022-12-31T14:22:03.811+0530][12204.149s] GC(281)   Other: 0.6ms
[2022-12-31T14:22:03.811+0530][12204.149s] GC(281) Eden regions: 291->0(302)
[2022-12-31T14:22:03.811+0530][12204.149s] GC(281) Survivor regions: 16->5(39)
[2022-12-31T14:22:03.811+0530][12204.149s] GC(281) Old regions: 47->47
[2022-12-31T14:22:03.812+0530][12204.149s] GC(281) Humongous regions: 7->7
[2022-12-31T14:22:03.812+0530][12204.149s] GC(281) Metaspace: 65265K->65265K(1107968K)
[2022-12-31T14:22:03.812+0530][12204.149s] GC(281) Pause Young (Normal) (G1 Evacuation Pause) 359M->57M(512M) 5.302ms
[2022-12-31T14:22:03.812+0530][12204.150s] GC(281) User=0.02s Sys=0.02s Real=0.01s
[2022-12-31T14:23:02.297+0530][12262.635s] GC(282) Pause Young (Normal) (G1 Evacuation Pause)
[2022-12-31T14:23:02.297+0530][12262.635s] GC(282) Using 8 workers of 8 for evacuation
[2022-12-31T14:23:02.302+0530][12262.640s] GC(282)   Pre Evacuate Collection Set: 0.0ms
[2022-12-31T14:23:02.302+0530][12262.640s] GC(282)   Evacuate Collection Set: 3.9ms
[2022-12-31T14:23:02.302+0530][12262.640s] GC(282)   Post Evacuate Collection Set: 0.6ms
[2022-12-31T14:23:02.303+0530][12262.640s] GC(282)   Other: 0.6ms
[2022-12-31T14:23:02.303+0530][12262.641s] GC(282) Eden regions: 302->0(293)
[2022-12-31T14:23:02.303+0530][12262.641s] GC(282) Survivor regions: 5->14(39)
[2022-12-31T14:23:02.303+0530][12262.641s] GC(282) Old regions: 47->47
[2022-12-31T14:23:02.303+0530][12262.641s] GC(282) Humongous regions: 7->7
[2022-12-31T14:23:02.303+0530][12262.641s] GC(282) Metaspace: 65265K->65265K(1107968K)
[2022-12-31T14:23:02.303+0530][12262.641s] GC(282) Pause Young (Normal) (G1 Evacuation Pause) 359M->66M(512M) 6.294ms
[2022-12-31T14:23:02.303+0530][12262.641s] GC(282) User=0.00s Sys=0.00s Real=0.01s
[2022-12-31T14:23:05.859+0530][12266.197s] GC(283) Pause Young (Normal) (G1 Evacuation Pause)
[2022-12-31T14:23:05.860+0530][12266.197s] GC(283) Using 8 workers of 8 for evacuation
[2022-12-31T14:23:05.864+0530][12266.201s] GC(283)   Pre Evacuate Collection Set: 0.0ms
[2022-12-31T14:23:05.864+0530][12266.201s] GC(283)   Evacuate Collection Set: 3.3ms
[2022-12-31T14:23:05.864+0530][12266.201s] GC(283)   Post Evacuate Collection Set: 0.5ms
[2022-12-31T14:23:05.864+0530][12266.202s] GC(283)   Other: 0.5ms
[2022-12-31T14:23:05.864+0530][12266.202s] GC(283) Eden regions: 293->0(301)
[2022-12-31T14:23:05.865+0530][12266.202s] GC(283) Survivor regions: 14->6(39)
[2022-12-31T14:23:05.865+0530][12266.202s] GC(283) Old regions: 47->47
[2022-12-31T14:23:05.865+0530][12266.202s] GC(283) Humongous regions: 7->7
[2022-12-31T14:23:05.865+0530][12266.202s] GC(283) Metaspace: 65265K->65265K(1107968K)
[2022-12-31T14:23:05.865+0530][12266.202s] GC(283) Pause Young (Normal) (G1 Evacuation Pause) 359M->59M(512M) 5.507ms
[2022-12-31T14:23:05.865+0530][12266.202s] GC(283) User=0.00s Sys=0.00s Real=0.01s
[2022-12-31T14:24:02.866+0530][12323.204s] GC(284) Pause Young (Normal) (G1 Evacuation Pause)
[2022-12-31T14:24:02.866+0530][12323.204s] GC(284) Using 8 workers of 8 for evacuation
[2022-12-31T14:24:02.869+0530][12323.207s] GC(284)   Pre Evacuate Collection Set: 0.0ms
[2022-12-31T14:24:02.869+0530][12323.207s] GC(284)   Evacuate Collection Set: 2.4ms
[2022-12-31T14:24:02.869+0530][12323.207s] GC(284)   Post Evacuate Collection Set: 0.4ms
[2022-12-31T14:24:02.870+0530][12323.207s] GC(284)   Other: 0.5ms
[2022-12-31T14:24:02.870+0530][12323.207s] GC(284) Eden regions: 301->0(300)
[2022-12-31T14:24:02.870+0530][12323.208s] GC(284) Survivor regions: 6->7(39)
[2022-12-31T14:24:02.870+0530][12323.208s] GC(284) Old regions: 47->47
[2022-12-31T14:24:02.870+0530][12323.208s] GC(284) Humongous regions: 7->7
[2022-12-31T14:24:02.870+0530][12323.208s] GC(284) Metaspace: 65265K->65265K(1107968K)
[2022-12-31T14:24:02.870+0530][12323.208s] GC(284) Pause Young (Normal) (G1 Evacuation Pause) 360M->59M(512M) 4.112ms
[2022-12-31T14:24:02.870+0530][12323.208s] GC(284) User=0.00s Sys=0.02s Real=0.00s
[2022-12-31T14:25:01.004+0530][12381.342s] GC(285) Pause Young (Normal) (G1 Evacuation Pause)
[2022-12-31T14:25:01.005+0530][12381.342s] GC(285) Using 8 workers of 8 for evacuation
[2022-12-31T14:25:01.010+0530][12381.348s] GC(285)   Pre Evacuate Collection Set: 0.0ms
[2022-12-31T14:25:01.010+0530][12381.348s] GC(285)   Evacuate Collection Set: 4.5ms
[2022-12-31T14:25:01.011+0530][12381.348s] GC(285)   Post Evacuate Collection Set: 0.6ms
[2022-12-31T14:25:01.011+0530][12381.348s] GC(285)   Other: 0.6ms
[2022-12-31T14:25:01.011+0530][12381.348s] GC(285) Eden regions: 300->0(292)
[2022-12-31T14:25:01.011+0530][12381.349s] GC(285) Survivor regions: 7->15(39)
[2022-12-31T14:25:01.011+0530][12381.349s] GC(285) Old regions: 47->47
[2022-12-31T14:25:01.011+0530][12381.349s] GC(285) Humongous regions: 7->7
[2022-12-31T14:25:01.011+0530][12381.349s] GC(285) Metaspace: 65265K->65265K(1107968K)
[2022-12-31T14:25:01.011+0530][12381.349s] GC(285) Pause Young (Normal) (G1 Evacuation Pause) 359M->67M(512M) 6.998ms
[2022-12-31T14:25:01.011+0530][12381.349s] GC(285) User=0.02s Sys=0.00s Real=0.01s
[2022-12-31T14:25:03.716+0530][12384.054s] GC(286) Pause Young (Normal) (G1 Evacuation Pause)
[2022-12-31T14:25:03.717+0530][12384.054s] GC(286) Using 8 workers of 8 for evacuation
[2022-12-31T14:25:03.720+0530][12384.058s] GC(286)   Pre Evacuate Collection Set: 0.0ms
[2022-12-31T14:25:03.721+0530][12384.058s] GC(286)   Evacuate Collection Set: 3.2ms
[2022-12-31T14:25:03.721+0530][12384.058s] GC(286)   Post Evacuate Collection Set: 0.4ms
[2022-12-31T14:25:03.721+0530][12384.058s] GC(286)   Other: 0.4ms
[2022-12-31T14:25:03.721+0530][12384.058s] GC(286) Eden regions: 292->0(300)
[2022-12-31T14:25:03.721+0530][12384.058s] GC(286) Survivor regions: 15->7(39)
[2022-12-31T14:25:03.721+0530][12384.058s] GC(286) Old regions: 47->47
[2022-12-31T14:25:03.721+0530][12384.059s] GC(286) Humongous regions: 7->7
[2022-12-31T14:25:03.721+0530][12384.059s] GC(286) Metaspace: 65265K->65265K(1107968K)
[2022-12-31T14:25:03.721+0530][12384.059s] GC(286) Pause Young (Normal) (G1 Evacuation Pause) 359M->59M(512M) 4.833ms
[2022-12-31T14:25:03.721+0530][12384.059s] GC(286) User=0.00s Sys=0.00s Real=0.00s
[2022-12-31T14:26:03.918+0530][12444.255s] GC(287) Pause Young (Normal) (G1 Evacuation Pause)
[2022-12-31T14:26:03.918+0530][12444.255s] GC(287) Using 8 workers of 8 for evacuation
[2022-12-31T14:26:03.921+0530][12444.258s] GC(287)   Pre Evacuate Collection Set: 0.0ms
[2022-12-31T14:26:03.921+0530][12444.258s] GC(287)   Evacuate Collection Set: 2.0ms
[2022-12-31T14:26:03.921+0530][12444.258s] GC(287)   Post Evacuate Collection Set: 0.3ms
[2022-12-31T14:26:03.921+0530][12444.258s] GC(287)   Other: 0.4ms
[2022-12-31T14:26:03.921+0530][12444.258s] GC(287) Eden regions: 300->0(304)
[2022-12-31T14:26:03.921+0530][12444.258s] GC(287) Survivor regions: 7->3(39)
[2022-12-31T14:26:03.921+0530][12444.258s] GC(287) Old regions: 47->47
[2022-12-31T14:26:03.921+0530][12444.258s] GC(287) Humongous regions: 7->7
[2022-12-31T14:26:03.921+0530][12444.258s] GC(287) Metaspace: 65265K->65265K(1107968K)
[2022-12-31T14:26:03.921+0530][12444.258s] GC(287) Pause Young (Normal) (G1 Evacuation Pause) 359M->56M(512M) 3.536ms
[2022-12-31T14:26:03.921+0530][12444.259s] GC(287) User=0.00s Sys=0.00s Real=0.00s
[2022-12-31T14:27:03.637+0530][12503.974s] GC(288) Pause Young (Normal) (G1 Evacuation Pause)
[2022-12-31T14:27:03.637+0530][12503.974s] GC(288) Using 8 workers of 8 for evacuation
[2022-12-31T14:27:03.640+0530][12503.977s] GC(288)   Pre Evacuate Collection Set: 0.0ms
[2022-12-31T14:27:03.640+0530][12503.977s] GC(288)   Evacuate Collection Set: 2.4ms
[2022-12-31T14:27:03.640+0530][12503.977s] GC(288)   Post Evacuate Collection Set: 0.4ms
[2022-12-31T14:27:03.640+0530][12503.977s] GC(288)   Other: 0.4ms
[2022-12-31T14:27:03.640+0530][12503.977s] GC(288) Eden regions: 304->0(304)
[2022-12-31T14:27:03.640+0530][12503.977s] GC(288) Survivor regions: 3->3(39)
[2022-12-31T14:27:03.641+0530][12503.978s] GC(288) Old regions: 47->47
[2022-12-31T14:27:03.641+0530][12503.978s] GC(288) Humongous regions: 7->7
[2022-12-31T14:27:03.641+0530][12503.978s] GC(288) Metaspace: 65265K->65265K(1107968K)
[2022-12-31T14:27:03.641+0530][12503.978s] GC(288) Pause Young (Normal) (G1 Evacuation Pause) 360M->56M(512M) 4.227ms
[2022-12-31T14:27:03.641+0530][12503.978s] GC(288) User=0.00s Sys=0.00s Real=0.00s
[2022-12-31T14:28:03.051+0530][12563.388s] GC(289) Pause Young (Normal) (G1 Evacuation Pause)
[2022-12-31T14:28:03.052+0530][12563.389s] GC(289) Using 8 workers of 8 for evacuation
[2022-12-31T14:28:03.055+0530][12563.392s] GC(289)   Pre Evacuate Collection Set: 0.0ms
[2022-12-31T14:28:03.055+0530][12563.392s] GC(289)   Evacuate Collection Set: 2.6ms
[2022-12-31T14:28:03.055+0530][12563.392s] GC(289)   Post Evacuate Collection Set: 0.4ms
[2022-12-31T14:28:03.055+0530][12563.392s] GC(289)   Other: 0.5ms
[2022-12-31T14:28:03.055+0530][12563.392s] GC(289) Eden regions: 304->0(303)
[2022-12-31T14:28:03.055+0530][12563.392s] GC(289) Survivor regions: 3->4(39)
[2022-12-31T14:28:03.055+0530][12563.392s] GC(289) Old regions: 47->47
[2022-12-31T14:28:03.055+0530][12563.392s] GC(289) Humongous regions: 7->7
[2022-12-31T14:28:03.056+0530][12563.393s] GC(289) Metaspace: 65265K->65265K(1107968K)
[2022-12-31T14:28:03.056+0530][12563.393s] GC(289) Pause Young (Normal) (G1 Evacuation Pause) 360M->57M(512M) 4.280ms
[2022-12-31T14:28:03.056+0530][12563.393s] GC(289) User=0.00s Sys=0.00s Real=0.00s
[2022-12-31T14:29:04.566+0530][12624.903s] GC(290) Pause Young (Normal) (G1 Evacuation Pause)
[2022-12-31T14:29:04.566+0530][12624.903s] GC(290) Using 8 workers of 8 for evacuation
[2022-12-31T14:29:04.569+0530][12624.907s] GC(290)   Pre Evacuate Collection Set: 0.0ms
[2022-12-31T14:29:04.570+0530][12624.907s] GC(290)   Evacuate Collection Set: 2.7ms
[2022-12-31T14:29:04.570+0530][12624.907s] GC(290)   Post Evacuate Collection Set: 0.5ms
[2022-12-31T14:29:04.570+0530][12624.907s] GC(290)   Other: 0.6ms
[2022-12-31T14:29:04.570+0530][12624.908s] GC(290) Eden regions: 303->0(303)
[2022-12-31T14:29:04.570+0530][12624.908s] GC(290) Survivor regions: 4->4(39)
[2022-12-31T14:29:04.570+0530][12624.908s] GC(290) Old regions: 47->47
[2022-12-31T14:29:04.570+0530][12624.908s] GC(290) Humongous regions: 7->7
[2022-12-31T14:29:04.570+0530][12624.908s] GC(290) Metaspace: 65265K->65265K(1107968K)
[2022-12-31T14:29:04.571+0530][12624.908s] GC(290) Pause Young (Normal) (G1 Evacuation Pause) 360M->57M(512M) 4.864ms
[2022-12-31T14:29:04.571+0530][12624.908s] GC(290) User=0.00s Sys=0.00s Real=0.01s
[2022-12-31T14:30:03.470+0530][12683.808s] GC(291) Pause Young (Normal) (G1 Evacuation Pause)
[2022-12-31T14:30:03.471+0530][12683.808s] GC(291) Using 8 workers of 8 for evacuation
[2022-12-31T14:30:03.474+0530][12683.812s] GC(291)   Pre Evacuate Collection Set: 0.0ms
[2022-12-31T14:30:03.475+0530][12683.812s] GC(291)   Evacuate Collection Set: 2.7ms
[2022-12-31T14:30:03.475+0530][12683.812s] GC(291)   Post Evacuate Collection Set: 0.5ms
[2022-12-31T14:30:03.475+0530][12683.812s] GC(291)   Other: 0.7ms
[2022-12-31T14:30:03.475+0530][12683.813s] GC(291) Eden regions: 303->0(303)
[2022-12-31T14:30:03.475+0530][12683.813s] GC(291) Survivor regions: 4->4(39)
[2022-12-31T14:30:03.475+0530][12683.813s] GC(291) Old regions: 47->47
[2022-12-31T14:30:03.475+0530][12683.813s] GC(291) Humongous regions: 7->7
[2022-12-31T14:30:03.475+0530][12683.813s] GC(291) Metaspace: 65265K->65265K(1107968K)
[2022-12-31T14:30:03.476+0530][12683.813s] GC(291) Pause Young (Normal) (G1 Evacuation Pause) 360M->57M(512M) 5.254ms
[2022-12-31T14:30:03.476+0530][12683.813s] GC(291) User=0.00s Sys=0.00s Real=0.01s
[2022-12-31T14:31:03.048+0530][12743.385s] GC(292) Pause Young (Normal) (G1 Evacuation Pause)
[2022-12-31T14:31:03.048+0530][12743.385s] GC(292) Using 8 workers of 8 for evacuation
[2022-12-31T14:31:03.052+0530][12743.389s] GC(292)   Pre Evacuate Collection Set: 0.0ms
[2022-12-31T14:31:03.052+0530][12743.390s] GC(292)   Evacuate Collection Set: 3.3ms
[2022-12-31T14:31:03.053+0530][12743.390s] GC(292)   Post Evacuate Collection Set: 0.5ms
[2022-12-31T14:31:03.053+0530][12743.390s] GC(292)   Other: 0.5ms
[2022-12-31T14:31:03.053+0530][12743.390s] GC(292) Eden regions: 303->0(297)
[2022-12-31T14:31:03.053+0530][12743.390s] GC(292) Survivor regions: 4->10(39)
[2022-12-31T14:31:03.053+0530][12743.390s] GC(292) Old regions: 47->47
[2022-12-31T14:31:03.053+0530][12743.390s] GC(292) Humongous regions: 7->7
[2022-12-31T14:31:03.053+0530][12743.390s] GC(292) Metaspace: 65265K->65265K(1107968K)
[2022-12-31T14:31:03.053+0530][12743.390s] GC(292) Pause Young (Normal) (G1 Evacuation Pause) 360M->63M(512M) 5.223ms
[2022-12-31T14:31:03.053+0530][12743.390s] GC(292) User=0.00s Sys=0.00s Real=0.00s
[2022-12-31T14:31:06.691+0530][12747.028s] GC(293) Pause Young (Normal) (G1 Evacuation Pause)
[2022-12-31T14:31:06.691+0530][12747.028s] GC(293) Using 8 workers of 8 for evacuation
[2022-12-31T14:31:06.694+0530][12747.032s] GC(293)   Pre Evacuate Collection Set: 0.0ms
[2022-12-31T14:31:06.694+0530][12747.032s] GC(293)   Evacuate Collection Set: 2.4ms
[2022-12-31T14:31:06.695+0530][12747.032s] GC(293)   Post Evacuate Collection Set: 0.5ms
[2022-12-31T14:31:06.695+0530][12747.032s] GC(293)   Other: 0.7ms
[2022-12-31T14:31:06.695+0530][12747.032s] GC(293) Eden regions: 297->0(304)
[2022-12-31T14:31:06.695+0530][12747.032s] GC(293) Survivor regions: 10->3(39)
[2022-12-31T14:31:06.695+0530][12747.032s] GC(293) Old regions: 47->47
[2022-12-31T14:31:06.695+0530][12747.032s] GC(293) Humongous regions: 7->7
[2022-12-31T14:31:06.695+0530][12747.032s] GC(293) Metaspace: 65265K->65265K(1107968K)
[2022-12-31T14:31:06.695+0530][12747.033s] GC(293) Pause Young (Normal) (G1 Evacuation Pause) 360M->56M(512M) 4.508ms
[2022-12-31T14:31:06.695+0530][12747.033s] GC(293) User=0.00s Sys=0.00s Real=0.00s
[2022-12-31T14:32:01.898+0530][12802.235s] GC(294) Pause Young (Normal) (G1 Evacuation Pause)
[2022-12-31T14:32:01.898+0530][12802.235s] GC(294) Using 8 workers of 8 for evacuation
[2022-12-31T14:32:01.900+0530][12802.237s] GC(294)   Pre Evacuate Collection Set: 0.0ms
[2022-12-31T14:32:01.900+0530][12802.238s] GC(294)   Evacuate Collection Set: 1.8ms
[2022-12-31T14:32:01.900+0530][12802.238s] GC(294)   Post Evacuate Collection Set: 0.3ms
[2022-12-31T14:32:01.900+0530][12802.238s] GC(294)   Other: 0.3ms
[2022-12-31T14:32:01.900+0530][12802.238s] GC(294) Eden regions: 304->0(302)
[2022-12-31T14:32:01.900+0530][12802.238s] GC(294) Survivor regions: 3->5(39)
[2022-12-31T14:32:01.900+0530][12802.238s] GC(294) Old regions: 47->47
[2022-12-31T14:32:01.900+0530][12802.238s] GC(294) Humongous regions: 7->7
[2022-12-31T14:32:01.900+0530][12802.238s] GC(294) Metaspace: 65265K->65265K(1107968K)
[2022-12-31T14:32:01.900+0530][12802.238s] GC(294) Pause Young (Normal) (G1 Evacuation Pause) 360M->58M(512M) 2.879ms
[2022-12-31T14:32:01.900+0530][12802.238s] GC(294) User=0.00s Sys=0.00s Real=0.00s
[2022-12-31T14:33:01.225+0530][12861.563s] GC(295) Pause Young (Normal) (G1 Evacuation Pause)
[2022-12-31T14:33:01.225+0530][12861.563s] GC(295) Using 8 workers of 8 for evacuation
[2022-12-31T14:33:01.228+0530][12861.565s] GC(295)   Pre Evacuate Collection Set: 0.0ms
[2022-12-31T14:33:01.228+0530][12861.566s] GC(295)   Evacuate Collection Set: 2.1ms
[2022-12-31T14:33:01.228+0530][12861.566s] GC(295)   Post Evacuate Collection Set: 0.5ms
[2022-12-31T14:33:01.228+0530][12861.566s] GC(295)   Other: 0.3ms
[2022-12-31T14:33:01.228+0530][12861.566s] GC(295) Eden regions: 302->0(299)
[2022-12-31T14:33:01.228+0530][12861.566s] GC(295) Survivor regions: 5->8(39)
[2022-12-31T14:33:01.228+0530][12861.566s] GC(295) Old regions: 47->47
[2022-12-31T14:33:01.228+0530][12861.566s] GC(295) Humongous regions: 7->7
[2022-12-31T14:33:01.228+0530][12861.566s] GC(295) Metaspace: 65265K->65265K(1107968K)
[2022-12-31T14:33:01.228+0530][12861.566s] GC(295) Pause Young (Normal) (G1 Evacuation Pause) 360M->61M(512M) 3.475ms
[2022-12-31T14:33:01.228+0530][12861.566s] GC(295) User=0.00s Sys=0.00s Real=0.00s
[2022-12-31T14:34:00.711+0530][12921.049s] GC(296) Pause Young (Normal) (G1 Evacuation Pause)
[2022-12-31T14:34:00.711+0530][12921.049s] GC(296) Using 8 workers of 8 for evacuation
[2022-12-31T14:34:00.716+0530][12921.053s] GC(296)   Pre Evacuate Collection Set: 0.0ms
[2022-12-31T14:34:00.716+0530][12921.054s] GC(296)   Evacuate Collection Set: 3.7ms
[2022-12-31T14:34:00.716+0530][12921.054s] GC(296)   Post Evacuate Collection Set: 0.5ms
[2022-12-31T14:34:00.716+0530][12921.054s] GC(296)   Other: 0.3ms
[2022-12-31T14:34:00.716+0530][12921.054s] GC(296) Eden regions: 299->0(288)
[2022-12-31T14:34:00.716+0530][12921.054s] GC(296) Survivor regions: 8->19(39)
[2022-12-31T14:34:00.716+0530][12921.054s] GC(296) Old regions: 47->47
[2022-12-31T14:34:00.716+0530][12921.054s] GC(296) Humongous regions: 7->7
[2022-12-31T14:34:00.716+0530][12921.054s] GC(296) Metaspace: 65265K->65265K(1107968K)
[2022-12-31T14:34:00.716+0530][12921.054s] GC(296) Pause Young (Normal) (G1 Evacuation Pause) 360M->72M(512M) 5.106ms
[2022-12-31T14:34:00.716+0530][12921.054s] GC(296) User=0.13s Sys=0.00s Real=0.01s
[2022-12-31T14:34:02.064+0530][12922.402s] GC(297) Pause Young (Normal) (G1 Evacuation Pause)
[2022-12-31T14:34:02.064+0530][12922.402s] GC(297) Using 8 workers of 8 for evacuation
[2022-12-31T14:34:02.066+0530][12922.404s] GC(297)   Pre Evacuate Collection Set: 0.0ms
[2022-12-31T14:34:02.066+0530][12922.404s] GC(297)   Evacuate Collection Set: 1.6ms
[2022-12-31T14:34:02.066+0530][12922.404s] GC(297)   Post Evacuate Collection Set: 0.4ms
[2022-12-31T14:34:02.066+0530][12922.404s] GC(297)   Other: 0.3ms
[2022-12-31T14:34:02.066+0530][12922.404s] GC(297) Eden regions: 288->0(302)
[2022-12-31T14:34:02.066+0530][12922.404s] GC(297) Survivor regions: 19->5(39)
[2022-12-31T14:34:02.066+0530][12922.404s] GC(297) Old regions: 47->48
[2022-12-31T14:34:02.066+0530][12922.404s] GC(297) Humongous regions: 7->7
[2022-12-31T14:34:02.066+0530][12922.404s] GC(297) Metaspace: 65265K->65265K(1107968K)
[2022-12-31T14:34:02.066+0530][12922.404s] GC(297) Pause Young (Normal) (G1 Evacuation Pause) 360M->59M(512M) 2.721ms
[2022-12-31T14:34:02.066+0530][12922.404s] GC(297) User=0.00s Sys=0.00s Real=0.00s
[2022-12-31T14:35:01.254+0530][12981.592s] GC(298) Pause Young (Normal) (G1 Evacuation Pause)
[2022-12-31T14:35:01.254+0530][12981.592s] GC(298) Using 8 workers of 8 for evacuation
[2022-12-31T14:35:01.258+0530][12981.596s] GC(298)   Pre Evacuate Collection Set: 0.0ms
[2022-12-31T14:35:01.258+0530][12981.596s] GC(298)   Evacuate Collection Set: 3.0ms
[2022-12-31T14:35:01.258+0530][12981.596s] GC(298)   Post Evacuate Collection Set: 0.6ms
[2022-12-31T14:35:01.258+0530][12981.596s] GC(298)   Other: 0.3ms
[2022-12-31T14:35:01.258+0530][12981.596s] GC(298) Eden regions: 302->0(291)
[2022-12-31T14:35:01.258+0530][12981.596s] GC(298) Survivor regions: 5->16(39)
[2022-12-31T14:35:01.258+0530][12981.596s] GC(298) Old regions: 48->48
[2022-12-31T14:35:01.258+0530][12981.596s] GC(298) Humongous regions: 7->7
[2022-12-31T14:35:01.258+0530][12981.596s] GC(298) Metaspace: 65269K->65269K(1107968K)
[2022-12-31T14:35:01.258+0530][12981.596s] GC(298) Pause Young (Normal) (G1 Evacuation Pause) 361M->69M(512M) 4.455ms
[2022-12-31T14:35:01.258+0530][12981.596s] GC(298) User=0.00s Sys=0.00s Real=0.00s
[2022-12-31T14:35:02.408+0530][12982.745s] GC(299) Pause Young (Normal) (G1 Evacuation Pause)
[2022-12-31T14:35:02.408+0530][12982.746s] GC(299) Using 8 workers of 8 for evacuation
[2022-12-31T14:35:02.411+0530][12982.749s] GC(299)   Pre Evacuate Collection Set: 0.0ms
[2022-12-31T14:35:02.411+0530][12982.749s] GC(299)   Evacuate Collection Set: 2.4ms
[2022-12-31T14:35:02.411+0530][12982.749s] GC(299)   Post Evacuate Collection Set: 0.4ms
[2022-12-31T14:35:02.411+0530][12982.749s] GC(299)   Other: 0.4ms
[2022-12-31T14:35:02.411+0530][12982.749s] GC(299) Eden regions: 291->0(300)
[2022-12-31T14:35:02.412+0530][12982.749s] GC(299) Survivor regions: 16->7(39)
[2022-12-31T14:35:02.412+0530][12982.749s] GC(299) Old regions: 48->48
[2022-12-31T14:35:02.412+0530][12982.749s] GC(299) Humongous regions: 7->7
[2022-12-31T14:35:02.412+0530][12982.749s] GC(299) Metaspace: 65269K->65269K(1107968K)
[2022-12-31T14:35:02.412+0530][12982.749s] GC(299) Pause Young (Normal) (G1 Evacuation Pause) 360M->60M(512M) 3.945ms
[2022-12-31T14:35:02.412+0530][12982.749s] GC(299) User=0.00s Sys=0.00s Real=0.00s
[2022-12-31T14:36:01.008+0530][13041.346s] GC(300) Pause Young (Normal) (G1 Evacuation Pause)
[2022-12-31T14:36:01.009+0530][13041.346s] GC(300) Using 8 workers of 8 for evacuation
[2022-12-31T14:36:01.012+0530][13041.349s] GC(300)   Pre Evacuate Collection Set: 0.0ms
[2022-12-31T14:36:01.012+0530][13041.350s] GC(300)   Evacuate Collection Set: 2.9ms
[2022-12-31T14:36:01.012+0530][13041.350s] GC(300)   Post Evacuate Collection Set: 0.5ms
[2022-12-31T14:36:01.012+0530][13041.350s] GC(300)   Other: 0.3ms
[2022-12-31T14:36:01.012+0530][13041.350s] GC(300) Eden regions: 300->0(294)
[2022-12-31T14:36:01.012+0530][13041.350s] GC(300) Survivor regions: 7->13(39)
[2022-12-31T14:36:01.013+0530][13041.350s] GC(300) Old regions: 48->48
[2022-12-31T14:36:01.013+0530][13041.350s] GC(300) Humongous regions: 7->7
[2022-12-31T14:36:01.013+0530][13041.350s] GC(300) Metaspace: 65269K->65269K(1107968K)
[2022-12-31T14:36:01.013+0530][13041.350s] GC(300) Pause Young (Normal) (G1 Evacuation Pause) 360M->66M(512M) 4.232ms
[2022-12-31T14:36:01.013+0530][13041.350s] GC(300) User=0.11s Sys=0.00s Real=0.01s
[2022-12-31T14:36:03.332+0530][13043.670s] GC(301) Pause Young (Normal) (G1 Evacuation Pause)
[2022-12-31T14:36:03.332+0530][13043.670s] GC(301) Using 8 workers of 8 for evacuation
[2022-12-31T14:36:03.334+0530][13043.672s] GC(301)   Pre Evacuate Collection Set: 0.0ms
[2022-12-31T14:36:03.334+0530][13043.672s] GC(301)   Evacuate Collection Set: 2.0ms
[2022-12-31T14:36:03.334+0530][13043.672s] GC(301)   Post Evacuate Collection Set: 0.3ms
[2022-12-31T14:36:03.335+0530][13043.672s] GC(301)   Other: 0.3ms
[2022-12-31T14:36:03.335+0530][13043.672s] GC(301) Eden regions: 294->0(301)
[2022-12-31T14:36:03.335+0530][13043.673s] GC(301) Survivor regions: 13->6(39)
[2022-12-31T14:36:03.335+0530][13043.673s] GC(301) Old regions: 48->48
[2022-12-31T14:36:03.335+0530][13043.673s] GC(301) Humongous regions: 7->7
[2022-12-31T14:36:03.335+0530][13043.673s] GC(301) Metaspace: 65269K->65269K(1107968K)
[2022-12-31T14:36:03.335+0530][13043.673s] GC(301) Pause Young (Normal) (G1 Evacuation Pause) 360M->60M(512M) 3.085ms
[2022-12-31T14:36:03.335+0530][13043.673s] GC(301) User=0.00s Sys=0.00s Real=0.00s
[2022-12-31T14:37:02.041+0530][13102.378s] GC(302) Pause Young (Normal) (G1 Evacuation Pause)
[2022-12-31T14:37:02.041+0530][13102.378s] GC(302) Using 8 workers of 8 for evacuation
[2022-12-31T14:37:02.045+0530][13102.382s] GC(302)   Pre Evacuate Collection Set: 0.0ms
[2022-12-31T14:37:02.045+0530][13102.382s] GC(302)   Evacuate Collection Set: 2.4ms
[2022-12-31T14:37:02.045+0530][13102.382s] GC(302)   Post Evacuate Collection Set: 0.5ms
[2022-12-31T14:37:02.045+0530][13102.382s] GC(302)   Other: 0.3ms
[2022-12-31T14:37:02.045+0530][13102.382s] GC(302) Eden regions: 301->0(298)
[2022-12-31T14:37:02.045+0530][13102.382s] GC(302) Survivor regions: 6->9(39)
[2022-12-31T14:37:02.045+0530][13102.382s] GC(302) Old regions: 48->48
[2022-12-31T14:37:02.045+0530][13102.382s] GC(302) Humongous regions: 7->7
[2022-12-31T14:37:02.045+0530][13102.382s] GC(302) Metaspace: 65269K->65269K(1107968K)
[2022-12-31T14:37:02.045+0530][13102.382s] GC(302) Pause Young (Normal) (G1 Evacuation Pause) 361M->62M(512M) 3.769ms
[2022-12-31T14:37:02.045+0530][13102.382s] GC(302) User=0.02s Sys=0.00s Real=0.00s
[2022-12-31T14:37:04.086+0530][13104.423s] GC(303) Pause Young (Normal) (G1 Evacuation Pause)
[2022-12-31T14:37:04.086+0530][13104.423s] GC(303) Using 8 workers of 8 for evacuation
[2022-12-31T14:37:04.088+0530][13104.425s] GC(303)   Pre Evacuate Collection Set: 0.0ms
[2022-12-31T14:37:04.088+0530][13104.425s] GC(303)   Evacuate Collection Set: 1.3ms
[2022-12-31T14:37:04.088+0530][13104.425s] GC(303)   Post Evacuate Collection Set: 0.3ms
[2022-12-31T14:37:04.088+0530][13104.425s] GC(303)   Other: 0.2ms
[2022-12-31T14:37:04.088+0530][13104.426s] GC(303) Eden regions: 298->0(304)
[2022-12-31T14:37:04.088+0530][13104.426s] GC(303) Survivor regions: 9->3(39)
[2022-12-31T14:37:04.088+0530][13104.426s] GC(303) Old regions: 48->48
[2022-12-31T14:37:04.088+0530][13104.426s] GC(303) Humongous regions: 7->7
[2022-12-31T14:37:04.088+0530][13104.426s] GC(303) Metaspace: 65269K->65269K(1107968K)
[2022-12-31T14:37:04.088+0530][13104.426s] GC(303) Pause Young (Normal) (G1 Evacuation Pause) 360M->56M(512M) 2.396ms
[2022-12-31T14:37:04.088+0530][13104.426s] GC(303) User=0.00s Sys=0.00s Real=0.00s
[2022-12-31T14:38:03.143+0530][13163.481s] GC(304) Pause Young (Normal) (G1 Evacuation Pause)
[2022-12-31T14:38:03.143+0530][13163.481s] GC(304) Using 8 workers of 8 for evacuation
[2022-12-31T14:38:03.145+0530][13163.483s] GC(304)   Pre Evacuate Collection Set: 0.0ms
[2022-12-31T14:38:03.145+0530][13163.483s] GC(304)   Evacuate Collection Set: 1.8ms
[2022-12-31T14:38:03.146+0530][13163.483s] GC(304)   Post Evacuate Collection Set: 0.4ms
[2022-12-31T14:38:03.146+0530][13163.484s] GC(304)   Other: 0.3ms
[2022-12-31T14:38:03.146+0530][13163.484s] GC(304) Eden regions: 304->0(303)
[2022-12-31T14:38:03.146+0530][13163.484s] GC(304) Survivor regions: 3->4(39)
[2022-12-31T14:38:03.146+0530][13163.484s] GC(304) Old regions: 48->48
[2022-12-31T14:38:03.146+0530][13163.484s] GC(304) Humongous regions: 7->7
[2022-12-31T14:38:03.146+0530][13163.484s] GC(304) Metaspace: 65269K->65269K(1107968K)
[2022-12-31T14:38:03.146+0530][13163.484s] GC(304) Pause Young (Normal) (G1 Evacuation Pause) 360M->57M(512M) 3.473ms
[2022-12-31T14:38:03.146+0530][13163.484s] GC(304) User=0.00s Sys=0.00s Real=0.00s
[2022-12-31T14:38:04.417+0530][13164.754s] GC(305) Pause Young (Normal) (G1 Evacuation Pause)
[2022-12-31T14:38:04.417+0530][13164.754s] GC(305) Using 8 workers of 8 for evacuation
[2022-12-31T14:38:04.418+0530][13164.756s] GC(305)   Pre Evacuate Collection Set: 0.0ms
[2022-12-31T14:38:04.419+0530][13164.756s] GC(305)   Evacuate Collection Set: 1.2ms
[2022-12-31T14:38:04.419+0530][13164.756s] GC(305)   Post Evacuate Collection Set: 0.3ms
[2022-12-31T14:38:04.419+0530][13164.756s] GC(305)   Other: 0.3ms
[2022-12-31T14:38:04.419+0530][13164.756s] GC(305) Eden regions: 303->0(304)
[2022-12-31T14:38:04.419+0530][13164.756s] GC(305) Survivor regions: 4->3(39)
[2022-12-31T14:38:04.419+0530][13164.756s] GC(305) Old regions: 48->48
[2022-12-31T14:38:04.419+0530][13164.756s] GC(305) Humongous regions: 7->7
[2022-12-31T14:38:04.419+0530][13164.756s] GC(305) Metaspace: 65269K->65269K(1107968K)
[2022-12-31T14:38:04.419+0530][13164.756s] GC(305) Pause Young (Normal) (G1 Evacuation Pause) 360M->56M(512M) 2.301ms
[2022-12-31T14:38:04.419+0530][13164.757s] GC(305) User=0.00s Sys=0.00s Real=0.00s
[2022-12-31T14:39:02.356+0530][13222.693s] GC(306) Pause Young (Normal) (G1 Evacuation Pause)
[2022-12-31T14:39:02.356+0530][13222.693s] GC(306) Using 8 workers of 8 for evacuation
[2022-12-31T14:39:02.359+0530][13222.696s] GC(306)   Pre Evacuate Collection Set: 0.0ms
[2022-12-31T14:39:02.359+0530][13222.696s] GC(306)   Evacuate Collection Set: 2.2ms
[2022-12-31T14:39:02.359+0530][13222.696s] GC(306)   Post Evacuate Collection Set: 0.5ms
[2022-12-31T14:39:02.359+0530][13222.696s] GC(306)   Other: 0.3ms
[2022-12-31T14:39:02.359+0530][13222.696s] GC(306) Eden regions: 304->0(299)
[2022-12-31T14:39:02.359+0530][13222.697s] GC(306) Survivor regions: 3->8(39)
[2022-12-31T14:39:02.359+0530][13222.697s] GC(306) Old regions: 48->48
[2022-12-31T14:39:02.359+0530][13222.697s] GC(306) Humongous regions: 7->7
[2022-12-31T14:39:02.359+0530][13222.697s] GC(306) Metaspace: 65269K->65269K(1107968K)
[2022-12-31T14:39:02.359+0530][13222.697s] GC(306) Pause Young (Normal) (G1 Evacuation Pause) 360M->62M(512M) 3.441ms
[2022-12-31T14:39:02.359+0530][13222.697s] GC(306) User=0.00s Sys=0.00s Real=0.00s
[2022-12-31T14:40:00.643+0530][13280.980s] GC(307) Pause Young (Normal) (G1 Evacuation Pause)
[2022-12-31T14:40:00.643+0530][13280.981s] GC(307) Using 8 workers of 8 for evacuation
[2022-12-31T14:40:00.646+0530][13280.983s] GC(307)   Pre Evacuate Collection Set: 0.0ms
[2022-12-31T14:40:00.646+0530][13280.983s] GC(307)   Evacuate Collection Set: 2.0ms
[2022-12-31T14:40:00.646+0530][13280.983s] GC(307)   Post Evacuate Collection Set: 0.4ms
[2022-12-31T14:40:00.646+0530][13280.983s] GC(307)   Other: 0.4ms
[2022-12-31T14:40:00.646+0530][13280.983s] GC(307) Eden regions: 299->0(301)
[2022-12-31T14:40:00.646+0530][13280.984s] GC(307) Survivor regions: 8->6(39)
[2022-12-31T14:40:00.646+0530][13280.984s] GC(307) Old regions: 48->48
[2022-12-31T14:40:00.646+0530][13280.984s] GC(307) Humongous regions: 7->7
[2022-12-31T14:40:00.646+0530][13280.984s] GC(307) Metaspace: 65269K->65269K(1107968K)
[2022-12-31T14:40:00.646+0530][13280.984s] GC(307) Pause Young (Normal) (G1 Evacuation Pause) 361M->60M(512M) 3.329ms
[2022-12-31T14:40:00.646+0530][13280.984s] GC(307) User=0.00s Sys=0.00s Real=0.00s
[2022-12-31T14:40:02.032+0530][13282.369s] GC(308) Pause Young (Normal) (G1 Evacuation Pause)
[2022-12-31T14:40:02.032+0530][13282.369s] GC(308) Using 8 workers of 8 for evacuation
[2022-12-31T14:40:02.034+0530][13282.372s] GC(308)   Pre Evacuate Collection Set: 0.0ms
[2022-12-31T14:40:02.034+0530][13282.372s] GC(308)   Evacuate Collection Set: 1.7ms
[2022-12-31T14:40:02.034+0530][13282.372s] GC(308)   Post Evacuate Collection Set: 0.4ms
[2022-12-31T14:40:02.034+0530][13282.372s] GC(308)   Other: 0.3ms
[2022-12-31T14:40:02.034+0530][13282.372s] GC(308) Eden regions: 301->0(301)
[2022-12-31T14:40:02.034+0530][13282.372s] GC(308) Survivor regions: 6->6(39)
[2022-12-31T14:40:02.034+0530][13282.372s] GC(308) Old regions: 48->48
[2022-12-31T14:40:02.035+0530][13282.372s] GC(308) Humongous regions: 7->7
[2022-12-31T14:40:02.035+0530][13282.372s] GC(308) Metaspace: 65269K->65269K(1107968K)
[2022-12-31T14:40:02.035+0530][13282.372s] GC(308) Pause Young (Normal) (G1 Evacuation Pause) 361M->60M(512M) 2.965ms
[2022-12-31T14:40:02.035+0530][13282.372s] GC(308) User=0.00s Sys=0.00s Real=0.00s
[2022-12-31T14:41:01.166+0530][13341.504s] GC(309) Pause Young (Normal) (G1 Evacuation Pause)
[2022-12-31T14:41:01.166+0530][13341.504s] GC(309) Using 8 workers of 8 for evacuation
[2022-12-31T14:41:01.171+0530][13341.508s] GC(309)   Pre Evacuate Collection Set: 0.0ms
[2022-12-31T14:41:01.171+0530][13341.508s] GC(309)   Evacuate Collection Set: 4.1ms
[2022-12-31T14:41:01.171+0530][13341.509s] GC(309)   Post Evacuate Collection Set: 0.5ms
[2022-12-31T14:41:01.171+0530][13341.509s] GC(309)   Other: 0.3ms
[2022-12-31T14:41:01.171+0530][13341.509s] GC(309) Eden regions: 301->0(287)
[2022-12-31T14:41:01.171+0530][13341.509s] GC(309) Survivor regions: 6->20(39)
[2022-12-31T14:41:01.171+0530][13341.509s] GC(309) Old regions: 48->48
[2022-12-31T14:41:01.171+0530][13341.509s] GC(309) Humongous regions: 7->7
[2022-12-31T14:41:01.171+0530][13341.509s] GC(309) Metaspace: 65269K->65269K(1107968K)
[2022-12-31T14:41:01.171+0530][13341.509s] GC(309) Pause Young (Normal) (G1 Evacuation Pause) 361M->74M(512M) 5.356ms
[2022-12-31T14:41:01.171+0530][13341.509s] GC(309) User=0.13s Sys=0.00s Real=0.01s
[2022-12-31T14:41:02.514+0530][13342.852s] GC(310) Pause Young (Normal) (G1 Evacuation Pause)
[2022-12-31T14:41:02.514+0530][13342.852s] GC(310) Using 8 workers of 8 for evacuation
[2022-12-31T14:41:02.516+0530][13342.854s] GC(310)   Pre Evacuate Collection Set: 0.0ms
[2022-12-31T14:41:02.516+0530][13342.854s] GC(310)   Evacuate Collection Set: 1.4ms
[2022-12-31T14:41:02.516+0530][13342.854s] GC(310)   Post Evacuate Collection Set: 0.3ms
[2022-12-31T14:41:02.516+0530][13342.854s] GC(310)   Other: 0.4ms
[2022-12-31T14:41:02.516+0530][13342.854s] GC(310) Eden regions: 287->0(301)
[2022-12-31T14:41:02.517+0530][13342.854s] GC(310) Survivor regions: 20->6(39)
[2022-12-31T14:41:02.517+0530][13342.854s] GC(310) Old regions: 48->48
[2022-12-31T14:41:02.517+0530][13342.854s] GC(310) Humongous regions: 7->7
[2022-12-31T14:41:02.517+0530][13342.855s] GC(310) Metaspace: 65269K->65269K(1107968K)
[2022-12-31T14:41:02.517+0530][13342.855s] GC(310) Pause Young (Normal) (G1 Evacuation Pause) 361M->59M(512M) 2.761ms
[2022-12-31T14:41:02.517+0530][13342.855s] GC(310) User=0.00s Sys=0.00s Real=0.00s
[2022-12-31T14:42:00.696+0530][13401.033s] GC(311) Pause Young (Normal) (G1 Evacuation Pause)
[2022-12-31T14:42:00.696+0530][13401.033s] GC(311) Using 8 workers of 8 for evacuation
[2022-12-31T14:42:00.700+0530][13401.038s] GC(311)   Pre Evacuate Collection Set: 0.0ms
[2022-12-31T14:42:00.701+0530][13401.038s] GC(311)   Evacuate Collection Set: 4.0ms
[2022-12-31T14:42:00.701+0530][13401.038s] GC(311)   Post Evacuate Collection Set: 0.5ms
[2022-12-31T14:42:00.701+0530][13401.038s] GC(311)   Other: 0.3ms
[2022-12-31T14:42:00.701+0530][13401.038s] GC(311) Eden regions: 301->0(291)
[2022-12-31T14:42:00.701+0530][13401.039s] GC(311) Survivor regions: 6->16(39)
[2022-12-31T14:42:00.701+0530][13401.039s] GC(311) Old regions: 48->48
[2022-12-31T14:42:00.701+0530][13401.039s] GC(311) Humongous regions: 7->7
[2022-12-31T14:42:00.701+0530][13401.039s] GC(311) Metaspace: 65269K->65269K(1107968K)
[2022-12-31T14:42:00.701+0530][13401.039s] GC(311) Pause Young (Normal) (G1 Evacuation Pause) 360M->69M(512M) 5.353ms
[2022-12-31T14:42:00.701+0530][13401.039s] GC(311) User=0.11s Sys=0.00s Real=0.00s
[2022-12-31T14:42:02.336+0530][13402.674s] GC(312) Pause Young (Normal) (G1 Evacuation Pause)
[2022-12-31T14:42:02.336+0530][13402.674s] GC(312) Using 8 workers of 8 for evacuation
[2022-12-31T14:42:02.339+0530][13402.676s] GC(312)   Pre Evacuate Collection Set: 0.0ms
[2022-12-31T14:42:02.339+0530][13402.676s] GC(312)   Evacuate Collection Set: 2.0ms
[2022-12-31T14:42:02.339+0530][13402.677s] GC(312)   Post Evacuate Collection Set: 0.4ms
[2022-12-31T14:42:02.339+0530][13402.677s] GC(312)   Other: 0.3ms
[2022-12-31T14:42:02.339+0530][13402.677s] GC(312) Eden regions: 291->0(301)
[2022-12-31T14:42:02.339+0530][13402.677s] GC(312) Survivor regions: 16->6(39)
[2022-12-31T14:42:02.339+0530][13402.677s] GC(312) Old regions: 48->48
[2022-12-31T14:42:02.339+0530][13402.677s] GC(312) Humongous regions: 7->7
[2022-12-31T14:42:02.339+0530][13402.677s] GC(312) Metaspace: 65269K->65269K(1107968K)
[2022-12-31T14:42:02.339+0530][13402.677s] GC(312) Pause Young (Normal) (G1 Evacuation Pause) 360M->60M(512M) 3.220ms
[2022-12-31T14:42:02.339+0530][13402.677s] GC(312) User=0.02s Sys=0.00s Real=0.00s
[2022-12-31T14:43:01.585+0530][13461.922s] GC(313) Pause Young (Normal) (G1 Evacuation Pause)
[2022-12-31T14:43:01.585+0530][13461.922s] GC(313) Using 8 workers of 8 for evacuation
[2022-12-31T14:43:01.588+0530][13461.926s] GC(313)   Pre Evacuate Collection Set: 0.0ms
[2022-12-31T14:43:01.589+0530][13461.926s] GC(313)   Evacuate Collection Set: 2.9ms
[2022-12-31T14:43:01.589+0530][13461.926s] GC(313)   Post Evacuate Collection Set: 0.5ms
[2022-12-31T14:43:01.589+0530][13461.926s] GC(313)   Other: 0.3ms
[2022-12-31T14:43:01.589+0530][13461.926s] GC(313) Eden regions: 301->0(295)
[2022-12-31T14:43:01.589+0530][13461.926s] GC(313) Survivor regions: 6->12(39)
[2022-12-31T14:43:01.589+0530][13461.926s] GC(313) Old regions: 48->48
[2022-12-31T14:43:01.589+0530][13461.926s] GC(313) Humongous regions: 7->7
[2022-12-31T14:43:01.589+0530][13461.926s] GC(313) Metaspace: 65269K->65269K(1107968K)
[2022-12-31T14:43:01.589+0530][13461.926s] GC(313) Pause Young (Normal) (G1 Evacuation Pause) 361M->65M(512M) 4.189ms
[2022-12-31T14:43:01.589+0530][13461.926s] GC(313) User=0.00s Sys=0.02s Real=0.00s
[2022-12-31T14:44:00.677+0530][13521.015s] GC(314) Pause Young (Normal) (G1 Evacuation Pause)
[2022-12-31T14:44:00.677+0530][13521.015s] GC(314) Using 8 workers of 8 for evacuation
[2022-12-31T14:44:00.680+0530][13521.017s] GC(314)   Pre Evacuate Collection Set: 0.0ms
[2022-12-31T14:44:00.680+0530][13521.018s] GC(314)   Evacuate Collection Set: 1.6ms
[2022-12-31T14:44:00.680+0530][13521.018s] GC(314)   Post Evacuate Collection Set: 0.4ms
[2022-12-31T14:44:00.680+0530][13521.018s] GC(314)   Other: 0.4ms
[2022-12-31T14:44:00.680+0530][13521.018s] GC(314) Eden regions: 295->0(301)
[2022-12-31T14:44:00.680+0530][13521.018s] GC(314) Survivor regions: 12->6(39)
[2022-12-31T14:44:00.680+0530][13521.018s] GC(314) Old regions: 48->48
[2022-12-31T14:44:00.680+0530][13521.018s] GC(314) Humongous regions: 7->7
[2022-12-31T14:44:00.680+0530][13521.018s] GC(314) Metaspace: 65269K->65269K(1107968K)
[2022-12-31T14:44:00.680+0530][13521.018s] GC(314) Pause Young (Normal) (G1 Evacuation Pause) 360M->60M(512M) 3.057ms
[2022-12-31T14:44:00.681+0530][13521.018s] GC(314) User=0.00s Sys=0.00s Real=0.00s
[2022-12-31T14:44:01.374+0530][13521.711s] GC(315) Pause Young (Normal) (G1 Evacuation Pause)
[2022-12-31T14:44:01.374+0530][13521.711s] GC(315) Using 8 workers of 8 for evacuation
[2022-12-31T14:44:01.376+0530][13521.713s] GC(315)   Pre Evacuate Collection Set: 0.0ms
[2022-12-31T14:44:01.377+0530][13521.714s] GC(315)   Evacuate Collection Set: 2.0ms
[2022-12-31T14:44:01.377+0530][13521.714s] GC(315)   Post Evacuate Collection Set: 0.5ms
[2022-12-31T14:44:01.377+0530][13521.714s] GC(315)   Other: 0.3ms
[2022-12-31T14:44:01.377+0530][13521.714s] GC(315) Eden regions: 301->0(299)
[2022-12-31T14:44:01.377+0530][13521.714s] GC(315) Survivor regions: 6->8(39)
[2022-12-31T14:44:01.377+0530][13521.714s] GC(315) Old regions: 48->48
[2022-12-31T14:44:01.377+0530][13521.714s] GC(315) Humongous regions: 7->7
[2022-12-31T14:44:01.377+0530][13521.714s] GC(315) Metaspace: 65269K->65269K(1107968K)
[2022-12-31T14:44:01.377+0530][13521.714s] GC(315) Pause Young (Normal) (G1 Evacuation Pause) 361M->62M(512M) 3.323ms
[2022-12-31T14:44:01.377+0530][13521.714s] GC(315) User=0.00s Sys=0.00s Real=0.00s
[2022-12-31T14:45:01.200+0530][13581.538s] GC(316) Pause Young (Normal) (G1 Evacuation Pause)
[2022-12-31T14:45:01.200+0530][13581.538s] GC(316) Using 8 workers of 8 for evacuation
[2022-12-31T14:45:01.204+0530][13581.542s] GC(316)   Pre Evacuate Collection Set: 0.0ms
[2022-12-31T14:45:01.205+0530][13581.542s] GC(316)   Evacuate Collection Set: 3.4ms
[2022-12-31T14:45:01.205+0530][13581.542s] GC(316)   Post Evacuate Collection Set: 0.5ms
[2022-12-31T14:45:01.205+0530][13581.542s] GC(316)   Other: 0.3ms
[2022-12-31T14:45:01.205+0530][13581.543s] GC(316) Eden regions: 299->0(288)
[2022-12-31T14:45:01.205+0530][13581.543s] GC(316) Survivor regions: 8->19(39)
[2022-12-31T14:45:01.205+0530][13581.543s] GC(316) Old regions: 48->48
[2022-12-31T14:45:01.205+0530][13581.543s] GC(316) Humongous regions: 7->7
[2022-12-31T14:45:01.205+0530][13581.543s] GC(316) Metaspace: 65269K->65269K(1107968K)
[2022-12-31T14:45:01.205+0530][13581.543s] GC(316) Pause Young (Normal) (G1 Evacuation Pause) 361M->73M(512M) 4.701ms
[2022-12-31T14:45:01.205+0530][13581.543s] GC(316) User=0.00s Sys=0.00s Real=0.00s
[2022-12-31T14:45:02.564+0530][13582.902s] GC(317) Pause Young (Normal) (G1 Evacuation Pause)
[2022-12-31T14:45:02.564+0530][13582.902s] GC(317) Using 8 workers of 8 for evacuation
[2022-12-31T14:45:02.567+0530][13582.905s] GC(317)   Pre Evacuate Collection Set: 0.0ms
[2022-12-31T14:45:02.567+0530][13582.905s] GC(317)   Evacuate Collection Set: 2.5ms
[2022-12-31T14:45:02.567+0530][13582.905s] GC(317)   Post Evacuate Collection Set: 0.3ms
[2022-12-31T14:45:02.567+0530][13582.905s] GC(317)   Other: 0.3ms
[2022-12-31T14:45:02.567+0530][13582.905s] GC(317) Eden regions: 288->0(300)
[2022-12-31T14:45:02.567+0530][13582.905s] GC(317) Survivor regions: 19->7(39)
[2022-12-31T14:45:02.567+0530][13582.905s] GC(317) Old regions: 48->48
[2022-12-31T14:45:02.567+0530][13582.905s] GC(317) Humongous regions: 7->7
[2022-12-31T14:45:02.567+0530][13582.905s] GC(317) Metaspace: 65269K->65269K(1107968K)
[2022-12-31T14:45:02.567+0530][13582.905s] GC(317) Pause Young (Normal) (G1 Evacuation Pause) 360M->61M(512M) 3.674ms
[2022-12-31T14:45:02.567+0530][13582.905s] GC(317) User=0.00s Sys=0.00s Real=0.00s
[2022-12-31T14:46:00.738+0530][13641.075s] GC(318) Pause Young (Normal) (G1 Evacuation Pause)
[2022-12-31T14:46:00.738+0530][13641.075s] GC(318) Using 8 workers of 8 for evacuation
[2022-12-31T14:46:00.741+0530][13641.078s] GC(318)   Pre Evacuate Collection Set: 0.0ms
[2022-12-31T14:46:00.741+0530][13641.079s] GC(318)   Evacuate Collection Set: 2.7ms
[2022-12-31T14:46:00.741+0530][13641.079s] GC(318)   Post Evacuate Collection Set: 0.7ms
[2022-12-31T14:46:00.741+0530][13641.079s] GC(318)   Other: 0.3ms
[2022-12-31T14:46:00.741+0530][13641.079s] GC(318) Eden regions: 300->0(295)
[2022-12-31T14:46:00.741+0530][13641.079s] GC(318) Survivor regions: 7->12(39)
[2022-12-31T14:46:00.741+0530][13641.079s] GC(318) Old regions: 48->48
[2022-12-31T14:46:00.741+0530][13641.079s] GC(318) Humongous regions: 7->7
[2022-12-31T14:46:00.741+0530][13641.079s] GC(318) Metaspace: 65269K->65269K(1107968K)
[2022-12-31T14:46:00.742+0530][13641.079s] GC(318) Pause Young (Normal) (G1 Evacuation Pause) 361M->66M(512M) 4.200ms
[2022-12-31T14:46:00.742+0530][13641.079s] GC(318) User=0.00s Sys=0.00s Real=0.00s
[2022-12-31T14:46:03.216+0530][13643.553s] GC(319) Pause Young (Normal) (G1 Evacuation Pause)
[2022-12-31T14:46:03.216+0530][13643.553s] GC(319) Using 8 workers of 8 for evacuation
[2022-12-31T14:46:03.218+0530][13643.555s] GC(319)   Pre Evacuate Collection Set: 0.0ms
[2022-12-31T14:46:03.218+0530][13643.555s] GC(319)   Evacuate Collection Set: 1.3ms
[2022-12-31T14:46:03.218+0530][13643.555s] GC(319)   Post Evacuate Collection Set: 0.4ms
[2022-12-31T14:46:03.218+0530][13643.555s] GC(319)   Other: 0.3ms
[2022-12-31T14:46:03.218+0530][13643.555s] GC(319) Eden regions: 295->0(304)
[2022-12-31T14:46:03.218+0530][13643.555s] GC(319) Survivor regions: 12->3(39)
[2022-12-31T14:46:03.218+0530][13643.556s] GC(319) Old regions: 48->48
[2022-12-31T14:46:03.218+0530][13643.556s] GC(319) Humongous regions: 7->7
[2022-12-31T14:46:03.219+0530][13643.556s] GC(319) Metaspace: 65269K->65269K(1107968K)
[2022-12-31T14:46:03.219+0530][13643.556s] GC(319) Pause Young (Normal) (G1 Evacuation Pause) 361M->57M(512M) 2.694ms
[2022-12-31T14:46:03.219+0530][13643.556s] GC(319) User=0.00s Sys=0.00s Real=0.00s
[2022-12-31T14:47:02.158+0530][13702.496s] GC(320) Pause Young (Normal) (G1 Evacuation Pause)
[2022-12-31T14:47:02.159+0530][13702.496s] GC(320) Using 8 workers of 8 for evacuation
[2022-12-31T14:47:02.161+0530][13702.499s] GC(320)   Pre Evacuate Collection Set: 0.0ms
[2022-12-31T14:47:02.161+0530][13702.499s] GC(320)   Evacuate Collection Set: 1.9ms
[2022-12-31T14:47:02.161+0530][13702.499s] GC(320)   Post Evacuate Collection Set: 0.4ms
[2022-12-31T14:47:02.161+0530][13702.499s] GC(320)   Other: 0.3ms
[2022-12-31T14:47:02.161+0530][13702.499s] GC(320) Eden regions: 304->0(299)
[2022-12-31T14:47:02.161+0530][13702.499s] GC(320) Survivor regions: 3->8(39)
[2022-12-31T14:47:02.162+0530][13702.499s] GC(320) Old regions: 48->48
[2022-12-31T14:47:02.162+0530][13702.499s] GC(320) Humongous regions: 7->7
[2022-12-31T14:47:02.162+0530][13702.499s] GC(320) Metaspace: 65269K->65269K(1107968K)
[2022-12-31T14:47:02.162+0530][13702.499s] GC(320) Pause Young (Normal) (G1 Evacuation Pause) 361M->61M(512M) 3.182ms
[2022-12-31T14:47:02.162+0530][13702.499s] GC(320) User=0.00s Sys=0.00s Real=0.00s
[2022-12-31T14:48:00.673+0530][13761.010s] GC(321) Pause Young (Normal) (G1 Evacuation Pause)
[2022-12-31T14:48:00.673+0530][13761.011s] GC(321) Using 8 workers of 8 for evacuation
[2022-12-31T14:48:00.676+0530][13761.013s] GC(321)   Pre Evacuate Collection Set: 0.0ms
[2022-12-31T14:48:00.676+0530][13761.013s] GC(321)   Evacuate Collection Set: 2.2ms
[2022-12-31T14:48:00.676+0530][13761.014s] GC(321)   Post Evacuate Collection Set: 0.3ms
[2022-12-31T14:48:00.676+0530][13761.014s] GC(321)   Other: 0.4ms
[2022-12-31T14:48:00.676+0530][13761.014s] GC(321) Eden regions: 299->0(297)
[2022-12-31T14:48:00.676+0530][13761.014s] GC(321) Survivor regions: 8->10(39)
[2022-12-31T14:48:00.676+0530][13761.014s] GC(321) Old regions: 48->48
[2022-12-31T14:48:00.676+0530][13761.014s] GC(321) Humongous regions: 7->7
[2022-12-31T14:48:00.676+0530][13761.014s] GC(321) Metaspace: 65269K->65269K(1107968K)
[2022-12-31T14:48:00.676+0530][13761.014s] GC(321) Pause Young (Normal) (G1 Evacuation Pause) 360M->64M(512M) 3.653ms
[2022-12-31T14:48:00.676+0530][13761.014s] GC(321) User=0.00s Sys=0.00s Real=0.00s
[2022-12-31T14:48:01.736+0530][13762.073s] GC(322) Pause Young (Normal) (G1 Evacuation Pause)
[2022-12-31T14:48:01.736+0530][13762.073s] GC(322) Using 8 workers of 8 for evacuation
[2022-12-31T14:48:01.739+0530][13762.076s] GC(322)   Pre Evacuate Collection Set: 0.0ms
[2022-12-31T14:48:01.739+0530][13762.076s] GC(322)   Evacuate Collection Set: 2.3ms
[2022-12-31T14:48:01.739+0530][13762.076s] GC(322)   Post Evacuate Collection Set: 0.5ms
[2022-12-31T14:48:01.739+0530][13762.076s] GC(322)   Other: 0.3ms
[2022-12-31T14:48:01.739+0530][13762.076s] GC(322) Eden regions: 297->0(301)
[2022-12-31T14:48:01.739+0530][13762.076s] GC(322) Survivor regions: 10->6(39)
[2022-12-31T14:48:01.739+0530][13762.076s] GC(322) Old regions: 48->48
[2022-12-31T14:48:01.739+0530][13762.076s] GC(322) Humongous regions: 7->7
[2022-12-31T14:48:01.739+0530][13762.076s] GC(322) Metaspace: 65269K->65269K(1107968K)
[2022-12-31T14:48:01.739+0530][13762.076s] GC(322) Pause Young (Normal) (G1 Evacuation Pause) 361M->60M(512M) 3.516ms
[2022-12-31T14:48:01.740+0530][13762.077s] GC(322) User=0.00s Sys=0.00s Real=0.00s
[2022-12-31T14:49:01.270+0530][13821.607s] GC(323) Pause Young (Normal) (G1 Evacuation Pause)
[2022-12-31T14:49:01.270+0530][13821.607s] GC(323) Using 8 workers of 8 for evacuation
[2022-12-31T14:49:01.272+0530][13821.609s] GC(323)   Pre Evacuate Collection Set: 0.0ms
[2022-12-31T14:49:01.273+0530][13821.610s] GC(323)   Evacuate Collection Set: 2.3ms
[2022-12-31T14:49:01.273+0530][13821.610s] GC(323)   Post Evacuate Collection Set: 0.3ms
[2022-12-31T14:49:01.273+0530][13821.610s] GC(323)   Other: 0.3ms
[2022-12-31T14:49:01.273+0530][13821.610s] GC(323) Eden regions: 301->0(296)
[2022-12-31T14:49:01.273+0530][13821.610s] GC(323) Survivor regions: 6->11(39)
[2022-12-31T14:49:01.273+0530][13821.610s] GC(323) Old regions: 48->48
[2022-12-31T14:49:01.273+0530][13821.610s] GC(323) Humongous regions: 7->7
[2022-12-31T14:49:01.273+0530][13821.610s] GC(323) Metaspace: 65269K->65269K(1107968K)
[2022-12-31T14:49:01.273+0530][13821.610s] GC(323) Pause Young (Normal) (G1 Evacuation Pause) 361M->65M(512M) 3.456ms
[2022-12-31T14:49:01.273+0530][13821.610s] GC(323) User=0.00s Sys=0.00s Real=0.00s
[2022-12-31T14:49:03.578+0530][13823.915s] GC(324) Pause Young (Normal) (G1 Evacuation Pause)
[2022-12-31T14:49:03.578+0530][13823.915s] GC(324) Using 8 workers of 8 for evacuation
[2022-12-31T14:49:03.580+0530][13823.918s] GC(324)   Pre Evacuate Collection Set: 0.0ms
[2022-12-31T14:49:03.581+0530][13823.918s] GC(324)   Evacuate Collection Set: 1.8ms
[2022-12-31T14:49:03.581+0530][13823.918s] GC(324)   Post Evacuate Collection Set: 0.5ms
[2022-12-31T14:49:03.581+0530][13823.918s] GC(324)   Other: 0.2ms
[2022-12-31T14:49:03.581+0530][13823.918s] GC(324) Eden regions: 296->0(302)
[2022-12-31T14:49:03.581+0530][13823.918s] GC(324) Survivor regions: 11->5(39)
[2022-12-31T14:49:03.581+0530][13823.918s] GC(324) Old regions: 48->48
[2022-12-31T14:49:03.581+0530][13823.918s] GC(324) Humongous regions: 7->7
[2022-12-31T14:49:03.581+0530][13823.918s] GC(324) Metaspace: 65269K->65269K(1107968K)
[2022-12-31T14:49:03.581+0530][13823.918s] GC(324) Pause Young (Normal) (G1 Evacuation Pause) 361M->59M(512M) 3.107ms
[2022-12-31T14:49:03.581+0530][13823.918s] GC(324) User=0.00s Sys=0.00s Real=0.00s
[2022-12-31T14:50:01.604+0530][13881.941s] GC(325) Pause Young (Normal) (G1 Evacuation Pause)
[2022-12-31T14:50:01.604+0530][13881.941s] GC(325) Using 8 workers of 8 for evacuation
[2022-12-31T14:50:01.606+0530][13881.943s] GC(325)   Pre Evacuate Collection Set: 0.0ms
[2022-12-31T14:50:01.606+0530][13881.943s] GC(325)   Evacuate Collection Set: 1.6ms
[2022-12-31T14:50:01.606+0530][13881.943s] GC(325)   Post Evacuate Collection Set: 0.4ms
[2022-12-31T14:50:01.606+0530][13881.943s] GC(325)   Other: 0.3ms
[2022-12-31T14:50:01.606+0530][13881.944s] GC(325) Eden regions: 302->0(303)
[2022-12-31T14:50:01.606+0530][13881.944s] GC(325) Survivor regions: 5->4(39)
[2022-12-31T14:50:01.606+0530][13881.944s] GC(325) Old regions: 48->48
[2022-12-31T14:50:01.606+0530][13881.944s] GC(325) Humongous regions: 7->7
[2022-12-31T14:50:01.606+0530][13881.944s] GC(325) Metaspace: 65269K->65269K(1107968K)
[2022-12-31T14:50:01.606+0530][13881.944s] GC(325) Pause Young (Normal) (G1 Evacuation Pause) 361M->58M(512M) 2.808ms
[2022-12-31T14:50:01.606+0530][13881.944s] GC(325) User=0.00s Sys=0.00s Real=0.00s
[2022-12-31T14:51:02.020+0530][13942.358s] GC(326) Pause Young (Normal) (G1 Evacuation Pause)
[2022-12-31T14:51:02.020+0530][13942.358s] GC(326) Using 8 workers of 8 for evacuation
[2022-12-31T14:51:02.022+0530][13942.360s] GC(326)   Pre Evacuate Collection Set: 0.0ms
[2022-12-31T14:51:02.022+0530][13942.360s] GC(326)   Evacuate Collection Set: 1.7ms
[2022-12-31T14:51:02.022+0530][13942.360s] GC(326)   Post Evacuate Collection Set: 0.4ms
[2022-12-31T14:51:02.022+0530][13942.360s] GC(326)   Other: 0.3ms
[2022-12-31T14:51:02.023+0530][13942.360s] GC(326) Eden regions: 303->0(303)
[2022-12-31T14:51:02.023+0530][13942.360s] GC(326) Survivor regions: 4->4(39)
[2022-12-31T14:51:02.023+0530][13942.360s] GC(326) Old regions: 48->49
[2022-12-31T14:51:02.023+0530][13942.360s] GC(326) Humongous regions: 7->7
[2022-12-31T14:51:02.023+0530][13942.361s] GC(326) Metaspace: 65269K->65269K(1107968K)
[2022-12-31T14:51:02.023+0530][13942.361s] GC(326) Pause Young (Normal) (G1 Evacuation Pause) 361M->58M(512M) 2.870ms
[2022-12-31T14:51:02.023+0530][13942.361s] GC(326) User=0.00s Sys=0.00s Real=0.00s
[2022-12-31T14:52:00.809+0530][14001.147s] GC(327) Pause Young (Normal) (G1 Evacuation Pause)
[2022-12-31T14:52:00.810+0530][14001.147s] GC(327) Using 8 workers of 8 for evacuation
[2022-12-31T14:52:00.813+0530][14001.151s] GC(327)   Pre Evacuate Collection Set: 0.0ms
[2022-12-31T14:52:00.813+0530][14001.151s] GC(327)   Evacuate Collection Set: 3.1ms
[2022-12-31T14:52:00.814+0530][14001.151s] GC(327)   Post Evacuate Collection Set: 0.5ms
[2022-12-31T14:52:00.814+0530][14001.151s] GC(327)   Other: 0.3ms
[2022-12-31T14:52:00.814+0530][14001.151s] GC(327) Eden regions: 303->0(294)
[2022-12-31T14:52:00.814+0530][14001.151s] GC(327) Survivor regions: 4->13(39)
[2022-12-31T14:52:00.814+0530][14001.151s] GC(327) Old regions: 49->49
[2022-12-31T14:52:00.814+0530][14001.151s] GC(327) Humongous regions: 7->7
[2022-12-31T14:52:00.814+0530][14001.151s] GC(327) Metaspace: 65269K->65269K(1107968K)
[2022-12-31T14:52:00.814+0530][14001.151s] GC(327) Pause Young (Normal) (G1 Evacuation Pause) 361M->67M(512M) 4.530ms
[2022-12-31T14:52:00.814+0530][14001.151s] GC(327) User=0.00s Sys=0.00s Real=0.00s
[2022-12-31T14:52:02.403+0530][14002.741s] GC(328) Pause Young (Normal) (G1 Evacuation Pause)
[2022-12-31T14:52:02.404+0530][14002.741s] GC(328) Using 8 workers of 8 for evacuation
[2022-12-31T14:52:02.407+0530][14002.744s] GC(328)   Pre Evacuate Collection Set: 0.0ms
[2022-12-31T14:52:02.407+0530][14002.744s] GC(328)   Evacuate Collection Set: 2.0ms
[2022-12-31T14:52:02.407+0530][14002.744s] GC(328)   Post Evacuate Collection Set: 0.5ms
[2022-12-31T14:52:02.407+0530][14002.744s] GC(328)   Other: 0.3ms
[2022-12-31T14:52:02.407+0530][14002.744s] GC(328) Eden regions: 294->0(301)
[2022-12-31T14:52:02.407+0530][14002.744s] GC(328) Survivor regions: 13->6(39)
[2022-12-31T14:52:02.407+0530][14002.744s] GC(328) Old regions: 49->49
[2022-12-31T14:52:02.407+0530][14002.744s] GC(328) Humongous regions: 7->7
[2022-12-31T14:52:02.407+0530][14002.744s] GC(328) Metaspace: 65269K->65269K(1107968K)
[2022-12-31T14:52:02.407+0530][14002.744s] GC(328) Pause Young (Normal) (G1 Evacuation Pause) 361M->60M(512M) 3.196ms
[2022-12-31T14:52:02.407+0530][14002.744s] GC(328) User=0.00s Sys=0.00s Real=0.00s
[2022-12-31T14:53:01.373+0530][14061.710s] GC(329) Pause Young (Normal) (G1 Evacuation Pause)
[2022-12-31T14:53:01.373+0530][14061.710s] GC(329) Using 8 workers of 8 for evacuation
[2022-12-31T14:53:01.377+0530][14061.714s] GC(329)   Pre Evacuate Collection Set: 0.0ms
[2022-12-31T14:53:01.377+0530][14061.714s] GC(329)   Evacuate Collection Set: 3.3ms
[2022-12-31T14:53:01.377+0530][14061.714s] GC(329)   Post Evacuate Collection Set: 0.5ms
[2022-12-31T14:53:01.377+0530][14061.714s] GC(329)   Other: 0.3ms
[2022-12-31T14:53:01.377+0530][14061.714s] GC(329) Eden regions: 301->0(292)
[2022-12-31T14:53:01.377+0530][14061.714s] GC(329) Survivor regions: 6->15(39)
[2022-12-31T14:53:01.377+0530][14061.714s] GC(329) Old regions: 49->49
[2022-12-31T14:53:01.377+0530][14061.715s] GC(329) Humongous regions: 7->7
[2022-12-31T14:53:01.377+0530][14061.715s] GC(329) Metaspace: 65269K->65269K(1107968K)
[2022-12-31T14:53:01.377+0530][14061.715s] GC(329) Pause Young (Normal) (G1 Evacuation Pause) 361M->69M(512M) 4.543ms
[2022-12-31T14:53:01.377+0530][14061.715s] GC(329) User=0.00s Sys=0.00s Real=0.00s
[2022-12-31T14:53:03.528+0530][14063.866s] GC(330) Pause Young (Normal) (G1 Evacuation Pause)
[2022-12-31T14:53:03.528+0530][14063.866s] GC(330) Using 8 workers of 8 for evacuation
[2022-12-31T14:53:03.531+0530][14063.869s] GC(330)   Pre Evacuate Collection Set: 0.0ms
[2022-12-31T14:53:03.531+0530][14063.869s] GC(330)   Evacuate Collection Set: 2.3ms
[2022-12-31T14:53:03.531+0530][14063.869s] GC(330)   Post Evacuate Collection Set: 0.3ms
[2022-12-31T14:53:03.531+0530][14063.869s] GC(330)   Other: 0.3ms
[2022-12-31T14:53:03.531+0530][14063.869s] GC(330) Eden regions: 292->0(300)
[2022-12-31T14:53:03.531+0530][14063.869s] GC(330) Survivor regions: 15->7(39)
[2022-12-31T14:53:03.531+0530][14063.869s] GC(330) Old regions: 49->49
[2022-12-31T14:53:03.531+0530][14063.869s] GC(330) Humongous regions: 7->7
[2022-12-31T14:53:03.531+0530][14063.869s] GC(330) Metaspace: 65271K->65271K(1107968K)
[2022-12-31T14:53:03.531+0530][14063.869s] GC(330) Pause Young (Normal) (G1 Evacuation Pause) 361M->61M(512M) 3.393ms
[2022-12-31T14:53:03.531+0530][14063.869s] GC(330) User=0.00s Sys=0.00s Real=0.00s
[2022-12-31T14:54:01.376+0530][14121.713s] GC(331) Pause Young (Normal) (G1 Evacuation Pause)
[2022-12-31T14:54:01.376+0530][14121.713s] GC(331) Using 8 workers of 8 for evacuation
[2022-12-31T14:54:01.379+0530][14121.717s] GC(331)   Pre Evacuate Collection Set: 0.0ms
[2022-12-31T14:54:01.379+0530][14121.717s] GC(331)   Evacuate Collection Set: 2.5ms
[2022-12-31T14:54:01.379+0530][14121.717s] GC(331)   Post Evacuate Collection Set: 0.6ms
[2022-12-31T14:54:01.379+0530][14121.717s] GC(331)   Other: 0.3ms
[2022-12-31T14:54:01.379+0530][14121.717s] GC(331) Eden regions: 300->0(295)
[2022-12-31T14:54:01.379+0530][14121.717s] GC(331) Survivor regions: 7->12(39)
[2022-12-31T14:54:01.379+0530][14121.717s] GC(331) Old regions: 49->49
[2022-12-31T14:54:01.379+0530][14121.717s] GC(331) Humongous regions: 7->7
[2022-12-31T14:54:01.379+0530][14121.717s] GC(331) Metaspace: 65271K->65271K(1107968K)
[2022-12-31T14:54:01.379+0530][14121.717s] GC(331) Pause Young (Normal) (G1 Evacuation Pause) 361M->66M(512M) 3.791ms
[2022-12-31T14:54:01.380+0530][14121.717s] GC(331) User=0.00s Sys=0.00s Real=0.00s
[2022-12-31T14:54:03.286+0530][14123.623s] GC(332) Pause Young (Normal) (G1 Evacuation Pause)
[2022-12-31T14:54:03.286+0530][14123.623s] GC(332) Using 8 workers of 8 for evacuation
[2022-12-31T14:54:03.288+0530][14123.625s] GC(332)   Pre Evacuate Collection Set: 0.0ms
[2022-12-31T14:54:03.288+0530][14123.625s] GC(332)   Evacuate Collection Set: 1.2ms
[2022-12-31T14:54:03.288+0530][14123.625s] GC(332)   Post Evacuate Collection Set: 0.3ms
[2022-12-31T14:54:03.288+0530][14123.625s] GC(332)   Other: 0.2ms
[2022-12-31T14:54:03.288+0530][14123.625s] GC(332) Eden regions: 295->0(304)
[2022-12-31T14:54:03.288+0530][14123.625s] GC(332) Survivor regions: 12->3(39)
[2022-12-31T14:54:03.288+0530][14123.625s] GC(332) Old regions: 49->49
[2022-12-31T14:54:03.288+0530][14123.625s] GC(332) Humongous regions: 7->7
[2022-12-31T14:54:03.288+0530][14123.625s] GC(332) Metaspace: 65271K->65271K(1107968K)
[2022-12-31T14:54:03.288+0530][14123.626s] GC(332) Pause Young (Normal) (G1 Evacuation Pause) 361M->58M(512M) 2.220ms
[2022-12-31T14:54:03.289+0530][14123.626s] GC(332) User=0.00s Sys=0.00s Real=0.00s
[2022-12-31T14:56:00.534+0530][14240.871s] GC(333) Pause Young (Normal) (G1 Evacuation Pause)
[2022-12-31T14:56:00.534+0530][14240.871s] GC(333) Using 8 workers of 8 for evacuation
[2022-12-31T14:56:00.537+0530][14240.874s] GC(333)   Pre Evacuate Collection Set: 0.0ms
[2022-12-31T14:56:00.537+0530][14240.874s] GC(333)   Evacuate Collection Set: 1.7ms
[2022-12-31T14:56:00.537+0530][14240.874s] GC(333)   Post Evacuate Collection Set: 0.5ms
[2022-12-31T14:56:00.537+0530][14240.874s] GC(333)   Other: 0.4ms
[2022-12-31T14:56:00.537+0530][14240.874s] GC(333) Eden regions: 304->0(303)
[2022-12-31T14:56:00.537+0530][14240.875s] GC(333) Survivor regions: 3->4(39)
[2022-12-31T14:56:00.537+0530][14240.875s] GC(333) Old regions: 49->49
[2022-12-31T14:56:00.538+0530][14240.875s] GC(333) Humongous regions: 7->7
[2022-12-31T14:56:00.538+0530][14240.875s] GC(333) Metaspace: 65271K->65271K(1107968K)
[2022-12-31T14:56:00.538+0530][14240.875s] GC(333) Pause Young (Normal) (G1 Evacuation Pause) 362M->58M(512M) 3.773ms
[2022-12-31T14:56:00.538+0530][14240.875s] GC(333) User=0.00s Sys=0.00s Real=0.00s
[2022-12-31T14:56:01.863+0530][14242.201s] GC(334) Pause Young (Normal) (G1 Evacuation Pause)
[2022-12-31T14:56:01.863+0530][14242.201s] GC(334) Using 8 workers of 8 for evacuation
[2022-12-31T14:56:01.866+0530][14242.204s] GC(334)   Pre Evacuate Collection Set: 0.0ms
[2022-12-31T14:56:01.866+0530][14242.204s] GC(334)   Evacuate Collection Set: 1.9ms
[2022-12-31T14:56:01.866+0530][14242.204s] GC(334)   Post Evacuate Collection Set: 0.5ms
[2022-12-31T14:56:01.866+0530][14242.204s] GC(334)   Other: 0.3ms
[2022-12-31T14:56:01.866+0530][14242.204s] GC(334) Eden regions: 303->0(302)
[2022-12-31T14:56:01.866+0530][14242.204s] GC(334) Survivor regions: 4->5(39)
[2022-12-31T14:56:01.866+0530][14242.204s] GC(334) Old regions: 49->49
[2022-12-31T14:56:01.866+0530][14242.204s] GC(334) Humongous regions: 7->7
[2022-12-31T14:56:01.866+0530][14242.204s] GC(334) Metaspace: 65271K->65271K(1107968K)
[2022-12-31T14:56:01.866+0530][14242.204s] GC(334) Pause Young (Normal) (G1 Evacuation Pause) 361M->59M(512M) 3.239ms
[2022-12-31T14:56:01.866+0530][14242.204s] GC(334) User=0.00s Sys=0.00s Real=0.00s
[2022-12-31T14:57:01.112+0530][14301.449s] GC(335) Pause Young (Normal) (G1 Evacuation Pause)
[2022-12-31T14:57:01.112+0530][14301.449s] GC(335) Using 8 workers of 8 for evacuation
[2022-12-31T14:57:01.115+0530][14301.452s] GC(335)   Pre Evacuate Collection Set: 0.0ms
[2022-12-31T14:57:01.115+0530][14301.452s] GC(335)   Evacuate Collection Set: 2.5ms
[2022-12-31T14:57:01.115+0530][14301.452s] GC(335)   Post Evacuate Collection Set: 0.3ms
[2022-12-31T14:57:01.115+0530][14301.452s] GC(335)   Other: 0.3ms
[2022-12-31T14:57:01.115+0530][14301.452s] GC(335) Eden regions: 302->0(295)
[2022-12-31T14:57:01.115+0530][14301.452s] GC(335) Survivor regions: 5->12(39)
[2022-12-31T14:57:01.115+0530][14301.452s] GC(335) Old regions: 49->49
[2022-12-31T14:57:01.115+0530][14301.452s] GC(335) Humongous regions: 7->7
[2022-12-31T14:57:01.115+0530][14301.452s] GC(335) Metaspace: 65271K->65271K(1107968K)
[2022-12-31T14:57:01.115+0530][14301.453s] GC(335) Pause Young (Normal) (G1 Evacuation Pause) 361M->66M(512M) 3.581ms
[2022-12-31T14:57:01.115+0530][14301.453s] GC(335) User=0.00s Sys=0.00s Real=0.00s
[2022-12-31T14:57:03.549+0530][14303.886s] GC(336) Pause Young (Normal) (G1 Evacuation Pause)
[2022-12-31T14:57:03.549+0530][14303.886s] GC(336) Using 8 workers of 8 for evacuation
[2022-12-31T14:57:03.551+0530][14303.888s] GC(336)   Pre Evacuate Collection Set: 0.0ms
[2022-12-31T14:57:03.551+0530][14303.888s] GC(336)   Evacuate Collection Set: 1.3ms
[2022-12-31T14:57:03.551+0530][14303.888s] GC(336)   Post Evacuate Collection Set: 0.4ms
[2022-12-31T14:57:03.551+0530][14303.889s] GC(336)   Other: 0.3ms
[2022-12-31T14:57:03.551+0530][14303.889s] GC(336) Eden regions: 295->0(304)
[2022-12-31T14:57:03.551+0530][14303.889s] GC(336) Survivor regions: 12->3(39)
[2022-12-31T14:57:03.551+0530][14303.889s] GC(336) Old regions: 49->49
[2022-12-31T14:57:03.551+0530][14303.889s] GC(336) Humongous regions: 7->7
[2022-12-31T14:57:03.551+0530][14303.889s] GC(336) Metaspace: 65271K->65271K(1107968K)
[2022-12-31T14:57:03.551+0530][14303.889s] GC(336) Pause Young (Normal) (G1 Evacuation Pause) 361M->58M(512M) 2.615ms
[2022-12-31T14:57:03.551+0530][14303.889s] GC(336) User=0.00s Sys=0.00s Real=0.00s
[2022-12-31T14:58:01.675+0530][14362.013s] GC(337) Pause Young (Normal) (G1 Evacuation Pause)
[2022-12-31T14:58:01.675+0530][14362.013s] GC(337) Using 8 workers of 8 for evacuation
[2022-12-31T14:58:01.678+0530][14362.016s] GC(337)   Pre Evacuate Collection Set: 0.0ms
[2022-12-31T14:58:01.678+0530][14362.016s] GC(337)   Evacuate Collection Set: 1.9ms
[2022-12-31T14:58:01.678+0530][14362.016s] GC(337)   Post Evacuate Collection Set: 0.6ms
[2022-12-31T14:58:01.678+0530][14362.016s] GC(337)   Other: 0.3ms
[2022-12-31T14:58:01.678+0530][14362.016s] GC(337) Eden regions: 304->0(300)
[2022-12-31T14:58:01.678+0530][14362.016s] GC(337) Survivor regions: 3->7(39)
[2022-12-31T14:58:01.678+0530][14362.016s] GC(337) Old regions: 49->49
[2022-12-31T14:58:01.678+0530][14362.016s] GC(337) Humongous regions: 7->7
[2022-12-31T14:58:01.678+0530][14362.016s] GC(337) Metaspace: 65271K->65271K(1107968K)
[2022-12-31T14:58:01.679+0530][14362.016s] GC(337) Pause Young (Normal) (G1 Evacuation Pause) 362M->61M(512M) 3.260ms
[2022-12-31T14:58:01.679+0530][14362.016s] GC(337) User=0.00s Sys=0.00s Real=0.00s
[2022-12-31T14:59:01.180+0530][14421.518s] GC(338) Pause Young (Normal) (G1 Evacuation Pause)
[2022-12-31T14:59:01.180+0530][14421.518s] GC(338) Using 8 workers of 8 for evacuation
[2022-12-31T14:59:01.183+0530][14421.520s] GC(338)   Pre Evacuate Collection Set: 0.0ms
[2022-12-31T14:59:01.183+0530][14421.521s] GC(338)   Evacuate Collection Set: 1.6ms
[2022-12-31T14:59:01.183+0530][14421.521s] GC(338)   Post Evacuate Collection Set: 0.5ms
[2022-12-31T14:59:01.183+0530][14421.521s] GC(338)   Other: 0.4ms
[2022-12-31T14:59:01.183+0530][14421.521s] GC(338) Eden regions: 300->0(304)
[2022-12-31T14:59:01.183+0530][14421.521s] GC(338) Survivor regions: 7->3(39)
[2022-12-31T14:59:01.183+0530][14421.521s] GC(338) Old regions: 49->49
[2022-12-31T14:59:01.183+0530][14421.521s] GC(338) Humongous regions: 7->7
[2022-12-31T14:59:01.183+0530][14421.521s] GC(338) Metaspace: 65271K->65271K(1107968K)
[2022-12-31T14:59:01.184+0530][14421.521s] GC(338) Pause Young (Normal) (G1 Evacuation Pause) 361M->58M(512M) 3.213ms
[2022-12-31T14:59:01.184+0530][14421.521s] GC(338) User=0.11s Sys=0.00s Real=0.00s
[2022-12-31T14:59:03.714+0530][14424.052s] GC(339) Pause Young (Normal) (G1 Evacuation Pause)
[2022-12-31T14:59:03.714+0530][14424.052s] GC(339) Using 8 workers of 8 for evacuation
[2022-12-31T14:59:03.716+0530][14424.054s] GC(339)   Pre Evacuate Collection Set: 0.0ms
[2022-12-31T14:59:03.717+0530][14424.054s] GC(339)   Evacuate Collection Set: 1.6ms
[2022-12-31T14:59:03.717+0530][14424.054s] GC(339)   Post Evacuate Collection Set: 0.4ms
[2022-12-31T14:59:03.717+0530][14424.054s] GC(339)   Other: 0.3ms
[2022-12-31T14:59:03.717+0530][14424.054s] GC(339) Eden regions: 304->0(303)
[2022-12-31T14:59:03.717+0530][14424.054s] GC(339) Survivor regions: 3->4(39)
[2022-12-31T14:59:03.717+0530][14424.054s] GC(339) Old regions: 49->49
[2022-12-31T14:59:03.717+0530][14424.054s] GC(339) Humongous regions: 7->7
[2022-12-31T14:59:03.717+0530][14424.054s] GC(339) Metaspace: 65271K->65271K(1107968K)
[2022-12-31T14:59:03.717+0530][14424.054s] GC(339) Pause Young (Normal) (G1 Evacuation Pause) 362M->59M(512M) 2.807ms
[2022-12-31T14:59:03.717+0530][14424.054s] GC(339) User=0.00s Sys=0.00s Real=0.00s
[2022-12-31T15:00:00.658+0530][14480.995s] GC(340) Pause Young (Normal) (G1 Evacuation Pause)
[2022-12-31T15:00:00.658+0530][14480.995s] GC(340) Using 8 workers of 8 for evacuation
[2022-12-31T15:00:00.660+0530][14480.997s] GC(340)   Pre Evacuate Collection Set: 0.0ms
[2022-12-31T15:00:00.660+0530][14480.997s] GC(340)   Evacuate Collection Set: 1.2ms
[2022-12-31T15:00:00.660+0530][14480.998s] GC(340)   Post Evacuate Collection Set: 0.3ms
[2022-12-31T15:00:00.660+0530][14480.998s] GC(340)   Other: 0.4ms
[2022-12-31T15:00:00.660+0530][14480.998s] GC(340) Eden regions: 303->0(304)
[2022-12-31T15:00:00.660+0530][14480.998s] GC(340) Survivor regions: 4->3(39)
[2022-12-31T15:00:00.660+0530][14480.998s] GC(340) Old regions: 49->49
[2022-12-31T15:00:00.660+0530][14480.998s] GC(340) Humongous regions: 7->7
[2022-12-31T15:00:00.660+0530][14480.998s] GC(340) Metaspace: 65271K->65271K(1107968K)
[2022-12-31T15:00:00.661+0530][14480.998s] GC(340) Pause Young (Normal) (G1 Evacuation Pause) 362M->57M(512M) 2.668ms
[2022-12-31T15:00:00.661+0530][14480.998s] GC(340) User=0.00s Sys=0.00s Real=0.00s
[2022-12-31T15:00:01.837+0530][14482.175s] GC(341) Pause Young (Normal) (G1 Evacuation Pause)
[2022-12-31T15:00:01.837+0530][14482.175s] GC(341) Using 8 workers of 8 for evacuation
[2022-12-31T15:00:01.839+0530][14482.177s] GC(341)   Pre Evacuate Collection Set: 0.0ms
[2022-12-31T15:00:01.839+0530][14482.177s] GC(341)   Evacuate Collection Set: 1.7ms
[2022-12-31T15:00:01.840+0530][14482.177s] GC(341)   Post Evacuate Collection Set: 0.4ms
[2022-12-31T15:00:01.840+0530][14482.177s] GC(341)   Other: 0.3ms
[2022-12-31T15:00:01.840+0530][14482.177s] GC(341) Eden regions: 304->0(302)
[2022-12-31T15:00:01.840+0530][14482.177s] GC(341) Survivor regions: 3->5(39)
[2022-12-31T15:00:01.840+0530][14482.177s] GC(341) Old regions: 49->49
[2022-12-31T15:00:01.840+0530][14482.178s] GC(341) Humongous regions: 7->7
[2022-12-31T15:00:01.840+0530][14482.178s] GC(341) Metaspace: 65271K->65271K(1107968K)
[2022-12-31T15:00:01.840+0530][14482.178s] GC(341) Pause Young (Normal) (G1 Evacuation Pause) 361M->59M(512M) 3.119ms
[2022-12-31T15:00:01.840+0530][14482.178s] GC(341) User=0.13s Sys=0.00s Real=0.00s
[2022-12-31T15:01:01.112+0530][14541.449s] GC(342) Pause Young (Normal) (G1 Evacuation Pause)
[2022-12-31T15:01:01.112+0530][14541.450s] GC(342) Using 8 workers of 8 for evacuation
[2022-12-31T15:01:01.117+0530][14541.454s] GC(342)   Pre Evacuate Collection Set: 0.0ms
[2022-12-31T15:01:01.117+0530][14541.454s] GC(342)   Evacuate Collection Set: 4.1ms
[2022-12-31T15:01:01.117+0530][14541.454s] GC(342)   Post Evacuate Collection Set: 0.5ms
[2022-12-31T15:01:01.117+0530][14541.454s] GC(342)   Other: 0.3ms
[2022-12-31T15:01:01.117+0530][14541.454s] GC(342) Eden regions: 302->0(288)
[2022-12-31T15:01:01.117+0530][14541.455s] GC(342) Survivor regions: 5->19(39)
[2022-12-31T15:01:01.117+0530][14541.455s] GC(342) Old regions: 49->49
[2022-12-31T15:01:01.117+0530][14541.455s] GC(342) Humongous regions: 7->7
[2022-12-31T15:01:01.117+0530][14541.455s] GC(342) Metaspace: 65272K->65272K(1107968K)
[2022-12-31T15:01:01.118+0530][14541.455s] GC(342) Pause Young (Normal) (G1 Evacuation Pause) 361M->73M(512M) 5.271ms
[2022-12-31T15:01:01.118+0530][14541.455s] GC(342) User=0.00s Sys=0.00s Real=0.01s
[2022-12-31T15:01:02.343+0530][14542.680s] GC(343) Pause Young (Normal) (G1 Evacuation Pause)
[2022-12-31T15:01:02.343+0530][14542.681s] GC(343) Using 8 workers of 8 for evacuation
[2022-12-31T15:01:02.346+0530][14542.683s] GC(343)   Pre Evacuate Collection Set: 0.0ms
[2022-12-31T15:01:02.346+0530][14542.683s] GC(343)   Evacuate Collection Set: 1.9ms
[2022-12-31T15:01:02.346+0530][14542.683s] GC(343)   Post Evacuate Collection Set: 0.3ms
[2022-12-31T15:01:02.346+0530][14542.683s] GC(343)   Other: 0.3ms
[2022-12-31T15:01:02.346+0530][14542.683s] GC(343) Eden regions: 288->0(301)
[2022-12-31T15:01:02.346+0530][14542.683s] GC(343) Survivor regions: 19->6(39)
[2022-12-31T15:01:02.346+0530][14542.683s] GC(343) Old regions: 49->49
[2022-12-31T15:01:02.346+0530][14542.683s] GC(343) Humongous regions: 7->7
[2022-12-31T15:01:02.346+0530][14542.684s] GC(343) Metaspace: 65272K->65272K(1107968K)
[2022-12-31T15:01:02.346+0530][14542.684s] GC(343) Pause Young (Normal) (G1 Evacuation Pause) 361M->61M(512M) 3.103ms
[2022-12-31T15:01:02.346+0530][14542.684s] GC(343) User=0.00s Sys=0.00s Real=0.00s
[2022-12-31T15:02:00.716+0530][14601.053s] GC(344) Pause Young (Normal) (G1 Evacuation Pause)
[2022-12-31T15:02:00.716+0530][14601.053s] GC(344) Using 8 workers of 8 for evacuation
[2022-12-31T15:02:00.719+0530][14601.057s] GC(344)   Pre Evacuate Collection Set: 0.0ms
[2022-12-31T15:02:00.720+0530][14601.057s] GC(344)   Evacuate Collection Set: 2.9ms
[2022-12-31T15:02:00.720+0530][14601.057s] GC(344)   Post Evacuate Collection Set: 0.5ms
[2022-12-31T15:02:00.720+0530][14601.057s] GC(344)   Other: 0.4ms
[2022-12-31T15:02:00.720+0530][14601.057s] GC(344) Eden regions: 301->0(296)
[2022-12-31T15:02:00.720+0530][14601.057s] GC(344) Survivor regions: 6->11(39)
[2022-12-31T15:02:00.720+0530][14601.057s] GC(344) Old regions: 49->49
[2022-12-31T15:02:00.720+0530][14601.057s] GC(344) Humongous regions: 7->7
[2022-12-31T15:02:00.720+0530][14601.057s] GC(344) Metaspace: 65272K->65272K(1107968K)
[2022-12-31T15:02:00.720+0530][14601.058s] GC(344) Pause Young (Normal) (G1 Evacuation Pause) 362M->66M(512M) 4.501ms
[2022-12-31T15:02:00.720+0530][14601.058s] GC(344) User=0.00s Sys=0.00s Real=0.00s
[2022-12-31T15:02:02.878+0530][14603.215s] GC(345) Pause Young (Normal) (G1 Evacuation Pause)
[2022-12-31T15:02:02.879+0530][14603.216s] GC(345) Using 8 workers of 8 for evacuation
[2022-12-31T15:02:02.880+0530][14603.218s] GC(345)   Pre Evacuate Collection Set: 0.0ms
[2022-12-31T15:02:02.881+0530][14603.218s] GC(345)   Evacuate Collection Set: 1.4ms
[2022-12-31T15:02:02.881+0530][14603.218s] GC(345)   Post Evacuate Collection Set: 0.4ms
[2022-12-31T15:02:02.881+0530][14603.218s] GC(345)   Other: 0.3ms
[2022-12-31T15:02:02.881+0530][14603.218s] GC(345) Eden regions: 296->0(303)
[2022-12-31T15:02:02.881+0530][14603.218s] GC(345) Survivor regions: 11->4(39)
[2022-12-31T15:02:02.881+0530][14603.218s] GC(345) Old regions: 49->49
[2022-12-31T15:02:02.881+0530][14603.218s] GC(345) Humongous regions: 7->7
[2022-12-31T15:02:02.881+0530][14603.218s] GC(345) Metaspace: 65272K->65272K(1107968K)
[2022-12-31T15:02:02.881+0530][14603.218s] GC(345) Pause Young (Normal) (G1 Evacuation Pause) 362M->59M(512M) 2.617ms
[2022-12-31T15:02:02.881+0530][14603.218s] GC(345) User=0.00s Sys=0.00s Real=0.00s
[2022-12-31T15:04:00.499+0530][14720.836s] GC(346) Pause Young (Normal) (G1 Evacuation Pause)
[2022-12-31T15:04:00.499+0530][14720.836s] GC(346) Using 8 workers of 8 for evacuation
[2022-12-31T15:04:00.502+0530][14720.839s] GC(346)   Pre Evacuate Collection Set: 0.0ms
[2022-12-31T15:04:00.502+0530][14720.839s] GC(346)   Evacuate Collection Set: 2.4ms
[2022-12-31T15:04:00.502+0530][14720.839s] GC(346)   Post Evacuate Collection Set: 0.4ms
[2022-12-31T15:04:00.502+0530][14720.839s] GC(346)   Other: 0.4ms
[2022-12-31T15:04:00.502+0530][14720.839s] GC(346) Eden regions: 303->0(296)
[2022-12-31T15:04:00.502+0530][14720.839s] GC(346) Survivor regions: 4->11(39)
[2022-12-31T15:04:00.502+0530][14720.839s] GC(346) Old regions: 49->49
[2022-12-31T15:04:00.502+0530][14720.839s] GC(346) Humongous regions: 7->7
[2022-12-31T15:04:00.502+0530][14720.839s] GC(346) Metaspace: 65272K->65272K(1107968K)
[2022-12-31T15:04:00.503+0530][14720.840s] GC(346) Pause Young (Normal) (G1 Evacuation Pause) 362M->65M(512M) 3.983ms
[2022-12-31T15:04:00.503+0530][14720.840s] GC(346) User=0.00s Sys=0.00s Real=0.00s
[2022-12-31T15:04:01.821+0530][14722.158s] GC(347) Pause Young (Normal) (G1 Evacuation Pause)
[2022-12-31T15:04:01.821+0530][14722.158s] GC(347) Using 8 workers of 8 for evacuation
[2022-12-31T15:04:01.824+0530][14722.161s] GC(347)   Pre Evacuate Collection Set: 0.0ms
[2022-12-31T15:04:01.824+0530][14722.161s] GC(347)   Evacuate Collection Set: 2.3ms
[2022-12-31T15:04:01.824+0530][14722.161s] GC(347)   Post Evacuate Collection Set: 0.4ms
[2022-12-31T15:04:01.824+0530][14722.161s] GC(347)   Other: 0.4ms
[2022-12-31T15:04:01.824+0530][14722.161s] GC(347) Eden regions: 296->0(303)
[2022-12-31T15:04:01.824+0530][14722.161s] GC(347) Survivor regions: 11->4(39)
[2022-12-31T15:04:01.824+0530][14722.161s] GC(347) Old regions: 49->49
[2022-12-31T15:04:01.824+0530][14722.161s] GC(347) Humongous regions: 7->7
[2022-12-31T15:04:01.824+0530][14722.161s] GC(347) Metaspace: 65272K->65272K(1107968K)
[2022-12-31T15:04:01.824+0530][14722.161s] GC(347) Pause Young (Normal) (G1 Evacuation Pause) 361M->59M(512M) 3.636ms
[2022-12-31T15:04:01.824+0530][14722.161s] GC(347) User=0.02s Sys=0.00s Real=0.00s
[2022-12-31T15:05:01.132+0530][14781.469s] GC(348) Pause Young (Normal) (G1 Evacuation Pause)
[2022-12-31T15:05:01.132+0530][14781.469s] GC(348) Using 8 workers of 8 for evacuation
[2022-12-31T15:05:01.136+0530][14781.473s] GC(348)   Pre Evacuate Collection Set: 0.0ms
[2022-12-31T15:05:01.136+0530][14781.474s] GC(348)   Evacuate Collection Set: 3.4ms
[2022-12-31T15:05:01.136+0530][14781.474s] GC(348)   Post Evacuate Collection Set: 0.5ms
[2022-12-31T15:05:01.136+0530][14781.474s] GC(348)   Other: 0.3ms
[2022-12-31T15:05:01.136+0530][14781.474s] GC(348) Eden regions: 303->0(294)
[2022-12-31T15:05:01.137+0530][14781.474s] GC(348) Survivor regions: 4->13(39)
[2022-12-31T15:05:01.137+0530][14781.474s] GC(348) Old regions: 49->49
[2022-12-31T15:05:01.137+0530][14781.474s] GC(348) Humongous regions: 7->7
[2022-12-31T15:05:01.137+0530][14781.474s] GC(348) Metaspace: 65272K->65272K(1107968K)
[2022-12-31T15:05:01.137+0530][14781.474s] GC(348) Pause Young (Normal) (G1 Evacuation Pause) 362M->68M(512M) 4.785ms
[2022-12-31T15:05:01.137+0530][14781.474s] GC(348) User=0.13s Sys=0.00s Real=0.01s
[2022-12-31T15:05:02.484+0530][14782.821s] GC(349) Pause Young (Normal) (G1 Evacuation Pause)
[2022-12-31T15:05:02.484+0530][14782.821s] GC(349) Using 8 workers of 8 for evacuation
[2022-12-31T15:05:02.487+0530][14782.824s] GC(349)   Pre Evacuate Collection Set: 0.0ms
[2022-12-31T15:05:02.487+0530][14782.824s] GC(349)   Evacuate Collection Set: 2.4ms
[2022-12-31T15:05:02.487+0530][14782.824s] GC(349)   Post Evacuate Collection Set: 0.5ms
[2022-12-31T15:05:02.487+0530][14782.824s] GC(349)   Other: 0.3ms
[2022-12-31T15:05:02.487+0530][14782.824s] GC(349) Eden regions: 294->0(301)
[2022-12-31T15:05:02.487+0530][14782.824s] GC(349) Survivor regions: 13->6(39)
[2022-12-31T15:05:02.487+0530][14782.824s] GC(349) Old regions: 49->49
[2022-12-31T15:05:02.487+0530][14782.824s] GC(349) Humongous regions: 7->7
[2022-12-31T15:05:02.487+0530][14782.825s] GC(349) Metaspace: 65272K->65272K(1107968K)
[2022-12-31T15:05:02.487+0530][14782.825s] GC(349) Pause Young (Normal) (G1 Evacuation Pause) 362M->61M(512M) 3.709ms
[2022-12-31T15:05:02.487+0530][14782.825s] GC(349) User=0.00s Sys=0.00s Real=0.00s
[2022-12-31T15:06:01.127+0530][14841.464s] GC(350) Pause Young (Normal) (G1 Evacuation Pause)
[2022-12-31T15:06:01.127+0530][14841.465s] GC(350) Using 8 workers of 8 for evacuation
[2022-12-31T15:06:01.130+0530][14841.468s] GC(350)   Pre Evacuate Collection Set: 0.0ms
[2022-12-31T15:06:01.130+0530][14841.468s] GC(350)   Evacuate Collection Set: 3.1ms
[2022-12-31T15:06:01.131+0530][14841.468s] GC(350)   Post Evacuate Collection Set: 0.5ms
[2022-12-31T15:06:01.131+0530][14841.469s] GC(350)   Other: 0.3ms
[2022-12-31T15:06:01.131+0530][14841.469s] GC(350) Eden regions: 301->0(294)
[2022-12-31T15:06:01.131+0530][14841.469s] GC(350) Survivor regions: 6->13(39)
[2022-12-31T15:06:01.131+0530][14841.469s] GC(350) Old regions: 49->49
[2022-12-31T15:06:01.131+0530][14841.469s] GC(350) Humongous regions: 7->7
[2022-12-31T15:06:01.131+0530][14841.469s] GC(350) Metaspace: 65272K->65272K(1107968K)
[2022-12-31T15:06:01.131+0530][14841.469s] GC(350) Pause Young (Normal) (G1 Evacuation Pause) 362M->68M(512M) 4.358ms
[2022-12-31T15:06:01.131+0530][14841.469s] GC(350) User=0.00s Sys=0.00s Real=0.00s
[2022-12-31T15:06:03.151+0530][14843.488s] GC(351) Pause Young (Normal) (G1 Evacuation Pause)
[2022-12-31T15:06:03.151+0530][14843.488s] GC(351) Using 8 workers of 8 for evacuation
[2022-12-31T15:06:03.153+0530][14843.490s] GC(351)   Pre Evacuate Collection Set: 0.0ms
[2022-12-31T15:06:03.153+0530][14843.491s] GC(351)   Evacuate Collection Set: 1.6ms
[2022-12-31T15:06:03.153+0530][14843.491s] GC(351)   Post Evacuate Collection Set: 0.4ms
[2022-12-31T15:06:03.153+0530][14843.491s] GC(351)   Other: 0.3ms
[2022-12-31T15:06:03.153+0530][14843.491s] GC(351) Eden regions: 294->0(304)
[2022-12-31T15:06:03.153+0530][14843.491s] GC(351) Survivor regions: 13->3(39)
[2022-12-31T15:06:03.153+0530][14843.491s] GC(351) Old regions: 49->49
[2022-12-31T15:06:03.153+0530][14843.491s] GC(351) Humongous regions: 7->7
[2022-12-31T15:06:03.153+0530][14843.491s] GC(351) Metaspace: 65272K->65272K(1107968K)
[2022-12-31T15:06:03.154+0530][14843.491s] GC(351) Pause Young (Normal) (G1 Evacuation Pause) 362M->58M(512M) 2.803ms
[2022-12-31T15:06:03.154+0530][14843.491s] GC(351) User=0.00s Sys=0.00s Real=0.00s
[2022-12-31T15:07:02.070+0530][14902.407s] GC(352) Pause Young (Normal) (G1 Evacuation Pause)
[2022-12-31T15:07:02.070+0530][14902.407s] GC(352) Using 8 workers of 8 for evacuation
[2022-12-31T15:07:02.073+0530][14902.410s] GC(352)   Pre Evacuate Collection Set: 0.0ms
[2022-12-31T15:07:02.073+0530][14902.410s] GC(352)   Evacuate Collection Set: 2.2ms
[2022-12-31T15:07:02.073+0530][14902.410s] GC(352)   Post Evacuate Collection Set: 0.4ms
[2022-12-31T15:07:02.073+0530][14902.410s] GC(352)   Other: 0.3ms
[2022-12-31T15:07:02.073+0530][14902.410s] GC(352) Eden regions: 304->0(299)
[2022-12-31T15:07:02.073+0530][14902.410s] GC(352) Survivor regions: 3->8(39)
[2022-12-31T15:07:02.073+0530][14902.410s] GC(352) Old regions: 49->49
[2022-12-31T15:07:02.073+0530][14902.410s] GC(352) Humongous regions: 7->7
[2022-12-31T15:07:02.073+0530][14902.410s] GC(352) Metaspace: 65272K->65272K(1107968K)
[2022-12-31T15:07:02.073+0530][14902.410s] GC(352) Pause Young (Normal) (G1 Evacuation Pause) 362M->63M(512M) 3.379ms
[2022-12-31T15:07:02.074+0530][14902.411s] GC(352) User=0.02s Sys=0.00s Real=0.00s
[2022-12-31T15:08:00.455+0530][14960.792s] GC(353) Pause Young (Normal) (G1 Evacuation Pause)
[2022-12-31T15:08:00.456+0530][14960.793s] GC(353) Using 8 workers of 8 for evacuation
[2022-12-31T15:08:00.459+0530][14960.796s] GC(353)   Pre Evacuate Collection Set: 0.0ms
[2022-12-31T15:08:00.459+0530][14960.796s] GC(353)   Evacuate Collection Set: 2.7ms
[2022-12-31T15:08:00.459+0530][14960.796s] GC(353)   Post Evacuate Collection Set: 0.5ms
[2022-12-31T15:08:00.459+0530][14960.796s] GC(353)   Other: 0.4ms
[2022-12-31T15:08:00.459+0530][14960.796s] GC(353) Eden regions: 299->0(295)
[2022-12-31T15:08:00.459+0530][14960.796s] GC(353) Survivor regions: 8->12(39)
[2022-12-31T15:08:00.459+0530][14960.796s] GC(353) Old regions: 49->49
[2022-12-31T15:08:00.459+0530][14960.796s] GC(353) Humongous regions: 7->7
[2022-12-31T15:08:00.459+0530][14960.796s] GC(353) Metaspace: 65272K->65272K(1107968K)
[2022-12-31T15:08:00.459+0530][14960.796s] GC(353) Pause Young (Normal) (G1 Evacuation Pause) 362M->67M(512M) 4.036ms
[2022-12-31T15:08:00.460+0530][14960.797s] GC(353) User=0.00s Sys=0.00s Real=0.01s
[2022-12-31T15:08:01.485+0530][14961.822s] GC(354) Pause Young (Normal) (G1 Evacuation Pause)
[2022-12-31T15:08:01.485+0530][14961.822s] GC(354) Using 8 workers of 8 for evacuation
[2022-12-31T15:08:01.488+0530][14961.826s] GC(354)   Pre Evacuate Collection Set: 0.0ms
[2022-12-31T15:08:01.489+0530][14961.826s] GC(354)   Evacuate Collection Set: 2.8ms
[2022-12-31T15:08:01.489+0530][14961.826s] GC(354)   Post Evacuate Collection Set: 0.5ms
[2022-12-31T15:08:01.489+0530][14961.826s] GC(354)   Other: 0.3ms
[2022-12-31T15:08:01.489+0530][14961.826s] GC(354) Eden regions: 295->0(299)
[2022-12-31T15:08:01.489+0530][14961.826s] GC(354) Survivor regions: 12->8(39)
[2022-12-31T15:08:01.489+0530][14961.826s] GC(354) Old regions: 49->49
[2022-12-31T15:08:01.489+0530][14961.826s] GC(354) Humongous regions: 7->7
[2022-12-31T15:08:01.489+0530][14961.826s] GC(354) Metaspace: 65272K->65272K(1107968K)
[2022-12-31T15:08:01.489+0530][14961.826s] GC(354) Pause Young (Normal) (G1 Evacuation Pause) 362M->63M(512M) 4.195ms
[2022-12-31T15:08:01.489+0530][14961.826s] GC(354) User=0.00s Sys=0.00s Real=0.00s
[2022-12-31T15:09:00.940+0530][15021.277s] GC(355) Pause Young (Normal) (G1 Evacuation Pause)
[2022-12-31T15:09:00.940+0530][15021.277s] GC(355) Using 8 workers of 8 for evacuation
[2022-12-31T15:09:00.943+0530][15021.281s] GC(355)   Pre Evacuate Collection Set: 0.0ms
[2022-12-31T15:09:00.943+0530][15021.281s] GC(355)   Evacuate Collection Set: 3.6ms
[2022-12-31T15:09:00.944+0530][15021.281s] GC(355)   Post Evacuate Collection Set: 0.4ms
[2022-12-31T15:09:00.944+0530][15021.282s] GC(355)   Other: 0.4ms
[2022-12-31T15:09:00.944+0530][15021.282s] GC(355) Eden regions: 299->0(297)
[2022-12-31T15:09:00.944+0530][15021.282s] GC(355) Survivor regions: 8->10(39)
[2022-12-31T15:09:00.944+0530][15021.282s] GC(355) Old regions: 49->49
[2022-12-31T15:09:00.944+0530][15021.282s] GC(355) Humongous regions: 7->7
[2022-12-31T15:09:00.944+0530][15021.282s] GC(355) Metaspace: 65272K->65272K(1107968K)
[2022-12-31T15:09:00.944+0530][15021.282s] GC(355) Pause Young (Normal) (G1 Evacuation Pause) 362M->65M(512M) 4.919ms
[2022-12-31T15:09:00.944+0530][15021.282s] GC(355) User=0.00s Sys=0.00s Real=0.00s
[2022-12-31T15:10:00.404+0530][15080.742s] GC(356) Pause Young (Normal) (G1 Evacuation Pause)
[2022-12-31T15:10:00.405+0530][15080.742s] GC(356) Using 8 workers of 8 for evacuation
[2022-12-31T15:10:00.408+0530][15080.745s] GC(356)   Pre Evacuate Collection Set: 0.0ms
[2022-12-31T15:10:00.408+0530][15080.746s] GC(356)   Evacuate Collection Set: 2.3ms
[2022-12-31T15:10:00.408+0530][15080.746s] GC(356)   Post Evacuate Collection Set: 0.4ms
[2022-12-31T15:10:00.408+0530][15080.746s] GC(356)   Other: 0.4ms
[2022-12-31T15:10:00.408+0530][15080.746s] GC(356) Eden regions: 297->0(297)
[2022-12-31T15:10:00.408+0530][15080.746s] GC(356) Survivor regions: 10->10(39)
[2022-12-31T15:10:00.408+0530][15080.746s] GC(356) Old regions: 49->49
[2022-12-31T15:10:00.408+0530][15080.746s] GC(356) Humongous regions: 7->7
[2022-12-31T15:10:00.408+0530][15080.746s] GC(356) Metaspace: 65272K->65272K(1107968K)
[2022-12-31T15:10:00.408+0530][15080.746s] GC(356) Pause Young (Normal) (G1 Evacuation Pause) 362M->65M(512M) 3.889ms
[2022-12-31T15:10:00.408+0530][15080.746s] GC(356) User=0.00s Sys=0.00s Real=0.00s
[2022-12-31T15:10:01.397+0530][15081.734s] GC(357) Pause Young (Normal) (G1 Evacuation Pause)
[2022-12-31T15:10:01.397+0530][15081.734s] GC(357) Using 8 workers of 8 for evacuation
[2022-12-31T15:10:01.400+0530][15081.737s] GC(357)   Pre Evacuate Collection Set: 0.0ms
[2022-12-31T15:10:01.400+0530][15081.737s] GC(357)   Evacuate Collection Set: 2.2ms
[2022-12-31T15:10:01.400+0530][15081.737s] GC(357)   Post Evacuate Collection Set: 0.5ms
[2022-12-31T15:10:01.400+0530][15081.737s] GC(357)   Other: 0.3ms
[2022-12-31T15:10:01.400+0530][15081.737s] GC(357) Eden regions: 297->0(302)
[2022-12-31T15:10:01.400+0530][15081.737s] GC(357) Survivor regions: 10->5(39)
[2022-12-31T15:10:01.400+0530][15081.737s] GC(357) Old regions: 49->50
[2022-12-31T15:10:01.400+0530][15081.737s] GC(357) Humongous regions: 7->7
[2022-12-31T15:10:01.400+0530][15081.738s] GC(357) Metaspace: 65272K->65272K(1107968K)
[2022-12-31T15:10:01.400+0530][15081.738s] GC(357) Pause Young (Normal) (G1 Evacuation Pause) 362M->61M(512M) 3.486ms
[2022-12-31T15:10:01.400+0530][15081.738s] GC(357) User=0.00s Sys=0.00s Real=0.00s
[2022-12-31T15:11:01.393+0530][15141.730s] GC(358) Pause Young (Normal) (G1 Evacuation Pause)
[2022-12-31T15:11:01.393+0530][15141.730s] GC(358) Using 8 workers of 8 for evacuation
[2022-12-31T15:11:01.397+0530][15141.734s] GC(358)   Pre Evacuate Collection Set: 0.0ms
[2022-12-31T15:11:01.397+0530][15141.734s] GC(358)   Evacuate Collection Set: 3.2ms
[2022-12-31T15:11:01.397+0530][15141.735s] GC(358)   Post Evacuate Collection Set: 0.6ms
[2022-12-31T15:11:01.397+0530][15141.735s] GC(358)   Other: 0.3ms
[2022-12-31T15:11:01.397+0530][15141.735s] GC(358) Eden regions: 302->0(291)
[2022-12-31T15:11:01.397+0530][15141.735s] GC(358) Survivor regions: 5->16(39)
[2022-12-31T15:11:01.397+0530][15141.735s] GC(358) Old regions: 50->50
[2022-12-31T15:11:01.397+0530][15141.735s] GC(358) Humongous regions: 7->7
[2022-12-31T15:11:01.397+0530][15141.735s] GC(358) Metaspace: 65272K->65272K(1107968K)
[2022-12-31T15:11:01.397+0530][15141.735s] GC(358) Pause Young (Normal) (G1 Evacuation Pause) 363M->72M(512M) 4.519ms
[2022-12-31T15:11:01.397+0530][15141.735s] GC(358) User=0.00s Sys=0.00s Real=0.00s
[2022-12-31T15:11:03.518+0530][15143.855s] GC(359) Pause Young (Normal) (G1 Evacuation Pause)
[2022-12-31T15:11:03.518+0530][15143.855s] GC(359) Using 8 workers of 8 for evacuation
[2022-12-31T15:11:03.521+0530][15143.858s] GC(359)   Pre Evacuate Collection Set: 0.0ms
[2022-12-31T15:11:03.521+0530][15143.858s] GC(359)   Evacuate Collection Set: 2.3ms
[2022-12-31T15:11:03.521+0530][15143.859s] GC(359)   Post Evacuate Collection Set: 0.5ms
[2022-12-31T15:11:03.521+0530][15143.859s] GC(359)   Other: 0.3ms
[2022-12-31T15:11:03.521+0530][15143.859s] GC(359) Eden regions: 291->0(300)
[2022-12-31T15:11:03.521+0530][15143.859s] GC(359) Survivor regions: 16->7(39)
[2022-12-31T15:11:03.521+0530][15143.859s] GC(359) Old regions: 50->50
[2022-12-31T15:11:03.522+0530][15143.859s] GC(359) Humongous regions: 7->7
[2022-12-31T15:11:03.522+0530][15143.859s] GC(359) Metaspace: 65272K->65272K(1107968K)
[2022-12-31T15:11:03.522+0530][15143.859s] GC(359) Pause Young (Normal) (G1 Evacuation Pause) 363M->62M(512M) 3.684ms
[2022-12-31T15:11:03.522+0530][15143.859s] GC(359) User=0.00s Sys=0.00s Real=0.00s
[2022-12-31T15:12:01.260+0530][15201.597s] GC(360) Pause Young (Normal) (G1 Evacuation Pause)
[2022-12-31T15:12:01.260+0530][15201.597s] GC(360) Using 8 workers of 8 for evacuation
[2022-12-31T15:12:01.262+0530][15201.600s] GC(360)   Pre Evacuate Collection Set: 0.0ms
[2022-12-31T15:12:01.263+0530][15201.600s] GC(360)   Evacuate Collection Set: 1.7ms
[2022-12-31T15:12:01.263+0530][15201.600s] GC(360)   Post Evacuate Collection Set: 0.5ms
[2022-12-31T15:12:01.263+0530][15201.600s] GC(360)   Other: 0.3ms
[2022-12-31T15:12:01.263+0530][15201.600s] GC(360) Eden regions: 300->0(300)
[2022-12-31T15:12:01.263+0530][15201.600s] GC(360) Survivor regions: 7->7(39)
[2022-12-31T15:12:01.263+0530][15201.600s] GC(360) Old regions: 50->50
[2022-12-31T15:12:01.263+0530][15201.600s] GC(360) Humongous regions: 7->7
[2022-12-31T15:12:01.263+0530][15201.600s] GC(360) Metaspace: 65272K->65272K(1107968K)
[2022-12-31T15:12:01.263+0530][15201.600s] GC(360) Pause Young (Normal) (G1 Evacuation Pause) 362M->63M(512M) 3.063ms
[2022-12-31T15:12:01.263+0530][15201.600s] GC(360) User=0.11s Sys=0.02s Real=0.00s
[2022-12-31T15:13:01.659+0530][15261.996s] GC(361) Pause Young (Normal) (G1 Evacuation Pause)
[2022-12-31T15:13:01.659+0530][15261.996s] GC(361) Using 8 workers of 8 for evacuation
[2022-12-31T15:13:01.661+0530][15261.998s] GC(361)   Pre Evacuate Collection Set: 0.0ms
[2022-12-31T15:13:01.661+0530][15261.999s] GC(361)   Evacuate Collection Set: 1.4ms
[2022-12-31T15:13:01.661+0530][15261.999s] GC(361)   Post Evacuate Collection Set: 0.4ms
[2022-12-31T15:13:01.661+0530][15261.999s] GC(361)   Other: 0.2ms
[2022-12-31T15:13:01.661+0530][15261.999s] GC(361) Eden regions: 300->0(304)
[2022-12-31T15:13:01.661+0530][15261.999s] GC(361) Survivor regions: 7->3(39)
[2022-12-31T15:13:01.661+0530][15261.999s] GC(361) Old regions: 50->50
[2022-12-31T15:13:01.661+0530][15261.999s] GC(361) Humongous regions: 7->7
[2022-12-31T15:13:01.661+0530][15261.999s] GC(361) Metaspace: 65272K->65272K(1107968K)
[2022-12-31T15:13:01.661+0530][15261.999s] GC(361) Pause Young (Normal) (G1 Evacuation Pause) 363M->59M(512M) 2.587ms
[2022-12-31T15:13:01.661+0530][15261.999s] GC(361) User=0.00s Sys=0.00s Real=0.00s
[2022-12-31T15:14:01.388+0530][15321.726s] GC(362) Pause Young (Normal) (G1 Evacuation Pause)
[2022-12-31T15:14:01.388+0530][15321.726s] GC(362) Using 8 workers of 8 for evacuation
[2022-12-31T15:14:01.390+0530][15321.728s] GC(362)   Pre Evacuate Collection Set: 0.0ms
[2022-12-31T15:14:01.390+0530][15321.728s] GC(362)   Evacuate Collection Set: 1.4ms
[2022-12-31T15:14:01.390+0530][15321.728s] GC(362)   Post Evacuate Collection Set: 0.4ms
[2022-12-31T15:14:01.390+0530][15321.728s] GC(362)   Other: 0.3ms
[2022-12-31T15:14:01.390+0530][15321.728s] GC(362) Eden regions: 304->0(303)
[2022-12-31T15:14:01.390+0530][15321.728s] GC(362) Survivor regions: 3->4(39)
[2022-12-31T15:14:01.390+0530][15321.728s] GC(362) Old regions: 50->50
[2022-12-31T15:14:01.390+0530][15321.728s] GC(362) Humongous regions: 7->7
[2022-12-31T15:14:01.390+0530][15321.728s] GC(362) Metaspace: 65272K->65272K(1107968K)
[2022-12-31T15:14:01.390+0530][15321.728s] GC(362) Pause Young (Normal) (G1 Evacuation Pause) 363M->59M(512M) 2.673ms
[2022-12-31T15:14:01.390+0530][15321.728s] GC(362) User=0.00s Sys=0.00s Real=0.00s
[2022-12-31T15:15:01.085+0530][15381.422s] GC(363) Pause Young (Normal) (G1 Evacuation Pause)
[2022-12-31T15:15:01.085+0530][15381.422s] GC(363) Using 8 workers of 8 for evacuation
[2022-12-31T15:15:01.087+0530][15381.424s] GC(363)   Pre Evacuate Collection Set: 0.0ms
[2022-12-31T15:15:01.087+0530][15381.425s] GC(363)   Evacuate Collection Set: 1.7ms
[2022-12-31T15:15:01.087+0530][15381.425s] GC(363)   Post Evacuate Collection Set: 0.5ms
[2022-12-31T15:15:01.087+0530][15381.425s] GC(363)   Other: 0.3ms
[2022-12-31T15:15:01.087+0530][15381.425s] GC(363) Eden regions: 303->0(300)
[2022-12-31T15:15:01.087+0530][15381.425s] GC(363) Survivor regions: 4->7(39)
[2022-12-31T15:15:01.087+0530][15381.425s] GC(363) Old regions: 50->50
[2022-12-31T15:15:01.087+0530][15381.425s] GC(363) Humongous regions: 7->7
[2022-12-31T15:15:01.087+0530][15381.425s] GC(363) Metaspace: 65272K->65272K(1107968K)
[2022-12-31T15:15:01.087+0530][15381.425s] GC(363) Pause Young (Normal) (G1 Evacuation Pause) 362M->62M(512M) 2.901ms
[2022-12-31T15:15:01.087+0530][15381.425s] GC(363) User=0.00s Sys=0.00s Real=0.00s
[2022-12-31T15:16:00.573+0530][15440.911s] GC(364) Pause Young (Normal) (G1 Evacuation Pause)
[2022-12-31T15:16:00.573+0530][15440.911s] GC(364) Using 8 workers of 8 for evacuation
[2022-12-31T15:16:00.577+0530][15440.914s] GC(364)   Pre Evacuate Collection Set: 0.0ms
[2022-12-31T15:16:00.577+0530][15440.915s] GC(364)   Evacuate Collection Set: 2.8ms
[2022-12-31T15:16:00.577+0530][15440.915s] GC(364)   Post Evacuate Collection Set: 0.6ms
[2022-12-31T15:16:00.577+0530][15440.915s] GC(364)   Other: 0.3ms
[2022-12-31T15:16:00.577+0530][15440.915s] GC(364) Eden regions: 300->0(297)
[2022-12-31T15:16:00.577+0530][15440.915s] GC(364) Survivor regions: 7->10(39)
[2022-12-31T15:16:00.577+0530][15440.915s] GC(364) Old regions: 50->50
[2022-12-31T15:16:00.577+0530][15440.915s] GC(364) Humongous regions: 7->7
[2022-12-31T15:16:00.578+0530][15440.915s] GC(364) Metaspace: 65272K->65272K(1107968K)
[2022-12-31T15:16:00.578+0530][15440.915s] GC(364) Pause Young (Normal) (G1 Evacuation Pause) 362M->66M(512M) 4.607ms
[2022-12-31T15:16:00.578+0530][15440.915s] GC(364) User=0.00s Sys=0.00s Real=0.01s
[2022-12-31T15:16:02.923+0530][15443.261s] GC(365) Pause Young (Normal) (G1 Evacuation Pause)
[2022-12-31T15:16:02.924+0530][15443.261s] GC(365) Using 8 workers of 8 for evacuation
[2022-12-31T15:16:02.926+0530][15443.263s] GC(365)   Pre Evacuate Collection Set: 0.0ms
[2022-12-31T15:16:02.927+0530][15443.264s] GC(365)   Evacuate Collection Set: 1.5ms
[2022-12-31T15:16:02.927+0530][15443.264s] GC(365)   Post Evacuate Collection Set: 0.8ms
[2022-12-31T15:16:02.927+0530][15443.264s] GC(365)   Other: 0.4ms
[2022-12-31T15:16:02.927+0530][15443.264s] GC(365) Eden regions: 297->0(304)
[2022-12-31T15:16:02.927+0530][15443.264s] GC(365) Survivor regions: 10->3(39)
[2022-12-31T15:16:02.927+0530][15443.264s] GC(365) Old regions: 50->50
[2022-12-31T15:16:02.927+0530][15443.264s] GC(365) Humongous regions: 7->7
[2022-12-31T15:16:02.927+0530][15443.264s] GC(365) Metaspace: 65272K->65272K(1107968K)
[2022-12-31T15:16:02.927+0530][15443.265s] GC(365) Pause Young (Normal) (G1 Evacuation Pause) 363M->59M(512M) 3.805ms
[2022-12-31T15:16:02.927+0530][15443.265s] GC(365) User=0.00s Sys=0.00s Real=0.00s
[2022-12-31T15:17:02.288+0530][15502.626s] GC(366) Pause Young (Normal) (G1 Evacuation Pause)
[2022-12-31T15:17:02.289+0530][15502.626s] GC(366) Using 8 workers of 8 for evacuation
[2022-12-31T15:17:02.291+0530][15502.629s] GC(366)   Pre Evacuate Collection Set: 0.0ms
[2022-12-31T15:17:02.292+0530][15502.630s] GC(366)   Evacuate Collection Set: 2.1ms
[2022-12-31T15:17:02.292+0530][15502.630s] GC(366)   Post Evacuate Collection Set: 0.6ms
[2022-12-31T15:17:02.292+0530][15502.630s] GC(366)   Other: 0.3ms
[2022-12-31T15:17:02.292+0530][15502.630s] GC(366) Eden regions: 304->0(300)
[2022-12-31T15:17:02.292+0530][15502.630s] GC(366) Survivor regions: 3->7(39)
[2022-12-31T15:17:02.292+0530][15502.630s] GC(366) Old regions: 50->50
[2022-12-31T15:17:02.292+0530][15502.630s] GC(366) Humongous regions: 7->7
[2022-12-31T15:17:02.292+0530][15502.630s] GC(366) Metaspace: 65272K->65272K(1107968K)
[2022-12-31T15:17:02.292+0530][15502.630s] GC(366) Pause Young (Normal) (G1 Evacuation Pause) 363M->63M(512M) 3.661ms
[2022-12-31T15:17:02.292+0530][15502.630s] GC(366) User=0.11s Sys=0.00s Real=0.00s
[2022-12-31T15:18:00.543+0530][15560.880s] GC(367) Pause Young (Normal) (G1 Evacuation Pause)
[2022-12-31T15:18:00.543+0530][15560.881s] GC(367) Using 8 workers of 8 for evacuation
[2022-12-31T15:18:00.546+0530][15560.883s] GC(367)   Pre Evacuate Collection Set: 0.0ms
[2022-12-31T15:18:00.546+0530][15560.884s] GC(367)   Evacuate Collection Set: 2.1ms
[2022-12-31T15:18:00.546+0530][15560.884s] GC(367)   Post Evacuate Collection Set: 0.4ms
[2022-12-31T15:18:00.546+0530][15560.884s] GC(367)   Other: 0.4ms
[2022-12-31T15:18:00.546+0530][15560.884s] GC(367) Eden regions: 300->0(298)
[2022-12-31T15:18:00.546+0530][15560.884s] GC(367) Survivor regions: 7->9(39)
[2022-12-31T15:18:00.546+0530][15560.884s] GC(367) Old regions: 50->50
[2022-12-31T15:18:00.546+0530][15560.884s] GC(367) Humongous regions: 7->7
[2022-12-31T15:18:00.546+0530][15560.884s] GC(367) Metaspace: 65272K->65272K(1107968K)
[2022-12-31T15:18:00.546+0530][15560.884s] GC(367) Pause Young (Normal) (G1 Evacuation Pause) 363M->65M(512M) 3.741ms
[2022-12-31T15:18:00.546+0530][15560.884s] GC(367) User=0.00s Sys=0.00s Real=0.00s
[2022-12-31T15:18:01.653+0530][15561.990s] GC(368) Pause Young (Normal) (G1 Evacuation Pause)
[2022-12-31T15:18:01.653+0530][15561.990s] GC(368) Using 8 workers of 8 for evacuation
[2022-12-31T15:18:01.655+0530][15561.992s] GC(368)   Pre Evacuate Collection Set: 0.0ms
[2022-12-31T15:18:01.655+0530][15561.993s] GC(368)   Evacuate Collection Set: 1.7ms
[2022-12-31T15:18:01.655+0530][15561.993s] GC(368)   Post Evacuate Collection Set: 0.3ms
[2022-12-31T15:18:01.655+0530][15561.993s] GC(368)   Other: 0.3ms
[2022-12-31T15:18:01.655+0530][15561.993s] GC(368) Eden regions: 298->0(300)
[2022-12-31T15:18:01.655+0530][15561.993s] GC(368) Survivor regions: 9->7(39)
[2022-12-31T15:18:01.655+0530][15561.993s] GC(368) Old regions: 50->50
[2022-12-31T15:18:01.656+0530][15561.993s] GC(368) Humongous regions: 7->7
[2022-12-31T15:18:01.656+0530][15561.993s] GC(368) Metaspace: 65272K->65272K(1107968K)
[2022-12-31T15:18:01.656+0530][15561.993s] GC(368) Pause Young (Normal) (G1 Evacuation Pause) 363M->62M(512M) 2.903ms
[2022-12-31T15:18:01.656+0530][15561.993s] GC(368) User=0.00s Sys=0.00s Real=0.00s
[2022-12-31T15:19:01.184+0530][15621.521s] GC(369) Pause Young (Normal) (G1 Evacuation Pause)
[2022-12-31T15:19:01.184+0530][15621.521s] GC(369) Using 8 workers of 8 for evacuation
[2022-12-31T15:19:01.188+0530][15621.525s] GC(369)   Pre Evacuate Collection Set: 0.0ms
[2022-12-31T15:19:01.188+0530][15621.525s] GC(369)   Evacuate Collection Set: 3.1ms
[2022-12-31T15:19:01.188+0530][15621.525s] GC(369)   Post Evacuate Collection Set: 0.5ms
[2022-12-31T15:19:01.188+0530][15621.525s] GC(369)   Other: 0.3ms
[2022-12-31T15:19:01.188+0530][15621.525s] GC(369) Eden regions: 300->0(290)
[2022-12-31T15:19:01.188+0530][15621.525s] GC(369) Survivor regions: 7->17(39)
[2022-12-31T15:19:01.188+0530][15621.525s] GC(369) Old regions: 50->50
[2022-12-31T15:19:01.188+0530][15621.525s] GC(369) Humongous regions: 7->7
[2022-12-31T15:19:01.189+0530][15621.526s] GC(369) Metaspace: 65272K->65272K(1107968K)
[2022-12-31T15:19:01.189+0530][15621.526s] GC(369) Pause Young (Normal) (G1 Evacuation Pause) 362M->73M(512M) 4.370ms
[2022-12-31T15:19:01.189+0530][15621.526s] GC(369) User=0.00s Sys=0.00s Real=0.00s
[2022-12-31T15:19:02.962+0530][15623.300s] GC(370) Pause Young (Normal) (G1 Evacuation Pause)
[2022-12-31T15:19:02.962+0530][15623.300s] GC(370) Using 8 workers of 8 for evacuation
[2022-12-31T15:19:02.964+0530][15623.302s] GC(370)   Pre Evacuate Collection Set: 0.0ms
[2022-12-31T15:19:02.965+0530][15623.302s] GC(370)   Evacuate Collection Set: 2.0ms
[2022-12-31T15:19:02.965+0530][15623.303s] GC(370)   Post Evacuate Collection Set: 0.4ms
[2022-12-31T15:19:02.965+0530][15623.303s] GC(370)   Other: 0.3ms
[2022-12-31T15:19:02.965+0530][15623.303s] GC(370) Eden regions: 290->0(299)
[2022-12-31T15:19:02.965+0530][15623.303s] GC(370) Survivor regions: 17->8(39)
[2022-12-31T15:19:02.965+0530][15623.303s] GC(370) Old regions: 50->50
[2022-12-31T15:19:02.965+0530][15623.303s] GC(370) Humongous regions: 7->7
[2022-12-31T15:19:02.965+0530][15623.303s] GC(370) Metaspace: 65272K->65272K(1107968K)
[2022-12-31T15:19:02.965+0530][15623.303s] GC(370) Pause Young (Normal) (G1 Evacuation Pause) 363M->64M(512M) 3.186ms
[2022-12-31T15:19:02.965+0530][15623.303s] GC(370) User=0.11s Sys=0.02s Real=0.00s
[2022-12-31T15:20:00.488+0530][15680.825s] GC(371) Pause Young (Normal) (G1 Evacuation Pause)
[2022-12-31T15:20:00.488+0530][15680.825s] GC(371) Using 8 workers of 8 for evacuation
[2022-12-31T15:20:00.491+0530][15680.828s] GC(371)   Pre Evacuate Collection Set: 0.0ms
[2022-12-31T15:20:00.491+0530][15680.828s] GC(371)   Evacuate Collection Set: 3.0ms
[2022-12-31T15:20:00.492+0530][15680.829s] GC(371)   Post Evacuate Collection Set: 0.4ms
[2022-12-31T15:20:00.492+0530][15680.829s] GC(371)   Other: 0.3ms
[2022-12-31T15:20:00.492+0530][15680.829s] GC(371) Eden regions: 299->0(292)
[2022-12-31T15:20:00.492+0530][15680.829s] GC(371) Survivor regions: 8->15(39)
[2022-12-31T15:20:00.492+0530][15680.829s] GC(371) Old regions: 50->50
[2022-12-31T15:20:00.492+0530][15680.829s] GC(371) Humongous regions: 7->7
[2022-12-31T15:20:00.492+0530][15680.829s] GC(371) Metaspace: 65272K->65272K(1107968K)
[2022-12-31T15:20:00.492+0530][15680.829s] GC(371) Pause Young (Normal) (G1 Evacuation Pause) 363M->71M(512M) 4.219ms
[2022-12-31T15:20:00.492+0530][15680.829s] GC(371) User=0.00s Sys=0.00s Real=0.00s
[2022-12-31T15:20:01.952+0530][15682.289s] GC(372) Pause Young (Normal) (G1 Evacuation Pause)
[2022-12-31T15:20:01.952+0530][15682.289s] GC(372) Using 8 workers of 8 for evacuation
[2022-12-31T15:20:01.954+0530][15682.291s] GC(372)   Pre Evacuate Collection Set: 0.0ms
[2022-12-31T15:20:01.954+0530][15682.292s] GC(372)   Evacuate Collection Set: 1.9ms
[2022-12-31T15:20:01.954+0530][15682.292s] GC(372)   Post Evacuate Collection Set: 0.4ms
[2022-12-31T15:20:01.955+0530][15682.292s] GC(372)   Other: 0.3ms
[2022-12-31T15:20:01.955+0530][15682.292s] GC(372) Eden regions: 292->0(301)
[2022-12-31T15:20:01.955+0530][15682.292s] GC(372) Survivor regions: 15->6(39)
[2022-12-31T15:20:01.955+0530][15682.292s] GC(372) Old regions: 50->50
[2022-12-31T15:20:01.955+0530][15682.292s] GC(372) Humongous regions: 7->7
[2022-12-31T15:20:01.955+0530][15682.292s] GC(372) Metaspace: 65272K->65272K(1107968K)
[2022-12-31T15:20:01.955+0530][15682.292s] GC(372) Pause Young (Normal) (G1 Evacuation Pause) 363M->62M(512M) 3.142ms
[2022-12-31T15:20:01.955+0530][15682.292s] GC(372) User=0.00s Sys=0.00s Real=0.00s
[2022-12-31T15:21:01.872+0530][15742.210s] GC(373) Pause Young (Normal) (G1 Evacuation Pause)
[2022-12-31T15:21:01.872+0530][15742.210s] GC(373) Using 8 workers of 8 for evacuation
[2022-12-31T15:21:01.875+0530][15742.213s] GC(373)   Pre Evacuate Collection Set: 0.0ms
[2022-12-31T15:21:01.875+0530][15742.213s] GC(373)   Evacuate Collection Set: 2.2ms
[2022-12-31T15:21:01.875+0530][15742.213s] GC(373)   Post Evacuate Collection Set: 0.5ms
[2022-12-31T15:21:01.876+0530][15742.213s] GC(373)   Other: 0.3ms
[2022-12-31T15:21:01.876+0530][15742.213s] GC(373) Eden regions: 301->0(298)
[2022-12-31T15:21:01.876+0530][15742.213s] GC(373) Survivor regions: 6->9(39)
[2022-12-31T15:21:01.876+0530][15742.213s] GC(373) Old regions: 50->50
[2022-12-31T15:21:01.876+0530][15742.213s] GC(373) Humongous regions: 7->7
[2022-12-31T15:21:01.876+0530][15742.213s] GC(373) Metaspace: 65272K->65272K(1107968K)
[2022-12-31T15:21:01.876+0530][15742.213s] GC(373) Pause Young (Normal) (G1 Evacuation Pause) 363M->65M(512M) 3.619ms
[2022-12-31T15:21:01.876+0530][15742.214s] GC(373) User=0.00s Sys=0.00s Real=0.00s
[2022-12-31T15:22:00.541+0530][15800.878s] GC(374) Pause Young (Normal) (G1 Evacuation Pause)
[2022-12-31T15:22:00.541+0530][15800.878s] GC(374) Using 8 workers of 8 for evacuation
[2022-12-31T15:22:00.545+0530][15800.882s] GC(374)   Pre Evacuate Collection Set: 0.0ms
[2022-12-31T15:22:00.546+0530][15800.883s] GC(374)   Evacuate Collection Set: 3.3ms
[2022-12-31T15:22:00.546+0530][15800.883s] GC(374)   Post Evacuate Collection Set: 0.6ms
[2022-12-31T15:22:00.546+0530][15800.883s] GC(374)   Other: 0.4ms
[2022-12-31T15:22:00.546+0530][15800.883s] GC(374) Eden regions: 298->0(291)
[2022-12-31T15:22:00.546+0530][15800.883s] GC(374) Survivor regions: 9->16(39)
[2022-12-31T15:22:00.546+0530][15800.883s] GC(374) Old regions: 50->50
[2022-12-31T15:22:00.546+0530][15800.883s] GC(374) Humongous regions: 7->7
[2022-12-31T15:22:00.546+0530][15800.883s] GC(374) Metaspace: 65272K->65272K(1107968K)
[2022-12-31T15:22:00.546+0530][15800.883s] GC(374) Pause Young (Normal) (G1 Evacuation Pause) 363M->72M(512M) 5.104ms
[2022-12-31T15:22:00.546+0530][15800.883s] GC(374) User=0.11s Sys=0.00s Real=0.01s
[2022-12-31T15:22:01.753+0530][15802.090s] GC(375) Pause Young (Normal) (G1 Evacuation Pause)
[2022-12-31T15:22:01.753+0530][15802.090s] GC(375) Using 8 workers of 8 for evacuation
[2022-12-31T15:22:01.757+0530][15802.094s] GC(375)   Pre Evacuate Collection Set: 0.0ms
[2022-12-31T15:22:01.757+0530][15802.094s] GC(375)   Evacuate Collection Set: 3.0ms
[2022-12-31T15:22:01.757+0530][15802.094s] GC(375)   Post Evacuate Collection Set: 0.5ms
[2022-12-31T15:22:01.757+0530][15802.094s] GC(375)   Other: 0.4ms
[2022-12-31T15:22:01.757+0530][15802.094s] GC(375) Eden regions: 291->0(299)
[2022-12-31T15:22:01.757+0530][15802.094s] GC(375) Survivor regions: 16->8(39)
[2022-12-31T15:22:01.757+0530][15802.094s] GC(375) Old regions: 50->50
[2022-12-31T15:22:01.757+0530][15802.094s] GC(375) Humongous regions: 7->7
[2022-12-31T15:22:01.757+0530][15802.094s] GC(375) Metaspace: 65272K->65272K(1107968K)
[2022-12-31T15:22:01.757+0530][15802.095s] GC(375) Pause Young (Normal) (G1 Evacuation Pause) 363M->64M(512M) 4.501ms
[2022-12-31T15:22:01.758+0530][15802.095s] GC(375) User=0.00s Sys=0.00s Real=0.00s
[2022-12-31T15:23:00.955+0530][15861.293s] GC(376) Pause Young (Normal) (G1 Evacuation Pause)
[2022-12-31T15:23:00.955+0530][15861.293s] GC(376) Using 8 workers of 8 for evacuation
[2022-12-31T15:23:00.959+0530][15861.297s] GC(376)   Pre Evacuate Collection Set: 0.0ms
[2022-12-31T15:23:00.959+0530][15861.297s] GC(376)   Evacuate Collection Set: 3.2ms
[2022-12-31T15:23:00.959+0530][15861.297s] GC(376)   Post Evacuate Collection Set: 0.5ms
[2022-12-31T15:23:00.960+0530][15861.297s] GC(376)   Other: 0.3ms
[2022-12-31T15:23:00.960+0530][15861.297s] GC(376) Eden regions: 299->0(292)
[2022-12-31T15:23:00.960+0530][15861.297s] GC(376) Survivor regions: 8->15(39)
[2022-12-31T15:23:00.960+0530][15861.297s] GC(376) Old regions: 50->51
[2022-12-31T15:23:00.960+0530][15861.297s] GC(376) Humongous regions: 7->7
[2022-12-31T15:23:00.960+0530][15861.297s] GC(376) Metaspace: 65272K->65272K(1107968K)
[2022-12-31T15:23:00.960+0530][15861.297s] GC(376) Pause Young (Normal) (G1 Evacuation Pause) 363M->72M(512M) 4.530ms
[2022-12-31T15:23:00.960+0530][15861.297s] GC(376) User=0.00s Sys=0.00s Real=0.01s
[2022-12-31T15:23:02.662+0530][15863.000s] GC(377) Pause Young (Normal) (G1 Evacuation Pause)
[2022-12-31T15:23:02.663+0530][15863.000s] GC(377) Using 8 workers of 8 for evacuation
[2022-12-31T15:23:02.665+0530][15863.003s] GC(377)   Pre Evacuate Collection Set: 0.0ms
[2022-12-31T15:23:02.665+0530][15863.003s] GC(377)   Evacuate Collection Set: 2.0ms
[2022-12-31T15:23:02.665+0530][15863.003s] GC(377)   Post Evacuate Collection Set: 0.4ms
[2022-12-31T15:23:02.665+0530][15863.003s] GC(377)   Other: 0.3ms
[2022-12-31T15:23:02.665+0530][15863.003s] GC(377) Eden regions: 292->0(302)
[2022-12-31T15:23:02.665+0530][15863.003s] GC(377) Survivor regions: 15->5(39)
[2022-12-31T15:23:02.665+0530][15863.003s] GC(377) Old regions: 51->51
[2022-12-31T15:23:02.666+0530][15863.003s] GC(377) Humongous regions: 7->7
[2022-12-31T15:23:02.666+0530][15863.003s] GC(377) Metaspace: 65272K->65272K(1107968K)
[2022-12-31T15:23:02.666+0530][15863.003s] GC(377) Pause Young (Normal) (G1 Evacuation Pause) 364M->62M(512M) 3.177ms
[2022-12-31T15:23:02.666+0530][15863.003s] GC(377) User=0.00s Sys=0.00s Real=0.00s
[2022-12-31T15:24:01.370+0530][15921.707s] GC(378) Pause Young (Normal) (G1 Evacuation Pause)
[2022-12-31T15:24:01.370+0530][15921.707s] GC(378) Using 8 workers of 8 for evacuation
[2022-12-31T15:24:01.373+0530][15921.710s] GC(378)   Pre Evacuate Collection Set: 0.0ms
[2022-12-31T15:24:01.373+0530][15921.710s] GC(378)   Evacuate Collection Set: 2.5ms
[2022-12-31T15:24:01.373+0530][15921.710s] GC(378)   Post Evacuate Collection Set: 0.7ms
[2022-12-31T15:24:01.373+0530][15921.711s] GC(378)   Other: 0.3ms
[2022-12-31T15:24:01.373+0530][15921.711s] GC(378) Eden regions: 302->0(295)
[2022-12-31T15:24:01.373+0530][15921.711s] GC(378) Survivor regions: 5->12(39)
[2022-12-31T15:24:01.373+0530][15921.711s] GC(378) Old regions: 51->51
[2022-12-31T15:24:01.374+0530][15921.711s] GC(378) Humongous regions: 7->7
[2022-12-31T15:24:01.374+0530][15921.711s] GC(378) Metaspace: 65272K->65272K(1107968K)
[2022-12-31T15:24:01.374+0530][15921.711s] GC(378) Pause Young (Normal) (G1 Evacuation Pause) 364M->68M(512M) 3.956ms
[2022-12-31T15:24:01.374+0530][15921.711s] GC(378) User=0.00s Sys=0.00s Real=0.00s
[2022-12-31T15:24:02.222+0530][15922.560s] GC(379) Pause Young (Normal) (G1 Evacuation Pause)
[2022-12-31T15:24:02.222+0530][15922.560s] GC(379) Using 8 workers of 8 for evacuation
[2022-12-31T15:24:02.224+0530][15922.562s] GC(379)   Pre Evacuate Collection Set: 0.0ms
[2022-12-31T15:24:02.225+0530][15922.562s] GC(379)   Evacuate Collection Set: 1.7ms
[2022-12-31T15:24:02.225+0530][15922.563s] GC(379)   Post Evacuate Collection Set: 0.4ms
[2022-12-31T15:24:02.225+0530][15922.563s] GC(379)   Other: 0.3ms
[2022-12-31T15:24:02.225+0530][15922.563s] GC(379) Eden regions: 295->0(303)
[2022-12-31T15:24:02.225+0530][15922.563s] GC(379) Survivor regions: 12->4(39)
[2022-12-31T15:24:02.225+0530][15922.563s] GC(379) Old regions: 51->51
[2022-12-31T15:24:02.225+0530][15922.563s] GC(379) Humongous regions: 7->7
[2022-12-31T15:24:02.225+0530][15922.563s] GC(379) Metaspace: 65272K->65272K(1107968K)
[2022-12-31T15:24:02.225+0530][15922.563s] GC(379) Pause Young (Normal) (G1 Evacuation Pause) 363M->61M(512M) 2.901ms
[2022-12-31T15:24:02.225+0530][15922.563s] GC(379) User=0.00s Sys=0.00s Real=0.00s
[2022-12-31T15:25:01.008+0530][15981.345s] GC(380) Pause Young (Normal) (G1 Evacuation Pause)
[2022-12-31T15:25:01.008+0530][15981.345s] GC(380) Using 8 workers of 8 for evacuation
[2022-12-31T15:25:01.010+0530][15981.347s] GC(380)   Pre Evacuate Collection Set: 0.0ms
[2022-12-31T15:25:01.010+0530][15981.348s] GC(380)   Evacuate Collection Set: 2.1ms
[2022-12-31T15:25:01.010+0530][15981.348s] GC(380)   Post Evacuate Collection Set: 0.3ms
[2022-12-31T15:25:01.011+0530][15981.348s] GC(380)   Other: 0.3ms
[2022-12-31T15:25:01.011+0530][15981.348s] GC(380) Eden regions: 303->0(298)
[2022-12-31T15:25:01.011+0530][15981.348s] GC(380) Survivor regions: 4->9(39)
[2022-12-31T15:25:01.011+0530][15981.348s] GC(380) Old regions: 51->51
[2022-12-31T15:25:01.011+0530][15981.348s] GC(380) Humongous regions: 7->7
[2022-12-31T15:25:01.011+0530][15981.348s] GC(380) Metaspace: 65272K->65272K(1107968K)
[2022-12-31T15:25:01.011+0530][15981.348s] GC(380) Pause Young (Normal) (G1 Evacuation Pause) 364M->66M(512M) 3.220ms
[2022-12-31T15:25:01.011+0530][15981.348s] GC(380) User=0.02s Sys=0.00s Real=0.00s
[2022-12-31T15:25:03.123+0530][15983.460s] GC(381) Pause Young (Normal) (G1 Evacuation Pause)
[2022-12-31T15:25:03.123+0530][15983.460s] GC(381) Using 8 workers of 8 for evacuation
[2022-12-31T15:25:03.124+0530][15983.462s] GC(381)   Pre Evacuate Collection Set: 0.0ms
[2022-12-31T15:25:03.124+0530][15983.462s] GC(381)   Evacuate Collection Set: 1.1ms
[2022-12-31T15:25:03.125+0530][15983.462s] GC(381)   Post Evacuate Collection Set: 0.4ms
[2022-12-31T15:25:03.125+0530][15983.462s] GC(381)   Other: 0.3ms
[2022-12-31T15:25:03.125+0530][15983.462s] GC(381) Eden regions: 298->0(304)
[2022-12-31T15:25:03.125+0530][15983.462s] GC(381) Survivor regions: 9->3(39)
[2022-12-31T15:25:03.125+0530][15983.462s] GC(381) Old regions: 51->51
[2022-12-31T15:25:03.125+0530][15983.462s] GC(381) Humongous regions: 7->7
[2022-12-31T15:25:03.125+0530][15983.462s] GC(381) Metaspace: 65272K->65272K(1107968K)
[2022-12-31T15:25:03.125+0530][15983.462s] GC(381) Pause Young (Normal) (G1 Evacuation Pause) 364M->59M(512M) 2.329ms
[2022-12-31T15:25:03.125+0530][15983.463s] GC(381) User=0.00s Sys=0.00s Real=0.00s
[2022-12-31T15:26:01.354+0530][16041.691s] GC(382) Pause Young (Normal) (G1 Evacuation Pause)
[2022-12-31T15:26:01.354+0530][16041.691s] GC(382) Using 8 workers of 8 for evacuation
[2022-12-31T15:26:01.357+0530][16041.694s] GC(382)   Pre Evacuate Collection Set: 0.0ms
[2022-12-31T15:26:01.357+0530][16041.694s] GC(382)   Evacuate Collection Set: 2.2ms
[2022-12-31T15:26:01.357+0530][16041.694s] GC(382)   Post Evacuate Collection Set: 0.4ms
[2022-12-31T15:26:01.357+0530][16041.694s] GC(382)   Other: 0.3ms
[2022-12-31T15:26:01.357+0530][16041.694s] GC(382) Eden regions: 304->0(301)
[2022-12-31T15:26:01.357+0530][16041.694s] GC(382) Survivor regions: 3->6(39)
[2022-12-31T15:26:01.357+0530][16041.694s] GC(382) Old regions: 51->51
[2022-12-31T15:26:01.357+0530][16041.694s] GC(382) Humongous regions: 7->7
[2022-12-31T15:26:01.357+0530][16041.694s] GC(382) Metaspace: 65272K->65272K(1107968K)
[2022-12-31T15:26:01.357+0530][16041.695s] GC(382) Pause Young (Normal) (G1 Evacuation Pause) 363M->62M(512M) 3.655ms
[2022-12-31T15:26:01.357+0530][16041.695s] GC(382) User=0.13s Sys=0.00s Real=0.00s
[2022-12-31T15:27:01.301+0530][16101.639s] GC(383) Pause Young (Normal) (G1 Evacuation Pause)
[2022-12-31T15:27:01.302+0530][16101.639s] GC(383) Using 8 workers of 8 for evacuation
[2022-12-31T15:27:01.305+0530][16101.643s] GC(383)   Pre Evacuate Collection Set: 0.0ms
[2022-12-31T15:27:01.305+0530][16101.643s] GC(383)   Evacuate Collection Set: 2.5ms
[2022-12-31T15:27:01.305+0530][16101.643s] GC(383)   Post Evacuate Collection Set: 0.4ms
[2022-12-31T15:27:01.305+0530][16101.643s] GC(383)   Other: 0.3ms
[2022-12-31T15:27:01.305+0530][16101.643s] GC(383) Eden regions: 301->0(296)
[2022-12-31T15:27:01.305+0530][16101.643s] GC(383) Survivor regions: 6->11(39)
[2022-12-31T15:27:01.305+0530][16101.643s] GC(383) Old regions: 51->51
[2022-12-31T15:27:01.305+0530][16101.643s] GC(383) Humongous regions: 7->7
[2022-12-31T15:27:01.305+0530][16101.643s] GC(383) Metaspace: 65272K->65272K(1107968K)
[2022-12-31T15:27:01.305+0530][16101.643s] GC(383) Pause Young (Normal) (G1 Evacuation Pause) 363M->68M(512M) 3.785ms
[2022-12-31T15:27:01.305+0530][16101.643s] GC(383) User=0.00s Sys=0.00s Real=0.00s
[2022-12-31T15:28:00.324+0530][16160.661s] GC(384) Pause Young (Normal) (G1 Evacuation Pause)
[2022-12-31T15:28:00.324+0530][16160.661s] GC(384) Using 8 workers of 8 for evacuation
[2022-12-31T15:28:00.326+0530][16160.663s] GC(384)   Pre Evacuate Collection Set: 0.0ms
[2022-12-31T15:28:00.326+0530][16160.663s] GC(384)   Evacuate Collection Set: 1.1ms
[2022-12-31T15:28:00.326+0530][16160.663s] GC(384)   Post Evacuate Collection Set: 0.3ms
[2022-12-31T15:28:00.326+0530][16160.663s] GC(384)   Other: 0.4ms
[2022-12-31T15:28:00.326+0530][16160.663s] GC(384) Eden regions: 296->0(304)
[2022-12-31T15:28:00.326+0530][16160.663s] GC(384) Survivor regions: 11->3(39)
[2022-12-31T15:28:00.326+0530][16160.664s] GC(384) Old regions: 51->51
[2022-12-31T15:28:00.326+0530][16160.664s] GC(384) Humongous regions: 7->7
[2022-12-31T15:28:00.326+0530][16160.664s] GC(384) Metaspace: 65272K->65272K(1107968K)
[2022-12-31T15:28:00.326+0530][16160.664s] GC(384) Pause Young (Normal) (G1 Evacuation Pause) 364M->59M(512M) 2.411ms
[2022-12-31T15:28:00.326+0530][16160.664s] GC(384) User=0.00s Sys=0.00s Real=0.00s
[2022-12-31T15:28:01.507+0530][16161.844s] GC(385) Pause Young (Normal) (G1 Evacuation Pause)
[2022-12-31T15:28:01.507+0530][16161.844s] GC(385) Using 8 workers of 8 for evacuation
[2022-12-31T15:28:01.510+0530][16161.847s] GC(385)   Pre Evacuate Collection Set: 0.0ms
[2022-12-31T15:28:01.510+0530][16161.847s] GC(385)   Evacuate Collection Set: 1.8ms
[2022-12-31T15:28:01.510+0530][16161.847s] GC(385)   Post Evacuate Collection Set: 0.5ms
[2022-12-31T15:28:01.510+0530][16161.847s] GC(385)   Other: 0.3ms
[2022-12-31T15:28:01.510+0530][16161.847s] GC(385) Eden regions: 304->0(301)
[2022-12-31T15:28:01.510+0530][16161.847s] GC(385) Survivor regions: 3->6(39)
[2022-12-31T15:28:01.510+0530][16161.847s] GC(385) Old regions: 51->51
[2022-12-31T15:28:01.510+0530][16161.847s] GC(385) Humongous regions: 7->7
[2022-12-31T15:28:01.510+0530][16161.847s] GC(385) Metaspace: 65272K->65272K(1107968K)
[2022-12-31T15:28:01.510+0530][16161.847s] GC(385) Pause Young (Normal) (G1 Evacuation Pause) 363M->62M(512M) 3.001ms
[2022-12-31T15:28:01.510+0530][16161.847s] GC(385) User=0.00s Sys=0.00s Real=0.00s
[2022-12-31T15:29:01.016+0530][16221.353s] GC(386) Pause Young (Normal) (G1 Evacuation Pause)
[2022-12-31T15:29:01.016+0530][16221.353s] GC(386) Using 8 workers of 8 for evacuation
[2022-12-31T15:29:01.020+0530][16221.357s] GC(386)   Pre Evacuate Collection Set: 0.0ms
[2022-12-31T15:29:01.020+0530][16221.357s] GC(386)   Evacuate Collection Set: 3.1ms
[2022-12-31T15:29:01.020+0530][16221.357s] GC(386)   Post Evacuate Collection Set: 0.3ms
[2022-12-31T15:29:01.020+0530][16221.357s] GC(386)   Other: 0.4ms
[2022-12-31T15:29:01.020+0530][16221.357s] GC(386) Eden regions: 301->0(290)
[2022-12-31T15:29:01.020+0530][16221.358s] GC(386) Survivor regions: 6->17(39)
[2022-12-31T15:29:01.020+0530][16221.358s] GC(386) Old regions: 51->51
[2022-12-31T15:29:01.021+0530][16221.358s] GC(386) Humongous regions: 7->7
[2022-12-31T15:29:01.021+0530][16221.358s] GC(386) Metaspace: 65272K->65272K(1107968K)
[2022-12-31T15:29:01.021+0530][16221.358s] GC(386) Pause Young (Normal) (G1 Evacuation Pause) 363M->73M(512M) 4.517ms
[2022-12-31T15:29:01.021+0530][16221.358s] GC(386) User=0.00s Sys=0.00s Real=0.00s
[2022-12-31T15:29:02.507+0530][16222.844s] GC(387) Pause Young (Normal) (G1 Evacuation Pause)
[2022-12-31T15:29:02.507+0530][16222.844s] GC(387) Using 8 workers of 8 for evacuation
[2022-12-31T15:29:02.509+0530][16222.847s] GC(387)   Pre Evacuate Collection Set: 0.0ms
[2022-12-31T15:29:02.510+0530][16222.847s] GC(387)   Evacuate Collection Set: 2.1ms
[2022-12-31T15:29:02.510+0530][16222.847s] GC(387)   Post Evacuate Collection Set: 0.4ms
[2022-12-31T15:29:02.510+0530][16222.847s] GC(387)   Other: 0.3ms
[2022-12-31T15:29:02.510+0530][16222.847s] GC(387) Eden regions: 290->0(301)
[2022-12-31T15:29:02.510+0530][16222.847s] GC(387) Survivor regions: 17->6(39)
[2022-12-31T15:29:02.510+0530][16222.847s] GC(387) Old regions: 51->51
[2022-12-31T15:29:02.510+0530][16222.847s] GC(387) Humongous regions: 7->7
[2022-12-31T15:29:02.510+0530][16222.847s] GC(387) Metaspace: 65272K->65272K(1107968K)
[2022-12-31T15:29:02.510+0530][16222.848s] GC(387) Pause Young (Normal) (G1 Evacuation Pause) 363M->62M(512M) 3.395ms
[2022-12-31T15:29:02.510+0530][16222.848s] GC(387) User=0.00s Sys=0.00s Real=0.00s
[2022-12-31T15:30:00.471+0530][16280.808s] GC(388) Pause Young (Normal) (G1 Evacuation Pause)
[2022-12-31T15:30:00.471+0530][16280.808s] GC(388) Using 8 workers of 8 for evacuation
[2022-12-31T15:30:00.475+0530][16280.812s] GC(388)   Pre Evacuate Collection Set: 0.0ms
[2022-12-31T15:30:00.475+0530][16280.812s] GC(388)   Evacuate Collection Set: 3.0ms
[2022-12-31T15:30:00.475+0530][16280.812s] GC(388)   Post Evacuate Collection Set: 0.3ms
[2022-12-31T15:30:00.475+0530][16280.812s] GC(388)   Other: 0.3ms
[2022-12-31T15:30:00.475+0530][16280.812s] GC(388) Eden regions: 301->0(294)
[2022-12-31T15:30:00.475+0530][16280.812s] GC(388) Survivor regions: 6->13(39)
[2022-12-31T15:30:00.475+0530][16280.812s] GC(388) Old regions: 51->51
[2022-12-31T15:30:00.475+0530][16280.812s] GC(388) Humongous regions: 7->7
[2022-12-31T15:30:00.475+0530][16280.812s] GC(388) Metaspace: 65272K->65272K(1107968K)
[2022-12-31T15:30:00.475+0530][16280.812s] GC(388) Pause Young (Normal) (G1 Evacuation Pause) 363M->70M(512M) 4.134ms
[2022-12-31T15:30:00.475+0530][16280.812s] GC(388) User=0.00s Sys=0.00s Real=0.00s
[2022-12-31T15:30:03.020+0530][16283.358s] GC(389) Pause Young (Normal) (G1 Evacuation Pause)
[2022-12-31T15:30:03.020+0530][16283.358s] GC(389) Using 8 workers of 8 for evacuation
[2022-12-31T15:30:03.023+0530][16283.360s] GC(389)   Pre Evacuate Collection Set: 0.0ms
[2022-12-31T15:30:03.023+0530][16283.361s] GC(389)   Evacuate Collection Set: 1.8ms
[2022-12-31T15:30:03.023+0530][16283.361s] GC(389)   Post Evacuate Collection Set: 0.5ms
[2022-12-31T15:30:03.023+0530][16283.361s] GC(389)   Other: 0.3ms
[2022-12-31T15:30:03.023+0530][16283.361s] GC(389) Eden regions: 294->0(302)
[2022-12-31T15:30:03.023+0530][16283.361s] GC(389) Survivor regions: 13->5(39)
[2022-12-31T15:30:03.023+0530][16283.361s] GC(389) Old regions: 51->51
[2022-12-31T15:30:03.023+0530][16283.361s] GC(389) Humongous regions: 7->7
[2022-12-31T15:30:03.023+0530][16283.361s] GC(389) Metaspace: 65272K->65272K(1107968K)
[2022-12-31T15:30:03.023+0530][16283.361s] GC(389) Pause Young (Normal) (G1 Evacuation Pause) 364M->62M(512M) 3.070ms
[2022-12-31T15:30:03.023+0530][16283.361s] GC(389) User=0.00s Sys=0.00s Real=0.00s
[2022-12-31T15:31:01.536+0530][16341.873s] GC(390) Pause Young (Normal) (G1 Evacuation Pause)
[2022-12-31T15:31:01.536+0530][16341.873s] GC(390) Using 8 workers of 8 for evacuation
[2022-12-31T15:31:01.539+0530][16341.877s] GC(390)   Pre Evacuate Collection Set: 0.0ms
[2022-12-31T15:31:01.539+0530][16341.877s] GC(390)   Evacuate Collection Set: 2.6ms
[2022-12-31T15:31:01.539+0530][16341.877s] GC(390)   Post Evacuate Collection Set: 0.5ms
[2022-12-31T15:31:01.540+0530][16341.877s] GC(390)   Other: 0.3ms
[2022-12-31T15:31:01.540+0530][16341.877s] GC(390) Eden regions: 302->0(294)
[2022-12-31T15:31:01.540+0530][16341.877s] GC(390) Survivor regions: 5->13(39)
[2022-12-31T15:31:01.540+0530][16341.877s] GC(390) Old regions: 51->51
[2022-12-31T15:31:01.540+0530][16341.877s] GC(390) Humongous regions: 7->7
[2022-12-31T15:31:01.540+0530][16341.877s] GC(390) Metaspace: 65272K->65272K(1107968K)
[2022-12-31T15:31:01.540+0530][16341.877s] GC(390) Pause Young (Normal) (G1 Evacuation Pause) 364M->70M(512M) 3.943ms
[2022-12-31T15:31:01.540+0530][16341.877s] GC(390) User=0.00s Sys=0.00s Real=0.00s
[2022-12-31T15:31:03.581+0530][16343.919s] GC(391) Pause Young (Normal) (G1 Evacuation Pause)
[2022-12-31T15:31:03.581+0530][16343.919s] GC(391) Using 8 workers of 8 for evacuation
[2022-12-31T15:31:03.583+0530][16343.921s] GC(391)   Pre Evacuate Collection Set: 0.0ms
[2022-12-31T15:31:03.583+0530][16343.921s] GC(391)   Evacuate Collection Set: 1.4ms
[2022-12-31T15:31:03.583+0530][16343.921s] GC(391)   Post Evacuate Collection Set: 0.4ms
[2022-12-31T15:31:03.583+0530][16343.921s] GC(391)   Other: 0.3ms
[2022-12-31T15:31:03.583+0530][16343.921s] GC(391) Eden regions: 294->0(304)
[2022-12-31T15:31:03.584+0530][16343.921s] GC(391) Survivor regions: 13->3(39)
[2022-12-31T15:31:03.584+0530][16343.921s] GC(391) Old regions: 51->51
[2022-12-31T15:31:03.584+0530][16343.921s] GC(391) Humongous regions: 7->7
[2022-12-31T15:31:03.584+0530][16343.922s] GC(391) Metaspace: 65272K->65272K(1107968K)
[2022-12-31T15:31:03.584+0530][16343.922s] GC(391) Pause Young (Normal) (G1 Evacuation Pause) 364M->60M(512M) 2.689ms
[2022-12-31T15:31:03.584+0530][16343.922s] GC(391) User=0.00s Sys=0.00s Real=0.00s
[2022-12-31T15:32:01.721+0530][16402.058s] GC(392) Pause Young (Normal) (G1 Evacuation Pause)
[2022-12-31T15:32:01.721+0530][16402.058s] GC(392) Using 8 workers of 8 for evacuation
[2022-12-31T15:32:01.723+0530][16402.061s] GC(392)   Pre Evacuate Collection Set: 0.0ms
[2022-12-31T15:32:01.723+0530][16402.061s] GC(392)   Evacuate Collection Set: 2.6ms
[2022-12-31T15:32:01.725+0530][16402.061s] GC(392)   Post Evacuate Collection Set: 0.5ms
[2022-12-31T15:32:01.725+0530][16402.062s] GC(392)   Other: 0.3ms
[2022-12-31T15:32:01.725+0530][16402.062s] GC(392) Eden regions: 304->0(296)
[2022-12-31T15:32:01.725+0530][16402.062s] GC(392) Survivor regions: 3->11(39)
[2022-12-31T15:32:01.725+0530][16402.062s] GC(392) Old regions: 51->51
[2022-12-31T15:32:01.725+0530][16402.062s] GC(392) Humongous regions: 7->7
[2022-12-31T15:32:01.725+0530][16402.062s] GC(392) Metaspace: 65272K->65272K(1107968K)
[2022-12-31T15:32:01.725+0530][16402.062s] GC(392) Pause Young (Normal) (G1 Evacuation Pause) 364M->68M(512M) 3.913ms
[2022-12-31T15:32:01.725+0530][16402.062s] GC(392) User=0.00s Sys=0.00s Real=0.00s
[2022-12-31T15:32:03.594+0530][16403.931s] GC(393) Pause Young (Normal) (G1 Evacuation Pause)
[2022-12-31T15:32:03.594+0530][16403.931s] GC(393) Using 8 workers of 8 for evacuation
[2022-12-31T15:32:03.596+0530][16403.933s] GC(393)   Pre Evacuate Collection Set: 0.0ms
[2022-12-31T15:32:03.596+0530][16403.933s] GC(393)   Evacuate Collection Set: 1.2ms
[2022-12-31T15:32:03.596+0530][16403.933s] GC(393)   Post Evacuate Collection Set: 0.3ms
[2022-12-31T15:32:03.596+0530][16403.933s] GC(393)   Other: 0.3ms
[2022-12-31T15:32:03.596+0530][16403.933s] GC(393) Eden regions: 296->0(304)
[2022-12-31T15:32:03.596+0530][16403.933s] GC(393) Survivor regions: 11->3(39)
[2022-12-31T15:32:03.596+0530][16403.933s] GC(393) Old regions: 51->51
[2022-12-31T15:32:03.596+0530][16403.933s] GC(393) Humongous regions: 7->7
[2022-12-31T15:32:03.596+0530][16403.933s] GC(393) Metaspace: 65272K->65272K(1107968K)
[2022-12-31T15:32:03.596+0530][16403.933s] GC(393) Pause Young (Normal) (G1 Evacuation Pause) 364M->60M(512M) 2.273ms
[2022-12-31T15:32:03.596+0530][16403.933s] GC(393) User=0.00s Sys=0.00s Real=0.00s
[2022-12-31T15:33:01.974+0530][16462.312s] GC(394) Pause Young (Normal) (G1 Evacuation Pause)
[2022-12-31T15:33:01.974+0530][16462.312s] GC(394) Using 8 workers of 8 for evacuation
[2022-12-31T15:33:01.977+0530][16462.315s] GC(394)   Pre Evacuate Collection Set: 0.0ms
[2022-12-31T15:33:01.978+0530][16462.315s] GC(394)   Evacuate Collection Set: 2.5ms
[2022-12-31T15:33:01.978+0530][16462.315s] GC(394)   Post Evacuate Collection Set: 0.4ms
[2022-12-31T15:33:01.978+0530][16462.315s] GC(394)   Other: 0.3ms
[2022-12-31T15:33:01.978+0530][16462.316s] GC(394) Eden regions: 304->0(301)
[2022-12-31T15:33:01.978+0530][16462.316s] GC(394) Survivor regions: 3->6(39)
[2022-12-31T15:33:01.978+0530][16462.316s] GC(394) Old regions: 51->51
[2022-12-31T15:33:01.978+0530][16462.316s] GC(394) Humongous regions: 7->7
[2022-12-31T15:33:01.978+0530][16462.316s] GC(394) Metaspace: 65272K->65272K(1107968K)
[2022-12-31T15:33:01.978+0530][16462.316s] GC(394) Pause Young (Normal) (G1 Evacuation Pause) 364M->63M(512M) 3.738ms
[2022-12-31T15:33:01.978+0530][16462.316s] GC(394) User=0.00s Sys=0.00s Real=0.00s
[2022-12-31T15:34:00.659+0530][16520.996s] GC(395) Pause Young (Normal) (G1 Evacuation Pause)
[2022-12-31T15:34:00.659+0530][16520.996s] GC(395) Using 8 workers of 8 for evacuation
[2022-12-31T15:34:00.662+0530][16521.000s] GC(395)   Pre Evacuate Collection Set: 0.0ms
[2022-12-31T15:34:00.663+0530][16521.000s] GC(395)   Evacuate Collection Set: 2.8ms
[2022-12-31T15:34:00.663+0530][16521.000s] GC(395)   Post Evacuate Collection Set: 0.4ms
[2022-12-31T15:34:00.663+0530][16521.000s] GC(395)   Other: 0.3ms
[2022-12-31T15:34:00.663+0530][16521.000s] GC(395) Eden regions: 301->0(293)
[2022-12-31T15:34:00.663+0530][16521.000s] GC(395) Survivor regions: 6->14(39)
[2022-12-31T15:34:00.663+0530][16521.000s] GC(395) Old regions: 51->51
[2022-12-31T15:34:00.663+0530][16521.000s] GC(395) Humongous regions: 7->7
[2022-12-31T15:34:00.663+0530][16521.000s] GC(395) Metaspace: 65272K->65272K(1107968K)
[2022-12-31T15:34:00.663+0530][16521.000s] GC(395) Pause Young (Normal) (G1 Evacuation Pause) 364M->70M(512M) 4.115ms
[2022-12-31T15:34:00.663+0530][16521.000s] GC(395) User=0.00s Sys=0.00s Real=0.00s
[2022-12-31T15:34:02.754+0530][16523.092s] GC(396) Pause Young (Normal) (G1 Evacuation Pause)
[2022-12-31T15:34:02.755+0530][16523.092s] GC(396) Using 8 workers of 8 for evacuation
[2022-12-31T15:34:02.757+0530][16523.094s] GC(396)   Pre Evacuate Collection Set: 0.0ms
[2022-12-31T15:34:02.757+0530][16523.094s] GC(396)   Evacuate Collection Set: 1.9ms
[2022-12-31T15:34:02.757+0530][16523.094s] GC(396)   Post Evacuate Collection Set: 0.4ms
[2022-12-31T15:34:02.757+0530][16523.095s] GC(396)   Other: 0.3ms
[2022-12-31T15:34:02.757+0530][16523.095s] GC(396) Eden regions: 293->0(302)
[2022-12-31T15:34:02.757+0530][16523.095s] GC(396) Survivor regions: 14->5(39)
[2022-12-31T15:34:02.757+0530][16523.095s] GC(396) Old regions: 51->51
[2022-12-31T15:34:02.757+0530][16523.095s] GC(396) Humongous regions: 7->7
[2022-12-31T15:34:02.757+0530][16523.095s] GC(396) Metaspace: 65272K->65272K(1107968K)
[2022-12-31T15:34:02.758+0530][16523.095s] GC(396) Pause Young (Normal) (G1 Evacuation Pause) 363M->62M(512M) 3.102ms
[2022-12-31T15:34:02.758+0530][16523.095s] GC(396) User=0.00s Sys=0.00s Real=0.00s
[2022-12-31T15:35:02.528+0530][16582.865s] GC(397) Pause Young (Normal) (G1 Evacuation Pause)
[2022-12-31T15:35:02.528+0530][16582.866s] GC(397) Using 8 workers of 8 for evacuation
[2022-12-31T15:35:02.531+0530][16582.868s] GC(397)   Pre Evacuate Collection Set: 0.0ms
[2022-12-31T15:35:02.531+0530][16582.868s] GC(397)   Evacuate Collection Set: 2.0ms
[2022-12-31T15:35:02.531+0530][16582.868s] GC(397)   Post Evacuate Collection Set: 0.5ms
[2022-12-31T15:35:02.531+0530][16582.868s] GC(397)   Other: 0.3ms
[2022-12-31T15:35:02.531+0530][16582.869s] GC(397) Eden regions: 302->0(300)
[2022-12-31T15:35:02.531+0530][16582.869s] GC(397) Survivor regions: 5->7(39)
[2022-12-31T15:35:02.531+0530][16582.869s] GC(397) Old regions: 51->51
[2022-12-31T15:35:02.531+0530][16582.869s] GC(397) Humongous regions: 7->7
[2022-12-31T15:35:02.531+0530][16582.869s] GC(397) Metaspace: 65272K->65272K(1107968K)
[2022-12-31T15:35:02.531+0530][16582.869s] GC(397) Pause Young (Normal) (G1 Evacuation Pause) 364M->64M(512M) 3.378ms
[2022-12-31T15:35:02.531+0530][16582.869s] GC(397) User=0.00s Sys=0.00s Real=0.00s
[2022-12-31T15:35:03.760+0530][16584.097s] GC(398) Pause Young (Normal) (G1 Evacuation Pause)
[2022-12-31T15:35:03.760+0530][16584.098s] GC(398) Using 8 workers of 8 for evacuation
[2022-12-31T15:35:03.762+0530][16584.099s] GC(398)   Pre Evacuate Collection Set: 0.0ms
[2022-12-31T15:35:03.762+0530][16584.099s] GC(398)   Evacuate Collection Set: 1.1ms
[2022-12-31T15:35:03.762+0530][16584.099s] GC(398)   Post Evacuate Collection Set: 0.4ms
[2022-12-31T15:35:03.762+0530][16584.100s] GC(398)   Other: 0.3ms
[2022-12-31T15:35:03.762+0530][16584.100s] GC(398) Eden regions: 300->0(304)
[2022-12-31T15:35:03.762+0530][16584.100s] GC(398) Survivor regions: 7->3(39)
[2022-12-31T15:35:03.762+0530][16584.100s] GC(398) Old regions: 51->51
[2022-12-31T15:35:03.762+0530][16584.100s] GC(398) Humongous regions: 7->7
[2022-12-31T15:35:03.762+0530][16584.100s] GC(398) Metaspace: 65272K->65272K(1107968K)
[2022-12-31T15:35:03.763+0530][16584.100s] GC(398) Pause Young (Normal) (G1 Evacuation Pause) 364M->60M(512M) 2.513ms
[2022-12-31T15:35:03.763+0530][16584.100s] GC(398) User=0.13s Sys=0.00s Real=0.00s
[2022-12-31T15:36:01.334+0530][16641.672s] GC(399) Pause Young (Normal) (G1 Evacuation Pause)
[2022-12-31T15:36:01.334+0530][16641.672s] GC(399) Using 8 workers of 8 for evacuation
[2022-12-31T15:36:01.337+0530][16641.675s] GC(399)   Pre Evacuate Collection Set: 0.0ms
[2022-12-31T15:36:01.337+0530][16641.675s] GC(399)   Evacuate Collection Set: 2.1ms
[2022-12-31T15:36:01.337+0530][16641.675s] GC(399)   Post Evacuate Collection Set: 0.4ms
[2022-12-31T15:36:01.337+0530][16641.675s] GC(399)   Other: 0.3ms
[2022-12-31T15:36:01.337+0530][16641.675s] GC(399) Eden regions: 304->0(302)
[2022-12-31T15:36:01.337+0530][16641.675s] GC(399) Survivor regions: 3->5(39)
[2022-12-31T15:36:01.337+0530][16641.675s] GC(399) Old regions: 51->51
[2022-12-31T15:36:01.337+0530][16641.675s] GC(399) Humongous regions: 7->7
[2022-12-31T15:36:01.337+0530][16641.675s] GC(399) Metaspace: 65272K->65272K(1107968K)
[2022-12-31T15:36:01.338+0530][16641.675s] GC(399) Pause Young (Normal) (G1 Evacuation Pause) 364M->62M(512M) 3.367ms
[2022-12-31T15:36:01.338+0530][16641.675s] GC(399) User=0.02s Sys=0.00s Real=0.00s
[2022-12-31T15:37:00.870+0530][16701.208s] GC(400) Pause Young (Normal) (G1 Evacuation Pause)
[2022-12-31T15:37:00.870+0530][16701.208s] GC(400) Using 8 workers of 8 for evacuation
[2022-12-31T15:37:00.874+0530][16701.211s] GC(400)   Pre Evacuate Collection Set: 0.0ms
[2022-12-31T15:37:00.874+0530][16701.211s] GC(400)   Evacuate Collection Set: 2.9ms
[2022-12-31T15:37:00.874+0530][16701.211s] GC(400)   Post Evacuate Collection Set: 0.4ms
[2022-12-31T15:37:00.874+0530][16701.211s] GC(400)   Other: 0.3ms
[2022-12-31T15:37:00.874+0530][16701.211s] GC(400) Eden regions: 302->0(294)
[2022-12-31T15:37:00.874+0530][16701.211s] GC(400) Survivor regions: 5->13(39)
[2022-12-31T15:37:00.874+0530][16701.211s] GC(400) Old regions: 51->51
[2022-12-31T15:37:00.874+0530][16701.212s] GC(400) Humongous regions: 7->7
[2022-12-31T15:37:00.874+0530][16701.212s] GC(400) Metaspace: 65272K->65272K(1107968K)
[2022-12-31T15:37:00.874+0530][16701.212s] GC(400) Pause Young (Normal) (G1 Evacuation Pause) 364M->70M(512M) 4.086ms
[2022-12-31T15:37:00.874+0530][16701.212s] GC(400) User=0.00s Sys=0.00s Real=0.00s
[2022-12-31T15:37:03.701+0530][16704.038s] GC(401) Pause Young (Normal) (G1 Evacuation Pause)
[2022-12-31T15:37:03.701+0530][16704.038s] GC(401) Using 8 workers of 8 for evacuation
[2022-12-31T15:37:03.704+0530][16704.041s] GC(401)   Pre Evacuate Collection Set: 0.0ms
[2022-12-31T15:37:03.704+0530][16704.041s] GC(401)   Evacuate Collection Set: 2.2ms
[2022-12-31T15:37:03.704+0530][16704.041s] GC(401)   Post Evacuate Collection Set: 0.4ms
[2022-12-31T15:37:03.704+0530][16704.041s] GC(401)   Other: 0.3ms
[2022-12-31T15:37:03.704+0530][16704.041s] GC(401) Eden regions: 294->0(301)
[2022-12-31T15:37:03.704+0530][16704.041s] GC(401) Survivor regions: 13->6(39)
[2022-12-31T15:37:03.704+0530][16704.042s] GC(401) Old regions: 51->51
[2022-12-31T15:37:03.704+0530][16704.042s] GC(401) Humongous regions: 7->7
[2022-12-31T15:37:03.704+0530][16704.042s] GC(401) Metaspace: 65272K->65272K(1107968K)
[2022-12-31T15:37:03.704+0530][16704.042s] GC(401) Pause Young (Normal) (G1 Evacuation Pause) 364M->63M(512M) 3.378ms
[2022-12-31T15:37:03.704+0530][16704.042s] GC(401) User=0.00s Sys=0.00s Real=0.00s
[2022-12-31T15:38:02.367+0530][16762.704s] GC(402) Pause Young (Normal) (G1 Evacuation Pause)
[2022-12-31T15:38:02.367+0530][16762.704s] GC(402) Using 8 workers of 8 for evacuation
[2022-12-31T15:38:02.370+0530][16762.707s] GC(402)   Pre Evacuate Collection Set: 0.0ms
[2022-12-31T15:38:02.370+0530][16762.707s] GC(402)   Evacuate Collection Set: 1.9ms
[2022-12-31T15:38:02.370+0530][16762.707s] GC(402)   Post Evacuate Collection Set: 0.5ms
[2022-12-31T15:38:02.370+0530][16762.707s] GC(402)   Other: 0.3ms
[2022-12-31T15:38:02.370+0530][16762.707s] GC(402) Eden regions: 301->0(303)
[2022-12-31T15:38:02.370+0530][16762.707s] GC(402) Survivor regions: 6->4(39)
[2022-12-31T15:38:02.370+0530][16762.707s] GC(402) Old regions: 51->51
[2022-12-31T15:38:02.370+0530][16762.707s] GC(402) Humongous regions: 7->7
[2022-12-31T15:38:02.370+0530][16762.707s] GC(402) Metaspace: 65272K->65272K(1107968K)
[2022-12-31T15:38:02.370+0530][16762.707s] GC(402) Pause Young (Normal) (G1 Evacuation Pause) 364M->61M(512M) 3.196ms
[2022-12-31T15:38:02.370+0530][16762.707s] GC(402) User=0.02s Sys=0.00s Real=0.00s
[2022-12-31T15:39:01.182+0530][16821.520s] GC(403) Pause Young (Normal) (G1 Evacuation Pause)
[2022-12-31T15:39:01.182+0530][16821.520s] GC(403) Using 8 workers of 8 for evacuation
[2022-12-31T15:39:01.187+0530][16821.525s] GC(403)   Pre Evacuate Collection Set: 0.0ms
[2022-12-31T15:39:01.187+0530][16821.525s] GC(403)   Evacuate Collection Set: 4.3ms
[2022-12-31T15:39:01.187+0530][16821.525s] GC(403)   Post Evacuate Collection Set: 0.6ms
[2022-12-31T15:39:01.187+0530][16821.525s] GC(403)   Other: 0.4ms
[2022-12-31T15:39:01.187+0530][16821.525s] GC(403) Eden regions: 303->0(295)
[2022-12-31T15:39:01.187+0530][16821.525s] GC(403) Survivor regions: 4->12(39)
[2022-12-31T15:39:01.187+0530][16821.525s] GC(403) Old regions: 51->51
[2022-12-31T15:39:01.187+0530][16821.525s] GC(403) Humongous regions: 7->7
[2022-12-31T15:39:01.187+0530][16821.525s] GC(403) Metaspace: 65272K->65272K(1107968K)
[2022-12-31T15:39:01.188+0530][16821.525s] GC(403) Pause Young (Normal) (G1 Evacuation Pause) 364M->69M(512M) 5.811ms
[2022-12-31T15:39:01.188+0530][16821.526s] GC(403) User=0.00s Sys=0.00s Real=0.01s
[2022-12-31T15:40:01.165+0530][16881.502s] GC(404) Pause Young (Normal) (G1 Evacuation Pause)
[2022-12-31T15:40:01.165+0530][16881.502s] GC(404) Using 8 workers of 8 for evacuation
[2022-12-31T15:40:01.167+0530][16881.504s] GC(404)   Pre Evacuate Collection Set: 0.0ms
[2022-12-31T15:40:01.167+0530][16881.504s] GC(404)   Evacuate Collection Set: 1.4ms
[2022-12-31T15:40:01.167+0530][16881.504s] GC(404)   Post Evacuate Collection Set: 0.4ms
[2022-12-31T15:40:01.167+0530][16881.505s] GC(404)   Other: 0.4ms
[2022-12-31T15:40:01.167+0530][16881.505s] GC(404) Eden regions: 295->0(303)
[2022-12-31T15:40:01.167+0530][16881.505s] GC(404) Survivor regions: 12->4(39)
[2022-12-31T15:40:01.167+0530][16881.505s] GC(404) Old regions: 51->51
[2022-12-31T15:40:01.167+0530][16881.505s] GC(404) Humongous regions: 7->7
[2022-12-31T15:40:01.167+0530][16881.505s] GC(404) Metaspace: 65272K->65272K(1107968K)
[2022-12-31T15:40:01.168+0530][16881.505s] GC(404) Pause Young (Normal) (G1 Evacuation Pause) 364M->61M(512M) 2.904ms
[2022-12-31T15:40:01.168+0530][16881.505s] GC(404) User=0.03s Sys=0.03s Real=0.00s
[2022-12-31T15:40:02.290+0530][16882.627s] GC(405) Pause Young (Normal) (G1 Evacuation Pause)
[2022-12-31T15:40:02.290+0530][16882.628s] GC(405) Using 8 workers of 8 for evacuation
[2022-12-31T15:40:02.293+0530][16882.631s] GC(405)   Pre Evacuate Collection Set: 0.0ms
[2022-12-31T15:40:02.293+0530][16882.631s] GC(405)   Evacuate Collection Set: 2.3ms
[2022-12-31T15:40:02.293+0530][16882.631s] GC(405)   Post Evacuate Collection Set: 0.4ms
[2022-12-31T15:40:02.293+0530][16882.631s] GC(405)   Other: 0.3ms
[2022-12-31T15:40:02.293+0530][16882.631s] GC(405) Eden regions: 303->0(301)
[2022-12-31T15:40:02.293+0530][16882.631s] GC(405) Survivor regions: 4->6(39)
[2022-12-31T15:40:02.293+0530][16882.631s] GC(405) Old regions: 51->52
[2022-12-31T15:40:02.293+0530][16882.631s] GC(405) Humongous regions: 7->7
[2022-12-31T15:40:02.293+0530][16882.631s] GC(405) Metaspace: 65272K->65272K(1107968K)
[2022-12-31T15:40:02.293+0530][16882.631s] GC(405) Pause Young (Normal) (G1 Evacuation Pause) 364M->63M(512M) 3.579ms
[2022-12-31T15:40:02.293+0530][16882.631s] GC(405) User=0.11s Sys=0.00s Real=0.00s
[2022-12-31T15:41:00.716+0530][16941.054s] GC(406) Pause Young (Normal) (G1 Evacuation Pause)
[2022-12-31T15:41:00.716+0530][16941.054s] GC(406) Using 8 workers of 8 for evacuation
[2022-12-31T15:41:00.720+0530][16941.057s] GC(406)   Pre Evacuate Collection Set: 0.0ms
[2022-12-31T15:41:00.720+0530][16941.057s] GC(406)   Evacuate Collection Set: 2.5ms
[2022-12-31T15:41:00.720+0530][16941.057s] GC(406)   Post Evacuate Collection Set: 0.4ms
[2022-12-31T15:41:00.720+0530][16941.057s] GC(406)   Other: 0.3ms
[2022-12-31T15:41:00.720+0530][16941.057s] GC(406) Eden regions: 301->0(295)
[2022-12-31T15:41:00.720+0530][16941.057s] GC(406) Survivor regions: 6->12(39)
[2022-12-31T15:41:00.720+0530][16941.057s] GC(406) Old regions: 52->52
[2022-12-31T15:41:00.720+0530][16941.057s] GC(406) Humongous regions: 7->7
[2022-12-31T15:41:00.720+0530][16941.057s] GC(406) Metaspace: 65272K->65272K(1107968K)
[2022-12-31T15:41:00.720+0530][16941.057s] GC(406) Pause Young (Normal) (G1 Evacuation Pause) 364M->69M(512M) 3.645ms
[2022-12-31T15:41:00.720+0530][16941.057s] GC(406) User=0.00s Sys=0.00s Real=0.00s
[2022-12-31T15:41:02.749+0530][16943.086s] GC(407) Pause Young (Normal) (G1 Evacuation Pause)
[2022-12-31T15:41:02.749+0530][16943.087s] GC(407) Using 8 workers of 8 for evacuation
[2022-12-31T15:41:02.752+0530][16943.089s] GC(407)   Pre Evacuate Collection Set: 0.0ms
[2022-12-31T15:41:02.752+0530][16943.089s] GC(407)   Evacuate Collection Set: 1.7ms
[2022-12-31T15:41:02.752+0530][16943.089s] GC(407)   Post Evacuate Collection Set: 0.4ms
[2022-12-31T15:41:02.752+0530][16943.089s] GC(407)   Other: 0.3ms
[2022-12-31T15:41:02.752+0530][16943.089s] GC(407) Eden regions: 295->0(302)
[2022-12-31T15:41:02.752+0530][16943.089s] GC(407) Survivor regions: 12->5(39)
[2022-12-31T15:41:02.752+0530][16943.089s] GC(407) Old regions: 52->52
[2022-12-31T15:41:02.752+0530][16943.089s] GC(407) Humongous regions: 7->7
[2022-12-31T15:41:02.752+0530][16943.089s] GC(407) Metaspace: 65272K->65272K(1107968K)
[2022-12-31T15:41:02.752+0530][16943.089s] GC(407) Pause Young (Normal) (G1 Evacuation Pause) 364M->62M(512M) 2.883ms
[2022-12-31T15:41:02.752+0530][16943.089s] GC(407) User=0.00s Sys=0.00s Real=0.00s
[2022-12-31T15:42:02.009+0530][17002.347s] GC(408) Pause Young (Normal) (G1 Evacuation Pause)
[2022-12-31T15:42:02.009+0530][17002.347s] GC(408) Using 8 workers of 8 for evacuation
[2022-12-31T15:42:02.013+0530][17002.350s] GC(408)   Pre Evacuate Collection Set: 0.0ms
[2022-12-31T15:42:02.013+0530][17002.350s] GC(408)   Evacuate Collection Set: 2.4ms
[2022-12-31T15:42:02.013+0530][17002.351s] GC(408)   Post Evacuate Collection Set: 0.5ms
[2022-12-31T15:42:02.013+0530][17002.351s] GC(408)   Other: 0.3ms
[2022-12-31T15:42:02.013+0530][17002.351s] GC(408) Eden regions: 302->0(297)
[2022-12-31T15:42:02.013+0530][17002.351s] GC(408) Survivor regions: 5->10(39)
[2022-12-31T15:42:02.013+0530][17002.351s] GC(408) Old regions: 52->52
[2022-12-31T15:42:02.013+0530][17002.351s] GC(408) Humongous regions: 7->7
[2022-12-31T15:42:02.013+0530][17002.351s] GC(408) Metaspace: 65272K->65272K(1107968K)
[2022-12-31T15:42:02.013+0530][17002.351s] GC(408) Pause Young (Normal) (G1 Evacuation Pause) 364M->68M(512M) 3.699ms
[2022-12-31T15:42:02.013+0530][17002.351s] GC(408) User=0.02s Sys=0.00s Real=0.00s
[2022-12-31T15:42:04.244+0530][17004.582s] GC(409) Pause Young (Normal) (G1 Evacuation Pause)
[2022-12-31T15:42:04.244+0530][17004.582s] GC(409) Using 8 workers of 8 for evacuation
[2022-12-31T15:42:04.246+0530][17004.584s] GC(409)   Pre Evacuate Collection Set: 0.0ms
[2022-12-31T15:42:04.246+0530][17004.584s] GC(409)   Evacuate Collection Set: 1.2ms
[2022-12-31T15:42:04.246+0530][17004.584s] GC(409)   Post Evacuate Collection Set: 0.4ms
[2022-12-31T15:42:04.246+0530][17004.584s] GC(409)   Other: 0.3ms
[2022-12-31T15:42:04.247+0530][17004.584s] GC(409) Eden regions: 297->0(304)
[2022-12-31T15:42:04.247+0530][17004.584s] GC(409) Survivor regions: 10->3(39)
[2022-12-31T15:42:04.247+0530][17004.584s] GC(409) Old regions: 52->52
[2022-12-31T15:42:04.247+0530][17004.584s] GC(409) Humongous regions: 7->7
[2022-12-31T15:42:04.247+0530][17004.585s] GC(409) Metaspace: 65272K->65272K(1107968K)
[2022-12-31T15:42:04.247+0530][17004.585s] GC(409) Pause Young (Normal) (G1 Evacuation Pause) 365M->60M(512M) 2.397ms
[2022-12-31T15:42:04.247+0530][17004.585s] GC(409) User=0.02s Sys=0.00s Real=0.00s
[2022-12-31T15:43:01.753+0530][17062.090s] GC(410) Pause Young (Normal) (G1 Evacuation Pause)
[2022-12-31T15:43:01.753+0530][17062.090s] GC(410) Using 8 workers of 8 for evacuation
[2022-12-31T15:43:01.755+0530][17062.093s] GC(410)   Pre Evacuate Collection Set: 0.0ms
[2022-12-31T15:43:01.755+0530][17062.093s] GC(410)   Evacuate Collection Set: 1.5ms
[2022-12-31T15:43:01.755+0530][17062.093s] GC(410)   Post Evacuate Collection Set: 0.4ms
[2022-12-31T15:43:01.755+0530][17062.093s] GC(410)   Other: 0.3ms
[2022-12-31T15:43:01.755+0530][17062.093s] GC(410) Eden regions: 304->0(303)
[2022-12-31T15:43:01.755+0530][17062.093s] GC(410) Survivor regions: 3->4(39)
[2022-12-31T15:43:01.755+0530][17062.093s] GC(410) Old regions: 52->52
[2022-12-31T15:43:01.755+0530][17062.093s] GC(410) Humongous regions: 7->7
[2022-12-31T15:43:01.755+0530][17062.093s] GC(410) Metaspace: 65272K->65272K(1107968K)
[2022-12-31T15:43:01.755+0530][17062.093s] GC(410) Pause Young (Normal) (G1 Evacuation Pause) 364M->62M(512M) 2.744ms
[2022-12-31T15:43:01.755+0530][17062.093s] GC(410) User=0.00s Sys=0.00s Real=0.00s
[2022-12-31T15:44:00.399+0530][17120.736s] GC(411) Pause Young (Normal) (G1 Evacuation Pause)
[2022-12-31T15:44:00.399+0530][17120.736s] GC(411) Using 8 workers of 8 for evacuation
[2022-12-31T15:44:00.402+0530][17120.739s] GC(411)   Pre Evacuate Collection Set: 0.0ms
[2022-12-31T15:44:00.402+0530][17120.739s] GC(411)   Evacuate Collection Set: 2.3ms
[2022-12-31T15:44:00.402+0530][17120.739s] GC(411)   Post Evacuate Collection Set: 0.4ms
[2022-12-31T15:44:00.402+0530][17120.739s] GC(411)   Other: 0.3ms
[2022-12-31T15:44:00.402+0530][17120.739s] GC(411) Eden regions: 303->0(299)
[2022-12-31T15:44:00.402+0530][17120.739s] GC(411) Survivor regions: 4->8(39)
[2022-12-31T15:44:00.402+0530][17120.740s] GC(411) Old regions: 52->52
[2022-12-31T15:44:00.402+0530][17120.740s] GC(411) Humongous regions: 7->7
[2022-12-31T15:44:00.403+0530][17120.740s] GC(411) Metaspace: 65272K->65272K(1107968K)
[2022-12-31T15:44:00.403+0530][17120.740s] GC(411) Pause Young (Normal) (G1 Evacuation Pause) 365M->65M(512M) 4.105ms
[2022-12-31T15:44:00.403+0530][17120.740s] GC(411) User=0.11s Sys=0.00s Real=0.00s
[2022-12-31T15:45:00.915+0530][17181.253s] GC(412) Pause Young (Normal) (G1 Evacuation Pause)
[2022-12-31T15:45:00.915+0530][17181.253s] GC(412) Using 8 workers of 8 for evacuation
[2022-12-31T15:45:00.919+0530][17181.257s] GC(412)   Pre Evacuate Collection Set: 0.0ms
[2022-12-31T15:45:00.919+0530][17181.257s] GC(412)   Evacuate Collection Set: 3.1ms
[2022-12-31T15:45:00.919+0530][17181.257s] GC(412)   Post Evacuate Collection Set: 0.4ms
[2022-12-31T15:45:00.919+0530][17181.257s] GC(412)   Other: 0.3ms
[2022-12-31T15:45:00.919+0530][17181.257s] GC(412) Eden regions: 299->0(294)
[2022-12-31T15:45:00.919+0530][17181.257s] GC(412) Survivor regions: 8->13(39)
[2022-12-31T15:45:00.919+0530][17181.257s] GC(412) Old regions: 52->52
[2022-12-31T15:45:00.919+0530][17181.257s] GC(412) Humongous regions: 7->7
[2022-12-31T15:45:00.919+0530][17181.257s] GC(412) Metaspace: 65272K->65272K(1107968K)
[2022-12-31T15:45:00.919+0530][17181.257s] GC(412) Pause Young (Normal) (G1 Evacuation Pause) 364M->70M(512M) 4.319ms
[2022-12-31T15:45:00.919+0530][17181.257s] GC(412) User=0.11s Sys=0.00s Real=0.00s
[2022-12-31T15:45:03.380+0530][17183.717s] GC(413) Pause Young (Normal) (G1 Evacuation Pause)
[2022-12-31T15:45:03.380+0530][17183.718s] GC(413) Using 8 workers of 8 for evacuation
[2022-12-31T15:45:03.382+0530][17183.720s] GC(413)   Pre Evacuate Collection Set: 0.0ms
[2022-12-31T15:45:03.382+0530][17183.720s] GC(413)   Evacuate Collection Set: 1.5ms
[2022-12-31T15:45:03.382+0530][17183.720s] GC(413)   Post Evacuate Collection Set: 0.4ms
[2022-12-31T15:45:03.382+0530][17183.720s] GC(413)   Other: 0.3ms
[2022-12-31T15:45:03.382+0530][17183.720s] GC(413) Eden regions: 294->0(304)
[2022-12-31T15:45:03.382+0530][17183.720s] GC(413) Survivor regions: 13->3(39)
[2022-12-31T15:45:03.382+0530][17183.720s] GC(413) Old regions: 52->52
[2022-12-31T15:45:03.382+0530][17183.720s] GC(413) Humongous regions: 7->7
[2022-12-31T15:45:03.382+0530][17183.720s] GC(413) Metaspace: 65272K->65272K(1107968K)
[2022-12-31T15:45:03.382+0530][17183.720s] GC(413) Pause Young (Normal) (G1 Evacuation Pause) 364M->61M(512M) 2.688ms
[2022-12-31T15:45:03.382+0530][17183.720s] GC(413) User=0.00s Sys=0.00s Real=0.00s
[2022-12-31T15:46:01.877+0530][17242.214s] GC(414) Pause Young (Normal) (G1 Evacuation Pause)
[2022-12-31T15:46:01.877+0530][17242.214s] GC(414) Using 8 workers of 8 for evacuation
[2022-12-31T15:46:01.880+0530][17242.217s] GC(414)   Pre Evacuate Collection Set: 0.0ms
[2022-12-31T15:46:01.881+0530][17242.218s] GC(414)   Evacuate Collection Set: 2.8ms
[2022-12-31T15:46:01.881+0530][17242.218s] GC(414)   Post Evacuate Collection Set: 0.4ms
[2022-12-31T15:46:01.881+0530][17242.218s] GC(414)   Other: 0.3ms
[2022-12-31T15:46:01.881+0530][17242.218s] GC(414) Eden regions: 304->0(297)
[2022-12-31T15:46:01.881+0530][17242.218s] GC(414) Survivor regions: 3->10(39)
[2022-12-31T15:46:01.881+0530][17242.218s] GC(414) Old regions: 52->52
[2022-12-31T15:46:01.881+0530][17242.218s] GC(414) Humongous regions: 7->7
[2022-12-31T15:46:01.881+0530][17242.218s] GC(414) Metaspace: 65272K->65272K(1107968K)
[2022-12-31T15:46:01.881+0530][17242.218s] GC(414) Pause Young (Normal) (G1 Evacuation Pause) 365M->67M(512M) 4.104ms
[2022-12-31T15:46:01.881+0530][17242.218s] GC(414) User=0.00s Sys=0.00s Real=0.00s
[2022-12-31T15:46:04.205+0530][17244.543s] GC(415) Pause Young (Normal) (G1 Evacuation Pause)
[2022-12-31T15:46:04.205+0530][17244.543s] GC(415) Using 8 workers of 8 for evacuation
[2022-12-31T15:46:04.207+0530][17244.545s] GC(415)   Pre Evacuate Collection Set: 0.0ms
[2022-12-31T15:46:04.207+0530][17244.545s] GC(415)   Evacuate Collection Set: 1.2ms
[2022-12-31T15:46:04.207+0530][17244.545s] GC(415)   Post Evacuate Collection Set: 0.4ms
[2022-12-31T15:46:04.207+0530][17244.545s] GC(415)   Other: 0.2ms
[2022-12-31T15:46:04.207+0530][17244.545s] GC(415) Eden regions: 297->0(305)
[2022-12-31T15:46:04.207+0530][17244.545s] GC(415) Survivor regions: 10->2(39)
[2022-12-31T15:46:04.207+0530][17244.545s] GC(415) Old regions: 52->52
[2022-12-31T15:46:04.207+0530][17244.545s] GC(415) Humongous regions: 7->7
[2022-12-31T15:46:04.207+0530][17244.545s] GC(415) Metaspace: 65272K->65272K(1107968K)
[2022-12-31T15:46:04.207+0530][17244.545s] GC(415) Pause Young (Normal) (G1 Evacuation Pause) 364M->60M(512M) 2.310ms
[2022-12-31T15:46:04.207+0530][17244.545s] GC(415) User=0.00s Sys=0.00s Real=0.00s
[2022-12-31T15:47:01.733+0530][17302.071s] GC(416) Pause Young (Normal) (G1 Evacuation Pause)
[2022-12-31T15:47:01.733+0530][17302.071s] GC(416) Using 8 workers of 8 for evacuation
[2022-12-31T15:47:01.736+0530][17302.074s] GC(416)   Pre Evacuate Collection Set: 0.0ms
[2022-12-31T15:47:01.736+0530][17302.074s] GC(416)   Evacuate Collection Set: 2.2ms
[2022-12-31T15:47:01.736+0530][17302.074s] GC(416)   Post Evacuate Collection Set: 0.5ms
[2022-12-31T15:47:01.737+0530][17302.074s] GC(416)   Other: 0.3ms
[2022-12-31T15:47:01.737+0530][17302.074s] GC(416) Eden regions: 305->0(302)
[2022-12-31T15:47:01.737+0530][17302.074s] GC(416) Survivor regions: 2->5(39)
[2022-12-31T15:47:01.737+0530][17302.075s] GC(416) Old regions: 52->52
[2022-12-31T15:47:01.737+0530][17302.075s] GC(416) Humongous regions: 7->7
[2022-12-31T15:47:01.737+0530][17302.075s] GC(416) Metaspace: 65272K->65272K(1107968K)
[2022-12-31T15:47:01.737+0530][17302.075s] GC(416) Pause Young (Normal) (G1 Evacuation Pause) 365M->63M(512M) 3.524ms
[2022-12-31T15:47:01.737+0530][17302.075s] GC(416) User=0.00s Sys=0.00s Real=0.00s
[2022-12-31T15:48:01.517+0530][17361.855s] GC(417) Pause Young (Normal) (G1 Evacuation Pause)
[2022-12-31T15:48:01.517+0530][17361.855s] GC(417) Using 8 workers of 8 for evacuation
[2022-12-31T15:48:01.521+0530][17361.858s] GC(417)   Pre Evacuate Collection Set: 0.0ms
[2022-12-31T15:48:01.521+0530][17361.858s] GC(417)   Evacuate Collection Set: 2.3ms
[2022-12-31T15:48:01.521+0530][17361.858s] GC(417)   Post Evacuate Collection Set: 0.5ms
[2022-12-31T15:48:01.521+0530][17361.858s] GC(417)   Other: 0.3ms
[2022-12-31T15:48:01.521+0530][17361.858s] GC(417) Eden regions: 302->0(298)
[2022-12-31T15:48:01.521+0530][17361.858s] GC(417) Survivor regions: 5->9(39)
[2022-12-31T15:48:01.521+0530][17361.858s] GC(417) Old regions: 52->52
[2022-12-31T15:48:01.521+0530][17361.858s] GC(417) Humongous regions: 7->7
[2022-12-31T15:48:01.521+0530][17361.859s] GC(417) Metaspace: 65272K->65272K(1107968K)
[2022-12-31T15:48:01.521+0530][17361.859s] GC(417) Pause Young (Normal) (G1 Evacuation Pause) 365M->66M(512M) 3.642ms
[2022-12-31T15:48:01.521+0530][17361.859s] GC(417) User=0.00s Sys=0.00s Real=0.00s
[2022-12-31T15:48:03.457+0530][17363.794s] GC(418) Pause Young (Normal) (G1 Evacuation Pause)
[2022-12-31T15:48:03.457+0530][17363.795s] GC(418) Using 8 workers of 8 for evacuation
[2022-12-31T15:48:03.459+0530][17363.797s] GC(418)   Pre Evacuate Collection Set: 0.0ms
[2022-12-31T15:48:03.459+0530][17363.797s] GC(418)   Evacuate Collection Set: 1.5ms
[2022-12-31T15:48:03.459+0530][17363.797s] GC(418)   Post Evacuate Collection Set: 0.4ms
[2022-12-31T15:48:03.459+0530][17363.797s] GC(418)   Other: 0.3ms
[2022-12-31T15:48:03.460+0530][17363.797s] GC(418) Eden regions: 298->0(303)
[2022-12-31T15:48:03.460+0530][17363.797s] GC(418) Survivor regions: 9->4(39)
[2022-12-31T15:48:03.460+0530][17363.797s] GC(418) Old regions: 52->52
[2022-12-31T15:48:03.460+0530][17363.797s] GC(418) Humongous regions: 7->7
[2022-12-31T15:48:03.460+0530][17363.797s] GC(418) Metaspace: 65272K->65272K(1107968K)
[2022-12-31T15:48:03.460+0530][17363.797s] GC(418) Pause Young (Normal) (G1 Evacuation Pause) 364M->62M(512M) 2.746ms
[2022-12-31T15:48:03.460+0530][17363.797s] GC(418) User=0.00s Sys=0.00s Real=0.00s
[2022-12-31T15:49:01.150+0530][17421.487s] GC(419) Pause Young (Normal) (G1 Evacuation Pause)
[2022-12-31T15:49:01.150+0530][17421.487s] GC(419) Using 8 workers of 8 for evacuation
[2022-12-31T15:49:01.154+0530][17421.491s] GC(419)   Pre Evacuate Collection Set: 0.0ms
[2022-12-31T15:49:01.154+0530][17421.491s] GC(419)   Evacuate Collection Set: 3.5ms
[2022-12-31T15:49:01.154+0530][17421.492s] GC(419)   Post Evacuate Collection Set: 0.5ms
[2022-12-31T15:49:01.154+0530][17421.492s] GC(419)   Other: 0.3ms
[2022-12-31T15:49:01.155+0530][17421.492s] GC(419) Eden regions: 303->0(292)
[2022-12-31T15:49:01.155+0530][17421.492s] GC(419) Survivor regions: 4->15(39)
[2022-12-31T15:49:01.155+0530][17421.492s] GC(419) Old regions: 52->52
[2022-12-31T15:49:01.155+0530][17421.492s] GC(419) Humongous regions: 7->7
[2022-12-31T15:49:01.155+0530][17421.492s] GC(419) Metaspace: 65272K->65272K(1107968K)
[2022-12-31T15:49:01.155+0530][17421.492s] GC(419) Pause Young (Normal) (G1 Evacuation Pause) 365M->73M(512M) 4.908ms
[2022-12-31T15:49:01.155+0530][17421.492s] GC(419) User=0.11s Sys=0.00s Real=0.00s
[2022-12-31T15:49:03.373+0530][17423.710s] GC(420) Pause Young (Normal) (G1 Evacuation Pause)
[2022-12-31T15:49:03.373+0530][17423.710s] GC(420) Using 8 workers of 8 for evacuation
[2022-12-31T15:49:03.376+0530][17423.713s] GC(420)   Pre Evacuate Collection Set: 0.0ms
[2022-12-31T15:49:03.376+0530][17423.713s] GC(420)   Evacuate Collection Set: 2.1ms
[2022-12-31T15:49:03.376+0530][17423.713s] GC(420)   Post Evacuate Collection Set: 0.5ms
[2022-12-31T15:49:03.376+0530][17423.713s] GC(420)   Other: 0.2ms
[2022-12-31T15:49:03.376+0530][17423.713s] GC(420) Eden regions: 292->0(301)
[2022-12-31T15:49:03.376+0530][17423.714s] GC(420) Survivor regions: 15->6(39)
[2022-12-31T15:49:03.376+0530][17423.714s] GC(420) Old regions: 52->52
[2022-12-31T15:49:03.376+0530][17423.714s] GC(420) Humongous regions: 7->7
[2022-12-31T15:49:03.376+0530][17423.714s] GC(420) Metaspace: 65272K->65272K(1107968K)
[2022-12-31T15:49:03.376+0530][17423.714s] GC(420) Pause Young (Normal) (G1 Evacuation Pause) 365M->64M(512M) 3.384ms
[2022-12-31T15:49:03.376+0530][17423.714s] GC(420) User=0.00s Sys=0.00s Real=0.00s
[2022-12-31T15:50:01.940+0530][17482.277s] GC(421) Pause Young (Normal) (G1 Evacuation Pause)
[2022-12-31T15:50:01.940+0530][17482.277s] GC(421) Using 8 workers of 8 for evacuation
[2022-12-31T15:50:01.943+0530][17482.280s] GC(421)   Pre Evacuate Collection Set: 0.0ms
[2022-12-31T15:50:01.943+0530][17482.280s] GC(421)   Evacuate Collection Set: 2.3ms
[2022-12-31T15:50:01.943+0530][17482.280s] GC(421)   Post Evacuate Collection Set: 0.5ms
[2022-12-31T15:50:01.943+0530][17482.280s] GC(421)   Other: 0.3ms
[2022-12-31T15:50:01.943+0530][17482.280s] GC(421) Eden regions: 301->0(297)
[2022-12-31T15:50:01.943+0530][17482.280s] GC(421) Survivor regions: 6->10(39)
[2022-12-31T15:50:01.943+0530][17482.280s] GC(421) Old regions: 52->52
[2022-12-31T15:50:01.943+0530][17482.280s] GC(421) Humongous regions: 7->7
[2022-12-31T15:50:01.943+0530][17482.280s] GC(421) Metaspace: 65272K->65272K(1107968K)
[2022-12-31T15:50:01.943+0530][17482.280s] GC(421) Pause Young (Normal) (G1 Evacuation Pause) 365M->68M(512M) 3.603ms
[2022-12-31T15:50:01.943+0530][17482.280s] GC(421) User=0.00s Sys=0.00s Real=0.00s
[2022-12-31T15:51:00.754+0530][17541.091s] GC(422) Pause Young (Normal) (G1 Evacuation Pause)
[2022-12-31T15:51:00.754+0530][17541.091s] GC(422) Using 8 workers of 8 for evacuation
[2022-12-31T15:51:00.757+0530][17541.094s] GC(422)   Pre Evacuate Collection Set: 0.0ms
[2022-12-31T15:51:00.758+0530][17541.095s] GC(422)   Evacuate Collection Set: 3.1ms
[2022-12-31T15:51:00.758+0530][17541.095s] GC(422)   Post Evacuate Collection Set: 0.4ms
[2022-12-31T15:51:00.758+0530][17541.095s] GC(422)   Other: 0.4ms
[2022-12-31T15:51:00.758+0530][17541.095s] GC(422) Eden regions: 297->0(289)
[2022-12-31T15:51:00.758+0530][17541.095s] GC(422) Survivor regions: 10->18(39)
[2022-12-31T15:51:00.758+0530][17541.095s] GC(422) Old regions: 52->52
[2022-12-31T15:51:00.758+0530][17541.095s] GC(422) Humongous regions: 7->7
[2022-12-31T15:51:00.758+0530][17541.095s] GC(422) Metaspace: 65272K->65272K(1107968K)
[2022-12-31T15:51:00.758+0530][17541.095s] GC(422) Pause Young (Normal) (G1 Evacuation Pause) 365M->75M(512M) 4.390ms
[2022-12-31T15:51:00.758+0530][17541.095s] GC(422) User=0.00s Sys=0.00s Real=0.00s
[2022-12-31T15:51:02.194+0530][17542.532s] GC(423) Pause Young (Normal) (G1 Evacuation Pause)
[2022-12-31T15:51:02.194+0530][17542.532s] GC(423) Using 8 workers of 8 for evacuation
[2022-12-31T15:51:02.196+0530][17542.534s] GC(423)   Pre Evacuate Collection Set: 0.0ms
[2022-12-31T15:51:02.197+0530][17542.534s] GC(423)   Evacuate Collection Set: 1.6ms
[2022-12-31T15:51:02.197+0530][17542.534s] GC(423)   Post Evacuate Collection Set: 0.3ms
[2022-12-31T15:51:02.197+0530][17542.534s] GC(423)   Other: 0.3ms
[2022-12-31T15:51:02.197+0530][17542.534s] GC(423) Eden regions: 289->0(300)
[2022-12-31T15:51:02.197+0530][17542.534s] GC(423) Survivor regions: 18->7(39)
[2022-12-31T15:51:02.197+0530][17542.534s] GC(423) Old regions: 52->52
[2022-12-31T15:51:02.197+0530][17542.534s] GC(423) Humongous regions: 7->7
[2022-12-31T15:51:02.197+0530][17542.535s] GC(423) Metaspace: 65272K->65272K(1107968K)
[2022-12-31T15:51:02.197+0530][17542.535s] GC(423) Pause Young (Normal) (G1 Evacuation Pause) 364M->65M(512M) 2.738ms
[2022-12-31T15:51:02.197+0530][17542.535s] GC(423) User=0.00s Sys=0.00s Real=0.00s
[2022-12-31T15:52:01.257+0530][17601.595s] GC(424) Pause Young (Normal) (G1 Evacuation Pause)
[2022-12-31T15:52:01.258+0530][17601.595s] GC(424) Using 8 workers of 8 for evacuation
[2022-12-31T15:52:01.260+0530][17601.598s] GC(424)   Pre Evacuate Collection Set: 0.0ms
[2022-12-31T15:52:01.261+0530][17601.598s] GC(424)   Evacuate Collection Set: 2.3ms
[2022-12-31T15:52:01.261+0530][17601.598s] GC(424)   Post Evacuate Collection Set: 0.4ms
[2022-12-31T15:52:01.261+0530][17601.598s] GC(424)   Other: 0.3ms
[2022-12-31T15:52:01.261+0530][17601.598s] GC(424) Eden regions: 300->0(296)
[2022-12-31T15:52:01.261+0530][17601.598s] GC(424) Survivor regions: 7->11(39)
[2022-12-31T15:52:01.261+0530][17601.598s] GC(424) Old regions: 52->52
[2022-12-31T15:52:01.261+0530][17601.598s] GC(424) Humongous regions: 7->7
[2022-12-31T15:52:01.261+0530][17601.598s] GC(424) Metaspace: 65272K->65272K(1107968K)
[2022-12-31T15:52:01.261+0530][17601.598s] GC(424) Pause Young (Normal) (G1 Evacuation Pause) 365M->69M(512M) 3.469ms
[2022-12-31T15:52:01.261+0530][17601.598s] GC(424) User=0.00s Sys=0.02s Real=0.00s
[2022-12-31T15:53:00.725+0530][17661.062s] GC(425) Pause Young (Normal) (G1 Evacuation Pause)
[2022-12-31T15:53:00.725+0530][17661.062s] GC(425) Using 8 workers of 8 for evacuation
[2022-12-31T15:53:00.727+0530][17661.064s] GC(425)   Pre Evacuate Collection Set: 0.0ms
[2022-12-31T15:53:00.727+0530][17661.064s] GC(425)   Evacuate Collection Set: 1.6ms
[2022-12-31T15:53:00.727+0530][17661.064s] GC(425)   Post Evacuate Collection Set: 0.4ms
[2022-12-31T15:53:00.727+0530][17661.064s] GC(425)   Other: 0.4ms
[2022-12-31T15:53:00.727+0530][17661.064s] GC(425) Eden regions: 296->0(302)
[2022-12-31T15:53:00.727+0530][17661.065s] GC(425) Survivor regions: 11->5(39)
[2022-12-31T15:53:00.728+0530][17661.065s] GC(425) Old regions: 52->52
[2022-12-31T15:53:00.728+0530][17661.065s] GC(425) Humongous regions: 7->7
[2022-12-31T15:53:00.728+0530][17661.065s] GC(425) Metaspace: 65272K->65272K(1107968K)
[2022-12-31T15:53:00.728+0530][17661.065s] GC(425) Pause Young (Normal) (G1 Evacuation Pause) 365M->63M(512M) 3.103ms
[2022-12-31T15:53:00.728+0530][17661.065s] GC(425) User=0.00s Sys=0.00s Real=0.00s
[2022-12-31T15:53:02.159+0530][17662.497s] GC(426) Pause Young (Normal) (G1 Evacuation Pause)
[2022-12-31T15:53:02.160+0530][17662.497s] GC(426) Using 8 workers of 8 for evacuation
[2022-12-31T15:53:02.162+0530][17662.499s] GC(426)   Pre Evacuate Collection Set: 0.0ms
[2022-12-31T15:53:02.162+0530][17662.500s] GC(426)   Evacuate Collection Set: 2.0ms
[2022-12-31T15:53:02.162+0530][17662.500s] GC(426)   Post Evacuate Collection Set: 0.4ms
[2022-12-31T15:53:02.162+0530][17662.500s] GC(426)   Other: 0.3ms
[2022-12-31T15:53:02.162+0530][17662.500s] GC(426) Eden regions: 302->0(299)
[2022-12-31T15:53:02.163+0530][17662.500s] GC(426) Survivor regions: 5->8(39)
[2022-12-31T15:53:02.163+0530][17662.500s] GC(426) Old regions: 52->52
[2022-12-31T15:53:02.163+0530][17662.500s] GC(426) Humongous regions: 7->7
[2022-12-31T15:53:02.163+0530][17662.500s] GC(426) Metaspace: 65272K->65272K(1107968K)
[2022-12-31T15:53:02.163+0530][17662.500s] GC(426) Pause Young (Normal) (G1 Evacuation Pause) 365M->66M(512M) 3.246ms
[2022-12-31T15:53:02.163+0530][17662.500s] GC(426) User=0.00s Sys=0.00s Real=0.00s
[2022-12-31T15:54:01.363+0530][17721.700s] GC(427) Pause Young (Normal) (G1 Evacuation Pause)
[2022-12-31T15:54:01.363+0530][17721.700s] GC(427) Using 8 workers of 8 for evacuation
[2022-12-31T15:54:01.365+0530][17721.702s] GC(427)   Pre Evacuate Collection Set: 0.0ms
[2022-12-31T15:54:01.366+0530][17721.703s] GC(427)   Evacuate Collection Set: 2.1ms
[2022-12-31T15:54:01.366+0530][17721.703s] GC(427)   Post Evacuate Collection Set: 0.3ms
[2022-12-31T15:54:01.366+0530][17721.703s] GC(427)   Other: 0.3ms
[2022-12-31T15:54:01.366+0530][17721.703s] GC(427) Eden regions: 299->0(297)
[2022-12-31T15:54:01.366+0530][17721.703s] GC(427) Survivor regions: 8->10(39)
[2022-12-31T15:54:01.366+0530][17721.703s] GC(427) Old regions: 52->52
[2022-12-31T15:54:01.366+0530][17721.703s] GC(427) Humongous regions: 7->7
[2022-12-31T15:54:01.366+0530][17721.703s] GC(427) Metaspace: 65272K->65272K(1107968K)
[2022-12-31T15:54:01.366+0530][17721.703s] GC(427) Pause Young (Normal) (G1 Evacuation Pause) 365M->68M(512M) 3.558ms
[2022-12-31T15:54:01.366+0530][17721.703s] GC(427) User=0.00s Sys=0.00s Real=0.00s
[2022-12-31T15:54:02.815+0530][17723.153s] GC(428) Pause Young (Normal) (G1 Evacuation Pause)
[2022-12-31T15:54:02.816+0530][17723.153s] GC(428) Using 8 workers of 8 for evacuation
[2022-12-31T15:54:02.818+0530][17723.155s] GC(428)   Pre Evacuate Collection Set: 0.0ms
[2022-12-31T15:54:02.818+0530][17723.155s] GC(428)   Evacuate Collection Set: 1.5ms
[2022-12-31T15:54:02.818+0530][17723.155s] GC(428)   Post Evacuate Collection Set: 0.3ms
[2022-12-31T15:54:02.818+0530][17723.155s] GC(428)   Other: 0.3ms
[2022-12-31T15:54:02.818+0530][17723.155s] GC(428) Eden regions: 297->0(301)
[2022-12-31T15:54:02.818+0530][17723.156s] GC(428) Survivor regions: 10->6(39)
[2022-12-31T15:54:02.818+0530][17723.156s] GC(428) Old regions: 52->52
[2022-12-31T15:54:02.818+0530][17723.156s] GC(428) Humongous regions: 7->7
[2022-12-31T15:54:02.818+0530][17723.156s] GC(428) Metaspace: 65272K->65272K(1107968K)
[2022-12-31T15:54:02.818+0530][17723.156s] GC(428) Pause Young (Normal) (G1 Evacuation Pause) 365M->64M(512M) 2.645ms
[2022-12-31T15:54:02.818+0530][17723.156s] GC(428) User=0.00s Sys=0.00s Real=0.00s
[2022-12-31T15:55:00.810+0530][17781.148s] GC(429) Pause Young (Normal) (G1 Evacuation Pause)
[2022-12-31T15:55:00.810+0530][17781.148s] GC(429) Using 8 workers of 8 for evacuation
[2022-12-31T15:55:00.813+0530][17781.150s] GC(429)   Pre Evacuate Collection Set: 0.0ms
[2022-12-31T15:55:00.813+0530][17781.150s] GC(429)   Evacuate Collection Set: 2.0ms
[2022-12-31T15:55:00.813+0530][17781.151s] GC(429)   Post Evacuate Collection Set: 0.3ms
[2022-12-31T15:55:00.813+0530][17781.151s] GC(429)   Other: 0.3ms
[2022-12-31T15:55:00.813+0530][17781.151s] GC(429) Eden regions: 301->0(299)
[2022-12-31T15:55:00.813+0530][17781.151s] GC(429) Survivor regions: 6->8(39)
[2022-12-31T15:55:00.813+0530][17781.151s] GC(429) Old regions: 52->52
[2022-12-31T15:55:00.813+0530][17781.151s] GC(429) Humongous regions: 7->7
[2022-12-31T15:55:00.813+0530][17781.151s] GC(429) Metaspace: 65272K->65272K(1107968K)
[2022-12-31T15:55:00.813+0530][17781.151s] GC(429) Pause Young (Normal) (G1 Evacuation Pause) 365M->66M(512M) 3.177ms
[2022-12-31T15:55:00.813+0530][17781.151s] GC(429) User=0.00s Sys=0.00s Real=0.00s
[2022-12-31T15:56:01.316+0530][17841.653s] GC(430) Pause Young (Normal) (G1 Evacuation Pause)
[2022-12-31T15:56:01.316+0530][17841.653s] GC(430) Using 8 workers of 8 for evacuation
[2022-12-31T15:56:01.320+0530][17841.658s] GC(430)   Pre Evacuate Collection Set: 0.0ms
[2022-12-31T15:56:01.320+0530][17841.658s] GC(430)   Evacuate Collection Set: 3.9ms
[2022-12-31T15:56:01.320+0530][17841.658s] GC(430)   Post Evacuate Collection Set: 0.4ms
[2022-12-31T15:56:01.321+0530][17841.658s] GC(430)   Other: 0.3ms
[2022-12-31T15:56:01.321+0530][17841.658s] GC(430) Eden regions: 299->0(288)
[2022-12-31T15:56:01.321+0530][17841.658s] GC(430) Survivor regions: 8->19(39)
[2022-12-31T15:56:01.321+0530][17841.658s] GC(430) Old regions: 52->52
[2022-12-31T15:56:01.321+0530][17841.658s] GC(430) Humongous regions: 7->7
[2022-12-31T15:56:01.321+0530][17841.658s] GC(430) Metaspace: 65272K->65272K(1107968K)
[2022-12-31T15:56:01.321+0530][17841.658s] GC(430) Pause Young (Normal) (G1 Evacuation Pause) 365M->77M(512M) 5.215ms
[2022-12-31T15:56:01.321+0530][17841.658s] GC(430) User=0.00s Sys=0.00s Real=0.01s
[2022-12-31T15:56:02.862+0530][17843.199s] GC(431) Pause Young (Normal) (G1 Evacuation Pause)
[2022-12-31T15:56:02.862+0530][17843.199s] GC(431) Using 8 workers of 8 for evacuation
[2022-12-31T15:56:02.864+0530][17843.202s] GC(431)   Pre Evacuate Collection Set: 0.0ms
[2022-12-31T15:56:02.865+0530][17843.202s] GC(431)   Evacuate Collection Set: 1.5ms
[2022-12-31T15:56:02.865+0530][17843.202s] GC(431)   Post Evacuate Collection Set: 0.4ms
[2022-12-31T15:56:02.865+0530][17843.202s] GC(431)   Other: 0.3ms
[2022-12-31T15:56:02.865+0530][17843.202s] GC(431) Eden regions: 288->0(302)
[2022-12-31T15:56:02.865+0530][17843.202s] GC(431) Survivor regions: 19->5(39)
[2022-12-31T15:56:02.865+0530][17843.202s] GC(431) Old regions: 52->52
[2022-12-31T15:56:02.865+0530][17843.202s] GC(431) Humongous regions: 7->7
[2022-12-31T15:56:02.865+0530][17843.202s] GC(431) Metaspace: 65272K->65272K(1107968K)
[2022-12-31T15:56:02.865+0530][17843.202s] GC(431) Pause Young (Normal) (G1 Evacuation Pause) 365M->63M(512M) 2.711ms
[2022-12-31T15:56:02.865+0530][17843.202s] GC(431) User=0.00s Sys=0.00s Real=0.00s
[2022-12-31T15:57:00.889+0530][17901.227s] GC(432) Pause Young (Normal) (G1 Evacuation Pause)
[2022-12-31T15:57:00.889+0530][17901.227s] GC(432) Using 8 workers of 8 for evacuation
[2022-12-31T15:57:00.894+0530][17901.232s] GC(432)   Pre Evacuate Collection Set: 0.0ms
[2022-12-31T15:57:00.894+0530][17901.232s] GC(432)   Evacuate Collection Set: 3.9ms
[2022-12-31T15:57:00.894+0530][17901.232s] GC(432)   Post Evacuate Collection Set: 0.5ms
[2022-12-31T15:57:00.894+0530][17901.232s] GC(432)   Other: 0.4ms
[2022-12-31T15:57:00.894+0530][17901.232s] GC(432) Eden regions: 302->0(290)
[2022-12-31T15:57:00.894+0530][17901.232s] GC(432) Survivor regions: 5->17(39)
[2022-12-31T15:57:00.894+0530][17901.232s] GC(432) Old regions: 52->53
[2022-12-31T15:57:00.894+0530][17901.232s] GC(432) Humongous regions: 7->7
[2022-12-31T15:57:00.894+0530][17901.232s] GC(432) Metaspace: 65272K->65272K(1107968K)
[2022-12-31T15:57:00.894+0530][17901.232s] GC(432) Pause Young (Normal) (G1 Evacuation Pause) 365M->76M(512M) 5.232ms
[2022-12-31T15:57:00.894+0530][17901.232s] GC(432) User=0.00s Sys=0.00s Real=0.01s
[2022-12-31T15:57:01.910+0530][17902.247s] GC(433) Pause Young (Normal) (G1 Evacuation Pause)
[2022-12-31T15:57:01.910+0530][17902.247s] GC(433) Using 8 workers of 8 for evacuation
[2022-12-31T15:57:01.913+0530][17902.250s] GC(433)   Pre Evacuate Collection Set: 0.0ms
[2022-12-31T15:57:01.913+0530][17902.250s] GC(433)   Evacuate Collection Set: 2.3ms
[2022-12-31T15:57:01.913+0530][17902.250s] GC(433)   Post Evacuate Collection Set: 0.4ms
[2022-12-31T15:57:01.913+0530][17902.251s] GC(433)   Other: 0.3ms
[2022-12-31T15:57:01.913+0530][17902.251s] GC(433) Eden regions: 290->0(300)
[2022-12-31T15:57:01.913+0530][17902.251s] GC(433) Survivor regions: 17->7(39)
[2022-12-31T15:57:01.913+0530][17902.251s] GC(433) Old regions: 53->53
[2022-12-31T15:57:01.913+0530][17902.251s] GC(433) Humongous regions: 7->7
[2022-12-31T15:57:01.913+0530][17902.251s] GC(433) Metaspace: 65272K->65272K(1107968K)
[2022-12-31T15:57:01.913+0530][17902.251s] GC(433) Pause Young (Normal) (G1 Evacuation Pause) 366M->65M(512M) 3.695ms
[2022-12-31T15:57:01.913+0530][17902.251s] GC(433) User=0.00s Sys=0.00s Real=0.00s
[2022-12-31T15:58:01.337+0530][17961.675s] GC(434) Pause Young (Normal) (G1 Evacuation Pause)
[2022-12-31T15:58:01.337+0530][17961.675s] GC(434) Using 8 workers of 8 for evacuation
[2022-12-31T15:58:01.341+0530][17961.678s] GC(434)   Pre Evacuate Collection Set: 0.0ms
[2022-12-31T15:58:01.341+0530][17961.679s] GC(434)   Evacuate Collection Set: 2.9ms
[2022-12-31T15:58:01.341+0530][17961.679s] GC(434)   Post Evacuate Collection Set: 0.6ms
[2022-12-31T15:58:01.341+0530][17961.679s] GC(434)   Other: 0.4ms
[2022-12-31T15:58:01.341+0530][17961.679s] GC(434) Eden regions: 300->0(293)
[2022-12-31T15:58:01.341+0530][17961.679s] GC(434) Survivor regions: 7->14(39)
[2022-12-31T15:58:01.341+0530][17961.679s] GC(434) Old regions: 53->53
[2022-12-31T15:58:01.341+0530][17961.679s] GC(434) Humongous regions: 7->7
[2022-12-31T15:58:01.342+0530][17961.679s] GC(434) Metaspace: 65272K->65272K(1107968K)
[2022-12-31T15:58:01.342+0530][17961.679s] GC(434) Pause Young (Normal) (G1 Evacuation Pause) 365M->72M(512M) 4.398ms
[2022-12-31T15:58:01.342+0530][17961.679s] GC(434) User=0.13s Sys=0.00s Real=0.01s
[2022-12-31T15:58:03.809+0530][17964.146s] GC(435) Pause Young (Normal) (G1 Evacuation Pause)
[2022-12-31T15:58:03.809+0530][17964.146s] GC(435) Using 8 workers of 8 for evacuation
[2022-12-31T15:58:03.811+0530][17964.148s] GC(435)   Pre Evacuate Collection Set: 0.0ms
[2022-12-31T15:58:03.811+0530][17964.148s] GC(435)   Evacuate Collection Set: 1.5ms
[2022-12-31T15:58:03.811+0530][17964.148s] GC(435)   Post Evacuate Collection Set: 0.5ms
[2022-12-31T15:58:03.811+0530][17964.148s] GC(435)   Other: 0.3ms
[2022-12-31T15:58:03.811+0530][17964.148s] GC(435) Eden regions: 293->0(303)
[2022-12-31T15:58:03.811+0530][17964.149s] GC(435) Survivor regions: 14->4(39)
[2022-12-31T15:58:03.811+0530][17964.149s] GC(435) Old regions: 53->53
[2022-12-31T15:58:03.811+0530][17964.149s] GC(435) Humongous regions: 7->7
[2022-12-31T15:58:03.811+0530][17964.149s] GC(435) Metaspace: 65272K->65272K(1107968K)
[2022-12-31T15:58:03.811+0530][17964.149s] GC(435) Pause Young (Normal) (G1 Evacuation Pause) 365M->62M(512M) 2.687ms
[2022-12-31T15:58:03.812+0530][17964.149s] GC(435) User=0.00s Sys=0.00s Real=0.00s
[2022-12-31T15:59:02.050+0530][18022.387s] GC(436) Pause Young (Normal) (G1 Evacuation Pause)
[2022-12-31T15:59:02.050+0530][18022.387s] GC(436) Using 8 workers of 8 for evacuation
[2022-12-31T15:59:02.053+0530][18022.391s] GC(436)   Pre Evacuate Collection Set: 0.0ms
[2022-12-31T15:59:02.054+0530][18022.391s] GC(436)   Evacuate Collection Set: 3.2ms
[2022-12-31T15:59:02.054+0530][18022.391s] GC(436)   Post Evacuate Collection Set: 0.3ms
[2022-12-31T15:59:02.054+0530][18022.391s] GC(436)   Other: 0.3ms
[2022-12-31T15:59:02.054+0530][18022.391s] GC(436) Eden regions: 303->0(294)
[2022-12-31T15:59:02.054+0530][18022.391s] GC(436) Survivor regions: 4->13(39)
[2022-12-31T15:59:02.054+0530][18022.391s] GC(436) Old regions: 53->53
[2022-12-31T15:59:02.054+0530][18022.392s] GC(436) Humongous regions: 7->7
[2022-12-31T15:59:02.054+0530][18022.392s] GC(436) Metaspace: 65272K->65272K(1107968K)
[2022-12-31T15:59:02.054+0530][18022.392s] GC(436) Pause Young (Normal) (G1 Evacuation Pause) 365M->71M(512M) 4.361ms
[2022-12-31T15:59:02.054+0530][18022.392s] GC(436) User=0.00s Sys=0.00s Real=0.00s
[2022-12-31T15:59:03.786+0530][18024.124s] GC(437) Pause Young (Normal) (G1 Evacuation Pause)
[2022-12-31T15:59:03.786+0530][18024.124s] GC(437) Using 8 workers of 8 for evacuation
[2022-12-31T15:59:03.788+0530][18024.125s] GC(437)   Pre Evacuate Collection Set: 0.0ms
[2022-12-31T15:59:03.788+0530][18024.126s] GC(437)   Evacuate Collection Set: 1.3ms
[2022-12-31T15:59:03.788+0530][18024.126s] GC(437)   Post Evacuate Collection Set: 0.3ms
[2022-12-31T15:59:03.789+0530][18024.126s] GC(437)   Other: 0.3ms
[2022-12-31T15:59:03.789+0530][18024.126s] GC(437) Eden regions: 294->0(304)
[2022-12-31T15:59:03.789+0530][18024.126s] GC(437) Survivor regions: 13->3(39)
[2022-12-31T15:59:03.789+0530][18024.126s] GC(437) Old regions: 53->53
[2022-12-31T15:59:03.789+0530][18024.126s] GC(437) Humongous regions: 7->7
[2022-12-31T15:59:03.789+0530][18024.126s] GC(437) Metaspace: 65272K->65272K(1107968K)
[2022-12-31T15:59:03.789+0530][18024.126s] GC(437) Pause Young (Normal) (G1 Evacuation Pause) 365M->62M(512M) 2.460ms
[2022-12-31T15:59:03.789+0530][18024.126s] GC(437) User=0.00s Sys=0.00s Real=0.00s
[2022-12-31T16:00:02.825+0530][18083.162s] GC(438) Pause Young (Normal) (G1 Evacuation Pause)
[2022-12-31T16:00:02.825+0530][18083.163s] GC(438) Using 8 workers of 8 for evacuation
[2022-12-31T16:00:02.829+0530][18083.166s] GC(438)   Pre Evacuate Collection Set: 0.0ms
[2022-12-31T16:00:02.829+0530][18083.166s] GC(438)   Evacuate Collection Set: 2.6ms
[2022-12-31T16:00:02.829+0530][18083.166s] GC(438)   Post Evacuate Collection Set: 0.5ms
[2022-12-31T16:00:02.829+0530][18083.166s] GC(438)   Other: 0.3ms
[2022-12-31T16:00:02.829+0530][18083.166s] GC(438) Eden regions: 304->0(302)
[2022-12-31T16:00:02.829+0530][18083.166s] GC(438) Survivor regions: 3->5(39)
[2022-12-31T16:00:02.829+0530][18083.166s] GC(438) Old regions: 53->53
[2022-12-31T16:00:02.829+0530][18083.166s] GC(438) Humongous regions: 7->7
[2022-12-31T16:00:02.829+0530][18083.166s] GC(438) Metaspace: 65272K->65272K(1107968K)
[2022-12-31T16:00:02.829+0530][18083.166s] GC(438) Pause Young (Normal) (G1 Evacuation Pause) 366M->64M(512M) 3.854ms
[2022-12-31T16:00:02.829+0530][18083.166s] GC(438) User=0.00s Sys=0.00s Real=0.00s
[2022-12-31T16:01:01.145+0530][18141.482s] GC(439) Pause Young (Normal) (G1 Evacuation Pause)
[2022-12-31T16:01:01.145+0530][18141.482s] GC(439) Using 8 workers of 8 for evacuation
[2022-12-31T16:01:01.149+0530][18141.486s] GC(439)   Pre Evacuate Collection Set: 0.0ms
[2022-12-31T16:01:01.149+0530][18141.486s] GC(439)   Evacuate Collection Set: 3.1ms
[2022-12-31T16:01:01.149+0530][18141.486s] GC(439)   Post Evacuate Collection Set: 0.4ms
[2022-12-31T16:01:01.149+0530][18141.486s] GC(439)   Other: 0.3ms
[2022-12-31T16:01:01.149+0530][18141.486s] GC(439) Eden regions: 302->0(294)
[2022-12-31T16:01:01.149+0530][18141.486s] GC(439) Survivor regions: 5->13(39)
[2022-12-31T16:01:01.149+0530][18141.486s] GC(439) Old regions: 53->53
[2022-12-31T16:01:01.149+0530][18141.486s] GC(439) Humongous regions: 7->7
[2022-12-31T16:01:01.149+0530][18141.486s] GC(439) Metaspace: 65272K->65272K(1107968K)
[2022-12-31T16:01:01.149+0530][18141.486s] GC(439) Pause Young (Normal) (G1 Evacuation Pause) 366M->71M(512M) 4.420ms
[2022-12-31T16:01:01.149+0530][18141.486s] GC(439) User=0.00s Sys=0.00s Real=0.00s
[2022-12-31T16:01:03.554+0530][18143.892s] GC(440) Pause Young (Normal) (G1 Evacuation Pause)
[2022-12-31T16:01:03.555+0530][18143.892s] GC(440) Using 8 workers of 8 for evacuation
[2022-12-31T16:01:03.558+0530][18143.895s] GC(440)   Pre Evacuate Collection Set: 0.0ms
[2022-12-31T16:01:03.558+0530][18143.895s] GC(440)   Evacuate Collection Set: 2.3ms
[2022-12-31T16:01:03.558+0530][18143.895s] GC(440)   Post Evacuate Collection Set: 0.4ms
[2022-12-31T16:01:03.558+0530][18143.895s] GC(440)   Other: 0.3ms
[2022-12-31T16:01:03.558+0530][18143.896s] GC(440) Eden regions: 294->0(301)
[2022-12-31T16:01:03.558+0530][18143.896s] GC(440) Survivor regions: 13->6(39)
[2022-12-31T16:01:03.558+0530][18143.896s] GC(440) Old regions: 53->53
[2022-12-31T16:01:03.558+0530][18143.896s] GC(440) Humongous regions: 7->7
[2022-12-31T16:01:03.558+0530][18143.896s] GC(440) Metaspace: 65272K->65272K(1107968K)
[2022-12-31T16:01:03.558+0530][18143.896s] GC(440) Pause Young (Normal) (G1 Evacuation Pause) 365M->65M(512M) 3.584ms
[2022-12-31T16:01:03.558+0530][18143.896s] GC(440) User=0.13s Sys=0.00s Real=0.00s
[2022-12-31T16:02:01.951+0530][18202.289s] GC(441) Pause Young (Normal) (G1 Evacuation Pause)
[2022-12-31T16:02:01.951+0530][18202.289s] GC(441) Using 8 workers of 8 for evacuation
[2022-12-31T16:02:01.955+0530][18202.293s] GC(441)   Pre Evacuate Collection Set: 0.0ms
[2022-12-31T16:02:01.955+0530][18202.293s] GC(441)   Evacuate Collection Set: 2.9ms
[2022-12-31T16:02:01.955+0530][18202.293s] GC(441)   Post Evacuate Collection Set: 0.7ms
[2022-12-31T16:02:01.955+0530][18202.293s] GC(441)   Other: 0.3ms
[2022-12-31T16:02:01.955+0530][18202.293s] GC(441) Eden regions: 301->0(301)
[2022-12-31T16:02:01.955+0530][18202.293s] GC(441) Survivor regions: 6->6(39)
[2022-12-31T16:02:01.955+0530][18202.293s] GC(441) Old regions: 53->53
[2022-12-31T16:02:01.955+0530][18202.293s] GC(441) Humongous regions: 7->7
[2022-12-31T16:02:01.955+0530][18202.293s] GC(441) Metaspace: 65272K->65272K(1107968K)
[2022-12-31T16:02:01.956+0530][18202.293s] GC(441) Pause Young (Normal) (G1 Evacuation Pause) 366M->65M(512M) 4.417ms
[2022-12-31T16:02:01.956+0530][18202.293s] GC(441) User=0.00s Sys=0.00s Real=0.01s
[2022-12-31T16:03:01.348+0530][18261.685s] GC(442) Pause Young (Normal) (G1 Evacuation Pause)
[2022-12-31T16:03:01.348+0530][18261.685s] GC(442) Using 8 workers of 8 for evacuation
[2022-12-31T16:03:01.352+0530][18261.689s] GC(442)   Pre Evacuate Collection Set: 0.0ms
[2022-12-31T16:03:01.352+0530][18261.689s] GC(442)   Evacuate Collection Set: 2.7ms
[2022-12-31T16:03:01.352+0530][18261.689s] GC(442)   Post Evacuate Collection Set: 0.6ms
[2022-12-31T16:03:01.352+0530][18261.689s] GC(442)   Other: 0.3ms
[2022-12-31T16:03:01.352+0530][18261.689s] GC(442) Eden regions: 301->0(298)
[2022-12-31T16:03:01.352+0530][18261.689s] GC(442) Survivor regions: 6->9(39)
[2022-12-31T16:03:01.352+0530][18261.689s] GC(442) Old regions: 53->53
[2022-12-31T16:03:01.352+0530][18261.689s] GC(442) Humongous regions: 7->7
[2022-12-31T16:03:01.352+0530][18261.689s] GC(442) Metaspace: 65272K->65272K(1107968K)
[2022-12-31T16:03:01.352+0530][18261.689s] GC(442) Pause Young (Normal) (G1 Evacuation Pause) 366M->68M(512M) 3.946ms
[2022-12-31T16:03:01.352+0530][18261.689s] GC(442) User=0.00s Sys=0.00s Real=0.00s
[2022-12-31T16:04:01.273+0530][18321.611s] GC(443) Pause Young (Normal) (G1 Evacuation Pause)
[2022-12-31T16:04:01.273+0530][18321.611s] GC(443) Using 8 workers of 8 for evacuation
[2022-12-31T16:04:01.278+0530][18321.616s] GC(443)   Pre Evacuate Collection Set: 0.0ms
[2022-12-31T16:04:01.278+0530][18321.616s] GC(443)   Evacuate Collection Set: 4.2ms
[2022-12-31T16:04:01.278+0530][18321.616s] GC(443)   Post Evacuate Collection Set: 0.4ms
[2022-12-31T16:04:01.279+0530][18321.616s] GC(443)   Other: 0.3ms
[2022-12-31T16:04:01.279+0530][18321.616s] GC(443) Eden regions: 298->0(289)
[2022-12-31T16:04:01.279+0530][18321.616s] GC(443) Survivor regions: 9->18(39)
[2022-12-31T16:04:01.279+0530][18321.616s] GC(443) Old regions: 53->53
[2022-12-31T16:04:01.279+0530][18321.616s] GC(443) Humongous regions: 7->7
[2022-12-31T16:04:01.279+0530][18321.616s] GC(443) Metaspace: 65272K->65272K(1107968K)
[2022-12-31T16:04:01.279+0530][18321.616s] GC(443) Pause Young (Normal) (G1 Evacuation Pause) 366M->77M(512M) 5.402ms
[2022-12-31T16:04:01.279+0530][18321.616s] GC(443) User=0.11s Sys=0.00s Real=0.01s
[2022-12-31T16:04:02.465+0530][18322.802s] GC(444) Pause Young (Normal) (G1 Evacuation Pause)
[2022-12-31T16:04:02.465+0530][18322.802s] GC(444) Using 8 workers of 8 for evacuation
[2022-12-31T16:04:02.469+0530][18322.806s] GC(444)   Pre Evacuate Collection Set: 0.0ms
[2022-12-31T16:04:02.469+0530][18322.806s] GC(444)   Evacuate Collection Set: 3.2ms
[2022-12-31T16:04:02.469+0530][18322.806s] GC(444)   Post Evacuate Collection Set: 0.5ms
[2022-12-31T16:04:02.469+0530][18322.806s] GC(444)   Other: 0.3ms
[2022-12-31T16:04:02.469+0530][18322.807s] GC(444) Eden regions: 289->0(299)
[2022-12-31T16:04:02.469+0530][18322.807s] GC(444) Survivor regions: 18->8(39)
[2022-12-31T16:04:02.469+0530][18322.807s] GC(444) Old regions: 53->53
[2022-12-31T16:04:02.469+0530][18322.807s] GC(444) Humongous regions: 7->7
[2022-12-31T16:04:02.469+0530][18322.807s] GC(444) Metaspace: 65272K->65272K(1107968K)
[2022-12-31T16:04:02.469+0530][18322.807s] GC(444) Pause Young (Normal) (G1 Evacuation Pause) 366M->67M(512M) 4.641ms
[2022-12-31T16:04:02.469+0530][18322.807s] GC(444) User=0.00s Sys=0.00s Real=0.00s
[2022-12-31T16:05:00.864+0530][18381.201s] GC(445) Pause Young (Normal) (G1 Evacuation Pause)
[2022-12-31T16:05:00.864+0530][18381.202s] GC(445) Using 8 workers of 8 for evacuation
[2022-12-31T16:05:00.869+0530][18381.206s] GC(445)   Pre Evacuate Collection Set: 0.0ms
[2022-12-31T16:05:00.869+0530][18381.206s] GC(445)   Evacuate Collection Set: 3.4ms
[2022-12-31T16:05:00.869+0530][18381.206s] GC(445)   Post Evacuate Collection Set: 0.5ms
[2022-12-31T16:05:00.869+0530][18381.206s] GC(445)   Other: 0.3ms
[2022-12-31T16:05:00.869+0530][18381.206s] GC(445) Eden regions: 299->0(290)
[2022-12-31T16:05:00.869+0530][18381.206s] GC(445) Survivor regions: 8->17(39)
[2022-12-31T16:05:00.869+0530][18381.206s] GC(445) Old regions: 53->53
[2022-12-31T16:05:00.869+0530][18381.206s] GC(445) Humongous regions: 7->7
[2022-12-31T16:05:00.869+0530][18381.206s] GC(445) Metaspace: 65272K->65272K(1107968K)
[2022-12-31T16:05:00.869+0530][18381.206s] GC(445) Pause Young (Normal) (G1 Evacuation Pause) 366M->76M(512M) 4.694ms
[2022-12-31T16:05:00.869+0530][18381.206s] GC(445) User=0.00s Sys=0.00s Real=0.00s
[2022-12-31T16:05:02.113+0530][18382.451s] GC(446) Pause Young (Normal) (G1 Evacuation Pause)
[2022-12-31T16:05:02.113+0530][18382.451s] GC(446) Using 8 workers of 8 for evacuation
[2022-12-31T16:05:02.117+0530][18382.454s] GC(446)   Pre Evacuate Collection Set: 0.0ms
[2022-12-31T16:05:02.117+0530][18382.455s] GC(446)   Evacuate Collection Set: 3.1ms
[2022-12-31T16:05:02.117+0530][18382.455s] GC(446)   Post Evacuate Collection Set: 0.4ms
[2022-12-31T16:05:02.117+0530][18382.455s] GC(446)   Other: 0.3ms
[2022-12-31T16:05:02.117+0530][18382.455s] GC(446) Eden regions: 290->0(299)
[2022-12-31T16:05:02.117+0530][18382.455s] GC(446) Survivor regions: 17->8(39)
[2022-12-31T16:05:02.117+0530][18382.455s] GC(446) Old regions: 53->53
[2022-12-31T16:05:02.117+0530][18382.455s] GC(446) Humongous regions: 7->7
[2022-12-31T16:05:02.117+0530][18382.455s] GC(446) Metaspace: 65272K->65272K(1107968K)
[2022-12-31T16:05:02.117+0530][18382.455s] GC(446) Pause Young (Normal) (G1 Evacuation Pause) 366M->66M(512M) 4.380ms
[2022-12-31T16:05:02.117+0530][18382.455s] GC(446) User=0.00s Sys=0.00s Real=0.00s
[2022-12-31T16:06:00.358+0530][18440.695s] GC(447) Pause Young (Normal) (G1 Evacuation Pause)
[2022-12-31T16:06:00.358+0530][18440.695s] GC(447) Using 8 workers of 8 for evacuation
[2022-12-31T16:06:00.362+0530][18440.700s] GC(447)   Pre Evacuate Collection Set: 0.0ms
[2022-12-31T16:06:00.362+0530][18440.700s] GC(447)   Evacuate Collection Set: 3.8ms
[2022-12-31T16:06:00.362+0530][18440.700s] GC(447)   Post Evacuate Collection Set: 0.4ms
[2022-12-31T16:06:00.362+0530][18440.700s] GC(447)   Other: 0.3ms
[2022-12-31T16:06:00.362+0530][18440.700s] GC(447) Eden regions: 299->0(290)
[2022-12-31T16:06:00.363+0530][18440.700s] GC(447) Survivor regions: 8->17(39)
[2022-12-31T16:06:00.363+0530][18440.700s] GC(447) Old regions: 53->53
[2022-12-31T16:06:00.363+0530][18440.700s] GC(447) Humongous regions: 7->7
[2022-12-31T16:06:00.363+0530][18440.700s] GC(447) Metaspace: 65272K->65272K(1107968K)
[2022-12-31T16:06:00.363+0530][18440.700s] GC(447) Pause Young (Normal) (G1 Evacuation Pause) 365M->76M(512M) 5.003ms
[2022-12-31T16:06:00.363+0530][18440.700s] GC(447) User=0.00s Sys=0.00s Real=0.00s
[2022-12-31T16:06:01.779+0530][18442.116s] GC(448) Pause Young (Normal) (G1 Evacuation Pause)
[2022-12-31T16:06:01.779+0530][18442.116s] GC(448) Using 8 workers of 8 for evacuation
[2022-12-31T16:06:01.782+0530][18442.120s] GC(448)   Pre Evacuate Collection Set: 0.0ms
[2022-12-31T16:06:01.783+0530][18442.120s] GC(448)   Evacuate Collection Set: 2.9ms
[2022-12-31T16:06:01.783+0530][18442.120s] GC(448)   Post Evacuate Collection Set: 0.4ms
[2022-12-31T16:06:01.783+0530][18442.120s] GC(448)   Other: 0.3ms
[2022-12-31T16:06:01.783+0530][18442.120s] GC(448) Eden regions: 290->0(299)
[2022-12-31T16:06:01.783+0530][18442.120s] GC(448) Survivor regions: 17->8(39)
[2022-12-31T16:06:01.783+0530][18442.120s] GC(448) Old regions: 53->53
[2022-12-31T16:06:01.783+0530][18442.120s] GC(448) Humongous regions: 7->7
[2022-12-31T16:06:01.783+0530][18442.120s] GC(448) Metaspace: 65272K->65272K(1107968K)
[2022-12-31T16:06:01.783+0530][18442.120s] GC(448) Pause Young (Normal) (G1 Evacuation Pause) 366M->67M(512M) 4.122ms
[2022-12-31T16:06:01.783+0530][18442.120s] GC(448) User=0.00s Sys=0.00s Real=0.00s
[2022-12-31T16:07:01.122+0530][18501.459s] GC(449) Pause Young (Normal) (G1 Evacuation Pause)
[2022-12-31T16:07:01.122+0530][18501.459s] GC(449) Using 8 workers of 8 for evacuation
[2022-12-31T16:07:01.126+0530][18501.463s] GC(449)   Pre Evacuate Collection Set: 0.0ms
[2022-12-31T16:07:01.126+0530][18501.463s] GC(449)   Evacuate Collection Set: 3.1ms
[2022-12-31T16:07:01.126+0530][18501.463s] GC(449)   Post Evacuate Collection Set: 0.5ms
[2022-12-31T16:07:01.126+0530][18501.463s] GC(449)   Other: 0.4ms
[2022-12-31T16:07:01.126+0530][18501.463s] GC(449) Eden regions: 299->0(294)
[2022-12-31T16:07:01.126+0530][18501.463s] GC(449) Survivor regions: 8->13(39)
[2022-12-31T16:07:01.126+0530][18501.463s] GC(449) Old regions: 53->53
[2022-12-31T16:07:01.126+0530][18501.464s] GC(449) Humongous regions: 7->7
[2022-12-31T16:07:01.126+0530][18501.464s] GC(449) Metaspace: 65272K->65272K(1107968K)
[2022-12-31T16:07:01.126+0530][18501.464s] GC(449) Pause Young (Normal) (G1 Evacuation Pause) 366M->72M(512M) 4.589ms
[2022-12-31T16:07:01.126+0530][18501.464s] GC(449) User=0.00s Sys=0.00s Real=0.00s
[2022-12-31T16:08:01.358+0530][18561.696s] GC(450) Pause Young (Normal) (G1 Evacuation Pause)
[2022-12-31T16:08:01.358+0530][18561.696s] GC(450) Using 8 workers of 8 for evacuation
[2022-12-31T16:08:01.361+0530][18561.699s] GC(450)   Pre Evacuate Collection Set: 0.0ms
[2022-12-31T16:08:01.361+0530][18561.699s] GC(450)   Evacuate Collection Set: 2.2ms
[2022-12-31T16:08:01.361+0530][18561.699s] GC(450)   Post Evacuate Collection Set: 0.3ms
[2022-12-31T16:08:01.361+0530][18561.699s] GC(450)   Other: 0.3ms
[2022-12-31T16:08:01.362+0530][18561.699s] GC(450) Eden regions: 294->0(298)
[2022-12-31T16:08:01.362+0530][18561.700s] GC(450) Survivor regions: 13->9(39)
[2022-12-31T16:08:01.362+0530][18561.700s] GC(450) Old regions: 53->53
[2022-12-31T16:08:01.362+0530][18561.700s] GC(450) Humongous regions: 7->7
[2022-12-31T16:08:01.362+0530][18561.700s] GC(450) Metaspace: 65272K->65272K(1107968K)
[2022-12-31T16:08:01.362+0530][18561.700s] GC(450) Pause Young (Normal) (G1 Evacuation Pause) 366M->68M(512M) 3.575ms
[2022-12-31T16:08:01.362+0530][18561.700s] GC(450) User=0.00s Sys=0.00s Real=0.00s
[2022-12-31T16:08:02.731+0530][18563.069s] GC(451) Pause Young (Normal) (G1 Evacuation Pause)
[2022-12-31T16:08:02.731+0530][18563.069s] GC(451) Using 8 workers of 8 for evacuation
[2022-12-31T16:08:02.734+0530][18563.072s] GC(451)   Pre Evacuate Collection Set: 0.0ms
[2022-12-31T16:08:02.734+0530][18563.072s] GC(451)   Evacuate Collection Set: 2.1ms
[2022-12-31T16:08:02.734+0530][18563.072s] GC(451)   Post Evacuate Collection Set: 0.4ms
[2022-12-31T16:08:02.734+0530][18563.072s] GC(451)   Other: 0.3ms
[2022-12-31T16:08:02.734+0530][18563.072s] GC(451) Eden regions: 298->0(301)
[2022-12-31T16:08:02.734+0530][18563.072s] GC(451) Survivor regions: 9->6(39)
[2022-12-31T16:08:02.734+0530][18563.072s] GC(451) Old regions: 53->53
[2022-12-31T16:08:02.734+0530][18563.072s] GC(451) Humongous regions: 7->7
[2022-12-31T16:08:02.734+0530][18563.072s] GC(451) Metaspace: 65272K->65272K(1107968K)
[2022-12-31T16:08:02.734+0530][18563.072s] GC(451) Pause Young (Normal) (G1 Evacuation Pause) 366M->65M(512M) 3.210ms
[2022-12-31T16:08:02.734+0530][18563.072s] GC(451) User=0.00s Sys=0.00s Real=0.00s
[2022-12-31T16:09:01.067+0530][18621.404s] GC(452) Pause Young (Normal) (G1 Evacuation Pause)
[2022-12-31T16:09:01.067+0530][18621.405s] GC(452) Using 8 workers of 8 for evacuation
[2022-12-31T16:09:01.074+0530][18621.411s] GC(452)   Pre Evacuate Collection Set: 0.0ms
[2022-12-31T16:09:01.074+0530][18621.412s] GC(452)   Evacuate Collection Set: 6.0ms
[2022-12-31T16:09:01.074+0530][18621.412s] GC(452)   Post Evacuate Collection Set: 0.6ms
[2022-12-31T16:09:01.074+0530][18621.412s] GC(452)   Other: 0.5ms
[2022-12-31T16:09:01.074+0530][18621.412s] GC(452) Eden regions: 301->0(287)
[2022-12-31T16:09:01.075+0530][18621.412s] GC(452) Survivor regions: 6->20(39)
[2022-12-31T16:09:01.075+0530][18621.412s] GC(452) Old regions: 53->53
[2022-12-31T16:09:01.075+0530][18621.412s] GC(452) Humongous regions: 7->7
[2022-12-31T16:09:01.075+0530][18621.412s] GC(452) Metaspace: 65272K->65272K(1107968K)
[2022-12-31T16:09:01.075+0530][18621.413s] GC(452) Pause Young (Normal) (G1 Evacuation Pause) 366M->79M(512M) 8.163ms
[2022-12-31T16:09:01.075+0530][18621.413s] GC(452) User=0.05s Sys=0.06s Real=0.01s
[2022-12-31T16:09:03.400+0530][18623.738s] GC(453) Pause Young (Normal) (G1 Evacuation Pause)
[2022-12-31T16:09:03.401+0530][18623.738s] GC(453) Using 8 workers of 8 for evacuation
[2022-12-31T16:09:03.404+0530][18623.742s] GC(453)   Pre Evacuate Collection Set: 0.0ms
[2022-12-31T16:09:03.404+0530][18623.742s] GC(453)   Evacuate Collection Set: 2.9ms
[2022-12-31T16:09:03.404+0530][18623.742s] GC(453)   Post Evacuate Collection Set: 0.4ms
[2022-12-31T16:09:03.404+0530][18623.742s] GC(453)   Other: 0.5ms
[2022-12-31T16:09:03.405+0530][18623.742s] GC(453) Eden regions: 287->0(301)
[2022-12-31T16:09:03.405+0530][18623.742s] GC(453) Survivor regions: 20->6(39)
[2022-12-31T16:09:03.405+0530][18623.742s] GC(453) Old regions: 53->53
[2022-12-31T16:09:03.405+0530][18623.742s] GC(453) Humongous regions: 7->7
[2022-12-31T16:09:03.405+0530][18623.742s] GC(453) Metaspace: 65272K->65272K(1107968K)
[2022-12-31T16:09:03.405+0530][18623.742s] GC(453) Pause Young (Normal) (G1 Evacuation Pause) 366M->65M(512M) 4.587ms
[2022-12-31T16:09:03.405+0530][18623.742s] GC(453) User=0.00s Sys=0.02s Real=0.00s
[2022-12-31T16:10:01.818+0530][18682.156s] GC(454) Pause Young (Normal) (G1 Evacuation Pause)
[2022-12-31T16:10:01.819+0530][18682.156s] GC(454) Using 8 workers of 8 for evacuation
[2022-12-31T16:10:01.824+0530][18682.161s] GC(454)   Pre Evacuate Collection Set: 0.0ms
[2022-12-31T16:10:01.824+0530][18682.161s] GC(454)   Evacuate Collection Set: 4.4ms
[2022-12-31T16:10:01.824+0530][18682.161s] GC(454)   Post Evacuate Collection Set: 0.6ms
[2022-12-31T16:10:01.824+0530][18682.162s] GC(454)   Other: 0.5ms
[2022-12-31T16:10:01.824+0530][18682.162s] GC(454) Eden regions: 301->0(291)
[2022-12-31T16:10:01.825+0530][18682.162s] GC(454) Survivor regions: 6->16(39)
[2022-12-31T16:10:01.825+0530][18682.162s] GC(454) Old regions: 53->54
[2022-12-31T16:10:01.825+0530][18682.162s] GC(454) Humongous regions: 7->7
[2022-12-31T16:10:01.825+0530][18682.162s] GC(454) Metaspace: 65272K->65272K(1107968K)
[2022-12-31T16:10:01.825+0530][18682.162s] GC(454) Pause Young (Normal) (G1 Evacuation Pause) 366M->76M(512M) 6.682ms
[2022-12-31T16:10:01.825+0530][18682.162s] GC(454) User=0.13s Sys=0.00s Real=0.01s
[2022-12-31T16:10:04.083+0530][18684.421s] GC(455) Pause Young (Normal) (G1 Evacuation Pause)
[2022-12-31T16:10:04.084+0530][18684.421s] GC(455) Using 8 workers of 8 for evacuation
[2022-12-31T16:10:04.088+0530][18684.425s] GC(455)   Pre Evacuate Collection Set: 0.0ms
[2022-12-31T16:10:04.088+0530][18684.425s] GC(455)   Evacuate Collection Set: 3.3ms
[2022-12-31T16:10:04.088+0530][18684.425s] GC(455)   Post Evacuate Collection Set: 0.5ms
[2022-12-31T16:10:04.088+0530][18684.425s] GC(455)   Other: 0.5ms
[2022-12-31T16:10:04.088+0530][18684.425s] GC(455) Eden regions: 291->0(300)
[2022-12-31T16:10:04.088+0530][18684.425s] GC(455) Survivor regions: 16->7(39)
[2022-12-31T16:10:04.088+0530][18684.425s] GC(455) Old regions: 54->54
[2022-12-31T16:10:04.088+0530][18684.425s] GC(455) Humongous regions: 7->7
[2022-12-31T16:10:04.088+0530][18684.426s] GC(455) Metaspace: 65272K->65272K(1107968K)
[2022-12-31T16:10:04.088+0530][18684.426s] GC(455) Pause Young (Normal) (G1 Evacuation Pause) 367M->66M(512M) 5.045ms
[2022-12-31T16:10:04.089+0530][18684.426s] GC(455) User=0.02s Sys=0.00s Real=0.01s
[2022-12-31T16:11:02.514+0530][18742.852s] GC(456) Pause Young (Normal) (G1 Evacuation Pause)
[2022-12-31T16:11:02.515+0530][18742.852s] GC(456) Using 8 workers of 8 for evacuation
[2022-12-31T16:11:02.520+0530][18742.857s] GC(456)   Pre Evacuate Collection Set: 0.0ms
[2022-12-31T16:11:02.520+0530][18742.857s] GC(456)   Evacuate Collection Set: 4.0ms
[2022-12-31T16:11:02.520+0530][18742.858s] GC(456)   Post Evacuate Collection Set: 0.6ms
[2022-12-31T16:11:02.520+0530][18742.858s] GC(456)   Other: 0.6ms
[2022-12-31T16:11:02.520+0530][18742.858s] GC(456) Eden regions: 300->0(293)
[2022-12-31T16:11:02.520+0530][18742.858s] GC(456) Survivor regions: 7->14(39)
[2022-12-31T16:11:02.520+0530][18742.858s] GC(456) Old regions: 54->54
[2022-12-31T16:11:02.521+0530][18742.858s] GC(456) Humongous regions: 7->7
[2022-12-31T16:11:02.521+0530][18742.858s] GC(456) Metaspace: 65272K->65272K(1107968K)
[2022-12-31T16:11:02.521+0530][18742.859s] GC(456) Pause Young (Normal) (G1 Evacuation Pause) 366M->74M(512M) 6.438ms
[2022-12-31T16:11:02.521+0530][18742.859s] GC(456) User=0.00s Sys=0.00s Real=0.01s
[2022-12-31T16:11:05.692+0530][18746.029s] GC(457) Pause Young (Normal) (G1 Evacuation Pause)
[2022-12-31T16:11:05.692+0530][18746.029s] GC(457) Using 8 workers of 8 for evacuation
[2022-12-31T16:11:05.697+0530][18746.034s] GC(457)   Pre Evacuate Collection Set: 0.0ms
[2022-12-31T16:11:05.697+0530][18746.034s] GC(457)   Evacuate Collection Set: 4.0ms
[2022-12-31T16:11:05.697+0530][18746.034s] GC(457)   Post Evacuate Collection Set: 0.5ms
[2022-12-31T16:11:05.697+0530][18746.035s] GC(457)   Other: 0.7ms
[2022-12-31T16:11:05.697+0530][18746.035s] GC(457) Eden regions: 293->0(300)
[2022-12-31T16:11:05.697+0530][18746.035s] GC(457) Survivor regions: 14->7(39)
[2022-12-31T16:11:05.698+0530][18746.035s] GC(457) Old regions: 54->54
[2022-12-31T16:11:05.698+0530][18746.035s] GC(457) Humongous regions: 7->7
[2022-12-31T16:11:05.698+0530][18746.035s] GC(457) Metaspace: 65272K->65272K(1107968K)
[2022-12-31T16:11:05.698+0530][18746.035s] GC(457) Pause Young (Normal) (G1 Evacuation Pause) 367M->66M(512M) 5.977ms
[2022-12-31T16:11:05.698+0530][18746.035s] GC(457) User=0.00s Sys=0.02s Real=0.01s
[2022-12-31T16:12:02.124+0530][18802.461s] GC(458) Pause Young (Normal) (G1 Evacuation Pause)
[2022-12-31T16:12:02.124+0530][18802.461s] GC(458) Using 8 workers of 8 for evacuation
[2022-12-31T16:12:02.129+0530][18802.466s] GC(458)   Pre Evacuate Collection Set: 0.0ms
[2022-12-31T16:12:02.129+0530][18802.467s] GC(458)   Evacuate Collection Set: 4.2ms
[2022-12-31T16:12:02.129+0530][18802.467s] GC(458)   Post Evacuate Collection Set: 0.6ms
[2022-12-31T16:12:02.129+0530][18802.467s] GC(458)   Other: 0.5ms
[2022-12-31T16:12:02.130+0530][18802.467s] GC(458) Eden regions: 300->0(292)
[2022-12-31T16:12:02.130+0530][18802.467s] GC(458) Survivor regions: 7->15(39)
[2022-12-31T16:12:02.130+0530][18802.467s] GC(458) Old regions: 54->54
[2022-12-31T16:12:02.130+0530][18802.467s] GC(458) Humongous regions: 7->7
[2022-12-31T16:12:02.130+0530][18802.467s] GC(458) Metaspace: 65272K->65272K(1107968K)
[2022-12-31T16:12:02.130+0530][18802.467s] GC(458) Pause Young (Normal) (G1 Evacuation Pause) 366M->74M(512M) 6.577ms
[2022-12-31T16:12:02.130+0530][18802.468s] GC(458) User=0.00s Sys=0.00s Real=0.01s
[2022-12-31T16:12:06.631+0530][18806.968s] GC(459) Pause Young (Normal) (G1 Evacuation Pause)
[2022-12-31T16:12:06.631+0530][18806.968s] GC(459) Using 8 workers of 8 for evacuation
[2022-12-31T16:12:06.635+0530][18806.972s] GC(459)   Pre Evacuate Collection Set: 0.0ms
[2022-12-31T16:12:06.635+0530][18806.973s] GC(459)   Evacuate Collection Set: 3.3ms
[2022-12-31T16:12:06.635+0530][18806.973s] GC(459)   Post Evacuate Collection Set: 0.5ms
[2022-12-31T16:12:06.636+0530][18806.973s] GC(459)   Other: 0.6ms
[2022-12-31T16:12:06.636+0530][18806.973s] GC(459) Eden regions: 292->0(301)
[2022-12-31T16:12:06.636+0530][18806.973s] GC(459) Survivor regions: 15->6(39)
[2022-12-31T16:12:06.636+0530][18806.973s] GC(459) Old regions: 54->54
[2022-12-31T16:12:06.636+0530][18806.973s] GC(459) Humongous regions: 7->7
[2022-12-31T16:12:06.636+0530][18806.973s] GC(459) Metaspace: 65272K->65272K(1107968K)
[2022-12-31T16:12:06.636+0530][18806.974s] GC(459) Pause Young (Normal) (G1 Evacuation Pause) 366M->66M(512M) 5.538ms
[2022-12-31T16:12:06.636+0530][18806.974s] GC(459) User=0.02s Sys=0.00s Real=0.00s
[2022-12-31T16:13:03.061+0530][18863.398s] GC(460) Pause Young (Normal) (G1 Evacuation Pause)
[2022-12-31T16:13:03.061+0530][18863.398s] GC(460) Using 8 workers of 8 for evacuation
[2022-12-31T16:13:03.064+0530][18863.401s] GC(460)   Pre Evacuate Collection Set: 0.0ms
[2022-12-31T16:13:03.064+0530][18863.401s] GC(460)   Evacuate Collection Set: 2.1ms
[2022-12-31T16:13:03.064+0530][18863.401s] GC(460)   Post Evacuate Collection Set: 0.5ms
[2022-12-31T16:13:03.064+0530][18863.401s] GC(460)   Other: 0.5ms
[2022-12-31T16:13:03.064+0530][18863.401s] GC(460) Eden regions: 301->0(303)
[2022-12-31T16:13:03.064+0530][18863.401s] GC(460) Survivor regions: 6->4(39)
[2022-12-31T16:13:03.065+0530][18863.402s] GC(460) Old regions: 54->54
[2022-12-31T16:13:03.065+0530][18863.402s] GC(460) Humongous regions: 7->7
[2022-12-31T16:13:03.065+0530][18863.402s] GC(460) Metaspace: 65272K->65272K(1107968K)
[2022-12-31T16:13:03.065+0530][18863.402s] GC(460) Pause Young (Normal) (G1 Evacuation Pause) 367M->64M(512M) 4.426ms
[2022-12-31T16:13:03.065+0530][18863.402s] GC(460) User=0.00s Sys=0.00s Real=0.00s
[2022-12-31T16:14:01.466+0530][18921.804s] GC(461) Pause Young (Normal) (G1 Evacuation Pause)
[2022-12-31T16:14:01.467+0530][18921.804s] GC(461) Using 8 workers of 8 for evacuation
[2022-12-31T16:14:01.471+0530][18921.809s] GC(461)   Pre Evacuate Collection Set: 0.0ms
[2022-12-31T16:14:01.472+0530][18921.809s] GC(461)   Evacuate Collection Set: 3.9ms
[2022-12-31T16:14:01.472+0530][18921.809s] GC(461)   Post Evacuate Collection Set: 0.5ms
[2022-12-31T16:14:01.472+0530][18921.810s] GC(461)   Other: 0.7ms
[2022-12-31T16:14:01.472+0530][18921.810s] GC(461) Eden regions: 303->0(295)
[2022-12-31T16:14:01.472+0530][18921.810s] GC(461) Survivor regions: 4->12(39)
[2022-12-31T16:14:01.472+0530][18921.810s] GC(461) Old regions: 54->54
[2022-12-31T16:14:01.472+0530][18921.810s] GC(461) Humongous regions: 7->7
[2022-12-31T16:14:01.472+0530][18921.810s] GC(461) Metaspace: 65272K->65272K(1107968K)
[2022-12-31T16:14:01.473+0530][18921.810s] GC(461) Pause Young (Normal) (G1 Evacuation Pause) 367M->71M(512M) 6.385ms
[2022-12-31T16:14:01.473+0530][18921.811s] GC(461) User=0.00s Sys=0.00s Real=0.01s
[2022-12-31T16:14:05.652+0530][18925.989s] GC(462) Pause Young (Normal) (G1 Evacuation Pause)
[2022-12-31T16:14:05.652+0530][18925.990s] GC(462) Using 8 workers of 8 for evacuation
[2022-12-31T16:14:05.655+0530][18925.993s] GC(462)   Pre Evacuate Collection Set: 0.0ms
[2022-12-31T16:14:05.655+0530][18925.993s] GC(462)   Evacuate Collection Set: 2.2ms
[2022-12-31T16:14:05.655+0530][18925.993s] GC(462)   Post Evacuate Collection Set: 0.4ms
[2022-12-31T16:14:05.656+0530][18925.993s] GC(462)   Other: 0.6ms
[2022-12-31T16:14:05.656+0530][18925.993s] GC(462) Eden regions: 295->0(304)
[2022-12-31T16:14:05.656+0530][18925.993s] GC(462) Survivor regions: 12->3(39)
[2022-12-31T16:14:05.656+0530][18925.993s] GC(462) Old regions: 54->54
[2022-12-31T16:14:05.656+0530][18925.994s] GC(462) Humongous regions: 7->7
[2022-12-31T16:14:05.656+0530][18925.994s] GC(462) Metaspace: 65272K->65272K(1107968K)
[2022-12-31T16:14:05.656+0530][18925.994s] GC(462) Pause Young (Normal) (G1 Evacuation Pause) 366M->63M(512M) 4.357ms
[2022-12-31T16:14:05.656+0530][18925.994s] GC(462) User=0.00s Sys=0.00s Real=0.00s
[2022-12-31T16:16:02.158+0530][19042.496s] GC(463) Pause Young (Normal) (G1 Evacuation Pause)
[2022-12-31T16:16:02.158+0530][19042.496s] GC(463) Using 8 workers of 8 for evacuation
[2022-12-31T16:16:02.161+0530][19042.499s] GC(463)   Pre Evacuate Collection Set: 0.0ms
[2022-12-31T16:16:02.162+0530][19042.499s] GC(463)   Evacuate Collection Set: 2.5ms
[2022-12-31T16:16:02.162+0530][19042.500s] GC(463)   Post Evacuate Collection Set: 0.6ms
[2022-12-31T16:16:02.162+0530][19042.500s] GC(463)   Other: 0.6ms
[2022-12-31T16:16:02.162+0530][19042.500s] GC(463) Eden regions: 304->0(303)
[2022-12-31T16:16:02.162+0530][19042.500s] GC(463) Survivor regions: 3->4(39)
[2022-12-31T16:16:02.162+0530][19042.500s] GC(463) Old regions: 54->54
[2022-12-31T16:16:02.162+0530][19042.500s] GC(463) Humongous regions: 7->7
[2022-12-31T16:16:02.162+0530][19042.500s] GC(463) Metaspace: 65272K->65272K(1107968K)
[2022-12-31T16:16:02.163+0530][19042.501s] GC(463) Pause Young (Normal) (G1 Evacuation Pause) 367M->64M(512M) 4.958ms
[2022-12-31T16:16:02.163+0530][19042.501s] GC(463) User=0.00s Sys=0.00s Real=0.01s
[2022-12-31T16:17:03.898+0530][19104.235s] GC(464) Pause Young (Normal) (G1 Evacuation Pause)
[2022-12-31T16:17:03.898+0530][19104.235s] GC(464) Using 8 workers of 8 for evacuation
[2022-12-31T16:17:03.904+0530][19104.241s] GC(464)   Pre Evacuate Collection Set: 0.0ms
[2022-12-31T16:17:03.904+0530][19104.241s] GC(464)   Evacuate Collection Set: 4.3ms
[2022-12-31T16:17:03.904+0530][19104.241s] GC(464)   Post Evacuate Collection Set: 0.7ms
[2022-12-31T16:17:03.904+0530][19104.241s] GC(464)   Other: 1.0ms
[2022-12-31T16:17:03.904+0530][19104.241s] GC(464) Eden regions: 303->0(297)
[2022-12-31T16:17:03.904+0530][19104.242s] GC(464) Survivor regions: 4->10(39)
[2022-12-31T16:17:03.904+0530][19104.242s] GC(464) Old regions: 54->54
[2022-12-31T16:17:03.905+0530][19104.242s] GC(464) Humongous regions: 7->7
[2022-12-31T16:17:03.905+0530][19104.242s] GC(464) Metaspace: 65272K->65272K(1107968K)
[2022-12-31T16:17:03.905+0530][19104.242s] GC(464) Pause Young (Normal) (G1 Evacuation Pause) 367M->69M(512M) 7.269ms
[2022-12-31T16:17:03.905+0530][19104.242s] GC(464) User=0.11s Sys=0.00s Real=0.01s
[2022-12-31T16:18:01.295+0530][19161.632s] GC(465) Pause Young (Normal) (G1 Evacuation Pause)
[2022-12-31T16:18:01.295+0530][19161.632s] GC(465) Using 8 workers of 8 for evacuation
[2022-12-31T16:18:01.300+0530][19161.637s] GC(465)   Pre Evacuate Collection Set: 0.0ms
[2022-12-31T16:18:01.301+0530][19161.638s] GC(465)   Evacuate Collection Set: 4.2ms
[2022-12-31T16:18:01.301+0530][19161.638s] GC(465)   Post Evacuate Collection Set: 0.4ms
[2022-12-31T16:18:01.301+0530][19161.638s] GC(465)   Other: 0.6ms
[2022-12-31T16:18:01.301+0530][19161.638s] GC(465) Eden regions: 297->0(295)
[2022-12-31T16:18:01.301+0530][19161.638s] GC(465) Survivor regions: 10->12(39)
[2022-12-31T16:18:01.301+0530][19161.638s] GC(465) Old regions: 54->54
[2022-12-31T16:18:01.301+0530][19161.638s] GC(465) Humongous regions: 7->7
[2022-12-31T16:18:01.301+0530][19161.638s] GC(465) Metaspace: 65272K->65272K(1107968K)
[2022-12-31T16:18:01.302+0530][19161.638s] GC(465) Pause Young (Normal) (G1 Evacuation Pause) 366M->71M(512M) 6.249ms
[2022-12-31T16:18:01.302+0530][19161.639s] GC(465) User=0.00s Sys=0.00s Real=0.01s
[2022-12-31T16:20:01.177+0530][19281.515s] GC(466) Pause Young (Normal) (G1 Evacuation Pause)
[2022-12-31T16:20:01.177+0530][19281.515s] GC(466) Using 8 workers of 8 for evacuation
[2022-12-31T16:20:01.180+0530][19281.518s] GC(466)   Pre Evacuate Collection Set: 0.0ms
[2022-12-31T16:20:01.180+0530][19281.518s] GC(466)   Evacuate Collection Set: 2.0ms
[2022-12-31T16:20:01.180+0530][19281.518s] GC(466)   Post Evacuate Collection Set: 0.5ms
[2022-12-31T16:20:01.180+0530][19281.518s] GC(466)   Other: 0.5ms
[2022-12-31T16:20:01.180+0530][19281.518s] GC(466) Eden regions: 295->0(304)
[2022-12-31T16:20:01.180+0530][19281.518s] GC(466) Survivor regions: 12->3(39)
[2022-12-31T16:20:01.181+0530][19281.518s] GC(466) Old regions: 54->54
[2022-12-31T16:20:01.181+0530][19281.519s] GC(466) Humongous regions: 7->7
[2022-12-31T16:20:01.181+0530][19281.519s] GC(466) Metaspace: 65272K->65272K(1107968K)
[2022-12-31T16:20:01.181+0530][19281.519s] GC(466) Pause Young (Normal) (G1 Evacuation Pause) 366M->63M(512M) 4.242ms
[2022-12-31T16:20:01.181+0530][19281.519s] GC(466) User=0.00s Sys=0.00s Real=0.00s
[2022-12-31T16:21:00.799+0530][19341.137s] GC(467) Pause Young (Normal) (G1 Evacuation Pause)
[2022-12-31T16:21:00.800+0530][19341.137s] GC(467) Using 8 workers of 8 for evacuation
[2022-12-31T16:21:00.805+0530][19341.142s] GC(467)   Pre Evacuate Collection Set: 0.0ms
[2022-12-31T16:21:00.805+0530][19341.142s] GC(467)   Evacuate Collection Set: 4.1ms
[2022-12-31T16:21:00.805+0530][19341.142s] GC(467)   Post Evacuate Collection Set: 0.5ms
[2022-12-31T16:21:00.805+0530][19341.142s] GC(467)   Other: 0.5ms
[2022-12-31T16:21:00.805+0530][19341.143s] GC(467) Eden regions: 304->0(296)
[2022-12-31T16:21:00.805+0530][19341.143s] GC(467) Survivor regions: 3->11(39)
[2022-12-31T16:21:00.805+0530][19341.143s] GC(467) Old regions: 54->54
[2022-12-31T16:21:00.805+0530][19341.143s] GC(467) Humongous regions: 7->7
[2022-12-31T16:21:00.805+0530][19341.143s] GC(467) Metaspace: 65272K->65272K(1107968K)
[2022-12-31T16:21:00.805+0530][19341.143s] GC(467) Pause Young (Normal) (G1 Evacuation Pause) 367M->71M(512M) 5.976ms
[2022-12-31T16:21:00.806+0530][19341.143s] GC(467) User=0.00s Sys=0.00s Real=0.01s
[2022-12-31T16:22:01.353+0530][19401.691s] GC(468) Pause Young (Normal) (G1 Evacuation Pause)
[2022-12-31T16:22:01.353+0530][19401.691s] GC(468) Using 8 workers of 8 for evacuation
[2022-12-31T16:22:01.358+0530][19401.695s] GC(468)   Pre Evacuate Collection Set: 0.0ms
[2022-12-31T16:22:01.358+0530][19401.696s] GC(468)   Evacuate Collection Set: 3.6ms
[2022-12-31T16:22:01.358+0530][19401.696s] GC(468)   Post Evacuate Collection Set: 0.6ms
[2022-12-31T16:22:01.358+0530][19401.696s] GC(468)   Other: 0.6ms
[2022-12-31T16:22:01.359+0530][19401.696s] GC(468) Eden regions: 296->0(294)
[2022-12-31T16:22:01.359+0530][19401.696s] GC(468) Survivor regions: 11->13(39)
[2022-12-31T16:22:01.359+0530][19401.696s] GC(468) Old regions: 54->54
[2022-12-31T16:22:01.359+0530][19401.696s] GC(468) Humongous regions: 7->7
[2022-12-31T16:22:01.359+0530][19401.697s] GC(468) Metaspace: 65272K->65272K(1107968K)
[2022-12-31T16:22:01.359+0530][19401.697s] GC(468) Pause Young (Normal) (G1 Evacuation Pause) 367M->73M(512M) 6.118ms
[2022-12-31T16:22:01.359+0530][19401.697s] GC(468) User=0.13s Sys=0.00s Real=0.01s
[2022-12-31T16:22:05.512+0530][19405.849s] GC(469) Pause Young (Normal) (G1 Evacuation Pause)
[2022-12-31T16:22:05.512+0530][19405.849s] GC(469) Using 8 workers of 8 for evacuation
[2022-12-31T16:22:05.514+0530][19405.852s] GC(469)   Pre Evacuate Collection Set: 0.0ms
[2022-12-31T16:22:05.515+0530][19405.852s] GC(469)   Evacuate Collection Set: 2.0ms
[2022-12-31T16:22:05.515+0530][19405.852s] GC(469)   Post Evacuate Collection Set: 0.3ms
[2022-12-31T16:22:05.515+0530][19405.852s] GC(469)   Other: 0.6ms
[2022-12-31T16:22:05.515+0530][19405.852s] GC(469) Eden regions: 294->0(303)
[2022-12-31T16:22:05.515+0530][19405.853s] GC(469) Survivor regions: 13->4(39)
[2022-12-31T16:22:05.515+0530][19405.853s] GC(469) Old regions: 54->54
[2022-12-31T16:22:05.515+0530][19405.853s] GC(469) Humongous regions: 7->7
[2022-12-31T16:22:05.516+0530][19405.853s] GC(469) Metaspace: 65272K->65272K(1107968K)
[2022-12-31T16:22:05.516+0530][19405.853s] GC(469) Pause Young (Normal) (G1 Evacuation Pause) 367M->64M(512M) 4.165ms
[2022-12-31T16:22:05.516+0530][19405.853s] GC(469) User=0.00s Sys=0.00s Real=0.00s
[2022-12-31T16:23:00.816+0530][19461.153s] GC(470) Pause Young (Normal) (G1 Evacuation Pause)
[2022-12-31T16:23:00.816+0530][19461.154s] GC(470) Using 8 workers of 8 for evacuation
[2022-12-31T16:23:00.820+0530][19461.157s] GC(470)   Pre Evacuate Collection Set: 0.0ms
[2022-12-31T16:23:00.820+0530][19461.157s] GC(470)   Evacuate Collection Set: 2.7ms
[2022-12-31T16:23:00.820+0530][19461.158s] GC(470)   Post Evacuate Collection Set: 0.5ms
[2022-12-31T16:23:00.820+0530][19461.158s] GC(470)   Other: 0.7ms
[2022-12-31T16:23:00.820+0530][19461.158s] GC(470) Eden regions: 303->0(301)
[2022-12-31T16:23:00.820+0530][19461.158s] GC(470) Survivor regions: 4->6(39)
[2022-12-31T16:23:00.821+0530][19461.158s] GC(470) Old regions: 54->54
[2022-12-31T16:23:00.821+0530][19461.158s] GC(470) Humongous regions: 7->7
[2022-12-31T16:23:00.821+0530][19461.158s] GC(470) Metaspace: 65272K->65272K(1107968K)
[2022-12-31T16:23:00.821+0530][19461.158s] GC(470) Pause Young (Normal) (G1 Evacuation Pause) 367M->66M(512M) 5.094ms
[2022-12-31T16:23:00.821+0530][19461.159s] GC(470) User=0.00s Sys=0.00s Real=0.01s
[2022-12-31T16:24:01.444+0530][19521.782s] GC(471) Pause Young (Normal) (G1 Evacuation Pause)
[2022-12-31T16:24:01.445+0530][19521.782s] GC(471) Using 8 workers of 8 for evacuation
[2022-12-31T16:24:01.448+0530][19521.785s] GC(471)   Pre Evacuate Collection Set: 0.0ms
[2022-12-31T16:24:01.448+0530][19521.786s] GC(471)   Evacuate Collection Set: 2.7ms
[2022-12-31T16:24:01.448+0530][19521.786s] GC(471)   Post Evacuate Collection Set: 0.5ms
[2022-12-31T16:24:01.449+0530][19521.786s] GC(471)   Other: 0.6ms
[2022-12-31T16:24:01.449+0530][19521.786s] GC(471) Eden regions: 301->0(303)
[2022-12-31T16:24:01.449+0530][19521.786s] GC(471) Survivor regions: 6->4(39)
[2022-12-31T16:24:01.449+0530][19521.786s] GC(471) Old regions: 54->54
[2022-12-31T16:24:01.449+0530][19521.786s] GC(471) Humongous regions: 7->7
[2022-12-31T16:24:01.449+0530][19521.787s] GC(471) Metaspace: 65272K->65272K(1107968K)
[2022-12-31T16:24:01.449+0530][19521.787s] GC(471) Pause Young (Normal) (G1 Evacuation Pause) 367M->64M(512M) 5.038ms
[2022-12-31T16:24:01.450+0530][19521.787s] GC(471) User=0.00s Sys=0.02s Real=0.01s
[2022-12-31T16:24:04.409+0530][19524.746s] GC(472) Pause Young (Normal) (G1 Evacuation Pause)
[2022-12-31T16:24:04.409+0530][19524.746s] GC(472) Using 8 workers of 8 for evacuation
[2022-12-31T16:24:04.413+0530][19524.751s] GC(472)   Pre Evacuate Collection Set: 0.0ms
[2022-12-31T16:24:04.414+0530][19524.751s] GC(472)   Evacuate Collection Set: 3.2ms
[2022-12-31T16:24:04.414+0530][19524.751s] GC(472)   Post Evacuate Collection Set: 0.8ms
[2022-12-31T16:24:04.414+0530][19524.751s] GC(472)   Other: 0.6ms
[2022-12-31T16:24:04.414+0530][19524.752s] GC(472) Eden regions: 303->0(302)
[2022-12-31T16:24:04.414+0530][19524.752s] GC(472) Survivor regions: 4->5(39)
[2022-12-31T16:24:04.414+0530][19524.752s] GC(472) Old regions: 54->54
[2022-12-31T16:24:04.414+0530][19524.752s] GC(472) Humongous regions: 7->7
[2022-12-31T16:24:04.414+0530][19524.752s] GC(472) Metaspace: 65272K->65272K(1107968K)
[2022-12-31T16:24:04.415+0530][19524.752s] GC(472) Pause Young (Normal) (G1 Evacuation Pause) 367M->65M(512M) 5.964ms
[2022-12-31T16:24:04.415+0530][19524.752s] GC(472) User=0.00s Sys=0.00s Real=0.01s
[2022-12-31T16:25:02.462+0530][19582.799s] GC(473) Pause Young (Normal) (G1 Evacuation Pause)
[2022-12-31T16:25:02.462+0530][19582.799s] GC(473) Using 8 workers of 8 for evacuation
[2022-12-31T16:25:02.467+0530][19582.804s] GC(473)   Pre Evacuate Collection Set: 0.0ms
[2022-12-31T16:25:02.467+0530][19582.804s] GC(473)   Evacuate Collection Set: 3.9ms
[2022-12-31T16:25:02.467+0530][19582.804s] GC(473)   Post Evacuate Collection Set: 0.6ms
[2022-12-31T16:25:02.467+0530][19582.804s] GC(473)   Other: 0.5ms
[2022-12-31T16:25:02.467+0530][19582.805s] GC(473) Eden regions: 302->0(296)
[2022-12-31T16:25:02.468+0530][19582.805s] GC(473) Survivor regions: 5->11(39)
[2022-12-31T16:25:02.468+0530][19582.805s] GC(473) Old regions: 54->54
[2022-12-31T16:25:02.468+0530][19582.805s] GC(473) Humongous regions: 7->7
[2022-12-31T16:25:02.468+0530][19582.805s] GC(473) Metaspace: 65272K->65272K(1107968K)
[2022-12-31T16:25:02.468+0530][19582.805s] GC(473) Pause Young (Normal) (G1 Evacuation Pause) 367M->71M(512M) 6.193ms
[2022-12-31T16:25:02.468+0530][19582.805s] GC(473) User=0.11s Sys=0.00s Real=0.01s
[2022-12-31T16:25:06.137+0530][19586.474s] GC(474) Pause Young (Normal) (G1 Evacuation Pause)
[2022-12-31T16:25:06.137+0530][19586.475s] GC(474) Using 8 workers of 8 for evacuation
[2022-12-31T16:25:06.140+0530][19586.477s] GC(474)   Pre Evacuate Collection Set: 0.0ms
[2022-12-31T16:25:06.140+0530][19586.477s] GC(474)   Evacuate Collection Set: 1.8ms
[2022-12-31T16:25:06.140+0530][19586.478s] GC(474)   Post Evacuate Collection Set: 0.4ms
[2022-12-31T16:25:06.140+0530][19586.478s] GC(474)   Other: 0.6ms
[2022-12-31T16:25:06.141+0530][19586.478s] GC(474) Eden regions: 296->0(304)
[2022-12-31T16:25:06.141+0530][19586.478s] GC(474) Survivor regions: 11->3(39)
[2022-12-31T16:25:06.141+0530][19586.478s] GC(474) Old regions: 54->54
[2022-12-31T16:25:06.141+0530][19586.478s] GC(474) Humongous regions: 7->7
[2022-12-31T16:25:06.141+0530][19586.478s] GC(474) Metaspace: 65272K->65272K(1107968K)
[2022-12-31T16:25:06.141+0530][19586.478s] GC(474) Pause Young (Normal) (G1 Evacuation Pause) 367M->63M(512M) 3.966ms
[2022-12-31T16:25:06.141+0530][19586.479s] GC(474) User=0.00s Sys=0.00s Real=0.00s
[2022-12-31T16:26:04.404+0530][19644.742s] GC(475) Pause Young (Normal) (G1 Evacuation Pause)
[2022-12-31T16:26:04.405+0530][19644.742s] GC(475) Using 8 workers of 8 for evacuation
[2022-12-31T16:26:04.407+0530][19644.745s] GC(475)   Pre Evacuate Collection Set: 0.0ms
[2022-12-31T16:26:04.408+0530][19644.745s] GC(475)   Evacuate Collection Set: 2.1ms
[2022-12-31T16:26:04.408+0530][19644.745s] GC(475)   Post Evacuate Collection Set: 0.4ms
[2022-12-31T16:26:04.408+0530][19644.745s] GC(475)   Other: 0.6ms
[2022-12-31T16:26:04.408+0530][19644.746s] GC(475) Eden regions: 304->0(304)
[2022-12-31T16:26:04.408+0530][19644.746s] GC(475) Survivor regions: 3->3(39)
[2022-12-31T16:26:04.408+0530][19644.746s] GC(475) Old regions: 54->54
[2022-12-31T16:26:04.408+0530][19644.746s] GC(475) Humongous regions: 7->7
[2022-12-31T16:26:04.409+0530][19644.746s] GC(475) Metaspace: 65272K->65272K(1107968K)
[2022-12-31T16:26:04.409+0530][19644.746s] GC(475) Pause Young (Normal) (G1 Evacuation Pause) 367M->63M(512M) 4.399ms
[2022-12-31T16:26:04.409+0530][19644.746s] GC(475) User=0.00s Sys=0.00s Real=0.00s
[2022-12-31T16:27:03.780+0530][19704.118s] GC(476) Pause Young (Normal) (G1 Evacuation Pause)
[2022-12-31T16:27:03.780+0530][19704.118s] GC(476) Using 8 workers of 8 for evacuation
[2022-12-31T16:27:03.785+0530][19704.123s] GC(476)   Pre Evacuate Collection Set: 0.0ms
[2022-12-31T16:27:03.785+0530][19704.123s] GC(476)   Evacuate Collection Set: 4.2ms
[2022-12-31T16:27:03.786+0530][19704.123s] GC(476)   Post Evacuate Collection Set: 0.6ms
[2022-12-31T16:27:03.786+0530][19704.123s] GC(476)   Other: 0.6ms
[2022-12-31T16:27:03.786+0530][19704.124s] GC(476) Eden regions: 304->0(302)
[2022-12-31T16:27:03.786+0530][19704.124s] GC(476) Survivor regions: 3->5(39)
[2022-12-31T16:27:03.786+0530][19704.124s] GC(476) Old regions: 54->54
[2022-12-31T16:27:03.786+0530][19704.124s] GC(476) Humongous regions: 7->7
[2022-12-31T16:27:03.786+0530][19704.124s] GC(476) Metaspace: 65272K->65272K(1107968K)
[2022-12-31T16:27:03.786+0530][19704.124s] GC(476) Pause Young (Normal) (G1 Evacuation Pause) 367M->65M(512M) 6.593ms
[2022-12-31T16:27:03.787+0530][19704.124s] GC(476) User=0.00s Sys=0.00s Real=0.01s
[2022-12-31T16:28:02.366+0530][19762.703s] GC(477) Pause Young (Normal) (G1 Evacuation Pause)
[2022-12-31T16:28:02.366+0530][19762.704s] GC(477) Using 8 workers of 8 for evacuation
[2022-12-31T16:28:02.371+0530][19762.708s] GC(477)   Pre Evacuate Collection Set: 0.0ms
[2022-12-31T16:28:02.371+0530][19762.708s] GC(477)   Evacuate Collection Set: 3.5ms
[2022-12-31T16:28:02.371+0530][19762.708s] GC(477)   Post Evacuate Collection Set: 0.6ms
[2022-12-31T16:28:02.372+0530][19762.709s] GC(477)   Other: 0.7ms
[2022-12-31T16:28:02.372+0530][19762.709s] GC(477) Eden regions: 302->0(299)
[2022-12-31T16:28:02.372+0530][19762.709s] GC(477) Survivor regions: 5->8(39)
[2022-12-31T16:28:02.372+0530][19762.709s] GC(477) Old regions: 54->54
[2022-12-31T16:28:02.372+0530][19762.709s] GC(477) Humongous regions: 7->7
[2022-12-31T16:28:02.372+0530][19762.709s] GC(477) Metaspace: 65272K->65272K(1107968K)
[2022-12-31T16:28:02.372+0530][19762.709s] GC(477) Pause Young (Normal) (G1 Evacuation Pause) 367M->68M(512M) 6.187ms
[2022-12-31T16:28:02.373+0530][19762.710s] GC(477) User=0.13s Sys=0.00s Real=0.01s
[2022-12-31T16:28:06.423+0530][19766.760s] GC(478) Pause Young (Normal) (G1 Evacuation Pause)
[2022-12-31T16:28:06.423+0530][19766.760s] GC(478) Using 8 workers of 8 for evacuation
[2022-12-31T16:28:06.426+0530][19766.764s] GC(478)   Pre Evacuate Collection Set: 0.0ms
[2022-12-31T16:28:06.427+0530][19766.764s] GC(478)   Evacuate Collection Set: 2.6ms
[2022-12-31T16:28:06.427+0530][19766.764s] GC(478)   Post Evacuate Collection Set: 0.4ms
[2022-12-31T16:28:06.427+0530][19766.764s] GC(478)   Other: 0.4ms
[2022-12-31T16:28:06.427+0530][19766.764s] GC(478) Eden regions: 299->0(302)
[2022-12-31T16:28:06.427+0530][19766.764s] GC(478) Survivor regions: 8->5(39)
[2022-12-31T16:28:06.427+0530][19766.764s] GC(478) Old regions: 54->54
[2022-12-31T16:28:06.427+0530][19766.764s] GC(478) Humongous regions: 7->7
[2022-12-31T16:28:06.427+0530][19766.765s] GC(478) Metaspace: 65272K->65272K(1107968K)
[2022-12-31T16:28:06.428+0530][19766.765s] GC(478) Pause Young (Normal) (G1 Evacuation Pause) 367M->65M(512M) 4.633ms
[2022-12-31T16:28:06.428+0530][19766.765s] GC(478) User=0.00s Sys=0.00s Real=0.00s
[2022-12-31T16:30:01.158+0530][19881.495s] GC(479) Pause Young (Normal) (G1 Evacuation Pause)
[2022-12-31T16:30:01.158+0530][19881.495s] GC(479) Using 8 workers of 8 for evacuation
[2022-12-31T16:30:01.165+0530][19881.502s] GC(479)   Pre Evacuate Collection Set: 0.0ms
[2022-12-31T16:30:01.165+0530][19881.502s] GC(479)   Evacuate Collection Set: 5.6ms
[2022-12-31T16:30:01.165+0530][19881.502s] GC(479)   Post Evacuate Collection Set: 0.5ms
[2022-12-31T16:30:01.165+0530][19881.502s] GC(479)   Other: 0.7ms
[2022-12-31T16:30:01.165+0530][19881.502s] GC(479) Eden regions: 302->0(297)
[2022-12-31T16:30:01.166+0530][19881.503s] GC(479) Survivor regions: 5->10(39)
[2022-12-31T16:30:01.166+0530][19881.503s] GC(479) Old regions: 54->54
[2022-12-31T16:30:01.166+0530][19881.503s] GC(479) Humongous regions: 7->7
[2022-12-31T16:30:01.166+0530][19881.503s] GC(479) Metaspace: 65273K->65273K(1107968K)
[2022-12-31T16:30:01.166+0530][19881.503s] GC(479) Pause Young (Normal) (G1 Evacuation Pause) 367M->70M(512M) 8.271ms
[2022-12-31T16:30:01.166+0530][19881.503s] GC(479) User=0.00s Sys=0.00s Real=0.01s
[2022-12-31T16:31:01.822+0530][19942.160s] GC(480) Pause Young (Normal) (G1 Evacuation Pause)
[2022-12-31T16:31:01.822+0530][19942.160s] GC(480) Using 8 workers of 8 for evacuation
[2022-12-31T16:31:01.825+0530][19942.163s] GC(480)   Pre Evacuate Collection Set: 0.0ms
[2022-12-31T16:31:01.826+0530][19942.163s] GC(480)   Evacuate Collection Set: 2.9ms
[2022-12-31T16:31:01.826+0530][19942.164s] GC(480)   Post Evacuate Collection Set: 0.4ms
[2022-12-31T16:31:01.826+0530][19942.164s] GC(480)   Other: 0.4ms
[2022-12-31T16:31:01.826+0530][19942.164s] GC(480) Eden regions: 297->0(299)
[2022-12-31T16:31:01.826+0530][19942.164s] GC(480) Survivor regions: 10->8(39)
[2022-12-31T16:31:01.826+0530][19942.164s] GC(480) Old regions: 54->54
[2022-12-31T16:31:01.826+0530][19942.164s] GC(480) Humongous regions: 7->7
[2022-12-31T16:31:01.826+0530][19942.164s] GC(480) Metaspace: 65273K->65273K(1107968K)
[2022-12-31T16:31:01.826+0530][19942.164s] GC(480) Pause Young (Normal) (G1 Evacuation Pause) 367M->68M(512M) 4.461ms
[2022-12-31T16:31:01.826+0530][19942.164s] GC(480) User=0.09s Sys=0.02s Real=0.00s
[2022-12-31T16:32:01.543+0530][20001.880s] GC(481) Pause Young (Normal) (G1 Evacuation Pause)
[2022-12-31T16:32:01.543+0530][20001.880s] GC(481) Using 8 workers of 8 for evacuation
[2022-12-31T16:32:01.548+0530][20001.885s] GC(481)   Pre Evacuate Collection Set: 0.0ms
[2022-12-31T16:32:01.548+0530][20001.885s] GC(481)   Evacuate Collection Set: 3.7ms
[2022-12-31T16:32:01.548+0530][20001.885s] GC(481)   Post Evacuate Collection Set: 0.5ms
[2022-12-31T16:32:01.548+0530][20001.885s] GC(481)   Other: 0.5ms
[2022-12-31T16:32:01.548+0530][20001.886s] GC(481) Eden regions: 299->0(297)
[2022-12-31T16:32:01.548+0530][20001.886s] GC(481) Survivor regions: 8->10(39)
[2022-12-31T16:32:01.549+0530][20001.886s] GC(481) Old regions: 54->54
[2022-12-31T16:32:01.549+0530][20001.886s] GC(481) Humongous regions: 7->7
[2022-12-31T16:32:01.549+0530][20001.886s] GC(481) Metaspace: 65273K->65273K(1107968K)
[2022-12-31T16:32:01.549+0530][20001.886s] GC(481) Pause Young (Normal) (G1 Evacuation Pause) 367M->70M(512M) 5.972ms
[2022-12-31T16:32:01.549+0530][20001.886s] GC(481) User=0.00s Sys=0.00s Real=0.01s
[2022-12-31T16:34:01.984+0530][20122.322s] GC(482) Pause Young (Normal) (G1 Evacuation Pause)
[2022-12-31T16:34:01.984+0530][20122.322s] GC(482) Using 8 workers of 8 for evacuation
[2022-12-31T16:34:01.989+0530][20122.326s] GC(482)   Pre Evacuate Collection Set: 0.0ms
[2022-12-31T16:34:01.989+0530][20122.326s] GC(482)   Evacuate Collection Set: 3.2ms
[2022-12-31T16:34:01.989+0530][20122.326s] GC(482)   Post Evacuate Collection Set: 0.6ms
[2022-12-31T16:34:01.989+0530][20122.327s] GC(482)   Other: 0.6ms
[2022-12-31T16:34:01.989+0530][20122.327s] GC(482) Eden regions: 297->0(299)
[2022-12-31T16:34:01.989+0530][20122.327s] GC(482) Survivor regions: 10->8(39)
[2022-12-31T16:34:01.989+0530][20122.327s] GC(482) Old regions: 54->55
[2022-12-31T16:34:01.990+0530][20122.327s] GC(482) Humongous regions: 7->7
[2022-12-31T16:34:01.990+0530][20122.327s] GC(482) Metaspace: 65273K->65273K(1107968K)
[2022-12-31T16:34:01.990+0530][20122.327s] GC(482) Pause Young (Normal) (G1 Evacuation Pause) 367M->68M(512M) 5.540ms
[2022-12-31T16:34:01.990+0530][20122.327s] GC(482) User=0.00s Sys=0.00s Real=0.01s
[2022-12-31T16:35:02.403+0530][20182.740s] GC(483) Pause Young (Normal) (G1 Evacuation Pause)
[2022-12-31T16:35:02.403+0530][20182.741s] GC(483) Using 8 workers of 8 for evacuation
[2022-12-31T16:35:02.408+0530][20182.745s] GC(483)   Pre Evacuate Collection Set: 0.0ms
[2022-12-31T16:35:02.408+0530][20182.745s] GC(483)   Evacuate Collection Set: 3.7ms
[2022-12-31T16:35:02.408+0530][20182.746s] GC(483)   Post Evacuate Collection Set: 0.5ms
[2022-12-31T16:35:02.409+0530][20182.746s] GC(483)   Other: 0.6ms
[2022-12-31T16:35:02.409+0530][20182.746s] GC(483) Eden regions: 299->0(301)
[2022-12-31T16:35:02.409+0530][20182.746s] GC(483) Survivor regions: 8->6(39)
[2022-12-31T16:35:02.409+0530][20182.746s] GC(483) Old regions: 55->55
[2022-12-31T16:35:02.409+0530][20182.746s] GC(483) Humongous regions: 7->7
[2022-12-31T16:35:02.409+0530][20182.746s] GC(483) Metaspace: 65273K->65273K(1107968K)
[2022-12-31T16:35:02.409+0530][20182.746s] GC(483) Pause Young (Normal) (G1 Evacuation Pause) 367M->67M(512M) 6.006ms
[2022-12-31T16:35:02.409+0530][20182.746s] GC(483) User=0.00s Sys=0.00s Real=0.01s
[2022-12-31T16:36:02.415+0530][20242.752s] GC(484) Pause Young (Normal) (G1 Evacuation Pause)
[2022-12-31T16:36:02.415+0530][20242.753s] GC(484) Using 8 workers of 8 for evacuation
[2022-12-31T16:36:02.419+0530][20242.756s] GC(484)   Pre Evacuate Collection Set: 0.0ms
[2022-12-31T16:36:02.419+0530][20242.757s] GC(484)   Evacuate Collection Set: 2.9ms
[2022-12-31T16:36:02.419+0530][20242.757s] GC(484)   Post Evacuate Collection Set: 0.5ms
[2022-12-31T16:36:02.419+0530][20242.757s] GC(484)   Other: 0.6ms
[2022-12-31T16:36:02.420+0530][20242.757s] GC(484) Eden regions: 301->0(303)
[2022-12-31T16:36:02.420+0530][20242.757s] GC(484) Survivor regions: 6->4(39)
[2022-12-31T16:36:02.420+0530][20242.757s] GC(484) Old regions: 55->55
[2022-12-31T16:36:02.420+0530][20242.757s] GC(484) Humongous regions: 7->7
[2022-12-31T16:36:02.420+0530][20242.757s] GC(484) Metaspace: 65273K->65273K(1107968K)
[2022-12-31T16:36:02.420+0530][20242.758s] GC(484) Pause Young (Normal) (G1 Evacuation Pause) 368M->65M(512M) 5.271ms
[2022-12-31T16:36:02.420+0530][20242.758s] GC(484) User=0.11s Sys=0.00s Real=0.01s
[2022-12-31T16:37:01.857+0530][20302.195s] GC(485) Pause Young (Normal) (G1 Evacuation Pause)
[2022-12-31T16:37:01.858+0530][20302.195s] GC(485) Using 8 workers of 8 for evacuation
[2022-12-31T16:37:01.862+0530][20302.200s] GC(485)   Pre Evacuate Collection Set: 0.0ms
[2022-12-31T16:37:01.863+0530][20302.200s] GC(485)   Evacuate Collection Set: 3.8ms
[2022-12-31T16:37:01.863+0530][20302.200s] GC(485)   Post Evacuate Collection Set: 0.6ms
[2022-12-31T16:37:01.863+0530][20302.200s] GC(485)   Other: 0.6ms
[2022-12-31T16:37:01.863+0530][20302.200s] GC(485) Eden regions: 303->0(295)
[2022-12-31T16:37:01.863+0530][20302.200s] GC(485) Survivor regions: 4->12(39)
[2022-12-31T16:37:01.863+0530][20302.201s] GC(485) Old regions: 55->55
[2022-12-31T16:37:01.863+0530][20302.201s] GC(485) Humongous regions: 7->7
[2022-12-31T16:37:01.863+0530][20302.201s] GC(485) Metaspace: 65273K->65273K(1107968K)
[2022-12-31T16:37:01.864+0530][20302.201s] GC(485) Pause Young (Normal) (G1 Evacuation Pause) 368M->72M(512M) 6.145ms
[2022-12-31T16:37:01.864+0530][20302.201s] GC(485) User=0.00s Sys=0.00s Real=0.01s
[2022-12-31T16:37:05.578+0530][20305.916s] GC(486) Pause Young (Normal) (G1 Evacuation Pause)
[2022-12-31T16:37:05.579+0530][20305.916s] GC(486) Using 8 workers of 8 for evacuation
[2022-12-31T16:37:05.582+0530][20305.919s] GC(486)   Pre Evacuate Collection Set: 0.0ms
[2022-12-31T16:37:05.582+0530][20305.919s] GC(486)   Evacuate Collection Set: 2.5ms
[2022-12-31T16:37:05.582+0530][20305.920s] GC(486)   Post Evacuate Collection Set: 0.4ms
[2022-12-31T16:37:05.582+0530][20305.920s] GC(486)   Other: 0.5ms
[2022-12-31T16:37:05.582+0530][20305.920s] GC(486) Eden regions: 295->0(304)
[2022-12-31T16:37:05.582+0530][20305.920s] GC(486) Survivor regions: 12->3(39)
[2022-12-31T16:37:05.583+0530][20305.920s] GC(486) Old regions: 55->55
[2022-12-31T16:37:05.583+0530][20305.920s] GC(486) Humongous regions: 7->7
[2022-12-31T16:37:05.583+0530][20305.920s] GC(486) Metaspace: 65273K->65273K(1107968K)
[2022-12-31T16:37:05.583+0530][20305.920s] GC(486) Pause Young (Normal) (G1 Evacuation Pause) 367M->63M(512M) 4.605ms
[2022-12-31T16:37:05.583+0530][20305.921s] GC(486) User=0.00s Sys=0.00s Real=0.00s
[2022-12-31T16:38:02.893+0530][20363.230s] GC(487) Pause Young (Normal) (G1 Evacuation Pause)
[2022-12-31T16:38:02.893+0530][20363.230s] GC(487) Using 8 workers of 8 for evacuation
[2022-12-31T16:38:02.897+0530][20363.234s] GC(487)   Pre Evacuate Collection Set: 0.0ms
[2022-12-31T16:38:02.897+0530][20363.234s] GC(487)   Evacuate Collection Set: 2.9ms
[2022-12-31T16:38:02.897+0530][20363.234s] GC(487)   Post Evacuate Collection Set: 0.6ms
[2022-12-31T16:38:02.897+0530][20363.234s] GC(487)   Other: 0.5ms
[2022-12-31T16:38:02.897+0530][20363.234s] GC(487) Eden regions: 304->0(302)
[2022-12-31T16:38:02.897+0530][20363.234s] GC(487) Survivor regions: 3->5(39)
[2022-12-31T16:38:02.897+0530][20363.235s] GC(487) Old regions: 55->55
[2022-12-31T16:38:02.898+0530][20363.235s] GC(487) Humongous regions: 7->7
[2022-12-31T16:38:02.898+0530][20363.235s] GC(487) Metaspace: 65273K->65273K(1107968K)
[2022-12-31T16:38:02.898+0530][20363.235s] GC(487) Pause Young (Normal) (G1 Evacuation Pause) 367M->65M(512M) 5.254ms
[2022-12-31T16:38:02.898+0530][20363.235s] GC(487) User=0.00s Sys=0.00s Real=0.01s
[2022-12-31T16:40:01.405+0530][20481.743s] GC(488) Pause Young (Normal) (G1 Evacuation Pause)
[2022-12-31T16:40:01.405+0530][20481.743s] GC(488) Using 8 workers of 8 for evacuation
[2022-12-31T16:40:01.410+0530][20481.747s] GC(488)   Pre Evacuate Collection Set: 0.0ms
[2022-12-31T16:40:01.410+0530][20481.747s] GC(488)   Evacuate Collection Set: 3.5ms
[2022-12-31T16:40:01.410+0530][20481.748s] GC(488)   Post Evacuate Collection Set: 0.6ms
[2022-12-31T16:40:01.410+0530][20481.748s] GC(488)   Other: 0.6ms
[2022-12-31T16:40:01.410+0530][20481.748s] GC(488) Eden regions: 302->0(297)
[2022-12-31T16:40:01.411+0530][20481.748s] GC(488) Survivor regions: 5->10(39)
[2022-12-31T16:40:01.411+0530][20481.748s] GC(488) Old regions: 55->55
[2022-12-31T16:40:01.411+0530][20481.748s] GC(488) Humongous regions: 7->7
[2022-12-31T16:40:01.411+0530][20481.748s] GC(488) Metaspace: 65273K->65273K(1107968K)
[2022-12-31T16:40:01.411+0530][20481.748s] GC(488) Pause Young (Normal) (G1 Evacuation Pause) 367M->70M(512M) 5.876ms
[2022-12-31T16:40:01.411+0530][20481.749s] GC(488) User=0.00s Sys=0.00s Real=0.01s
[2022-12-31T16:40:03.265+0530][20483.602s] GC(489) Pause Young (Normal) (G1 Evacuation Pause)
[2022-12-31T16:40:03.265+0530][20483.603s] GC(489) Using 8 workers of 8 for evacuation
[2022-12-31T16:40:03.270+0530][20483.608s] GC(489)   Pre Evacuate Collection Set: 0.0ms
[2022-12-31T16:40:03.271+0530][20483.608s] GC(489)   Evacuate Collection Set: 4.3ms
[2022-12-31T16:40:03.271+0530][20483.608s] GC(489)   Post Evacuate Collection Set: 0.5ms
[2022-12-31T16:40:03.271+0530][20483.608s] GC(489)   Other: 0.7ms
[2022-12-31T16:40:03.271+0530][20483.608s] GC(489) Eden regions: 297->0(300)
[2022-12-31T16:40:03.271+0530][20483.608s] GC(489) Survivor regions: 10->7(39)
[2022-12-31T16:40:03.271+0530][20483.609s] GC(489) Old regions: 55->55
[2022-12-31T16:40:03.271+0530][20483.609s] GC(489) Humongous regions: 7->7
[2022-12-31T16:40:03.271+0530][20483.609s] GC(489) Metaspace: 65273K->65273K(1107968K)
[2022-12-31T16:40:03.272+0530][20483.609s] GC(489) Pause Young (Normal) (G1 Evacuation Pause) 367M->67M(512M) 6.658ms
[2022-12-31T16:40:03.272+0530][20483.609s] GC(489) User=0.00s Sys=0.00s Real=0.01s
[2022-12-31T16:41:01.543+0530][20541.880s] GC(490) Pause Young (Normal) (G1 Evacuation Pause)
[2022-12-31T16:41:01.543+0530][20541.880s] GC(490) Using 8 workers of 8 for evacuation
[2022-12-31T16:41:01.548+0530][20541.885s] GC(490)   Pre Evacuate Collection Set: 0.0ms
[2022-12-31T16:41:01.548+0530][20541.885s] GC(490)   Evacuate Collection Set: 4.2ms
[2022-12-31T16:41:01.548+0530][20541.885s] GC(490)   Post Evacuate Collection Set: 0.6ms
[2022-12-31T16:41:01.548+0530][20541.885s] GC(490)   Other: 0.5ms
[2022-12-31T16:41:01.548+0530][20541.885s] GC(490) Eden regions: 300->0(292)
[2022-12-31T16:41:01.548+0530][20541.886s] GC(490) Survivor regions: 7->15(39)
[2022-12-31T16:41:01.548+0530][20541.886s] GC(490) Old regions: 55->55
[2022-12-31T16:41:01.549+0530][20541.886s] GC(490) Humongous regions: 7->7
[2022-12-31T16:41:01.549+0530][20541.886s] GC(490) Metaspace: 65273K->65273K(1107968K)
[2022-12-31T16:41:01.549+0530][20541.886s] GC(490) Pause Young (Normal) (G1 Evacuation Pause) 367M->76M(512M) 6.244ms
[2022-12-31T16:41:01.549+0530][20541.886s] GC(490) User=0.00s Sys=0.00s Real=0.01s
[2022-12-31T16:41:05.039+0530][20545.377s] GC(491) Pause Young (Normal) (G1 Evacuation Pause)
[2022-12-31T16:41:05.039+0530][20545.377s] GC(491) Using 8 workers of 8 for evacuation
[2022-12-31T16:41:05.044+0530][20545.381s] GC(491)   Pre Evacuate Collection Set: 0.0ms
[2022-12-31T16:41:05.044+0530][20545.382s] GC(491)   Evacuate Collection Set: 3.5ms
[2022-12-31T16:41:05.044+0530][20545.382s] GC(491)   Post Evacuate Collection Set: 0.5ms
[2022-12-31T16:41:05.044+0530][20545.382s] GC(491)   Other: 0.5ms
[2022-12-31T16:41:05.044+0530][20545.382s] GC(491) Eden regions: 292->0(300)
[2022-12-31T16:41:05.044+0530][20545.382s] GC(491) Survivor regions: 15->7(39)
[2022-12-31T16:41:05.044+0530][20545.382s] GC(491) Old regions: 55->55
[2022-12-31T16:41:05.045+0530][20545.382s] GC(491) Humongous regions: 7->7
[2022-12-31T16:41:05.045+0530][20545.382s] GC(491) Metaspace: 65273K->65273K(1107968K)
[2022-12-31T16:41:05.045+0530][20545.383s] GC(491) Pause Young (Normal) (G1 Evacuation Pause) 368M->67M(512M) 5.492ms
[2022-12-31T16:41:05.045+0530][20545.383s] GC(491) User=0.13s Sys=0.00s Real=0.01s
[2023-01-01T14:28:01.866+0530][98972.961s] GC(492) Pause Young (Normal) (G1 Evacuation Pause)
[2023-01-01T14:28:01.866+0530][98972.961s] GC(492) Using 8 workers of 8 for evacuation
[2023-01-01T14:28:01.871+0530][98972.965s] GC(492)   Pre Evacuate Collection Set: 0.0ms
[2023-01-01T14:28:01.871+0530][98972.966s] GC(492)   Evacuate Collection Set: 3.0ms
[2023-01-01T14:28:01.871+0530][98972.966s] GC(492)   Post Evacuate Collection Set: 0.6ms
[2023-01-01T14:28:01.871+0530][98972.966s] GC(492)   Other: 1.2ms
[2023-01-01T14:28:01.871+0530][98972.966s] GC(492) Eden regions: 300->0(300)
[2023-01-01T14:28:01.871+0530][98972.966s] GC(492) Survivor regions: 7->7(39)
[2023-01-01T14:28:01.871+0530][98972.966s] GC(492) Old regions: 55->55
[2023-01-01T14:28:01.872+0530][98972.966s] GC(492) Humongous regions: 7->7
[2023-01-01T14:28:01.872+0530][98972.966s] GC(492) Metaspace: 65273K->65273K(1107968K)
[2023-01-01T14:28:01.872+0530][98972.967s] GC(492) Pause Young (Normal) (G1 Evacuation Pause) 367M->68M(512M) 6.041ms
[2023-01-01T14:28:01.872+0530][98972.967s] GC(492) User=0.13s Sys=0.00s Real=0.01s
[2023-01-01T14:29:01.327+0530][99032.421s] GC(493) Pause Young (Normal) (G1 Evacuation Pause)
[2023-01-01T14:29:01.327+0530][99032.421s] GC(493) Using 8 workers of 8 for evacuation
[2023-01-01T14:29:01.331+0530][99032.426s] GC(493)   Pre Evacuate Collection Set: 0.0ms
[2023-01-01T14:29:01.331+0530][99032.426s] GC(493)   Evacuate Collection Set: 3.5ms
[2023-01-01T14:29:01.332+0530][99032.426s] GC(493)   Post Evacuate Collection Set: 0.6ms
[2023-01-01T14:29:01.332+0530][99032.426s] GC(493)   Other: 0.4ms
[2023-01-01T14:29:01.332+0530][99032.426s] GC(493) Eden regions: 300->0(294)
[2023-01-01T14:29:01.332+0530][99032.426s] GC(493) Survivor regions: 7->13(39)
[2023-01-01T14:29:01.332+0530][99032.426s] GC(493) Old regions: 55->55
[2023-01-01T14:29:01.332+0530][99032.426s] GC(493) Humongous regions: 7->7
[2023-01-01T14:29:01.332+0530][99032.426s] GC(493) Metaspace: 65274K->65274K(1107968K)
[2023-01-01T14:29:01.332+0530][99032.426s] GC(493) Pause Young (Normal) (G1 Evacuation Pause) 368M->73M(512M) 5.248ms
[2023-01-01T14:29:01.332+0530][99032.427s] GC(493) User=0.00s Sys=0.00s Real=0.01s
[2023-01-01T14:29:03.768+0530][99034.862s] GC(494) Pause Young (Normal) (G1 Evacuation Pause)
[2023-01-01T14:29:03.768+0530][99034.862s] GC(494) Using 8 workers of 8 for evacuation
[2023-01-01T14:29:03.770+0530][99034.864s] GC(494)   Pre Evacuate Collection Set: 0.0ms
[2023-01-01T14:29:03.770+0530][99034.864s] GC(494)   Evacuate Collection Set: 1.6ms
[2023-01-01T14:29:03.770+0530][99034.864s] GC(494)   Post Evacuate Collection Set: 0.3ms
[2023-01-01T14:29:03.770+0530][99034.864s] GC(494)   Other: 0.3ms
[2023-01-01T14:29:03.770+0530][99034.864s] GC(494) Eden regions: 294->0(304)
[2023-01-01T14:29:03.770+0530][99034.864s] GC(494) Survivor regions: 13->3(39)
[2023-01-01T14:29:03.770+0530][99034.864s] GC(494) Old regions: 55->55
[2023-01-01T14:29:03.770+0530][99034.864s] GC(494) Humongous regions: 7->7
[2023-01-01T14:29:03.770+0530][99034.864s] GC(494) Metaspace: 65274K->65274K(1107968K)
[2023-01-01T14:29:03.770+0530][99034.864s] GC(494) Pause Young (Normal) (G1 Evacuation Pause) 367M->64M(512M) 2.819ms
[2023-01-01T14:29:03.771+0530][99034.864s] GC(494) User=0.00s Sys=0.00s Real=0.00s
[2023-01-01T14:30:02.480+0530][99093.575s] GC(495) Pause Young (Normal) (G1 Evacuation Pause)
[2023-01-01T14:30:02.480+0530][99093.575s] GC(495) Using 8 workers of 8 for evacuation
[2023-01-01T14:30:02.483+0530][99093.578s] GC(495)   Pre Evacuate Collection Set: 0.0ms
[2023-01-01T14:30:02.483+0530][99093.578s] GC(495)   Evacuate Collection Set: 1.9ms
[2023-01-01T14:30:02.484+0530][99093.578s] GC(495)   Post Evacuate Collection Set: 0.6ms
[2023-01-01T14:30:02.484+0530][99093.578s] GC(495)   Other: 0.5ms
[2023-01-01T14:30:02.484+0530][99093.578s] GC(495) Eden regions: 304->0(303)
[2023-01-01T14:30:02.484+0530][99093.578s] GC(495) Survivor regions: 3->4(39)
[2023-01-01T14:30:02.484+0530][99093.578s] GC(495) Old regions: 55->55
[2023-01-01T14:30:02.484+0530][99093.579s] GC(495) Humongous regions: 7->7
[2023-01-01T14:30:02.484+0530][99093.579s] GC(495) Metaspace: 65274K->65274K(1107968K)
[2023-01-01T14:30:02.484+0530][99093.579s] GC(495) Pause Young (Normal) (G1 Evacuation Pause) 368M->64M(512M) 3.992ms
[2023-01-01T14:30:02.484+0530][99093.579s] GC(495) User=0.00s Sys=0.00s Real=0.00s
[2023-01-01T14:30:05.189+0530][99096.283s] GC(496) Pause Young (Normal) (G1 Evacuation Pause)
[2023-01-01T14:30:05.189+0530][99096.283s] GC(496) Using 8 workers of 8 for evacuation
[2023-01-01T14:30:05.193+0530][99096.287s] GC(496)   Pre Evacuate Collection Set: 0.0ms
[2023-01-01T14:30:05.193+0530][99096.287s] GC(496)   Evacuate Collection Set: 2.9ms
[2023-01-01T14:30:05.193+0530][99096.287s] GC(496)   Post Evacuate Collection Set: 0.5ms
[2023-01-01T14:30:05.193+0530][99096.287s] GC(496)   Other: 0.3ms
[2023-01-01T14:30:05.193+0530][99096.287s] GC(496) Eden regions: 303->0(301)
[2023-01-01T14:30:05.193+0530][99096.287s] GC(496) Survivor regions: 4->6(39)
[2023-01-01T14:30:05.193+0530][99096.288s] GC(496) Old regions: 55->55
[2023-01-01T14:30:05.193+0530][99096.288s] GC(496) Humongous regions: 7->7
[2023-01-01T14:30:05.193+0530][99096.288s] GC(496) Metaspace: 65274K->65274K(1107968K)
[2023-01-01T14:30:05.193+0530][99096.288s] GC(496) Pause Young (Normal) (G1 Evacuation Pause) 367M->67M(512M) 4.613ms
[2023-01-01T14:30:05.194+0530][99096.288s] GC(496) User=0.00s Sys=0.00s Real=0.01s
[2023-01-01T14:31:01.939+0530][99153.033s] GC(497) Pause Young (Normal) (G1 Evacuation Pause)
[2023-01-01T14:31:01.939+0530][99153.033s] GC(497) Using 8 workers of 8 for evacuation
[2023-01-01T14:31:01.943+0530][99153.037s] GC(497)   Pre Evacuate Collection Set: 0.0ms
[2023-01-01T14:31:01.943+0530][99153.037s] GC(497)   Evacuate Collection Set: 3.5ms
[2023-01-01T14:31:01.943+0530][99153.038s] GC(497)   Post Evacuate Collection Set: 0.4ms
[2023-01-01T14:31:01.943+0530][99153.038s] GC(497)   Other: 0.4ms
[2023-01-01T14:31:01.943+0530][99153.038s] GC(497) Eden regions: 301->0(297)
[2023-01-01T14:31:01.944+0530][99153.038s] GC(497) Survivor regions: 6->10(39)
[2023-01-01T14:31:01.944+0530][99153.038s] GC(497) Old regions: 55->55
[2023-01-01T14:31:01.944+0530][99153.038s] GC(497) Humongous regions: 7->7
[2023-01-01T14:31:01.944+0530][99153.038s] GC(497) Metaspace: 65274K->65274K(1107968K)
[2023-01-01T14:31:01.944+0530][99153.038s] GC(497) Pause Young (Normal) (G1 Evacuation Pause) 368M->71M(512M) 5.252ms
[2023-01-01T14:31:01.944+0530][99153.038s] GC(497) User=0.00s Sys=0.00s Real=0.01s
[2023-01-01T14:31:04.683+0530][99155.777s] GC(498) Pause Young (Normal) (G1 Evacuation Pause)
[2023-01-01T14:31:04.683+0530][99155.777s] GC(498) Using 8 workers of 8 for evacuation
[2023-01-01T14:31:04.685+0530][99155.780s] GC(498)   Pre Evacuate Collection Set: 0.0ms
[2023-01-01T14:31:04.686+0530][99155.780s] GC(498)   Evacuate Collection Set: 1.8ms
[2023-01-01T14:31:04.686+0530][99155.780s] GC(498)   Post Evacuate Collection Set: 0.4ms
[2023-01-01T14:31:04.686+0530][99155.780s] GC(498)   Other: 0.4ms
[2023-01-01T14:31:04.686+0530][99155.780s] GC(498) Eden regions: 297->0(304)
[2023-01-01T14:31:04.686+0530][99155.780s] GC(498) Survivor regions: 10->3(39)
[2023-01-01T14:31:04.686+0530][99155.780s] GC(498) Old regions: 55->55
[2023-01-01T14:31:04.686+0530][99155.780s] GC(498) Humongous regions: 7->7
[2023-01-01T14:31:04.686+0530][99155.780s] GC(498) Metaspace: 65274K->65274K(1107968K)
[2023-01-01T14:31:04.686+0530][99155.781s] GC(498) Pause Young (Normal) (G1 Evacuation Pause) 368M->64M(512M) 3.514ms
[2023-01-01T14:31:04.686+0530][99155.781s] GC(498) User=0.00s Sys=0.00s Real=0.00s
[2023-01-01T14:32:02.049+0530][99213.144s] GC(499) Pause Young (Normal) (G1 Evacuation Pause)
[2023-01-01T14:32:02.049+0530][99213.144s] GC(499) Using 8 workers of 8 for evacuation
[2023-01-01T14:32:02.053+0530][99213.148s] GC(499)   Pre Evacuate Collection Set: 0.0ms
[2023-01-01T14:32:02.054+0530][99213.148s] GC(499)   Evacuate Collection Set: 3.2ms
[2023-01-01T14:32:02.054+0530][99213.148s] GC(499)   Post Evacuate Collection Set: 0.4ms
[2023-01-01T14:32:02.054+0530][99213.148s] GC(499)   Other: 0.6ms
[2023-01-01T14:32:02.054+0530][99213.148s] GC(499) Eden regions: 304->0(301)
[2023-01-01T14:32:02.054+0530][99213.148s] GC(499) Survivor regions: 3->6(39)
[2023-01-01T14:32:02.054+0530][99213.148s] GC(499) Old regions: 55->55
[2023-01-01T14:32:02.054+0530][99213.148s] GC(499) Humongous regions: 7->7
[2023-01-01T14:32:02.054+0530][99213.148s] GC(499) Metaspace: 65274K->65274K(1107968K)
[2023-01-01T14:32:02.054+0530][99213.148s] GC(499) Pause Young (Normal) (G1 Evacuation Pause) 368M->67M(512M) 4.855ms
[2023-01-01T14:32:02.054+0530][99213.149s] GC(499) User=0.00s Sys=0.00s Real=0.00s
[2023-01-01T14:33:00.900+0530][99271.995s] GC(500) Pause Young (Normal) (G1 Evacuation Pause)
[2023-01-01T14:33:00.900+0530][99271.995s] GC(500) Using 8 workers of 8 for evacuation
[2023-01-01T14:33:00.903+0530][99271.998s] GC(500)   Pre Evacuate Collection Set: 0.0ms
[2023-01-01T14:33:00.904+0530][99271.998s] GC(500)   Evacuate Collection Set: 2.2ms
[2023-01-01T14:33:00.904+0530][99271.998s] GC(500)   Post Evacuate Collection Set: 0.5ms
[2023-01-01T14:33:00.904+0530][99271.998s] GC(500)   Other: 0.4ms
[2023-01-01T14:33:00.904+0530][99271.998s] GC(500) Eden regions: 301->0(301)
[2023-01-01T14:33:00.904+0530][99271.998s] GC(500) Survivor regions: 6->6(39)
[2023-01-01T14:33:00.904+0530][99271.998s] GC(500) Old regions: 55->55
[2023-01-01T14:33:00.904+0530][99271.999s] GC(500) Humongous regions: 7->7
[2023-01-01T14:33:00.904+0530][99271.999s] GC(500) Metaspace: 65274K->65274K(1107968K)
[2023-01-01T14:33:00.904+0530][99271.999s] GC(500) Pause Young (Normal) (G1 Evacuation Pause) 368M->67M(512M) 3.952ms
[2023-01-01T14:33:00.904+0530][99271.999s] GC(500) User=0.00s Sys=0.06s Real=0.00s
[2023-01-01T14:33:02.089+0530][99273.184s] GC(501) Pause Young (Normal) (G1 Evacuation Pause)
[2023-01-01T14:33:02.089+0530][99273.184s] GC(501) Using 8 workers of 8 for evacuation
[2023-01-01T14:33:02.092+0530][99273.186s] GC(501)   Pre Evacuate Collection Set: 0.0ms
[2023-01-01T14:33:02.092+0530][99273.187s] GC(501)   Evacuate Collection Set: 2.2ms
[2023-01-01T14:33:02.092+0530][99273.187s] GC(501)   Post Evacuate Collection Set: 0.4ms
[2023-01-01T14:33:02.092+0530][99273.187s] GC(501)   Other: 0.4ms
[2023-01-01T14:33:02.093+0530][99273.187s] GC(501) Eden regions: 301->0(303)
[2023-01-01T14:33:02.093+0530][99273.187s] GC(501) Survivor regions: 6->4(39)
[2023-01-01T14:33:02.093+0530][99273.187s] GC(501) Old regions: 55->55
[2023-01-01T14:33:02.093+0530][99273.187s] GC(501) Humongous regions: 7->7
[2023-01-01T14:33:02.093+0530][99273.187s] GC(501) Metaspace: 65274K->65274K(1107968K)
[2023-01-01T14:33:02.093+0530][99273.187s] GC(501) Pause Young (Normal) (G1 Evacuation Pause) 368M->65M(512M) 3.577ms
[2023-01-01T14:33:02.093+0530][99273.187s] GC(501) User=0.00s Sys=0.00s Real=0.00s
[2023-01-01T14:34:00.412+0530][99331.506s] GC(502) Pause Young (Normal) (G1 Evacuation Pause)
[2023-01-01T14:34:00.412+0530][99331.506s] GC(502) Using 8 workers of 8 for evacuation
[2023-01-01T14:34:00.418+0530][99331.512s] GC(502)   Pre Evacuate Collection Set: 0.0ms
[2023-01-01T14:34:00.418+0530][99331.512s] GC(502)   Evacuate Collection Set: 4.8ms
[2023-01-01T14:34:00.418+0530][99331.512s] GC(502)   Post Evacuate Collection Set: 0.4ms
[2023-01-01T14:34:00.418+0530][99331.512s] GC(502)   Other: 0.4ms
[2023-01-01T14:34:00.418+0530][99331.512s] GC(502) Eden regions: 303->0(289)
[2023-01-01T14:34:00.418+0530][99331.512s] GC(502) Survivor regions: 4->18(39)
[2023-01-01T14:34:00.418+0530][99331.512s] GC(502) Old regions: 55->55
[2023-01-01T14:34:00.418+0530][99331.512s] GC(502) Humongous regions: 7->7
[2023-01-01T14:34:00.418+0530][99331.512s] GC(502) Metaspace: 65274K->65274K(1107968K)
[2023-01-01T14:34:00.418+0530][99331.512s] GC(502) Pause Young (Normal) (G1 Evacuation Pause) 368M->79M(512M) 6.250ms
[2023-01-01T14:34:00.418+0530][99331.512s] GC(502) User=0.06s Sys=0.06s Real=0.01s
[2023-01-01T14:34:02.412+0530][99333.506s] GC(503) Pause Young (Normal) (G1 Evacuation Pause)
[2023-01-01T14:34:02.412+0530][99333.506s] GC(503) Using 8 workers of 8 for evacuation
[2023-01-01T14:34:02.415+0530][99333.510s] GC(503)   Pre Evacuate Collection Set: 0.0ms
[2023-01-01T14:34:02.416+0530][99333.510s] GC(503)   Evacuate Collection Set: 2.9ms
[2023-01-01T14:34:02.416+0530][99333.510s] GC(503)   Post Evacuate Collection Set: 0.4ms
[2023-01-01T14:34:02.416+0530][99333.510s] GC(503)   Other: 0.3ms
[2023-01-01T14:34:02.416+0530][99333.510s] GC(503) Eden regions: 289->0(300)
[2023-01-01T14:34:02.416+0530][99333.510s] GC(503) Survivor regions: 18->7(39)
[2023-01-01T14:34:02.416+0530][99333.510s] GC(503) Old regions: 55->55
[2023-01-01T14:34:02.416+0530][99333.510s] GC(503) Humongous regions: 7->7
[2023-01-01T14:34:02.416+0530][99333.510s] GC(503) Metaspace: 65274K->65274K(1107968K)
[2023-01-01T14:34:02.416+0530][99333.510s] GC(503) Pause Young (Normal) (G1 Evacuation Pause) 368M->68M(512M) 4.365ms
[2023-01-01T14:34:02.416+0530][99333.511s] GC(503) User=0.00s Sys=0.00s Real=0.00s
[2023-01-01T14:35:01.152+0530][99392.246s] GC(504) Pause Young (Normal) (G1 Evacuation Pause)
[2023-01-01T14:35:01.152+0530][99392.246s] GC(504) Using 8 workers of 8 for evacuation
[2023-01-01T14:35:01.156+0530][99392.250s] GC(504)   Pre Evacuate Collection Set: 0.0ms
[2023-01-01T14:35:01.156+0530][99392.250s] GC(504)   Evacuate Collection Set: 3.1ms
[2023-01-01T14:35:01.156+0530][99392.250s] GC(504)   Post Evacuate Collection Set: 0.4ms
[2023-01-01T14:35:01.156+0530][99392.250s] GC(504)   Other: 0.3ms
[2023-01-01T14:35:01.156+0530][99392.250s] GC(504) Eden regions: 300->0(296)
[2023-01-01T14:35:01.156+0530][99392.250s] GC(504) Survivor regions: 7->11(39)
[2023-01-01T14:35:01.156+0530][99392.250s] GC(504) Old regions: 55->55
[2023-01-01T14:35:01.156+0530][99392.250s] GC(504) Humongous regions: 7->7
[2023-01-01T14:35:01.156+0530][99392.250s] GC(504) Metaspace: 65274K->65274K(1107968K)
[2023-01-01T14:35:01.156+0530][99392.251s] GC(504) Pause Young (Normal) (G1 Evacuation Pause) 368M->72M(512M) 4.549ms
[2023-01-01T14:35:01.156+0530][99392.251s] GC(504) User=0.00s Sys=0.00s Real=0.00s
[2023-01-01T14:35:03.268+0530][99394.363s] GC(505) Pause Young (Normal) (G1 Evacuation Pause)
[2023-01-01T14:35:03.268+0530][99394.363s] GC(505) Using 8 workers of 8 for evacuation
[2023-01-01T14:35:03.271+0530][99394.365s] GC(505)   Pre Evacuate Collection Set: 0.0ms
[2023-01-01T14:35:03.271+0530][99394.366s] GC(505)   Evacuate Collection Set: 1.8ms
[2023-01-01T14:35:03.271+0530][99394.366s] GC(505)   Post Evacuate Collection Set: 0.4ms
[2023-01-01T14:35:03.271+0530][99394.366s] GC(505)   Other: 0.3ms
[2023-01-01T14:35:03.271+0530][99394.366s] GC(505) Eden regions: 296->0(304)
[2023-01-01T14:35:03.271+0530][99394.366s] GC(505) Survivor regions: 11->3(39)
[2023-01-01T14:35:03.271+0530][99394.366s] GC(505) Old regions: 55->55
[2023-01-01T14:35:03.271+0530][99394.366s] GC(505) Humongous regions: 7->7
[2023-01-01T14:35:03.271+0530][99394.366s] GC(505) Metaspace: 65274K->65274K(1107968K)
[2023-01-01T14:35:03.271+0530][99394.366s] GC(505) Pause Young (Normal) (G1 Evacuation Pause) 368M->64M(512M) 3.101ms
[2023-01-01T14:35:03.272+0530][99394.366s] GC(505) User=0.00s Sys=0.00s Real=0.00s
[2023-01-01T14:36:01.638+0530][99452.732s] GC(506) Pause Young (Normal) (G1 Evacuation Pause)
[2023-01-01T14:36:01.638+0530][99452.732s] GC(506) Using 8 workers of 8 for evacuation
[2023-01-01T14:36:01.640+0530][99452.734s] GC(506)   Pre Evacuate Collection Set: 0.0ms
[2023-01-01T14:36:01.640+0530][99452.735s] GC(506)   Evacuate Collection Set: 1.8ms
[2023-01-01T14:36:01.640+0530][99452.735s] GC(506)   Post Evacuate Collection Set: 0.3ms
[2023-01-01T14:36:01.640+0530][99452.735s] GC(506)   Other: 0.3ms
[2023-01-01T14:36:01.640+0530][99452.735s] GC(506) Eden regions: 304->0(303)
[2023-01-01T14:36:01.640+0530][99452.735s] GC(506) Survivor regions: 3->4(39)
[2023-01-01T14:36:01.640+0530][99452.735s] GC(506) Old regions: 55->55
[2023-01-01T14:36:01.641+0530][99452.735s] GC(506) Humongous regions: 7->7
[2023-01-01T14:36:01.641+0530][99452.735s] GC(506) Metaspace: 65274K->65274K(1107968K)
[2023-01-01T14:36:01.641+0530][99452.735s] GC(506) Pause Young (Normal) (G1 Evacuation Pause) 368M->65M(512M) 2.916ms
[2023-01-01T14:36:01.641+0530][99452.735s] GC(506) User=0.00s Sys=0.00s Real=0.00s
[2023-01-01T14:37:01.849+0530][99512.943s] GC(507) Pause Young (Normal) (G1 Evacuation Pause)
[2023-01-01T14:37:01.849+0530][99512.943s] GC(507) Using 8 workers of 8 for evacuation
[2023-01-01T14:37:01.851+0530][99512.946s] GC(507)   Pre Evacuate Collection Set: 0.0ms
[2023-01-01T14:37:01.852+0530][99512.946s] GC(507)   Evacuate Collection Set: 2.0ms
[2023-01-01T14:37:01.852+0530][99512.946s] GC(507)   Post Evacuate Collection Set: 0.4ms
[2023-01-01T14:37:01.852+0530][99512.946s] GC(507)   Other: 0.4ms
[2023-01-01T14:37:01.852+0530][99512.946s] GC(507) Eden regions: 303->0(301)
[2023-01-01T14:37:01.852+0530][99512.946s] GC(507) Survivor regions: 4->6(39)
[2023-01-01T14:37:01.852+0530][99512.946s] GC(507) Old regions: 55->55
[2023-01-01T14:37:01.852+0530][99512.946s] GC(507) Humongous regions: 7->7
[2023-01-01T14:37:01.852+0530][99512.946s] GC(507) Metaspace: 65274K->65274K(1107968K)
[2023-01-01T14:37:01.852+0530][99512.946s] GC(507) Pause Young (Normal) (G1 Evacuation Pause) 368M->67M(512M) 3.306ms
[2023-01-01T14:37:01.852+0530][99512.946s] GC(507) User=0.00s Sys=0.00s Real=0.00s
[2023-01-01T14:38:00.382+0530][99571.476s] GC(508) Pause Young (Normal) (G1 Evacuation Pause)
[2023-01-01T14:38:00.382+0530][99571.476s] GC(508) Using 8 workers of 8 for evacuation
[2023-01-01T14:38:00.385+0530][99571.479s] GC(508)   Pre Evacuate Collection Set: 0.0ms
[2023-01-01T14:38:00.385+0530][99571.479s] GC(508)   Evacuate Collection Set: 2.2ms
[2023-01-01T14:38:00.385+0530][99571.479s] GC(508)   Post Evacuate Collection Set: 0.4ms
[2023-01-01T14:38:00.385+0530][99571.479s] GC(508)   Other: 0.4ms
[2023-01-01T14:38:00.385+0530][99571.479s] GC(508) Eden regions: 301->0(298)
[2023-01-01T14:38:00.385+0530][99571.479s] GC(508) Survivor regions: 6->9(39)
[2023-01-01T14:38:00.385+0530][99571.479s] GC(508) Old regions: 55->56
[2023-01-01T14:38:00.385+0530][99571.480s] GC(508) Humongous regions: 7->7
[2023-01-01T14:38:00.385+0530][99571.480s] GC(508) Metaspace: 65274K->65274K(1107968K)
[2023-01-01T14:38:00.385+0530][99571.480s] GC(508) Pause Young (Normal) (G1 Evacuation Pause) 368M->70M(512M) 3.655ms
[2023-01-01T14:38:00.386+0530][99571.480s] GC(508) User=0.00s Sys=0.06s Real=0.00s
[2023-01-01T14:38:01.460+0530][99572.554s] GC(509) Pause Young (Normal) (G1 Evacuation Pause)
[2023-01-01T14:38:01.460+0530][99572.554s] GC(509) Using 8 workers of 8 for evacuation
[2023-01-01T14:38:01.463+0530][99572.557s] GC(509)   Pre Evacuate Collection Set: 0.0ms
[2023-01-01T14:38:01.463+0530][99572.557s] GC(509)   Evacuate Collection Set: 2.3ms
[2023-01-01T14:38:01.463+0530][99572.557s] GC(509)   Post Evacuate Collection Set: 0.5ms
[2023-01-01T14:38:01.463+0530][99572.557s] GC(509)   Other: 0.3ms
[2023-01-01T14:38:01.463+0530][99572.557s] GC(509) Eden regions: 298->0(301)
[2023-01-01T14:38:01.463+0530][99572.557s] GC(509) Survivor regions: 9->6(39)
[2023-01-01T14:38:01.463+0530][99572.557s] GC(509) Old regions: 56->56
[2023-01-01T14:38:01.463+0530][99572.557s] GC(509) Humongous regions: 7->7
[2023-01-01T14:38:01.463+0530][99572.557s] GC(509) Metaspace: 65274K->65274K(1107968K)
[2023-01-01T14:38:01.463+0530][99572.557s] GC(509) Pause Young (Normal) (G1 Evacuation Pause) 368M->67M(512M) 3.647ms
[2023-01-01T14:38:01.463+0530][99572.558s] GC(509) User=0.00s Sys=0.00s Real=0.00s
[2023-01-01T14:39:01.656+0530][99632.749s] GC(510) Pause Young (Normal) (G1 Evacuation Pause)
[2023-01-01T14:39:01.656+0530][99632.750s] GC(510) Using 8 workers of 8 for evacuation
[2023-01-01T14:39:01.658+0530][99632.752s] GC(510)   Pre Evacuate Collection Set: 0.0ms
[2023-01-01T14:39:01.658+0530][99632.752s] GC(510)   Evacuate Collection Set: 1.8ms
[2023-01-01T14:39:01.658+0530][99632.752s] GC(510)   Post Evacuate Collection Set: 0.5ms
[2023-01-01T14:39:01.658+0530][99632.752s] GC(510)   Other: 0.3ms
[2023-01-01T14:39:01.658+0530][99632.752s] GC(510) Eden regions: 301->0(300)
[2023-01-01T14:39:01.658+0530][99632.752s] GC(510) Survivor regions: 6->7(39)
[2023-01-01T14:39:01.658+0530][99632.752s] GC(510) Old regions: 56->56
[2023-01-01T14:39:01.659+0530][99632.752s] GC(510) Humongous regions: 7->7
[2023-01-01T14:39:01.659+0530][99632.752s] GC(510) Metaspace: 65274K->65274K(1107968K)
[2023-01-01T14:39:01.659+0530][99632.753s] GC(510) Pause Young (Normal) (G1 Evacuation Pause) 368M->68M(512M) 3.069ms
[2023-01-01T14:39:01.659+0530][99632.753s] GC(510) User=0.00s Sys=0.00s Real=0.00s
[2023-01-01T14:40:00.622+0530][99691.716s] GC(511) Pause Young (Normal) (G1 Evacuation Pause)
[2023-01-01T14:40:00.622+0530][99691.716s] GC(511) Using 8 workers of 8 for evacuation
[2023-01-01T14:40:00.626+0530][99691.720s] GC(511)   Pre Evacuate Collection Set: 0.0ms
[2023-01-01T14:40:00.626+0530][99691.720s] GC(511)   Evacuate Collection Set: 2.6ms
[2023-01-01T14:40:00.626+0530][99691.720s] GC(511)   Post Evacuate Collection Set: 0.5ms
[2023-01-01T14:40:00.626+0530][99691.720s] GC(511)   Other: 0.3ms
[2023-01-01T14:40:00.626+0530][99691.720s] GC(511) Eden regions: 300->0(296)
[2023-01-01T14:40:00.626+0530][99691.720s] GC(511) Survivor regions: 7->11(39)
[2023-01-01T14:40:00.626+0530][99691.720s] GC(511) Old regions: 56->56
[2023-01-01T14:40:00.626+0530][99691.720s] GC(511) Humongous regions: 7->7
[2023-01-01T14:40:00.626+0530][99691.720s] GC(511) Metaspace: 65274K->65274K(1107968K)
[2023-01-01T14:40:00.626+0530][99691.720s] GC(511) Pause Young (Normal) (G1 Evacuation Pause) 368M->72M(512M) 3.900ms
[2023-01-01T14:40:00.626+0530][99691.720s] GC(511) User=0.00s Sys=0.00s Real=0.00s
[2023-01-01T14:41:01.010+0530][99752.104s] GC(512) Pause Young (Normal) (G1 Evacuation Pause)
[2023-01-01T14:41:01.011+0530][99752.105s] GC(512) Using 8 workers of 8 for evacuation
[2023-01-01T14:41:01.013+0530][99752.107s] GC(512)   Pre Evacuate Collection Set: 0.0ms
[2023-01-01T14:41:01.013+0530][99752.107s] GC(512)   Evacuate Collection Set: 1.5ms
[2023-01-01T14:41:01.013+0530][99752.107s] GC(512)   Post Evacuate Collection Set: 0.4ms
[2023-01-01T14:41:01.013+0530][99752.107s] GC(512)   Other: 0.4ms
[2023-01-01T14:41:01.013+0530][99752.107s] GC(512) Eden regions: 296->0(301)
[2023-01-01T14:41:01.013+0530][99752.107s] GC(512) Survivor regions: 11->6(39)
[2023-01-01T14:41:01.013+0530][99752.107s] GC(512) Old regions: 56->56
[2023-01-01T14:41:01.013+0530][99752.107s] GC(512) Humongous regions: 7->7
[2023-01-01T14:41:01.013+0530][99752.107s] GC(512) Metaspace: 65274K->65274K(1107968K)
[2023-01-01T14:41:01.013+0530][99752.107s] GC(512) Pause Young (Normal) (G1 Evacuation Pause) 368M->67M(512M) 2.699ms
[2023-01-01T14:41:01.013+0530][99752.107s] GC(512) User=0.00s Sys=0.06s Real=0.00s
[2023-01-01T14:41:02.129+0530][99753.223s] GC(513) Pause Young (Normal) (G1 Evacuation Pause)
[2023-01-01T14:41:02.129+0530][99753.223s] GC(513) Using 8 workers of 8 for evacuation
[2023-01-01T14:41:02.132+0530][99753.226s] GC(513)   Pre Evacuate Collection Set: 0.0ms
[2023-01-01T14:41:02.132+0530][99753.226s] GC(513)   Evacuate Collection Set: 2.1ms
[2023-01-01T14:41:02.132+0530][99753.226s] GC(513)   Post Evacuate Collection Set: 0.5ms
[2023-01-01T14:41:02.132+0530][99753.226s] GC(513)   Other: 0.3ms
[2023-01-01T14:41:02.132+0530][99753.226s] GC(513) Eden regions: 301->0(301)
[2023-01-01T14:41:02.132+0530][99753.227s] GC(513) Survivor regions: 6->6(39)
[2023-01-01T14:41:02.132+0530][99753.227s] GC(513) Old regions: 56->56
[2023-01-01T14:41:02.132+0530][99753.227s] GC(513) Humongous regions: 7->7
[2023-01-01T14:41:02.133+0530][99753.227s] GC(513) Metaspace: 65274K->65274K(1107968K)
[2023-01-01T14:41:02.133+0530][99753.227s] GC(513) Pause Young (Normal) (G1 Evacuation Pause) 368M->67M(512M) 3.380ms
[2023-01-01T14:41:02.133+0530][99753.227s] GC(513) User=0.00s Sys=0.00s Real=0.00s
[2023-01-01T14:42:00.570+0530][99811.664s] GC(514) Pause Young (Normal) (G1 Evacuation Pause)
[2023-01-01T14:42:00.570+0530][99811.664s] GC(514) Using 8 workers of 8 for evacuation
[2023-01-01T14:42:00.574+0530][99811.667s] GC(514)   Pre Evacuate Collection Set: 0.0ms
[2023-01-01T14:42:00.574+0530][99811.668s] GC(514)   Evacuate Collection Set: 2.6ms
[2023-01-01T14:42:00.574+0530][99811.668s] GC(514)   Post Evacuate Collection Set: 0.5ms
[2023-01-01T14:42:00.574+0530][99811.668s] GC(514)   Other: 0.3ms
[2023-01-01T14:42:00.574+0530][99811.668s] GC(514) Eden regions: 301->0(295)
[2023-01-01T14:42:00.574+0530][99811.668s] GC(514) Survivor regions: 6->12(39)
[2023-01-01T14:42:00.574+0530][99811.668s] GC(514) Old regions: 56->56
[2023-01-01T14:42:00.574+0530][99811.668s] GC(514) Humongous regions: 7->7
[2023-01-01T14:42:00.574+0530][99811.668s] GC(514) Metaspace: 65274K->65274K(1107968K)
[2023-01-01T14:42:00.574+0530][99811.668s] GC(514) Pause Young (Normal) (G1 Evacuation Pause) 368M->74M(512M) 3.844ms
[2023-01-01T14:42:00.574+0530][99811.668s] GC(514) User=0.00s Sys=0.00s Real=0.00s
[2023-01-01T14:43:01.112+0530][99872.206s] GC(515) Pause Young (Normal) (G1 Evacuation Pause)
[2023-01-01T14:43:01.113+0530][99872.207s] GC(515) Using 8 workers of 8 for evacuation
[2023-01-01T14:43:01.116+0530][99872.210s] GC(515)   Pre Evacuate Collection Set: 0.0ms
[2023-01-01T14:43:01.116+0530][99872.210s] GC(515)   Evacuate Collection Set: 2.8ms
[2023-01-01T14:43:01.117+0530][99872.211s] GC(515)   Post Evacuate Collection Set: 0.6ms
[2023-01-01T14:43:01.117+0530][99872.211s] GC(515)   Other: 0.4ms
[2023-01-01T14:43:01.117+0530][99872.211s] GC(515) Eden regions: 295->0(303)
[2023-01-01T14:43:01.117+0530][99872.211s] GC(515) Survivor regions: 12->4(39)
[2023-01-01T14:43:01.117+0530][99872.211s] GC(515) Old regions: 56->56
[2023-01-01T14:43:01.117+0530][99872.211s] GC(515) Humongous regions: 7->7
[2023-01-01T14:43:01.117+0530][99872.211s] GC(515) Metaspace: 65274K->65274K(1107968K)
[2023-01-01T14:43:01.117+0530][99872.211s] GC(515) Pause Young (Normal) (G1 Evacuation Pause) 369M->66M(512M) 4.701ms
[2023-01-01T14:43:01.117+0530][99872.211s] GC(515) User=0.00s Sys=0.00s Real=0.01s
[2023-01-01T14:43:02.157+0530][99873.251s] GC(516) Pause Young (Normal) (G1 Evacuation Pause)
[2023-01-01T14:43:02.157+0530][99873.252s] GC(516) Using 8 workers of 8 for evacuation
[2023-01-01T14:43:02.161+0530][99873.255s] GC(516)   Pre Evacuate Collection Set: 0.0ms
[2023-01-01T14:43:02.161+0530][99873.255s] GC(516)   Evacuate Collection Set: 2.8ms
[2023-01-01T14:43:02.161+0530][99873.255s] GC(516)   Post Evacuate Collection Set: 0.5ms
[2023-01-01T14:43:02.161+0530][99873.255s] GC(516)   Other: 0.3ms
[2023-01-01T14:43:02.161+0530][99873.255s] GC(516) Eden regions: 303->0(300)
[2023-01-01T14:43:02.161+0530][99873.256s] GC(516) Survivor regions: 4->7(39)
[2023-01-01T14:43:02.161+0530][99873.256s] GC(516) Old regions: 56->56
[2023-01-01T14:43:02.161+0530][99873.256s] GC(516) Humongous regions: 7->7
[2023-01-01T14:43:02.161+0530][99873.256s] GC(516) Metaspace: 65274K->65274K(1107968K)
[2023-01-01T14:43:02.161+0530][99873.256s] GC(516) Pause Young (Normal) (G1 Evacuation Pause) 369M->68M(512M) 4.420ms
[2023-01-01T14:43:02.162+0530][99873.256s] GC(516) User=0.00s Sys=0.00s Real=0.00s
[2023-01-01T14:44:00.790+0530][99931.885s] GC(517) Pause Young (Normal) (G1 Evacuation Pause)
[2023-01-01T14:44:00.790+0530][99931.885s] GC(517) Using 8 workers of 8 for evacuation
[2023-01-01T14:44:00.794+0530][99931.888s] GC(517)   Pre Evacuate Collection Set: 0.0ms
[2023-01-01T14:44:00.794+0530][99931.888s] GC(517)   Evacuate Collection Set: 2.7ms
[2023-01-01T14:44:00.794+0530][99931.888s] GC(517)   Post Evacuate Collection Set: 0.3ms
[2023-01-01T14:44:00.794+0530][99931.888s] GC(517)   Other: 0.3ms
[2023-01-01T14:44:00.794+0530][99931.888s] GC(517) Eden regions: 300->0(293)
[2023-01-01T14:44:00.794+0530][99931.889s] GC(517) Survivor regions: 7->14(39)
[2023-01-01T14:44:00.794+0530][99931.889s] GC(517) Old regions: 56->56
[2023-01-01T14:44:00.794+0530][99931.889s] GC(517) Humongous regions: 7->7
[2023-01-01T14:44:00.794+0530][99931.889s] GC(517) Metaspace: 65274K->65274K(1107968K)
[2023-01-01T14:44:00.794+0530][99931.889s] GC(517) Pause Young (Normal) (G1 Evacuation Pause) 368M->76M(512M) 3.827ms
[2023-01-01T14:44:00.794+0530][99931.889s] GC(517) User=0.13s Sys=0.00s Real=0.00s
[2023-01-01T14:44:02.329+0530][99933.423s] GC(518) Pause Young (Normal) (G1 Evacuation Pause)
[2023-01-01T14:44:02.329+0530][99933.423s] GC(518) Using 8 workers of 8 for evacuation
[2023-01-01T14:44:02.332+0530][99933.426s] GC(518)   Pre Evacuate Collection Set: 0.0ms
[2023-01-01T14:44:02.332+0530][99933.427s] GC(518)   Evacuate Collection Set: 2.4ms
[2023-01-01T14:44:02.332+0530][99933.427s] GC(518)   Post Evacuate Collection Set: 0.4ms
[2023-01-01T14:44:02.332+0530][99933.427s] GC(518)   Other: 0.3ms
[2023-01-01T14:44:02.332+0530][99933.427s] GC(518) Eden regions: 293->0(301)
[2023-01-01T14:44:02.332+0530][99933.427s] GC(518) Survivor regions: 14->6(39)
[2023-01-01T14:44:02.332+0530][99933.427s] GC(518) Old regions: 56->56
[2023-01-01T14:44:02.332+0530][99933.427s] GC(518) Humongous regions: 7->7
[2023-01-01T14:44:02.332+0530][99933.427s] GC(518) Metaspace: 65274K->65274K(1107968K)
[2023-01-01T14:44:02.333+0530][99933.427s] GC(518) Pause Young (Normal) (G1 Evacuation Pause) 369M->68M(512M) 3.750ms
[2023-01-01T14:44:02.333+0530][99933.427s] GC(518) User=0.00s Sys=0.00s Real=0.00s
[2023-01-01T14:45:01.633+0530][99992.728s] GC(519) Pause Young (Normal) (G1 Evacuation Pause)
[2023-01-01T14:45:01.633+0530][99992.728s] GC(519) Using 8 workers of 8 for evacuation
[2023-01-01T14:45:01.637+0530][99992.732s] GC(519)   Pre Evacuate Collection Set: 0.0ms
[2023-01-01T14:45:01.637+0530][99992.732s] GC(519)   Evacuate Collection Set: 3.1ms
[2023-01-01T14:45:01.637+0530][99992.732s] GC(519)   Post Evacuate Collection Set: 0.5ms
[2023-01-01T14:45:01.637+0530][99992.732s] GC(519)   Other: 0.4ms
[2023-01-01T14:45:01.637+0530][99992.732s] GC(519) Eden regions: 301->0(295)
[2023-01-01T14:45:01.637+0530][99992.732s] GC(519) Survivor regions: 6->12(39)
[2023-01-01T14:45:01.637+0530][99992.732s] GC(519) Old regions: 56->56
[2023-01-01T14:45:01.637+0530][99992.732s] GC(519) Humongous regions: 7->7
[2023-01-01T14:45:01.637+0530][99992.732s] GC(519) Metaspace: 65274K->65274K(1107968K)
[2023-01-01T14:45:01.637+0530][99992.732s] GC(519) Pause Young (Normal) (G1 Evacuation Pause) 369M->73M(512M) 4.469ms
[2023-01-01T14:45:01.637+0530][99992.732s] GC(519) User=0.13s Sys=0.00s Real=0.00s
[2023-01-01T14:45:03.996+0530][99995.090s] GC(520) Pause Young (Normal) (G1 Evacuation Pause)
[2023-01-01T14:45:03.996+0530][99995.090s] GC(520) Using 8 workers of 8 for evacuation
[2023-01-01T14:45:03.998+0530][99995.092s] GC(520)   Pre Evacuate Collection Set: 0.0ms
[2023-01-01T14:45:03.998+0530][99995.092s] GC(520)   Evacuate Collection Set: 1.1ms
[2023-01-01T14:45:03.998+0530][99995.092s] GC(520)   Post Evacuate Collection Set: 0.4ms
[2023-01-01T14:45:03.998+0530][99995.092s] GC(520)   Other: 0.3ms
[2023-01-01T14:45:03.998+0530][99995.092s] GC(520) Eden regions: 295->0(304)
[2023-01-01T14:45:03.998+0530][99995.092s] GC(520) Survivor regions: 12->3(39)
[2023-01-01T14:45:03.998+0530][99995.092s] GC(520) Old regions: 56->56
[2023-01-01T14:45:03.998+0530][99995.092s] GC(520) Humongous regions: 7->7
[2023-01-01T14:45:03.998+0530][99995.092s] GC(520) Metaspace: 65274K->65274K(1107968K)
[2023-01-01T14:45:03.998+0530][99995.092s] GC(520) Pause Young (Normal) (G1 Evacuation Pause) 368M->65M(512M) 2.304ms
[2023-01-01T14:45:03.998+0530][99995.092s] GC(520) User=0.00s Sys=0.00s Real=0.00s
[2023-01-01T14:46:01.903+0530][100052.997s] GC(521) Pause Young (Normal) (G1 Evacuation Pause)
[2023-01-01T14:46:01.903+0530][100052.997s] GC(521) Using 8 workers of 8 for evacuation
[2023-01-01T14:46:01.904+0530][100052.999s] GC(521)   Pre Evacuate Collection Set: 0.0ms
[2023-01-01T14:46:01.905+0530][100052.999s] GC(521)   Evacuate Collection Set: 1.3ms
[2023-01-01T14:46:01.905+0530][100052.999s] GC(521)   Post Evacuate Collection Set: 0.3ms
[2023-01-01T14:46:01.905+0530][100052.999s] GC(521)   Other: 0.3ms
[2023-01-01T14:46:01.905+0530][100052.999s] GC(521) Eden regions: 304->0(303)
[2023-01-01T14:46:01.905+0530][100052.999s] GC(521) Survivor regions: 3->4(39)
[2023-01-01T14:46:01.905+0530][100052.999s] GC(521) Old regions: 56->56
[2023-01-01T14:46:01.905+0530][100052.999s] GC(521) Humongous regions: 7->7
[2023-01-01T14:46:01.905+0530][100053.000s] GC(521) Metaspace: 65274K->65274K(1107968K)
[2023-01-01T14:46:01.905+0530][100053.000s] GC(521) Pause Young (Normal) (G1 Evacuation Pause) 369M->66M(512M) 2.643ms
[2023-01-01T14:46:01.905+0530][100053.000s] GC(521) User=0.00s Sys=0.00s Real=0.00s
[2023-01-01T14:47:01.342+0530][100112.437s] GC(522) Pause Young (Normal) (G1 Evacuation Pause)
[2023-01-01T14:47:01.342+0530][100112.437s] GC(522) Using 8 workers of 8 for evacuation
[2023-01-01T14:47:01.346+0530][100112.441s] GC(522)   Pre Evacuate Collection Set: 0.0ms
[2023-01-01T14:47:01.346+0530][100112.441s] GC(522)   Evacuate Collection Set: 3.3ms
[2023-01-01T14:47:01.346+0530][100112.441s] GC(522)   Post Evacuate Collection Set: 0.5ms
[2023-01-01T14:47:01.346+0530][100112.441s] GC(522)   Other: 0.3ms
[2023-01-01T14:47:01.346+0530][100112.441s] GC(522) Eden regions: 303->0(289)
[2023-01-01T14:47:01.347+0530][100112.441s] GC(522) Survivor regions: 4->18(39)
[2023-01-01T14:47:01.347+0530][100112.441s] GC(522) Old regions: 56->56
[2023-01-01T14:47:01.347+0530][100112.441s] GC(522) Humongous regions: 7->7
[2023-01-01T14:47:01.347+0530][100112.441s] GC(522) Metaspace: 65274K->65274K(1107968K)
[2023-01-01T14:47:01.347+0530][100112.441s] GC(522) Pause Young (Normal) (G1 Evacuation Pause) 369M->79M(512M) 4.567ms
[2023-01-01T14:47:01.347+0530][100112.442s] GC(522) User=0.00s Sys=0.00s Real=0.00s
[2023-01-01T14:47:03.182+0530][100114.276s] GC(523) Pause Young (Normal) (G1 Evacuation Pause)
[2023-01-01T14:47:03.182+0530][100114.276s] GC(523) Using 8 workers of 8 for evacuation
[2023-01-01T14:47:03.184+0530][100114.278s] GC(523)   Pre Evacuate Collection Set: 0.0ms
[2023-01-01T14:47:03.184+0530][100114.278s] GC(523)   Evacuate Collection Set: 2.0ms
[2023-01-01T14:47:03.185+0530][100114.278s] GC(523)   Post Evacuate Collection Set: 0.4ms
[2023-01-01T14:47:03.185+0530][100114.279s] GC(523)   Other: 0.3ms
[2023-01-01T14:47:03.185+0530][100114.279s] GC(523) Eden regions: 289->0(300)
[2023-01-01T14:47:03.185+0530][100114.279s] GC(523) Survivor regions: 18->7(39)
[2023-01-01T14:47:03.185+0530][100114.279s] GC(523) Old regions: 56->56
[2023-01-01T14:47:03.185+0530][100114.279s] GC(523) Humongous regions: 7->7
[2023-01-01T14:47:03.185+0530][100114.279s] GC(523) Metaspace: 65274K->65274K(1107968K)
[2023-01-01T14:47:03.185+0530][100114.279s] GC(523) Pause Young (Normal) (G1 Evacuation Pause) 368M->68M(512M) 3.392ms
[2023-01-01T14:47:03.185+0530][100114.279s] GC(523) User=0.13s Sys=0.00s Real=0.00s
[2023-01-01T14:48:00.757+0530][100171.851s] GC(524) Pause Young (Normal) (G1 Evacuation Pause)
[2023-01-01T14:48:00.757+0530][100171.851s] GC(524) Using 8 workers of 8 for evacuation
[2023-01-01T14:48:00.760+0530][100171.854s] GC(524)   Pre Evacuate Collection Set: 0.0ms
[2023-01-01T14:48:00.760+0530][100171.855s] GC(524)   Evacuate Collection Set: 2.8ms
[2023-01-01T14:48:00.760+0530][100171.855s] GC(524)   Post Evacuate Collection Set: 0.6ms
[2023-01-01T14:48:00.760+0530][100171.855s] GC(524)   Other: 0.3ms
[2023-01-01T14:48:00.760+0530][100171.855s] GC(524) Eden regions: 300->0(293)
[2023-01-01T14:48:00.760+0530][100171.855s] GC(524) Survivor regions: 7->14(39)
[2023-01-01T14:48:00.760+0530][100171.855s] GC(524) Old regions: 56->56
[2023-01-01T14:48:00.760+0530][100171.855s] GC(524) Humongous regions: 7->7
[2023-01-01T14:48:00.760+0530][100171.855s] GC(524) Metaspace: 65274K->65274K(1107968K)
[2023-01-01T14:48:00.760+0530][100171.855s] GC(524) Pause Young (Normal) (G1 Evacuation Pause) 368M->76M(512M) 4.151ms
[2023-01-01T14:48:00.760+0530][100171.855s] GC(524) User=0.02s Sys=0.00s Real=0.00s
[2023-01-01T14:48:02.221+0530][100173.314s] GC(525) Pause Young (Normal) (G1 Evacuation Pause)
[2023-01-01T14:48:02.221+0530][100173.315s] GC(525) Using 8 workers of 8 for evacuation
[2023-01-01T14:48:02.223+0530][100173.317s] GC(525)   Pre Evacuate Collection Set: 0.0ms
[2023-01-01T14:48:02.223+0530][100173.317s] GC(525)   Evacuate Collection Set: 2.0ms
[2023-01-01T14:48:02.223+0530][100173.317s] GC(525)   Post Evacuate Collection Set: 0.3ms
[2023-01-01T14:48:02.223+0530][100173.317s] GC(525)   Other: 0.3ms
[2023-01-01T14:48:02.223+0530][100173.317s] GC(525) Eden regions: 293->0(301)
[2023-01-01T14:48:02.223+0530][100173.317s] GC(525) Survivor regions: 14->6(39)
[2023-01-01T14:48:02.223+0530][100173.317s] GC(525) Old regions: 56->56
[2023-01-01T14:48:02.223+0530][100173.317s] GC(525) Humongous regions: 7->7
[2023-01-01T14:48:02.224+0530][100173.318s] GC(525) Metaspace: 65274K->65274K(1107968K)
[2023-01-01T14:48:02.224+0530][100173.318s] GC(525) Pause Young (Normal) (G1 Evacuation Pause) 369M->68M(512M) 3.101ms
[2023-01-01T14:48:02.224+0530][100173.318s] GC(525) User=0.00s Sys=0.00s Real=0.00s
[2023-01-01T14:49:02.055+0530][100233.149s] GC(526) Pause Young (Normal) (G1 Evacuation Pause)
[2023-01-01T14:49:02.055+0530][100233.150s] GC(526) Using 8 workers of 8 for evacuation
[2023-01-01T14:49:02.058+0530][100233.152s] GC(526)   Pre Evacuate Collection Set: 0.0ms
[2023-01-01T14:49:02.058+0530][100233.152s] GC(526)   Evacuate Collection Set: 2.0ms
[2023-01-01T14:49:02.058+0530][100233.152s] GC(526)   Post Evacuate Collection Set: 0.3ms
[2023-01-01T14:49:02.058+0530][100233.152s] GC(526)   Other: 0.3ms
[2023-01-01T14:49:02.058+0530][100233.152s] GC(526) Eden regions: 301->0(298)
[2023-01-01T14:49:02.058+0530][100233.152s] GC(526) Survivor regions: 6->9(39)
[2023-01-01T14:49:02.058+0530][100233.152s] GC(526) Old regions: 56->56
[2023-01-01T14:49:02.058+0530][100233.153s] GC(526) Humongous regions: 7->7
[2023-01-01T14:49:02.058+0530][100233.153s] GC(526) Metaspace: 65274K->65274K(1107968K)
[2023-01-01T14:49:02.058+0530][100233.153s] GC(526) Pause Young (Normal) (G1 Evacuation Pause) 369M->71M(512M) 3.177ms
[2023-01-01T14:49:02.058+0530][100233.153s] GC(526) User=0.13s Sys=0.00s Real=0.00s
[2023-01-01T14:49:04.522+0530][100235.617s] GC(527) Pause Young (Normal) (G1 Evacuation Pause)
[2023-01-01T14:49:04.522+0530][100235.617s] GC(527) Using 8 workers of 8 for evacuation
[2023-01-01T14:49:04.524+0530][100235.618s] GC(527)   Pre Evacuate Collection Set: 0.0ms
[2023-01-01T14:49:04.524+0530][100235.618s] GC(527)   Evacuate Collection Set: 1.2ms
[2023-01-01T14:49:04.524+0530][100235.618s] GC(527)   Post Evacuate Collection Set: 0.3ms
[2023-01-01T14:49:04.524+0530][100235.619s] GC(527)   Other: 0.3ms
[2023-01-01T14:49:04.524+0530][100235.619s] GC(527) Eden regions: 298->0(304)
[2023-01-01T14:49:04.524+0530][100235.619s] GC(527) Survivor regions: 9->3(39)
[2023-01-01T14:49:04.524+0530][100235.619s] GC(527) Old regions: 56->56
[2023-01-01T14:49:04.524+0530][100235.619s] GC(527) Humongous regions: 7->7
[2023-01-01T14:49:04.524+0530][100235.619s] GC(527) Metaspace: 65274K->65274K(1107968K)
[2023-01-01T14:49:04.525+0530][100235.619s] GC(527) Pause Young (Normal) (G1 Evacuation Pause) 369M->65M(512M) 2.299ms
[2023-01-01T14:49:04.525+0530][100235.619s] GC(527) User=0.00s Sys=0.00s Real=0.00s
[2023-01-01T14:50:02.284+0530][100293.378s] GC(528) Pause Young (Normal) (G1 Evacuation Pause)
[2023-01-01T14:50:02.284+0530][100293.378s] GC(528) Using 8 workers of 8 for evacuation
[2023-01-01T14:50:02.287+0530][100293.381s] GC(528)   Pre Evacuate Collection Set: 0.0ms
[2023-01-01T14:50:02.287+0530][100293.381s] GC(528)   Evacuate Collection Set: 2.3ms
[2023-01-01T14:50:02.287+0530][100293.381s] GC(528)   Post Evacuate Collection Set: 0.4ms
[2023-01-01T14:50:02.287+0530][100293.381s] GC(528)   Other: 0.5ms
[2023-01-01T14:50:02.287+0530][100293.381s] GC(528) Eden regions: 304->0(302)
[2023-01-01T14:50:02.287+0530][100293.381s] GC(528) Survivor regions: 3->5(39)
[2023-01-01T14:50:02.288+0530][100293.381s] GC(528) Old regions: 56->56
[2023-01-01T14:50:02.288+0530][100293.382s] GC(528) Humongous regions: 7->7
[2023-01-01T14:50:02.288+0530][100293.382s] GC(528) Metaspace: 65274K->65274K(1107968K)
[2023-01-01T14:50:02.288+0530][100293.382s] GC(528) Pause Young (Normal) (G1 Evacuation Pause) 369M->67M(512M) 3.865ms
[2023-01-01T14:50:02.288+0530][100293.382s] GC(528) User=0.00s Sys=0.00s Real=0.00s
[2023-01-01T14:51:01.281+0530][100352.375s] GC(529) Pause Young (Normal) (G1 Evacuation Pause)
[2023-01-01T14:51:01.281+0530][100352.375s] GC(529) Using 8 workers of 8 for evacuation
[2023-01-01T14:51:01.285+0530][100352.379s] GC(529)   Pre Evacuate Collection Set: 0.0ms
[2023-01-01T14:51:01.285+0530][100352.380s] GC(529)   Evacuate Collection Set: 3.4ms
[2023-01-01T14:51:01.285+0530][100352.380s] GC(529)   Post Evacuate Collection Set: 0.6ms
[2023-01-01T14:51:01.285+0530][100352.380s] GC(529)   Other: 0.3ms
[2023-01-01T14:51:01.285+0530][100352.380s] GC(529) Eden regions: 302->0(288)
[2023-01-01T14:51:01.285+0530][100352.380s] GC(529) Survivor regions: 5->19(39)
[2023-01-01T14:51:01.285+0530][100352.380s] GC(529) Old regions: 56->56
[2023-01-01T14:51:01.285+0530][100352.380s] GC(529) Humongous regions: 7->7
[2023-01-01T14:51:01.285+0530][100352.380s] GC(529) Metaspace: 65274K->65274K(1107968K)
[2023-01-01T14:51:01.285+0530][100352.380s] GC(529) Pause Young (Normal) (G1 Evacuation Pause) 369M->81M(512M) 4.843ms
[2023-01-01T14:51:01.285+0530][100352.380s] GC(529) User=0.00s Sys=0.00s Real=0.00s
[2023-01-01T14:51:02.498+0530][100353.593s] GC(530) Pause Young (Normal) (G1 Evacuation Pause)
[2023-01-01T14:51:02.498+0530][100353.593s] GC(530) Using 8 workers of 8 for evacuation
[2023-01-01T14:51:02.502+0530][100353.597s] GC(530)   Pre Evacuate Collection Set: 0.0ms
[2023-01-01T14:51:02.503+0530][100353.597s] GC(530)   Evacuate Collection Set: 3.5ms
[2023-01-01T14:51:02.503+0530][100353.597s] GC(530)   Post Evacuate Collection Set: 0.4ms
[2023-01-01T14:51:02.503+0530][100353.597s] GC(530)   Other: 0.3ms
[2023-01-01T14:51:02.503+0530][100353.597s] GC(530) Eden regions: 288->0(300)
[2023-01-01T14:51:02.503+0530][100353.597s] GC(530) Survivor regions: 19->7(39)
[2023-01-01T14:51:02.503+0530][100353.597s] GC(530) Old regions: 56->56
[2023-01-01T14:51:02.503+0530][100353.598s] GC(530) Humongous regions: 7->7
[2023-01-01T14:51:02.503+0530][100353.598s] GC(530) Metaspace: 65274K->65274K(1107968K)
[2023-01-01T14:51:02.503+0530][100353.598s] GC(530) Pause Young (Normal) (G1 Evacuation Pause) 369M->69M(512M) 4.984ms
[2023-01-01T14:51:02.503+0530][100353.598s] GC(530) User=0.00s Sys=0.00s Real=0.01s
[2023-01-01T14:52:00.842+0530][100411.936s] GC(531) Pause Young (Normal) (G1 Evacuation Pause)
[2023-01-01T14:52:00.843+0530][100411.937s] GC(531) Using 8 workers of 8 for evacuation
[2023-01-01T14:52:00.846+0530][100411.940s] GC(531)   Pre Evacuate Collection Set: 0.0ms
[2023-01-01T14:52:00.847+0530][100411.940s] GC(531)   Evacuate Collection Set: 3.2ms
[2023-01-01T14:52:00.847+0530][100411.940s] GC(531)   Post Evacuate Collection Set: 0.4ms
[2023-01-01T14:52:00.847+0530][100411.941s] GC(531)   Other: 0.3ms
[2023-01-01T14:52:00.847+0530][100411.941s] GC(531) Eden regions: 300->0(291)
[2023-01-01T14:52:00.847+0530][100411.941s] GC(531) Survivor regions: 7->16(39)
[2023-01-01T14:52:00.847+0530][100411.941s] GC(531) Old regions: 56->56
[2023-01-01T14:52:00.847+0530][100411.941s] GC(531) Humongous regions: 7->7
[2023-01-01T14:52:00.847+0530][100411.941s] GC(531) Metaspace: 65274K->65274K(1107968K)
[2023-01-01T14:52:00.847+0530][100411.941s] GC(531) Pause Young (Normal) (G1 Evacuation Pause) 369M->78M(512M) 4.433ms
[2023-01-01T14:52:00.847+0530][100411.941s] GC(531) User=0.00s Sys=0.00s Real=0.00s
[2023-01-01T14:52:02.134+0530][100413.228s] GC(532) Pause Young (Normal) (G1 Evacuation Pause)
[2023-01-01T14:52:02.134+0530][100413.229s] GC(532) Using 8 workers of 8 for evacuation
[2023-01-01T14:52:02.137+0530][100413.232s] GC(532)   Pre Evacuate Collection Set: 0.0ms
[2023-01-01T14:52:02.137+0530][100413.232s] GC(532)   Evacuate Collection Set: 2.4ms
[2023-01-01T14:52:02.137+0530][100413.232s] GC(532)   Post Evacuate Collection Set: 0.4ms
[2023-01-01T14:52:02.138+0530][100413.232s] GC(532)   Other: 0.4ms
[2023-01-01T14:52:02.138+0530][100413.232s] GC(532) Eden regions: 291->0(300)
[2023-01-01T14:52:02.138+0530][100413.232s] GC(532) Survivor regions: 16->7(39)
[2023-01-01T14:52:02.138+0530][100413.232s] GC(532) Old regions: 56->56
[2023-01-01T14:52:02.138+0530][100413.232s] GC(532) Humongous regions: 7->7
[2023-01-01T14:52:02.138+0530][100413.232s] GC(532) Metaspace: 65274K->65274K(1107968K)
[2023-01-01T14:52:02.138+0530][100413.232s] GC(532) Pause Young (Normal) (G1 Evacuation Pause) 369M->69M(512M) 3.662ms
[2023-01-01T14:52:02.138+0530][100413.232s] GC(532) User=0.13s Sys=0.00s Real=0.00s
[2023-01-01T14:53:01.392+0530][100472.486s] GC(533) Pause Young (Normal) (G1 Evacuation Pause)
[2023-01-01T14:53:01.392+0530][100472.486s] GC(533) Using 8 workers of 8 for evacuation
[2023-01-01T14:53:01.395+0530][100472.489s] GC(533)   Pre Evacuate Collection Set: 0.0ms
[2023-01-01T14:53:01.395+0530][100472.489s] GC(533)   Evacuate Collection Set: 2.2ms
[2023-01-01T14:53:01.395+0530][100472.489s] GC(533)   Post Evacuate Collection Set: 0.5ms
[2023-01-01T14:53:01.395+0530][100472.490s] GC(533)   Other: 0.3ms
[2023-01-01T14:53:01.395+0530][100472.490s] GC(533) Eden regions: 300->0(297)
[2023-01-01T14:53:01.395+0530][100472.490s] GC(533) Survivor regions: 7->10(39)
[2023-01-01T14:53:01.395+0530][100472.490s] GC(533) Old regions: 56->56
[2023-01-01T14:53:01.395+0530][100472.490s] GC(533) Humongous regions: 7->7
[2023-01-01T14:53:01.395+0530][100472.490s] GC(533) Metaspace: 65274K->65274K(1107968K)
[2023-01-01T14:53:01.395+0530][100472.490s] GC(533) Pause Young (Normal) (G1 Evacuation Pause) 369M->72M(512M) 3.456ms
[2023-01-01T14:53:01.395+0530][100472.490s] GC(533) User=0.00s Sys=0.00s Real=0.00s
[2023-01-01T14:53:03.564+0530][100474.658s] GC(534) Pause Young (Normal) (G1 Evacuation Pause)
[2023-01-01T14:53:03.564+0530][100474.658s] GC(534) Using 8 workers of 8 for evacuation
[2023-01-01T14:53:03.565+0530][100474.660s] GC(534)   Pre Evacuate Collection Set: 0.0ms
[2023-01-01T14:53:03.566+0530][100474.660s] GC(534)   Evacuate Collection Set: 1.3ms
[2023-01-01T14:53:03.566+0530][100474.660s] GC(534)   Post Evacuate Collection Set: 0.4ms
[2023-01-01T14:53:03.566+0530][100474.660s] GC(534)   Other: 0.2ms
[2023-01-01T14:53:03.566+0530][100474.660s] GC(534) Eden regions: 297->0(303)
[2023-01-01T14:53:03.566+0530][100474.660s] GC(534) Survivor regions: 10->4(39)
[2023-01-01T14:53:03.566+0530][100474.660s] GC(534) Old regions: 56->56
[2023-01-01T14:53:03.566+0530][100474.660s] GC(534) Humongous regions: 7->7
[2023-01-01T14:53:03.566+0530][100474.660s] GC(534) Metaspace: 65274K->65274K(1107968K)
[2023-01-01T14:53:03.566+0530][100474.660s] GC(534) Pause Young (Normal) (G1 Evacuation Pause) 369M->66M(512M) 2.404ms
[2023-01-01T14:53:03.566+0530][100474.660s] GC(534) User=0.00s Sys=0.00s Real=0.00s
[2023-01-01T14:54:01.930+0530][100533.024s] GC(535) Pause Young (Normal) (G1 Evacuation Pause)
[2023-01-01T14:54:01.930+0530][100533.024s] GC(535) Using 8 workers of 8 for evacuation
[2023-01-01T14:54:01.932+0530][100533.026s] GC(535)   Pre Evacuate Collection Set: 0.0ms
[2023-01-01T14:54:01.932+0530][100533.026s] GC(535)   Evacuate Collection Set: 1.8ms
[2023-01-01T14:54:01.932+0530][100533.026s] GC(535)   Post Evacuate Collection Set: 0.4ms
[2023-01-01T14:54:01.932+0530][100533.026s] GC(535)   Other: 0.3ms
[2023-01-01T14:54:01.932+0530][100533.027s] GC(535) Eden regions: 303->0(301)
[2023-01-01T14:54:01.932+0530][100533.027s] GC(535) Survivor regions: 4->6(39)
[2023-01-01T14:54:01.933+0530][100533.027s] GC(535) Old regions: 56->56
[2023-01-01T14:54:01.933+0530][100533.027s] GC(535) Humongous regions: 7->7
[2023-01-01T14:54:01.933+0530][100533.027s] GC(535) Metaspace: 65274K->65274K(1107968K)
[2023-01-01T14:54:01.933+0530][100533.027s] GC(535) Pause Young (Normal) (G1 Evacuation Pause) 369M->68M(512M) 3.001ms
[2023-01-01T14:54:01.933+0530][100533.027s] GC(535) User=0.02s Sys=0.00s Real=0.00s
[2023-01-01T14:55:01.233+0530][100592.327s] GC(536) Pause Young (Normal) (G1 Evacuation Pause)
[2023-01-01T14:55:01.233+0530][100592.327s] GC(536) Using 8 workers of 8 for evacuation
[2023-01-01T14:55:01.235+0530][100592.329s] GC(536)   Pre Evacuate Collection Set: 0.0ms
[2023-01-01T14:55:01.235+0530][100592.329s] GC(536)   Evacuate Collection Set: 1.4ms
[2023-01-01T14:55:01.235+0530][100592.329s] GC(536)   Post Evacuate Collection Set: 0.3ms
[2023-01-01T14:55:01.235+0530][100592.329s] GC(536)   Other: 0.4ms
[2023-01-01T14:55:01.235+0530][100592.329s] GC(536) Eden regions: 301->0(302)
[2023-01-01T14:55:01.235+0530][100592.329s] GC(536) Survivor regions: 6->5(39)
[2023-01-01T14:55:01.235+0530][100592.330s] GC(536) Old regions: 56->57
[2023-01-01T14:55:01.235+0530][100592.330s] GC(536) Humongous regions: 7->7
[2023-01-01T14:55:01.235+0530][100592.330s] GC(536) Metaspace: 65274K->65274K(1107968K)
[2023-01-01T14:55:01.235+0530][100592.330s] GC(536) Pause Young (Normal) (G1 Evacuation Pause) 369M->67M(512M) 2.818ms
[2023-01-01T14:55:01.236+0530][100592.330s] GC(536) User=0.00s Sys=0.00s Real=0.00s
[2023-01-01T14:55:02.457+0530][100593.551s] GC(537) Pause Young (Normal) (G1 Evacuation Pause)
[2023-01-01T14:55:02.457+0530][100593.552s] GC(537) Using 8 workers of 8 for evacuation
[2023-01-01T14:55:02.459+0530][100593.554s] GC(537)   Pre Evacuate Collection Set: 0.0ms
[2023-01-01T14:55:02.459+0530][100593.554s] GC(537)   Evacuate Collection Set: 1.7ms
[2023-01-01T14:55:02.460+0530][100593.554s] GC(537)   Post Evacuate Collection Set: 0.4ms
[2023-01-01T14:55:02.460+0530][100593.554s] GC(537)   Other: 0.3ms
[2023-01-01T14:55:02.460+0530][100593.554s] GC(537) Eden regions: 302->0(302)
[2023-01-01T14:55:02.460+0530][100593.554s] GC(537) Survivor regions: 5->5(39)
[2023-01-01T14:55:02.460+0530][100593.554s] GC(537) Old regions: 57->57
[2023-01-01T14:55:02.460+0530][100593.554s] GC(537) Humongous regions: 7->7
[2023-01-01T14:55:02.460+0530][100593.554s] GC(537) Metaspace: 65274K->65274K(1107968K)
[2023-01-01T14:55:02.460+0530][100593.554s] GC(537) Pause Young (Normal) (G1 Evacuation Pause) 369M->68M(512M) 2.954ms
[2023-01-01T14:55:02.460+0530][100593.554s] GC(537) User=0.00s Sys=0.00s Real=0.00s
[2023-01-01T14:56:00.890+0530][100651.984s] GC(538) Pause Young (Normal) (G1 Evacuation Pause)
[2023-01-01T14:56:00.890+0530][100651.984s] GC(538) Using 8 workers of 8 for evacuation
[2023-01-01T14:56:00.893+0530][100651.987s] GC(538)   Pre Evacuate Collection Set: 0.0ms
[2023-01-01T14:56:00.893+0530][100651.987s] GC(538)   Evacuate Collection Set: 1.8ms
[2023-01-01T14:56:00.893+0530][100651.987s] GC(538)   Post Evacuate Collection Set: 0.5ms
[2023-01-01T14:56:00.893+0530][100651.987s] GC(538)   Other: 0.3ms
[2023-01-01T14:56:00.893+0530][100651.987s] GC(538) Eden regions: 302->0(300)
[2023-01-01T14:56:00.893+0530][100651.987s] GC(538) Survivor regions: 5->7(39)
[2023-01-01T14:56:00.893+0530][100651.987s] GC(538) Old regions: 57->57
[2023-01-01T14:56:00.893+0530][100651.987s] GC(538) Humongous regions: 7->7
[2023-01-01T14:56:00.893+0530][100651.987s] GC(538) Metaspace: 65274K->65274K(1107968K)
[2023-01-01T14:56:00.893+0530][100651.987s] GC(538) Pause Young (Normal) (G1 Evacuation Pause) 370M->69M(512M) 3.082ms
[2023-01-01T14:56:00.893+0530][100651.987s] GC(538) User=0.00s Sys=0.00s Real=0.00s
[2023-01-01T14:57:01.223+0530][100712.317s] GC(539) Pause Young (Normal) (G1 Evacuation Pause)
[2023-01-01T14:57:01.223+0530][100712.318s] GC(539) Using 8 workers of 8 for evacuation
[2023-01-01T14:57:01.227+0530][100712.321s] GC(539)   Pre Evacuate Collection Set: 0.0ms
[2023-01-01T14:57:01.227+0530][100712.321s] GC(539)   Evacuate Collection Set: 2.7ms
[2023-01-01T14:57:01.227+0530][100712.321s] GC(539)   Post Evacuate Collection Set: 0.5ms
[2023-01-01T14:57:01.227+0530][100712.321s] GC(539)   Other: 0.3ms
[2023-01-01T14:57:01.227+0530][100712.321s] GC(539) Eden regions: 300->0(296)
[2023-01-01T14:57:01.227+0530][100712.321s] GC(539) Survivor regions: 7->11(39)
[2023-01-01T14:57:01.227+0530][100712.321s] GC(539) Old regions: 57->57
[2023-01-01T14:57:01.227+0530][100712.321s] GC(539) Humongous regions: 7->7
[2023-01-01T14:57:01.227+0530][100712.321s] GC(539) Metaspace: 65274K->65274K(1107968K)
[2023-01-01T14:57:01.227+0530][100712.321s] GC(539) Pause Young (Normal) (G1 Evacuation Pause) 369M->73M(512M) 3.949ms
[2023-01-01T14:57:01.227+0530][100712.321s] GC(539) User=0.00s Sys=0.00s Real=0.00s
[2023-01-01T14:57:03.661+0530][100714.755s] GC(540) Pause Young (Normal) (G1 Evacuation Pause)
[2023-01-01T14:57:03.661+0530][100714.755s] GC(540) Using 8 workers of 8 for evacuation
[2023-01-01T14:57:03.663+0530][100714.757s] GC(540)   Pre Evacuate Collection Set: 0.0ms
[2023-01-01T14:57:03.663+0530][100714.757s] GC(540)   Evacuate Collection Set: 1.2ms
[2023-01-01T14:57:03.663+0530][100714.757s] GC(540)   Post Evacuate Collection Set: 0.5ms
[2023-01-01T14:57:03.663+0530][100714.757s] GC(540)   Other: 0.2ms
[2023-01-01T14:57:03.663+0530][100714.757s] GC(540) Eden regions: 296->0(304)
[2023-01-01T14:57:03.663+0530][100714.757s] GC(540) Survivor regions: 11->3(39)
[2023-01-01T14:57:03.663+0530][100714.757s] GC(540) Old regions: 57->57
[2023-01-01T14:57:03.663+0530][100714.757s] GC(540) Humongous regions: 7->7
[2023-01-01T14:57:03.663+0530][100714.757s] GC(540) Metaspace: 65274K->65274K(1107968K)
[2023-01-01T14:57:03.663+0530][100714.758s] GC(540) Pause Young (Normal) (G1 Evacuation Pause) 369M->65M(512M) 2.334ms
[2023-01-01T14:57:03.663+0530][100714.758s] GC(540) User=0.00s Sys=0.00s Real=0.00s
[2023-01-01T14:58:01.568+0530][100772.662s] GC(541) Pause Young (Normal) (G1 Evacuation Pause)
[2023-01-01T14:58:01.569+0530][100772.662s] GC(541) Using 8 workers of 8 for evacuation
[2023-01-01T14:58:01.571+0530][100772.665s] GC(541)   Pre Evacuate Collection Set: 0.0ms
[2023-01-01T14:58:01.571+0530][100772.665s] GC(541)   Evacuate Collection Set: 1.9ms
[2023-01-01T14:58:01.571+0530][100772.665s] GC(541)   Post Evacuate Collection Set: 0.4ms
[2023-01-01T14:58:01.571+0530][100772.665s] GC(541)   Other: 0.3ms
[2023-01-01T14:58:01.571+0530][100772.665s] GC(541) Eden regions: 304->0(301)
[2023-01-01T14:58:01.571+0530][100772.665s] GC(541) Survivor regions: 3->6(39)
[2023-01-01T14:58:01.571+0530][100772.665s] GC(541) Old regions: 57->57
[2023-01-01T14:58:01.572+0530][100772.665s] GC(541) Humongous regions: 7->7
[2023-01-01T14:58:01.572+0530][100772.665s] GC(541) Metaspace: 65274K->65274K(1107968K)
[2023-01-01T14:58:01.572+0530][100772.665s] GC(541) Pause Young (Normal) (G1 Evacuation Pause) 369M->69M(512M) 3.141ms
[2023-01-01T14:58:01.572+0530][100772.666s] GC(541) User=0.00s Sys=0.00s Real=0.00s
[2023-01-01T14:58:03.986+0530][100775.080s] GC(542) Pause Young (Normal) (G1 Evacuation Pause)
[2023-01-01T14:58:03.986+0530][100775.081s] GC(542) Using 8 workers of 8 for evacuation
[2023-01-01T14:58:03.988+0530][100775.082s] GC(542)   Pre Evacuate Collection Set: 0.0ms
[2023-01-01T14:58:03.988+0530][100775.082s] GC(542)   Evacuate Collection Set: 1.0ms
[2023-01-01T14:58:03.988+0530][100775.082s] GC(542)   Post Evacuate Collection Set: 0.4ms
[2023-01-01T14:58:03.988+0530][100775.083s] GC(542)   Other: 0.4ms
[2023-01-01T14:58:03.988+0530][100775.083s] GC(542) Eden regions: 301->0(305)
[2023-01-01T14:58:03.988+0530][100775.083s] GC(542) Survivor regions: 6->2(39)
[2023-01-01T14:58:03.988+0530][100775.083s] GC(542) Old regions: 57->57
[2023-01-01T14:58:03.988+0530][100775.083s] GC(542) Humongous regions: 7->7
[2023-01-01T14:58:03.988+0530][100775.083s] GC(542) Metaspace: 65274K->65274K(1107968K)
[2023-01-01T14:58:03.988+0530][100775.083s] GC(542) Pause Young (Normal) (G1 Evacuation Pause) 370M->65M(512M) 2.340ms
[2023-01-01T14:58:03.988+0530][100775.083s] GC(542) User=0.00s Sys=0.00s Real=0.00s
[2023-01-01T14:59:01.592+0530][100832.686s] GC(543) Pause Young (Normal) (G1 Evacuation Pause)
[2023-01-01T14:59:01.592+0530][100832.686s] GC(543) Using 8 workers of 8 for evacuation
[2023-01-01T14:59:01.595+0530][100832.689s] GC(543)   Pre Evacuate Collection Set: 0.0ms
[2023-01-01T14:59:01.595+0530][100832.689s] GC(543)   Evacuate Collection Set: 2.3ms
[2023-01-01T14:59:01.595+0530][100832.689s] GC(543)   Post Evacuate Collection Set: 0.5ms
[2023-01-01T14:59:01.595+0530][100832.689s] GC(543)   Other: 0.3ms
[2023-01-01T14:59:01.595+0530][100832.689s] GC(543) Eden regions: 305->0(298)
[2023-01-01T14:59:01.595+0530][100832.689s] GC(543) Survivor regions: 2->9(39)
[2023-01-01T14:59:01.595+0530][100832.690s] GC(543) Old regions: 57->57
[2023-01-01T14:59:01.595+0530][100832.690s] GC(543) Humongous regions: 7->7
[2023-01-01T14:59:01.595+0530][100832.690s] GC(543) Metaspace: 65274K->65274K(1107968K)
[2023-01-01T14:59:01.595+0530][100832.690s] GC(543) Pause Young (Normal) (G1 Evacuation Pause) 370M->71M(512M) 3.576ms
[2023-01-01T14:59:01.595+0530][100832.690s] GC(543) User=0.00s Sys=0.00s Real=0.00s
[2023-01-01T15:00:00.625+0530][100891.718s] GC(544) Pause Young (Normal) (G1 Evacuation Pause)
[2023-01-01T15:00:00.625+0530][100891.719s] GC(544) Using 8 workers of 8 for evacuation
[2023-01-01T15:00:00.628+0530][100891.722s] GC(544)   Pre Evacuate Collection Set: 0.0ms
[2023-01-01T15:00:00.628+0530][100891.722s] GC(544)   Evacuate Collection Set: 2.4ms
[2023-01-01T15:00:00.628+0530][100891.722s] GC(544)   Post Evacuate Collection Set: 0.4ms
[2023-01-01T15:00:00.628+0530][100891.722s] GC(544)   Other: 0.4ms
[2023-01-01T15:00:00.628+0530][100891.722s] GC(544) Eden regions: 298->0(297)
[2023-01-01T15:00:00.628+0530][100891.722s] GC(544) Survivor regions: 9->10(39)
[2023-01-01T15:00:00.628+0530][100891.722s] GC(544) Old regions: 57->57
[2023-01-01T15:00:00.628+0530][100891.722s] GC(544) Humongous regions: 7->7
[2023-01-01T15:00:00.628+0530][100891.722s] GC(544) Metaspace: 65274K->65274K(1107968K)
[2023-01-01T15:00:00.628+0530][100891.722s] GC(544) Pause Young (Normal) (G1 Evacuation Pause) 369M->73M(512M) 3.821ms
[2023-01-01T15:00:00.628+0530][100891.722s] GC(544) User=0.00s Sys=0.00s Real=0.00s
[2023-01-01T15:00:02.710+0530][100893.804s] GC(545) Pause Young (Normal) (G1 Evacuation Pause)
[2023-01-01T15:00:02.710+0530][100893.805s] GC(545) Using 8 workers of 8 for evacuation
[2023-01-01T15:00:02.712+0530][100893.807s] GC(545)   Pre Evacuate Collection Set: 0.0ms
[2023-01-01T15:00:02.712+0530][100893.807s] GC(545)   Evacuate Collection Set: 1.9ms
[2023-01-01T15:00:02.712+0530][100893.807s] GC(545)   Post Evacuate Collection Set: 0.4ms
[2023-01-01T15:00:02.713+0530][100893.807s] GC(545)   Other: 0.3ms
[2023-01-01T15:00:02.713+0530][100893.807s] GC(545) Eden regions: 297->0(302)
[2023-01-01T15:00:02.713+0530][100893.807s] GC(545) Survivor regions: 10->5(39)
[2023-01-01T15:00:02.713+0530][100893.807s] GC(545) Old regions: 57->57
[2023-01-01T15:00:02.713+0530][100893.807s] GC(545) Humongous regions: 7->7
[2023-01-01T15:00:02.713+0530][100893.807s] GC(545) Metaspace: 65274K->65274K(1107968K)
[2023-01-01T15:00:02.713+0530][100893.808s] GC(545) Pause Young (Normal) (G1 Evacuation Pause) 370M->67M(512M) 3.077ms
[2023-01-01T15:00:02.713+0530][100893.808s] GC(545) User=0.00s Sys=0.02s Real=0.00s
[2023-01-01T15:01:02.472+0530][100953.566s] GC(546) Pause Young (Normal) (G1 Evacuation Pause)
[2023-01-01T15:01:02.472+0530][100953.566s] GC(546) Using 8 workers of 8 for evacuation
[2023-01-01T15:01:02.475+0530][100953.569s] GC(546)   Pre Evacuate Collection Set: 0.0ms
[2023-01-01T15:01:02.475+0530][100953.569s] GC(546)   Evacuate Collection Set: 2.0ms
[2023-01-01T15:01:02.475+0530][100953.569s] GC(546)   Post Evacuate Collection Set: 0.5ms
[2023-01-01T15:01:02.475+0530][100953.569s] GC(546)   Other: 0.3ms
[2023-01-01T15:01:02.475+0530][100953.569s] GC(546) Eden regions: 302->0(302)
[2023-01-01T15:01:02.475+0530][100953.569s] GC(546) Survivor regions: 5->5(39)
[2023-01-01T15:01:02.475+0530][100953.569s] GC(546) Old regions: 57->57
[2023-01-01T15:01:02.475+0530][100953.569s] GC(546) Humongous regions: 7->7
[2023-01-01T15:01:02.475+0530][100953.569s] GC(546) Metaspace: 65274K->65274K(1107968K)
[2023-01-01T15:01:02.475+0530][100953.569s] GC(546) Pause Young (Normal) (G1 Evacuation Pause) 369M->67M(512M) 3.264ms
[2023-01-01T15:01:02.475+0530][100953.569s] GC(546) User=0.00s Sys=0.00s Real=0.00s
[2023-01-01T15:02:01.052+0530][101012.146s] GC(547) Pause Young (Normal) (G1 Evacuation Pause)
[2023-01-01T15:02:01.052+0530][101012.146s] GC(547) Using 8 workers of 8 for evacuation
[2023-01-01T15:02:01.055+0530][101012.150s] GC(547)   Pre Evacuate Collection Set: 0.0ms
[2023-01-01T15:02:01.055+0530][101012.150s] GC(547)   Evacuate Collection Set: 2.7ms
[2023-01-01T15:02:01.055+0530][101012.150s] GC(547)   Post Evacuate Collection Set: 0.5ms
[2023-01-01T15:02:01.055+0530][101012.150s] GC(547)   Other: 0.3ms
[2023-01-01T15:02:01.056+0530][101012.150s] GC(547) Eden regions: 302->0(297)
[2023-01-01T15:02:01.056+0530][101012.150s] GC(547) Survivor regions: 5->10(39)
[2023-01-01T15:02:01.056+0530][101012.150s] GC(547) Old regions: 57->57
[2023-01-01T15:02:01.056+0530][101012.150s] GC(547) Humongous regions: 7->7
[2023-01-01T15:02:01.056+0530][101012.150s] GC(547) Metaspace: 65274K->65274K(1107968K)
[2023-01-01T15:02:01.056+0530][101012.150s] GC(547) Pause Young (Normal) (G1 Evacuation Pause) 369M->72M(512M) 4.130ms
[2023-01-01T15:02:01.056+0530][101012.150s] GC(547) User=0.00s Sys=0.00s Real=0.00s
[2023-01-01T15:03:01.154+0530][101072.249s] GC(548) Pause Young (Normal) (G1 Evacuation Pause)
[2023-01-01T15:03:01.154+0530][101072.249s] GC(548) Using 8 workers of 8 for evacuation
[2023-01-01T15:03:01.159+0530][101072.253s] GC(548)   Pre Evacuate Collection Set: 0.0ms
[2023-01-01T15:03:01.159+0530][101072.253s] GC(548)   Evacuate Collection Set: 3.2ms
[2023-01-01T15:03:01.159+0530][101072.253s] GC(548)   Post Evacuate Collection Set: 0.8ms
[2023-01-01T15:03:01.159+0530][101072.253s] GC(548)   Other: 0.4ms
[2023-01-01T15:03:01.159+0530][101072.254s] GC(548) Eden regions: 297->0(289)
[2023-01-01T15:03:01.159+0530][101072.254s] GC(548) Survivor regions: 10->18(39)
[2023-01-01T15:03:01.159+0530][101072.254s] GC(548) Old regions: 57->57
[2023-01-01T15:03:01.159+0530][101072.254s] GC(548) Humongous regions: 7->7
[2023-01-01T15:03:01.159+0530][101072.254s] GC(548) Metaspace: 65274K->65274K(1107968K)
[2023-01-01T15:03:01.159+0530][101072.254s] GC(548) Pause Young (Normal) (G1 Evacuation Pause) 369M->80M(512M) 4.892ms
[2023-01-01T15:03:01.159+0530][101072.254s] GC(548) User=0.00s Sys=0.00s Real=0.00s
[2023-01-01T15:03:02.460+0530][101073.555s] GC(549) Pause Young (Normal) (G1 Evacuation Pause)
[2023-01-01T15:03:02.460+0530][101073.555s] GC(549) Using 8 workers of 8 for evacuation
[2023-01-01T15:03:02.462+0530][101073.557s] GC(549)   Pre Evacuate Collection Set: 0.0ms
[2023-01-01T15:03:02.463+0530][101073.557s] GC(549)   Evacuate Collection Set: 1.8ms
[2023-01-01T15:03:02.463+0530][101073.557s] GC(549)   Post Evacuate Collection Set: 0.4ms
[2023-01-01T15:03:02.463+0530][101073.557s] GC(549)   Other: 0.3ms
[2023-01-01T15:03:02.463+0530][101073.557s] GC(549) Eden regions: 289->0(302)
[2023-01-01T15:03:02.463+0530][101073.557s] GC(549) Survivor regions: 18->5(39)
[2023-01-01T15:03:02.463+0530][101073.558s] GC(549) Old regions: 57->57
[2023-01-01T15:03:02.463+0530][101073.558s] GC(549) Humongous regions: 7->7
[2023-01-01T15:03:02.463+0530][101073.558s] GC(549) Metaspace: 65274K->65274K(1107968K)
[2023-01-01T15:03:02.463+0530][101073.558s] GC(549) Pause Young (Normal) (G1 Evacuation Pause) 369M->68M(512M) 2.984ms
[2023-01-01T15:03:02.463+0530][101073.558s] GC(549) User=0.02s Sys=0.00s Real=0.00s
[2023-01-01T15:04:00.719+0530][101131.813s] GC(550) Pause Young (Normal) (G1 Evacuation Pause)
[2023-01-01T15:04:00.719+0530][101131.813s] GC(550) Using 8 workers of 8 for evacuation
[2023-01-01T15:04:00.723+0530][101131.817s] GC(550)   Pre Evacuate Collection Set: 0.0ms
[2023-01-01T15:04:00.723+0530][101131.817s] GC(550)   Evacuate Collection Set: 3.1ms
[2023-01-01T15:04:00.723+0530][101131.817s] GC(550)   Post Evacuate Collection Set: 0.5ms
[2023-01-01T15:04:00.723+0530][101131.817s] GC(550)   Other: 0.3ms
[2023-01-01T15:04:00.723+0530][101131.817s] GC(550) Eden regions: 302->0(293)
[2023-01-01T15:04:00.723+0530][101131.817s] GC(550) Survivor regions: 5->14(39)
[2023-01-01T15:04:00.723+0530][101131.817s] GC(550) Old regions: 57->57
[2023-01-01T15:04:00.723+0530][101131.817s] GC(550) Humongous regions: 7->7
[2023-01-01T15:04:00.723+0530][101131.817s] GC(550) Metaspace: 65274K->65274K(1107968K)
[2023-01-01T15:04:00.723+0530][101131.817s] GC(550) Pause Young (Normal) (G1 Evacuation Pause) 370M->77M(512M) 4.408ms
[2023-01-01T15:04:00.724+0530][101131.817s] GC(550) User=0.00s Sys=0.00s Real=0.00s
[2023-01-01T15:04:02.652+0530][101133.746s] GC(551) Pause Young (Normal) (G1 Evacuation Pause)
[2023-01-01T15:04:02.652+0530][101133.746s] GC(551) Using 8 workers of 8 for evacuation
[2023-01-01T15:04:02.655+0530][101133.749s] GC(551)   Pre Evacuate Collection Set: 0.0ms
[2023-01-01T15:04:02.655+0530][101133.749s] GC(551)   Evacuate Collection Set: 2.3ms
[2023-01-01T15:04:02.655+0530][101133.749s] GC(551)   Post Evacuate Collection Set: 0.4ms
[2023-01-01T15:04:02.655+0530][101133.749s] GC(551)   Other: 0.3ms
[2023-01-01T15:04:02.655+0530][101133.750s] GC(551) Eden regions: 293->0(301)
[2023-01-01T15:04:02.655+0530][101133.750s] GC(551) Survivor regions: 14->6(39)
[2023-01-01T15:04:02.656+0530][101133.750s] GC(551) Old regions: 57->57
[2023-01-01T15:04:02.656+0530][101133.750s] GC(551) Humongous regions: 7->7
[2023-01-01T15:04:02.656+0530][101133.750s] GC(551) Metaspace: 65274K->65274K(1107968K)
[2023-01-01T15:04:02.656+0530][101133.750s] GC(551) Pause Young (Normal) (G1 Evacuation Pause) 370M->69M(512M) 3.523ms
[2023-01-01T15:04:02.656+0530][101133.750s] GC(551) User=0.00s Sys=0.00s Real=0.00s
[2023-01-01T15:05:01.593+0530][101192.688s] GC(552) Pause Young (Normal) (G1 Evacuation Pause)
[2023-01-01T15:05:01.593+0530][101192.688s] GC(552) Using 8 workers of 8 for evacuation
[2023-01-01T15:05:01.596+0530][101192.690s] GC(552)   Pre Evacuate Collection Set: 0.0ms
[2023-01-01T15:05:01.596+0530][101192.691s] GC(552)   Evacuate Collection Set: 2.1ms
[2023-01-01T15:05:01.596+0530][101192.691s] GC(552)   Post Evacuate Collection Set: 0.4ms
[2023-01-01T15:05:01.596+0530][101192.691s] GC(552)   Other: 0.3ms
[2023-01-01T15:05:01.596+0530][101192.691s] GC(552) Eden regions: 301->0(299)
[2023-01-01T15:05:01.596+0530][101192.691s] GC(552) Survivor regions: 6->8(39)
[2023-01-01T15:05:01.596+0530][101192.691s] GC(552) Old regions: 57->57
[2023-01-01T15:05:01.596+0530][101192.691s] GC(552) Humongous regions: 7->7
[2023-01-01T15:05:01.596+0530][101192.691s] GC(552) Metaspace: 65274K->65274K(1107968K)
[2023-01-01T15:05:01.596+0530][101192.691s] GC(552) Pause Young (Normal) (G1 Evacuation Pause) 370M->70M(512M) 3.340ms
[2023-01-01T15:05:01.596+0530][101192.691s] GC(552) User=0.00s Sys=0.00s Real=0.00s
[2023-01-01T15:05:04.142+0530][101195.237s] GC(553) Pause Young (Normal) (G1 Evacuation Pause)
[2023-01-01T15:05:04.143+0530][101195.237s] GC(553) Using 8 workers of 8 for evacuation
[2023-01-01T15:05:04.147+0530][101195.241s] GC(553)   Pre Evacuate Collection Set: 0.0ms
[2023-01-01T15:05:04.147+0530][101195.241s] GC(553)   Evacuate Collection Set: 3.3ms
[2023-01-01T15:05:04.147+0530][101195.241s] GC(553)   Post Evacuate Collection Set: 0.4ms
[2023-01-01T15:05:04.147+0530][101195.241s] GC(553)   Other: 0.3ms
[2023-01-01T15:05:04.147+0530][101195.241s] GC(553) Eden regions: 299->0(299)
[2023-01-01T15:05:04.147+0530][101195.241s] GC(553) Survivor regions: 8->8(39)
[2023-01-01T15:05:04.147+0530][101195.241s] GC(553) Old regions: 57->57
[2023-01-01T15:05:04.147+0530][101195.241s] GC(553) Humongous regions: 7->7
[2023-01-01T15:05:04.147+0530][101195.241s] GC(553) Metaspace: 65274K->65274K(1107968K)
[2023-01-01T15:05:04.147+0530][101195.242s] GC(553) Pause Young (Normal) (G1 Evacuation Pause) 369M->71M(512M) 4.574ms
[2023-01-01T15:05:04.147+0530][101195.242s] GC(553) User=0.00s Sys=0.00s Real=0.01s
[2023-01-01T15:06:01.057+0530][101252.151s] GC(554) Pause Young (Normal) (G1 Evacuation Pause)
[2023-01-01T15:06:01.057+0530][101252.151s] GC(554) Using 8 workers of 8 for evacuation
[2023-01-01T15:06:01.061+0530][101252.155s] GC(554)   Pre Evacuate Collection Set: 0.0ms
[2023-01-01T15:06:01.061+0530][101252.155s] GC(554)   Evacuate Collection Set: 3.3ms
[2023-01-01T15:06:01.061+0530][101252.155s] GC(554)   Post Evacuate Collection Set: 0.5ms
[2023-01-01T15:06:01.061+0530][101252.155s] GC(554)   Other: 0.3ms
[2023-01-01T15:06:01.061+0530][101252.155s] GC(554) Eden regions: 299->0(295)
[2023-01-01T15:06:01.061+0530][101252.156s] GC(554) Survivor regions: 8->12(39)
[2023-01-01T15:06:01.061+0530][101252.156s] GC(554) Old regions: 57->57
[2023-01-01T15:06:01.061+0530][101252.156s] GC(554) Humongous regions: 7->7
[2023-01-01T15:06:01.061+0530][101252.156s] GC(554) Metaspace: 65274K->65274K(1107968K)
[2023-01-01T15:06:01.061+0530][101252.156s] GC(554) Pause Young (Normal) (G1 Evacuation Pause) 370M->75M(512M) 4.578ms
[2023-01-01T15:06:01.061+0530][101252.156s] GC(554) User=0.13s Sys=0.00s Real=0.00s
[2023-01-01T15:06:03.244+0530][101254.338s] GC(555) Pause Young (Normal) (G1 Evacuation Pause)
[2023-01-01T15:06:03.244+0530][101254.338s] GC(555) Using 8 workers of 8 for evacuation
[2023-01-01T15:06:03.246+0530][101254.340s] GC(555)   Pre Evacuate Collection Set: 0.0ms
[2023-01-01T15:06:03.246+0530][101254.340s] GC(555)   Evacuate Collection Set: 1.2ms
[2023-01-01T15:06:03.246+0530][101254.340s] GC(555)   Post Evacuate Collection Set: 0.4ms
[2023-01-01T15:06:03.246+0530][101254.340s] GC(555)   Other: 0.3ms
[2023-01-01T15:06:03.246+0530][101254.340s] GC(555) Eden regions: 295->0(304)
[2023-01-01T15:06:03.246+0530][101254.340s] GC(555) Survivor regions: 12->3(39)
[2023-01-01T15:06:03.247+0530][101254.341s] GC(555) Old regions: 57->57
[2023-01-01T15:06:03.247+0530][101254.341s] GC(555) Humongous regions: 7->7
[2023-01-01T15:06:03.247+0530][101254.341s] GC(555) Metaspace: 65274K->65274K(1107968K)
[2023-01-01T15:06:03.247+0530][101254.341s] GC(555) Pause Young (Normal) (G1 Evacuation Pause) 370M->66M(512M) 2.391ms
[2023-01-01T15:06:03.247+0530][101254.341s] GC(555) User=0.05s Sys=0.00s Real=0.00s
[2023-01-01T15:07:02.248+0530][101313.343s] GC(556) Pause Young (Normal) (G1 Evacuation Pause)
[2023-01-01T15:07:02.248+0530][101313.343s] GC(556) Using 8 workers of 8 for evacuation
[2023-01-01T15:07:02.251+0530][101313.345s] GC(556)   Pre Evacuate Collection Set: 0.0ms
[2023-01-01T15:07:02.251+0530][101313.345s] GC(556)   Evacuate Collection Set: 1.8ms
[2023-01-01T15:07:02.251+0530][101313.345s] GC(556)   Post Evacuate Collection Set: 0.4ms
[2023-01-01T15:07:02.251+0530][101313.345s] GC(556)   Other: 0.3ms
[2023-01-01T15:07:02.251+0530][101313.345s] GC(556) Eden regions: 304->0(301)
[2023-01-01T15:07:02.251+0530][101313.345s] GC(556) Survivor regions: 3->6(39)
[2023-01-01T15:07:02.251+0530][101313.345s] GC(556) Old regions: 57->57
[2023-01-01T15:07:02.251+0530][101313.346s] GC(556) Humongous regions: 7->7
[2023-01-01T15:07:02.251+0530][101313.346s] GC(556) Metaspace: 65274K->65274K(1107968K)
[2023-01-01T15:07:02.251+0530][101313.346s] GC(556) Pause Young (Normal) (G1 Evacuation Pause) 370M->69M(512M) 2.992ms
[2023-01-01T15:07:02.251+0530][101313.346s] GC(556) User=0.00s Sys=0.00s Real=0.00s
[2023-01-01T15:08:00.719+0530][101371.813s] GC(557) Pause Young (Normal) (G1 Evacuation Pause)
[2023-01-01T15:08:00.719+0530][101371.813s] GC(557) Using 8 workers of 8 for evacuation
[2023-01-01T15:08:00.723+0530][101371.818s] GC(557)   Pre Evacuate Collection Set: 0.0ms
[2023-01-01T15:08:00.724+0530][101371.818s] GC(557)   Evacuate Collection Set: 3.9ms
[2023-01-01T15:08:00.724+0530][101371.818s] GC(557)   Post Evacuate Collection Set: 0.5ms
[2023-01-01T15:08:00.724+0530][101371.818s] GC(557)   Other: 0.3ms
[2023-01-01T15:08:00.724+0530][101371.818s] GC(557) Eden regions: 301->0(288)
[2023-01-01T15:08:00.724+0530][101371.818s] GC(557) Survivor regions: 6->19(39)
[2023-01-01T15:08:00.724+0530][101371.818s] GC(557) Old regions: 57->57
[2023-01-01T15:08:00.724+0530][101371.818s] GC(557) Humongous regions: 7->7
[2023-01-01T15:08:00.724+0530][101371.818s] GC(557) Metaspace: 65274K->65274K(1107968K)
[2023-01-01T15:08:00.724+0530][101371.818s] GC(557) Pause Young (Normal) (G1 Evacuation Pause) 370M->82M(512M) 5.257ms
[2023-01-01T15:08:00.724+0530][101371.818s] GC(557) User=0.00s Sys=0.00s Real=0.00s
[2023-01-01T15:08:03.164+0530][101374.259s] GC(558) Pause Young (Normal) (G1 Evacuation Pause)
[2023-01-01T15:08:03.164+0530][101374.259s] GC(558) Using 8 workers of 8 for evacuation
[2023-01-01T15:08:03.166+0530][101374.261s] GC(558)   Pre Evacuate Collection Set: 0.0ms
[2023-01-01T15:08:03.166+0530][101374.261s] GC(558)   Evacuate Collection Set: 1.4ms
[2023-01-01T15:08:03.166+0530][101374.261s] GC(558)   Post Evacuate Collection Set: 0.4ms
[2023-01-01T15:08:03.166+0530][101374.261s] GC(558)   Other: 0.3ms
[2023-01-01T15:08:03.166+0530][101374.261s] GC(558) Eden regions: 288->0(304)
[2023-01-01T15:08:03.166+0530][101374.261s] GC(558) Survivor regions: 19->3(39)
[2023-01-01T15:08:03.166+0530][101374.261s] GC(558) Old regions: 57->57
[2023-01-01T15:08:03.166+0530][101374.261s] GC(558) Humongous regions: 7->7
[2023-01-01T15:08:03.166+0530][101374.261s] GC(558) Metaspace: 65274K->65274K(1107968K)
[2023-01-01T15:08:03.167+0530][101374.261s] GC(558) Pause Young (Normal) (G1 Evacuation Pause) 370M->66M(512M) 2.542ms
[2023-01-01T15:08:03.167+0530][101374.261s] GC(558) User=0.11s Sys=0.00s Real=0.00s
[2023-01-01T15:09:01.217+0530][101432.311s] GC(559) Pause Young (Normal) (G1 Evacuation Pause)
[2023-01-01T15:09:01.217+0530][101432.312s] GC(559) Using 8 workers of 8 for evacuation
[2023-01-01T15:09:01.219+0530][101432.314s] GC(559)   Pre Evacuate Collection Set: 0.0ms
[2023-01-01T15:09:01.219+0530][101432.314s] GC(559)   Evacuate Collection Set: 1.5ms
[2023-01-01T15:09:01.219+0530][101432.314s] GC(559)   Post Evacuate Collection Set: 0.4ms
[2023-01-01T15:09:01.219+0530][101432.314s] GC(559)   Other: 0.4ms
[2023-01-01T15:09:01.219+0530][101432.314s] GC(559) Eden regions: 304->0(302)
[2023-01-01T15:09:01.219+0530][101432.314s] GC(559) Survivor regions: 3->5(39)
[2023-01-01T15:09:01.219+0530][101432.314s] GC(559) Old regions: 57->57
[2023-01-01T15:09:01.219+0530][101432.314s] GC(559) Humongous regions: 7->7
[2023-01-01T15:09:01.219+0530][101432.314s] GC(559) Metaspace: 65274K->65274K(1107968K)
[2023-01-01T15:09:01.220+0530][101432.314s] GC(559) Pause Young (Normal) (G1 Evacuation Pause) 370M->68M(512M) 2.951ms
[2023-01-01T15:09:01.220+0530][101432.314s] GC(559) User=0.00s Sys=0.00s Real=0.00s
[2023-01-01T15:09:02.413+0530][101433.507s] GC(560) Pause Young (Normal) (G1 Evacuation Pause)
[2023-01-01T15:09:02.413+0530][101433.507s] GC(560) Using 8 workers of 8 for evacuation
[2023-01-01T15:09:02.415+0530][101433.510s] GC(560)   Pre Evacuate Collection Set: 0.0ms
[2023-01-01T15:09:02.415+0530][101433.510s] GC(560)   Evacuate Collection Set: 1.9ms
[2023-01-01T15:09:02.415+0530][101433.510s] GC(560)   Post Evacuate Collection Set: 0.3ms
[2023-01-01T15:09:02.415+0530][101433.510s] GC(560)   Other: 0.3ms
[2023-01-01T15:09:02.415+0530][101433.510s] GC(560) Eden regions: 302->0(302)
[2023-01-01T15:09:02.416+0530][101433.510s] GC(560) Survivor regions: 5->5(39)
[2023-01-01T15:09:02.416+0530][101433.510s] GC(560) Old regions: 57->57
[2023-01-01T15:09:02.416+0530][101433.510s] GC(560) Humongous regions: 7->7
[2023-01-01T15:09:02.416+0530][101433.510s] GC(560) Metaspace: 65274K->65274K(1107968K)
[2023-01-01T15:09:02.416+0530][101433.510s] GC(560) Pause Young (Normal) (G1 Evacuation Pause) 370M->68M(512M) 3.089ms
[2023-01-01T15:09:02.416+0530][101433.510s] GC(560) User=0.00s Sys=0.00s Real=0.00s
[2023-01-01T15:10:01.515+0530][101492.609s] GC(561) Pause Young (Normal) (G1 Evacuation Pause)
[2023-01-01T15:10:01.515+0530][101492.609s] GC(561) Using 8 workers of 8 for evacuation
[2023-01-01T15:10:01.519+0530][101492.613s] GC(561)   Pre Evacuate Collection Set: 0.0ms
[2023-01-01T15:10:01.519+0530][101492.613s] GC(561)   Evacuate Collection Set: 2.8ms
[2023-01-01T15:10:01.519+0530][101492.613s] GC(561)   Post Evacuate Collection Set: 0.5ms
[2023-01-01T15:10:01.519+0530][101492.613s] GC(561)   Other: 0.4ms
[2023-01-01T15:10:01.519+0530][101492.613s] GC(561) Eden regions: 302->0(292)
[2023-01-01T15:10:01.519+0530][101492.613s] GC(561) Survivor regions: 5->15(39)
[2023-01-01T15:10:01.519+0530][101492.613s] GC(561) Old regions: 57->57
[2023-01-01T15:10:01.519+0530][101492.613s] GC(561) Humongous regions: 7->7
[2023-01-01T15:10:01.519+0530][101492.613s] GC(561) Metaspace: 65274K->65274K(1107968K)
[2023-01-01T15:10:01.519+0530][101492.613s] GC(561) Pause Young (Normal) (G1 Evacuation Pause) 370M->77M(512M) 4.198ms
[2023-01-01T15:10:01.519+0530][101492.613s] GC(561) User=0.00s Sys=0.00s Real=0.00s
[2023-01-01T15:10:03.542+0530][101494.637s] GC(562) Pause Young (Normal) (G1 Evacuation Pause)
[2023-01-01T15:10:03.542+0530][101494.637s] GC(562) Using 8 workers of 8 for evacuation
[2023-01-01T15:10:03.545+0530][101494.639s] GC(562)   Pre Evacuate Collection Set: 0.0ms
[2023-01-01T15:10:03.545+0530][101494.640s] GC(562)   Evacuate Collection Set: 2.1ms
[2023-01-01T15:10:03.545+0530][101494.640s] GC(562)   Post Evacuate Collection Set: 0.4ms
[2023-01-01T15:10:03.545+0530][101494.640s] GC(562)   Other: 0.3ms
[2023-01-01T15:10:03.545+0530][101494.640s] GC(562) Eden regions: 292->0(301)
[2023-01-01T15:10:03.545+0530][101494.640s] GC(562) Survivor regions: 15->6(39)
[2023-01-01T15:10:03.545+0530][101494.640s] GC(562) Old regions: 57->57
[2023-01-01T15:10:03.545+0530][101494.640s] GC(562) Humongous regions: 7->7
[2023-01-01T15:10:03.545+0530][101494.640s] GC(562) Metaspace: 65274K->65274K(1107968K)
[2023-01-01T15:10:03.545+0530][101494.640s] GC(562) Pause Young (Normal) (G1 Evacuation Pause) 369M->69M(512M) 3.321ms
[2023-01-01T15:10:03.545+0530][101494.640s] GC(562) User=0.00s Sys=0.00s Real=0.00s
[2023-01-01T15:12:00.638+0530][101611.732s] GC(563) Pause Young (Normal) (G1 Evacuation Pause)
[2023-01-01T15:12:00.638+0530][101611.732s] GC(563) Using 8 workers of 8 for evacuation
[2023-01-01T15:12:00.640+0530][101611.735s] GC(563)   Pre Evacuate Collection Set: 0.0ms
[2023-01-01T15:12:00.640+0530][101611.735s] GC(563)   Evacuate Collection Set: 1.9ms
[2023-01-01T15:12:00.640+0530][101611.735s] GC(563)   Post Evacuate Collection Set: 0.3ms
[2023-01-01T15:12:00.640+0530][101611.735s] GC(563)   Other: 0.4ms
[2023-01-01T15:12:00.640+0530][101611.735s] GC(563) Eden regions: 301->0(300)
[2023-01-01T15:12:00.641+0530][101611.735s] GC(563) Survivor regions: 6->7(39)
[2023-01-01T15:12:00.641+0530][101611.735s] GC(563) Old regions: 57->57
[2023-01-01T15:12:00.641+0530][101611.735s] GC(563) Humongous regions: 7->7
[2023-01-01T15:12:00.641+0530][101611.735s] GC(563) Metaspace: 65274K->65274K(1107968K)
[2023-01-01T15:12:00.641+0530][101611.735s] GC(563) Pause Young (Normal) (G1 Evacuation Pause) 370M->70M(512M) 3.308ms
[2023-01-01T15:12:00.641+0530][101611.735s] GC(563) User=0.00s Sys=0.00s Real=0.00s
[2023-01-01T15:12:01.980+0530][101613.074s] GC(564) Pause Young (Normal) (G1 Evacuation Pause)
[2023-01-01T15:12:01.980+0530][101613.074s] GC(564) Using 8 workers of 8 for evacuation
[2023-01-01T15:12:01.983+0530][101613.077s] GC(564)   Pre Evacuate Collection Set: 0.0ms
[2023-01-01T15:12:01.984+0530][101613.078s] GC(564)   Evacuate Collection Set: 2.5ms
[2023-01-01T15:12:01.984+0530][101613.078s] GC(564)   Post Evacuate Collection Set: 0.4ms
[2023-01-01T15:12:01.984+0530][101613.078s] GC(564)   Other: 0.3ms
[2023-01-01T15:12:01.984+0530][101613.078s] GC(564) Eden regions: 300->0(297)
[2023-01-01T15:12:01.984+0530][101613.078s] GC(564) Survivor regions: 7->10(39)
[2023-01-01T15:12:01.984+0530][101613.078s] GC(564) Old regions: 57->57
[2023-01-01T15:12:01.984+0530][101613.078s] GC(564) Humongous regions: 7->7
[2023-01-01T15:12:01.984+0530][101613.078s] GC(564) Metaspace: 65274K->65274K(1107968K)
[2023-01-01T15:12:01.984+0530][101613.078s] GC(564) Pause Young (Normal) (G1 Evacuation Pause) 370M->73M(512M) 3.721ms
[2023-01-01T15:12:01.984+0530][101613.078s] GC(564) User=0.00s Sys=0.00s Real=0.00s
[2023-01-01T15:13:01.193+0530][101672.287s] GC(565) Pause Young (Normal) (G1 Evacuation Pause)
[2023-01-01T15:13:01.193+0530][101672.287s] GC(565) Using 8 workers of 8 for evacuation
[2023-01-01T15:13:01.197+0530][101672.291s] GC(565)   Pre Evacuate Collection Set: 0.0ms
[2023-01-01T15:13:01.197+0530][101672.291s] GC(565)   Evacuate Collection Set: 3.4ms
[2023-01-01T15:13:01.197+0530][101672.291s] GC(565)   Post Evacuate Collection Set: 0.5ms
[2023-01-01T15:13:01.197+0530][101672.291s] GC(565)   Other: 0.3ms
[2023-01-01T15:13:01.197+0530][101672.291s] GC(565) Eden regions: 297->0(293)
[2023-01-01T15:13:01.197+0530][101672.291s] GC(565) Survivor regions: 10->14(39)
[2023-01-01T15:13:01.197+0530][101672.291s] GC(565) Old regions: 57->57
[2023-01-01T15:13:01.197+0530][101672.291s] GC(565) Humongous regions: 7->7
[2023-01-01T15:13:01.197+0530][101672.292s] GC(565) Metaspace: 65274K->65274K(1107968K)
[2023-01-01T15:13:01.197+0530][101672.292s] GC(565) Pause Young (Normal) (G1 Evacuation Pause) 370M->77M(512M) 4.716ms
[2023-01-01T15:13:01.197+0530][101672.292s] GC(565) User=0.00s Sys=0.00s Real=0.00s
[2023-01-01T15:13:02.259+0530][101673.353s] GC(566) Pause Young (Normal) (G1 Evacuation Pause)
[2023-01-01T15:13:02.259+0530][101673.353s] GC(566) Using 8 workers of 8 for evacuation
[2023-01-01T15:13:02.262+0530][101673.356s] GC(566)   Pre Evacuate Collection Set: 0.0ms
[2023-01-01T15:13:02.262+0530][101673.356s] GC(566)   Evacuate Collection Set: 2.4ms
[2023-01-01T15:13:02.262+0530][101673.356s] GC(566)   Post Evacuate Collection Set: 0.4ms
[2023-01-01T15:13:02.262+0530][101673.356s] GC(566)   Other: 0.3ms
[2023-01-01T15:13:02.262+0530][101673.356s] GC(566) Eden regions: 293->0(300)
[2023-01-01T15:13:02.262+0530][101673.356s] GC(566) Survivor regions: 14->7(39)
[2023-01-01T15:13:02.262+0530][101673.356s] GC(566) Old regions: 57->58
[2023-01-01T15:13:02.262+0530][101673.356s] GC(566) Humongous regions: 7->7
[2023-01-01T15:13:02.262+0530][101673.356s] GC(566) Metaspace: 65276K->65276K(1107968K)
[2023-01-01T15:13:02.262+0530][101673.356s] GC(566) Pause Young (Normal) (G1 Evacuation Pause) 370M->70M(512M) 3.614ms
[2023-01-01T15:13:02.263+0530][101673.357s] GC(566) User=0.13s Sys=0.00s Real=0.00s
[2023-01-01T15:14:00.782+0530][101731.877s] GC(567) Pause Young (Normal) (G1 Evacuation Pause)
[2023-01-01T15:14:00.782+0530][101731.877s] GC(567) Using 8 workers of 8 for evacuation
[2023-01-01T15:14:00.785+0530][101731.880s] GC(567)   Pre Evacuate Collection Set: 0.0ms
[2023-01-01T15:14:00.786+0530][101731.880s] GC(567)   Evacuate Collection Set: 2.8ms
[2023-01-01T15:14:00.786+0530][101731.880s] GC(567)   Post Evacuate Collection Set: 0.4ms
[2023-01-01T15:14:00.786+0530][101731.880s] GC(567)   Other: 0.3ms
[2023-01-01T15:14:00.786+0530][101731.880s] GC(567) Eden regions: 300->0(294)
[2023-01-01T15:14:00.786+0530][101731.880s] GC(567) Survivor regions: 7->13(39)
[2023-01-01T15:14:00.786+0530][101731.881s] GC(567) Old regions: 58->58
[2023-01-01T15:14:00.786+0530][101731.881s] GC(567) Humongous regions: 7->7
[2023-01-01T15:14:00.786+0530][101731.881s] GC(567) Metaspace: 65276K->65276K(1107968K)
[2023-01-01T15:14:00.786+0530][101731.881s] GC(567) Pause Young (Normal) (G1 Evacuation Pause) 370M->77M(512M) 4.025ms
[2023-01-01T15:14:00.786+0530][101731.881s] GC(567) User=0.00s Sys=0.00s Real=0.00s
[2023-01-01T15:14:02.721+0530][101733.816s] GC(568) Pause Young (Normal) (G1 Evacuation Pause)
[2023-01-01T15:14:02.721+0530][101733.816s] GC(568) Using 8 workers of 8 for evacuation
[2023-01-01T15:14:02.724+0530][101733.819s] GC(568)   Pre Evacuate Collection Set: 0.0ms
[2023-01-01T15:14:02.724+0530][101733.819s] GC(568)   Evacuate Collection Set: 2.2ms
[2023-01-01T15:14:02.725+0530][101733.819s] GC(568)   Post Evacuate Collection Set: 0.5ms
[2023-01-01T15:14:02.725+0530][101733.819s] GC(568)   Other: 0.3ms
[2023-01-01T15:14:02.725+0530][101733.819s] GC(568) Eden regions: 294->0(301)
[2023-01-01T15:14:02.725+0530][101733.819s] GC(568) Survivor regions: 13->6(39)
[2023-01-01T15:14:02.725+0530][101733.819s] GC(568) Old regions: 58->58
[2023-01-01T15:14:02.725+0530][101733.819s] GC(568) Humongous regions: 7->7
[2023-01-01T15:14:02.725+0530][101733.819s] GC(568) Metaspace: 65276K->65276K(1107968K)
[2023-01-01T15:14:02.725+0530][101733.819s] GC(568) Pause Young (Normal) (G1 Evacuation Pause) 371M->70M(512M) 3.577ms
[2023-01-01T15:14:02.725+0530][101733.820s] GC(568) User=0.00s Sys=0.00s Real=0.00s
[2023-01-01T15:15:01.779+0530][101792.874s] GC(569) Pause Young (Normal) (G1 Evacuation Pause)
[2023-01-01T15:15:01.779+0530][101792.874s] GC(569) Using 8 workers of 8 for evacuation
[2023-01-01T15:15:01.783+0530][101792.877s] GC(569)   Pre Evacuate Collection Set: 0.0ms
[2023-01-01T15:15:01.783+0530][101792.877s] GC(569)   Evacuate Collection Set: 2.7ms
[2023-01-01T15:15:01.783+0530][101792.878s] GC(569)   Post Evacuate Collection Set: 0.5ms
[2023-01-01T15:15:01.783+0530][101792.878s] GC(569)   Other: 0.3ms
[2023-01-01T15:15:01.783+0530][101792.878s] GC(569) Eden regions: 301->0(295)
[2023-01-01T15:15:01.783+0530][101792.878s] GC(569) Survivor regions: 6->12(39)
[2023-01-01T15:15:01.783+0530][101792.878s] GC(569) Old regions: 58->58
[2023-01-01T15:15:01.783+0530][101792.878s] GC(569) Humongous regions: 7->7
[2023-01-01T15:15:01.783+0530][101792.878s] GC(569) Metaspace: 65276K->65276K(1107968K)
[2023-01-01T15:15:01.783+0530][101792.878s] GC(569) Pause Young (Normal) (G1 Evacuation Pause) 371M->76M(512M) 4.020ms
[2023-01-01T15:15:01.783+0530][101792.878s] GC(569) User=0.00s Sys=0.00s Real=0.00s
[2023-01-01T15:15:04.117+0530][101795.211s] GC(570) Pause Young (Normal) (G1 Evacuation Pause)
[2023-01-01T15:15:04.117+0530][101795.211s] GC(570) Using 8 workers of 8 for evacuation
[2023-01-01T15:15:04.120+0530][101795.214s] GC(570)   Pre Evacuate Collection Set: 0.0ms
[2023-01-01T15:15:04.120+0530][101795.214s] GC(570)   Evacuate Collection Set: 2.7ms
[2023-01-01T15:15:04.120+0530][101795.214s] GC(570)   Post Evacuate Collection Set: 0.5ms
[2023-01-01T15:15:04.120+0530][101795.214s] GC(570)   Other: 0.3ms
[2023-01-01T15:15:04.120+0530][101795.214s] GC(570) Eden regions: 295->0(299)
[2023-01-01T15:15:04.120+0530][101795.214s] GC(570) Survivor regions: 12->8(39)
[2023-01-01T15:15:04.120+0530][101795.215s] GC(570) Old regions: 58->58
[2023-01-01T15:15:04.120+0530][101795.215s] GC(570) Humongous regions: 7->7
[2023-01-01T15:15:04.120+0530][101795.215s] GC(570) Metaspace: 65276K->65276K(1107968K)
[2023-01-01T15:15:04.120+0530][101795.215s] GC(570) Pause Young (Normal) (G1 Evacuation Pause) 371M->71M(512M) 3.973ms
[2023-01-01T15:15:04.120+0530][101795.215s] GC(570) User=0.00s Sys=0.00s Real=0.00s
[2023-01-01T15:16:01.555+0530][101852.649s] GC(571) Pause Young (Normal) (G1 Evacuation Pause)
[2023-01-01T15:16:01.555+0530][101852.649s] GC(571) Using 8 workers of 8 for evacuation
[2023-01-01T15:16:01.557+0530][101852.651s] GC(571)   Pre Evacuate Collection Set: 0.0ms
[2023-01-01T15:16:01.557+0530][101852.651s] GC(571)   Evacuate Collection Set: 1.7ms
[2023-01-01T15:16:01.557+0530][101852.651s] GC(571)   Post Evacuate Collection Set: 0.3ms
[2023-01-01T15:16:01.557+0530][101852.651s] GC(571)   Other: 0.3ms
[2023-01-01T15:16:01.557+0530][101852.651s] GC(571) Eden regions: 299->0(302)
[2023-01-01T15:16:01.557+0530][101852.651s] GC(571) Survivor regions: 8->5(39)
[2023-01-01T15:16:01.557+0530][101852.651s] GC(571) Old regions: 58->58
[2023-01-01T15:16:01.557+0530][101852.651s] GC(571) Humongous regions: 7->7
[2023-01-01T15:16:01.557+0530][101852.651s] GC(571) Metaspace: 65276K->65276K(1107968K)
[2023-01-01T15:16:01.557+0530][101852.651s] GC(571) Pause Young (Normal) (G1 Evacuation Pause) 370M->68M(512M) 2.811ms
[2023-01-01T15:16:01.557+0530][101852.652s] GC(571) User=0.00s Sys=0.00s Real=0.00s
[2023-01-01T15:17:01.510+0530][101912.603s] GC(572) Pause Young (Normal) (G1 Evacuation Pause)
[2023-01-01T15:17:01.510+0530][101912.604s] GC(572) Using 8 workers of 8 for evacuation
[2023-01-01T15:17:01.513+0530][101912.606s] GC(572)   Pre Evacuate Collection Set: 0.0ms
[2023-01-01T15:17:01.513+0530][101912.607s] GC(572)   Evacuate Collection Set: 2.2ms
[2023-01-01T15:17:01.513+0530][101912.607s] GC(572)   Post Evacuate Collection Set: 0.5ms
[2023-01-01T15:17:01.513+0530][101912.607s] GC(572)   Other: 0.4ms
[2023-01-01T15:17:01.513+0530][101912.607s] GC(572) Eden regions: 302->0(300)
[2023-01-01T15:17:01.513+0530][101912.607s] GC(572) Survivor regions: 5->7(39)
[2023-01-01T15:17:01.513+0530][101912.607s] GC(572) Old regions: 58->58
[2023-01-01T15:17:01.513+0530][101912.607s] GC(572) Humongous regions: 7->7
[2023-01-01T15:17:01.513+0530][101912.607s] GC(572) Metaspace: 65276K->65276K(1107968K)
[2023-01-01T15:17:01.513+0530][101912.607s] GC(572) Pause Young (Normal) (G1 Evacuation Pause) 370M->70M(512M) 3.564ms
[2023-01-01T15:17:01.513+0530][101912.607s] GC(572) User=0.13s Sys=0.00s Real=0.00s
[2023-01-01T15:18:00.934+0530][101972.028s] GC(573) Pause Young (Normal) (G1 Evacuation Pause)
[2023-01-01T15:18:00.934+0530][101972.028s] GC(573) Using 8 workers of 8 for evacuation
[2023-01-01T15:18:00.938+0530][101972.032s] GC(573)   Pre Evacuate Collection Set: 0.0ms
[2023-01-01T15:18:00.938+0530][101972.032s] GC(573)   Evacuate Collection Set: 3.1ms
[2023-01-01T15:18:00.938+0530][101972.032s] GC(573)   Post Evacuate Collection Set: 0.5ms
[2023-01-01T15:18:00.938+0530][101972.032s] GC(573)   Other: 0.3ms
[2023-01-01T15:18:00.938+0530][101972.032s] GC(573) Eden regions: 300->0(292)
[2023-01-01T15:18:00.938+0530][101972.032s] GC(573) Survivor regions: 7->15(39)
[2023-01-01T15:18:00.938+0530][101972.032s] GC(573) Old regions: 58->58
[2023-01-01T15:18:00.938+0530][101972.032s] GC(573) Humongous regions: 7->7
[2023-01-01T15:18:00.938+0530][101972.032s] GC(573) Metaspace: 65276K->65276K(1107968K)
[2023-01-01T15:18:00.938+0530][101972.032s] GC(573) Pause Young (Normal) (G1 Evacuation Pause) 370M->78M(512M) 4.370ms
[2023-01-01T15:18:00.938+0530][101972.032s] GC(573) User=0.00s Sys=0.00s Real=0.00s
[2023-01-01T15:18:03.487+0530][101974.582s] GC(574) Pause Young (Normal) (G1 Evacuation Pause)
[2023-01-01T15:18:03.488+0530][101974.582s] GC(574) Using 8 workers of 8 for evacuation
[2023-01-01T15:18:03.490+0530][101974.585s] GC(574)   Pre Evacuate Collection Set: 0.0ms
[2023-01-01T15:18:03.490+0530][101974.585s] GC(574)   Evacuate Collection Set: 2.0ms
[2023-01-01T15:18:03.490+0530][101974.585s] GC(574)   Post Evacuate Collection Set: 0.5ms
[2023-01-01T15:18:03.491+0530][101974.585s] GC(574)   Other: 0.3ms
[2023-01-01T15:18:03.491+0530][101974.585s] GC(574) Eden regions: 292->0(302)
[2023-01-01T15:18:03.491+0530][101974.585s] GC(574) Survivor regions: 15->5(39)
[2023-01-01T15:18:03.491+0530][101974.585s] GC(574) Old regions: 58->58
[2023-01-01T15:18:03.491+0530][101974.585s] GC(574) Humongous regions: 7->7
[2023-01-01T15:18:03.491+0530][101974.585s] GC(574) Metaspace: 65276K->65276K(1107968K)
[2023-01-01T15:18:03.491+0530][101974.585s] GC(574) Pause Young (Normal) (G1 Evacuation Pause) 370M->69M(512M) 3.319ms
[2023-01-01T15:18:03.491+0530][101974.585s] GC(574) User=0.00s Sys=0.00s Real=0.00s
[2023-01-01T15:19:01.351+0530][102032.445s] GC(575) Pause Young (Normal) (G1 Evacuation Pause)
[2023-01-01T15:19:01.351+0530][102032.445s] GC(575) Using 8 workers of 8 for evacuation
[2023-01-01T15:19:01.355+0530][102032.449s] GC(575)   Pre Evacuate Collection Set: 0.0ms
[2023-01-01T15:19:01.355+0530][102032.449s] GC(575)   Evacuate Collection Set: 2.9ms
[2023-01-01T15:19:01.355+0530][102032.449s] GC(575)   Post Evacuate Collection Set: 0.5ms
[2023-01-01T15:19:01.355+0530][102032.449s] GC(575)   Other: 0.3ms
[2023-01-01T15:19:01.355+0530][102032.449s] GC(575) Eden regions: 302->0(292)
[2023-01-01T15:19:01.355+0530][102032.449s] GC(575) Survivor regions: 5->15(39)
[2023-01-01T15:19:01.355+0530][102032.449s] GC(575) Old regions: 58->58
[2023-01-01T15:19:01.355+0530][102032.449s] GC(575) Humongous regions: 7->7
[2023-01-01T15:19:01.355+0530][102032.449s] GC(575) Metaspace: 65276K->65276K(1107968K)
[2023-01-01T15:19:01.355+0530][102032.449s] GC(575) Pause Young (Normal) (G1 Evacuation Pause) 371M->78M(512M) 4.223ms
[2023-01-01T15:19:01.355+0530][102032.449s] GC(575) User=0.02s Sys=0.00s Real=0.00s
[2023-01-01T15:19:02.906+0530][102034.000s] GC(576) Pause Young (Normal) (G1 Evacuation Pause)
[2023-01-01T15:19:02.906+0530][102034.000s] GC(576) Using 8 workers of 8 for evacuation
[2023-01-01T15:19:02.909+0530][102034.003s] GC(576)   Pre Evacuate Collection Set: 0.0ms
[2023-01-01T15:19:02.909+0530][102034.003s] GC(576)   Evacuate Collection Set: 2.2ms
[2023-01-01T15:19:02.909+0530][102034.003s] GC(576)   Post Evacuate Collection Set: 0.4ms
[2023-01-01T15:19:02.909+0530][102034.003s] GC(576)   Other: 0.3ms
[2023-01-01T15:19:02.909+0530][102034.003s] GC(576) Eden regions: 292->0(301)
[2023-01-01T15:19:02.909+0530][102034.003s] GC(576) Survivor regions: 15->6(39)
[2023-01-01T15:19:02.909+0530][102034.004s] GC(576) Old regions: 58->58
[2023-01-01T15:19:02.909+0530][102034.004s] GC(576) Humongous regions: 7->7
[2023-01-01T15:19:02.909+0530][102034.004s] GC(576) Metaspace: 65276K->65276K(1107968K)
[2023-01-01T15:19:02.909+0530][102034.004s] GC(576) Pause Young (Normal) (G1 Evacuation Pause) 370M->69M(512M) 3.586ms
[2023-01-01T15:19:02.910+0530][102034.004s] GC(576) User=0.00s Sys=0.00s Real=0.00s
[2023-01-01T15:20:01.826+0530][102092.921s] GC(577) Pause Young (Normal) (G1 Evacuation Pause)
[2023-01-01T15:20:01.826+0530][102092.921s] GC(577) Using 8 workers of 8 for evacuation
[2023-01-01T15:20:01.830+0530][102092.925s] GC(577)   Pre Evacuate Collection Set: 0.0ms
[2023-01-01T15:20:01.830+0530][102092.925s] GC(577)   Evacuate Collection Set: 2.2ms
[2023-01-01T15:20:01.830+0530][102092.925s] GC(577)   Post Evacuate Collection Set: 0.7ms
[2023-01-01T15:20:01.830+0530][102092.925s] GC(577)   Other: 0.5ms
[2023-01-01T15:20:01.830+0530][102092.925s] GC(577) Eden regions: 301->0(303)
[2023-01-01T15:20:01.830+0530][102092.925s] GC(577) Survivor regions: 6->4(39)
[2023-01-01T15:20:01.830+0530][102092.925s] GC(577) Old regions: 58->58
[2023-01-01T15:20:01.830+0530][102092.925s] GC(577) Humongous regions: 7->7
[2023-01-01T15:20:01.830+0530][102092.925s] GC(577) Metaspace: 65276K->65276K(1107968K)
[2023-01-01T15:20:01.830+0530][102092.925s] GC(577) Pause Young (Normal) (G1 Evacuation Pause) 370M->67M(512M) 3.976ms
[2023-01-01T15:20:01.830+0530][102092.925s] GC(577) User=0.00s Sys=0.00s Real=0.00s
[2023-01-01T15:21:02.188+0530][102153.282s] GC(578) Pause Young (Normal) (G1 Evacuation Pause)
[2023-01-01T15:21:02.188+0530][102153.282s] GC(578) Using 8 workers of 8 for evacuation
[2023-01-01T15:21:02.191+0530][102153.285s] GC(578)   Pre Evacuate Collection Set: 0.0ms
[2023-01-01T15:21:02.191+0530][102153.285s] GC(578)   Evacuate Collection Set: 2.3ms
[2023-01-01T15:21:02.191+0530][102153.286s] GC(578)   Post Evacuate Collection Set: 0.5ms
[2023-01-01T15:21:02.191+0530][102153.286s] GC(578)   Other: 0.3ms
[2023-01-01T15:21:02.191+0530][102153.286s] GC(578) Eden regions: 303->0(297)
[2023-01-01T15:21:02.191+0530][102153.286s] GC(578) Survivor regions: 4->10(39)
[2023-01-01T15:21:02.191+0530][102153.286s] GC(578) Old regions: 58->58
[2023-01-01T15:21:02.191+0530][102153.286s] GC(578) Humongous regions: 7->7
[2023-01-01T15:21:02.191+0530][102153.286s] GC(578) Metaspace: 65276K->65276K(1107968K)
[2023-01-01T15:21:02.191+0530][102153.286s] GC(578) Pause Young (Normal) (G1 Evacuation Pause) 370M->73M(512M) 3.614ms
[2023-01-01T15:21:02.191+0530][102153.286s] GC(578) User=0.00s Sys=0.00s Real=0.00s
[2023-01-01T15:21:04.283+0530][102155.378s] GC(579) Pause Young (Normal) (G1 Evacuation Pause)
[2023-01-01T15:21:04.283+0530][102155.378s] GC(579) Using 8 workers of 8 for evacuation
[2023-01-01T15:21:04.285+0530][102155.379s] GC(579)   Pre Evacuate Collection Set: 0.0ms
[2023-01-01T15:21:04.285+0530][102155.380s] GC(579)   Evacuate Collection Set: 1.2ms
[2023-01-01T15:21:04.285+0530][102155.380s] GC(579)   Post Evacuate Collection Set: 0.4ms
[2023-01-01T15:21:04.285+0530][102155.380s] GC(579)   Other: 0.3ms
[2023-01-01T15:21:04.285+0530][102155.380s] GC(579) Eden regions: 297->0(304)
[2023-01-01T15:21:04.285+0530][102155.380s] GC(579) Survivor regions: 10->3(39)
[2023-01-01T15:21:04.285+0530][102155.380s] GC(579) Old regions: 58->58
[2023-01-01T15:21:04.285+0530][102155.380s] GC(579) Humongous regions: 7->7
[2023-01-01T15:21:04.285+0530][102155.380s] GC(579) Metaspace: 65276K->65276K(1107968K)
[2023-01-01T15:21:04.286+0530][102155.380s] GC(579) Pause Young (Normal) (G1 Evacuation Pause) 370M->66M(512M) 2.371ms
[2023-01-01T15:21:04.286+0530][102155.380s] GC(579) User=0.00s Sys=0.00s Real=0.00s
[2023-01-01T15:22:02.143+0530][102213.238s] GC(580) Pause Young (Normal) (G1 Evacuation Pause)
[2023-01-01T15:22:02.143+0530][102213.238s] GC(580) Using 8 workers of 8 for evacuation
[2023-01-01T15:22:02.146+0530][102213.241s] GC(580)   Pre Evacuate Collection Set: 0.0ms
[2023-01-01T15:22:02.147+0530][102213.241s] GC(580)   Evacuate Collection Set: 2.2ms
[2023-01-01T15:22:02.147+0530][102213.241s] GC(580)   Post Evacuate Collection Set: 0.5ms
[2023-01-01T15:22:02.147+0530][102213.241s] GC(580)   Other: 0.4ms
[2023-01-01T15:22:02.147+0530][102213.241s] GC(580) Eden regions: 304->0(298)
[2023-01-01T15:22:02.147+0530][102213.241s] GC(580) Survivor regions: 3->9(39)
[2023-01-01T15:22:02.147+0530][102213.241s] GC(580) Old regions: 58->58
[2023-01-01T15:22:02.147+0530][102213.241s] GC(580) Humongous regions: 7->7
[2023-01-01T15:22:02.147+0530][102213.241s] GC(580) Metaspace: 65276K->65276K(1107968K)
[2023-01-01T15:22:02.147+0530][102213.242s] GC(580) Pause Young (Normal) (G1 Evacuation Pause) 370M->72M(512M) 3.598ms
[2023-01-01T15:22:02.147+0530][102213.242s] GC(580) User=0.00s Sys=0.00s Real=0.00s
[2023-01-01T15:22:03.323+0530][102214.418s] GC(581) Pause Young (Normal) (G1 Evacuation Pause)
[2023-01-01T15:22:03.323+0530][102214.418s] GC(581) Using 8 workers of 8 for evacuation
[2023-01-01T15:22:03.325+0530][102214.420s] GC(581)   Pre Evacuate Collection Set: 0.0ms
[2023-01-01T15:22:03.325+0530][102214.420s] GC(581)   Evacuate Collection Set: 1.6ms
[2023-01-01T15:22:03.325+0530][102214.420s] GC(581)   Post Evacuate Collection Set: 0.5ms
[2023-01-01T15:22:03.325+0530][102214.420s] GC(581)   Other: 0.3ms
[2023-01-01T15:22:03.326+0530][102214.420s] GC(581) Eden regions: 298->0(303)
[2023-01-01T15:22:03.326+0530][102214.420s] GC(581) Survivor regions: 9->4(39)
[2023-01-01T15:22:03.326+0530][102214.420s] GC(581) Old regions: 58->58
[2023-01-01T15:22:03.326+0530][102214.420s] GC(581) Humongous regions: 7->7
[2023-01-01T15:22:03.326+0530][102214.420s] GC(581) Metaspace: 65276K->65276K(1107968K)
[2023-01-01T15:22:03.326+0530][102214.421s] GC(581) Pause Young (Normal) (G1 Evacuation Pause) 370M->68M(512M) 2.855ms
[2023-01-01T15:22:03.326+0530][102214.421s] GC(581) User=0.00s Sys=0.00s Real=0.00s
[2023-01-01T15:23:02.219+0530][102273.313s] GC(582) Pause Young (Normal) (G1 Evacuation Pause)
[2023-01-01T15:23:02.219+0530][102273.313s] GC(582) Using 8 workers of 8 for evacuation
[2023-01-01T15:23:02.222+0530][102273.316s] GC(582)   Pre Evacuate Collection Set: 0.0ms
[2023-01-01T15:23:02.222+0530][102273.316s] GC(582)   Evacuate Collection Set: 2.3ms
[2023-01-01T15:23:02.222+0530][102273.316s] GC(582)   Post Evacuate Collection Set: 0.3ms
[2023-01-01T15:23:02.222+0530][102273.316s] GC(582)   Other: 0.3ms
[2023-01-01T15:23:02.222+0530][102273.316s] GC(582) Eden regions: 303->0(298)
[2023-01-01T15:23:02.222+0530][102273.316s] GC(582) Survivor regions: 4->9(39)
[2023-01-01T15:23:02.222+0530][102273.316s] GC(582) Old regions: 58->58
[2023-01-01T15:23:02.222+0530][102273.316s] GC(582) Humongous regions: 7->7
[2023-01-01T15:23:02.222+0530][102273.316s] GC(582) Metaspace: 65276K->65276K(1107968K)
[2023-01-01T15:23:02.222+0530][102273.316s] GC(582) Pause Young (Normal) (G1 Evacuation Pause) 371M->73M(512M) 3.439ms
[2023-01-01T15:23:02.222+0530][102273.317s] GC(582) User=0.00s Sys=0.00s Real=0.00s
[2023-01-01T15:24:00.551+0530][102331.646s] GC(583) Pause Young (Normal) (G1 Evacuation Pause)
[2023-01-01T15:24:00.551+0530][102331.646s] GC(583) Using 8 workers of 8 for evacuation
[2023-01-01T15:24:00.555+0530][102331.649s] GC(583)   Pre Evacuate Collection Set: 0.0ms
[2023-01-01T15:24:00.555+0530][102331.649s] GC(583)   Evacuate Collection Set: 3.2ms
[2023-01-01T15:24:00.555+0530][102331.650s] GC(583)   Post Evacuate Collection Set: 0.3ms
[2023-01-01T15:24:00.555+0530][102331.650s] GC(583)   Other: 0.3ms
[2023-01-01T15:24:00.555+0530][102331.650s] GC(583) Eden regions: 298->0(290)
[2023-01-01T15:24:00.555+0530][102331.650s] GC(583) Survivor regions: 9->17(39)
[2023-01-01T15:24:00.555+0530][102331.650s] GC(583) Old regions: 58->58
[2023-01-01T15:24:00.555+0530][102331.650s] GC(583) Humongous regions: 7->7
[2023-01-01T15:24:00.555+0530][102331.650s] GC(583) Metaspace: 65278K->65278K(1107968K)
[2023-01-01T15:24:00.555+0530][102331.650s] GC(583) Pause Young (Normal) (G1 Evacuation Pause) 371M->81M(512M) 4.305ms
[2023-01-01T15:24:00.556+0530][102331.650s] GC(583) User=0.00s Sys=0.00s Real=0.00s
[2023-01-01T15:24:02.053+0530][102333.146s] GC(584) Pause Young (Normal) (G1 Evacuation Pause)
[2023-01-01T15:24:02.053+0530][102333.147s] GC(584) Using 8 workers of 8 for evacuation
[2023-01-01T15:24:02.055+0530][102333.149s] GC(584)   Pre Evacuate Collection Set: 0.0ms
[2023-01-01T15:24:02.055+0530][102333.149s] GC(584)   Evacuate Collection Set: 1.5ms
[2023-01-01T15:24:02.055+0530][102333.149s] GC(584)   Post Evacuate Collection Set: 0.4ms
[2023-01-01T15:24:02.055+0530][102333.149s] GC(584)   Other: 0.3ms
[2023-01-01T15:24:02.055+0530][102333.149s] GC(584) Eden regions: 290->0(301)
[2023-01-01T15:24:02.055+0530][102333.149s] GC(584) Survivor regions: 17->6(39)
[2023-01-01T15:24:02.055+0530][102333.149s] GC(584) Old regions: 58->58
[2023-01-01T15:24:02.055+0530][102333.149s] GC(584) Humongous regions: 7->7
[2023-01-01T15:24:02.055+0530][102333.149s] GC(584) Metaspace: 65278K->65278K(1107968K)
[2023-01-01T15:24:02.056+0530][102333.150s] GC(584) Pause Young (Normal) (G1 Evacuation Pause) 371M->70M(512M) 2.639ms
[2023-01-01T15:24:02.056+0530][102333.150s] GC(584) User=0.00s Sys=0.00s Real=0.00s
[2023-01-01T15:25:01.061+0530][102392.156s] GC(585) Pause Young (Normal) (G1 Evacuation Pause)
[2023-01-01T15:25:01.061+0530][102392.156s] GC(585) Using 8 workers of 8 for evacuation
[2023-01-01T15:25:01.065+0530][102392.159s] GC(585)   Pre Evacuate Collection Set: 0.0ms
[2023-01-01T15:25:01.065+0530][102392.159s] GC(585)   Evacuate Collection Set: 3.0ms
[2023-01-01T15:25:01.065+0530][102392.160s] GC(585)   Post Evacuate Collection Set: 0.5ms
[2023-01-01T15:25:01.065+0530][102392.160s] GC(585)   Other: 0.3ms
[2023-01-01T15:25:01.065+0530][102392.160s] GC(585) Eden regions: 301->0(291)
[2023-01-01T15:25:01.065+0530][102392.160s] GC(585) Survivor regions: 6->16(39)
[2023-01-01T15:25:01.065+0530][102392.160s] GC(585) Old regions: 58->58
[2023-01-01T15:25:01.065+0530][102392.160s] GC(585) Humongous regions: 7->7
[2023-01-01T15:25:01.065+0530][102392.160s] GC(585) Metaspace: 65278K->65278K(1107968K)
[2023-01-01T15:25:01.065+0530][102392.160s] GC(585) Pause Young (Normal) (G1 Evacuation Pause) 371M->80M(512M) 4.270ms
[2023-01-01T15:25:01.065+0530][102392.160s] GC(585) User=0.00s Sys=0.00s Real=0.00s
[2023-01-01T15:25:02.719+0530][102393.813s] GC(586) Pause Young (Normal) (G1 Evacuation Pause)
[2023-01-01T15:25:02.719+0530][102393.813s] GC(586) Using 8 workers of 8 for evacuation
[2023-01-01T15:25:02.722+0530][102393.816s] GC(586)   Pre Evacuate Collection Set: 0.0ms
[2023-01-01T15:25:02.722+0530][102393.816s] GC(586)   Evacuate Collection Set: 2.2ms
[2023-01-01T15:25:02.722+0530][102393.816s] GC(586)   Post Evacuate Collection Set: 0.5ms
[2023-01-01T15:25:02.722+0530][102393.816s] GC(586)   Other: 0.3ms
[2023-01-01T15:25:02.722+0530][102393.816s] GC(586) Eden regions: 291->0(299)
[2023-01-01T15:25:02.722+0530][102393.816s] GC(586) Survivor regions: 16->8(39)
[2023-01-01T15:25:02.722+0530][102393.816s] GC(586) Old regions: 58->58
[2023-01-01T15:25:02.722+0530][102393.817s] GC(586) Humongous regions: 7->7
[2023-01-01T15:25:02.722+0530][102393.817s] GC(586) Metaspace: 65278K->65278K(1107968K)
[2023-01-01T15:25:02.722+0530][102393.817s] GC(586) Pause Young (Normal) (G1 Evacuation Pause) 371M->72M(512M) 3.496ms
[2023-01-01T15:25:02.722+0530][102393.817s] GC(586) User=0.00s Sys=0.00s Real=0.00s
[2023-01-01T15:26:00.522+0530][102451.616s] GC(587) Pause Young (Normal) (G1 Evacuation Pause)
[2023-01-01T15:26:00.522+0530][102451.616s] GC(587) Using 8 workers of 8 for evacuation
[2023-01-01T15:26:00.525+0530][102451.619s] GC(587)   Pre Evacuate Collection Set: 0.0ms
[2023-01-01T15:26:00.525+0530][102451.620s] GC(587)   Evacuate Collection Set: 2.9ms
[2023-01-01T15:26:00.525+0530][102451.620s] GC(587)   Post Evacuate Collection Set: 0.4ms
[2023-01-01T15:26:00.525+0530][102451.620s] GC(587)   Other: 0.3ms
[2023-01-01T15:26:00.525+0530][102451.620s] GC(587) Eden regions: 299->0(291)
[2023-01-01T15:26:00.525+0530][102451.620s] GC(587) Survivor regions: 8->16(39)
[2023-01-01T15:26:00.525+0530][102451.620s] GC(587) Old regions: 58->58
[2023-01-01T15:26:00.525+0530][102451.620s] GC(587) Humongous regions: 7->7
[2023-01-01T15:26:00.525+0530][102451.620s] GC(587) Metaspace: 65278K->65278K(1107968K)
[2023-01-01T15:26:00.525+0530][102451.620s] GC(587) Pause Young (Normal) (G1 Evacuation Pause) 371M->80M(512M) 4.085ms
[2023-01-01T15:26:00.525+0530][102451.620s] GC(587) User=0.00s Sys=0.00s Real=0.00s
[2023-01-01T15:26:03.328+0530][102454.423s] GC(588) Pause Young (Normal) (G1 Evacuation Pause)
[2023-01-01T15:26:03.328+0530][102454.423s] GC(588) Using 8 workers of 8 for evacuation
[2023-01-01T15:26:03.331+0530][102454.426s] GC(588)   Pre Evacuate Collection Set: 0.0ms
[2023-01-01T15:26:03.331+0530][102454.426s] GC(588)   Evacuate Collection Set: 2.1ms
[2023-01-01T15:26:03.331+0530][102454.426s] GC(588)   Post Evacuate Collection Set: 0.3ms
[2023-01-01T15:26:03.331+0530][102454.426s] GC(588)   Other: 0.3ms
[2023-01-01T15:26:03.331+0530][102454.426s] GC(588) Eden regions: 291->0(302)
[2023-01-01T15:26:03.331+0530][102454.426s] GC(588) Survivor regions: 16->5(39)
[2023-01-01T15:26:03.331+0530][102454.426s] GC(588) Old regions: 58->58
[2023-01-01T15:26:03.331+0530][102454.426s] GC(588) Humongous regions: 7->7
[2023-01-01T15:26:03.331+0530][102454.426s] GC(588) Metaspace: 65278K->65278K(1107968K)
[2023-01-01T15:26:03.331+0530][102454.426s] GC(588) Pause Young (Normal) (G1 Evacuation Pause) 371M->69M(512M) 3.168ms
[2023-01-01T15:26:03.331+0530][102454.426s] GC(588) User=0.00s Sys=0.00s Real=0.00s
[2023-01-01T15:27:00.994+0530][102512.088s] GC(589) Pause Young (Normal) (G1 Evacuation Pause)
[2023-01-01T15:27:00.994+0530][102512.088s] GC(589) Using 8 workers of 8 for evacuation
[2023-01-01T15:27:00.998+0530][102512.093s] GC(589)   Pre Evacuate Collection Set: 0.0ms
[2023-01-01T15:27:00.999+0530][102512.093s] GC(589)   Evacuate Collection Set: 3.8ms
[2023-01-01T15:27:00.999+0530][102512.093s] GC(589)   Post Evacuate Collection Set: 0.6ms
[2023-01-01T15:27:00.999+0530][102512.093s] GC(589)   Other: 0.3ms
[2023-01-01T15:27:00.999+0530][102512.093s] GC(589) Eden regions: 302->0(287)
[2023-01-01T15:27:00.999+0530][102512.093s] GC(589) Survivor regions: 5->20(39)
[2023-01-01T15:27:00.999+0530][102512.093s] GC(589) Old regions: 58->58
[2023-01-01T15:27:00.999+0530][102512.093s] GC(589) Humongous regions: 7->7
[2023-01-01T15:27:00.999+0530][102512.093s] GC(589) Metaspace: 65279K->65279K(1107968K)
[2023-01-01T15:27:00.999+0530][102512.093s] GC(589) Pause Young (Normal) (G1 Evacuation Pause) 371M->83M(512M) 5.207ms
[2023-01-01T15:27:00.999+0530][102512.094s] GC(589) User=0.09s Sys=0.02s Real=0.01s
[2023-01-01T15:27:03.032+0530][102514.126s] GC(590) Pause Young (Normal) (G1 Evacuation Pause)
[2023-01-01T15:27:03.032+0530][102514.126s] GC(590) Using 8 workers of 8 for evacuation
[2023-01-01T15:27:03.035+0530][102514.129s] GC(590)   Pre Evacuate Collection Set: 0.0ms
[2023-01-01T15:27:03.035+0530][102514.129s] GC(590)   Evacuate Collection Set: 2.2ms
[2023-01-01T15:27:03.035+0530][102514.129s] GC(590)   Post Evacuate Collection Set: 0.5ms
[2023-01-01T15:27:03.035+0530][102514.129s] GC(590)   Other: 0.3ms
[2023-01-01T15:27:03.035+0530][102514.129s] GC(590) Eden regions: 287->0(299)
[2023-01-01T15:27:03.035+0530][102514.129s] GC(590) Survivor regions: 20->8(39)
[2023-01-01T15:27:03.035+0530][102514.129s] GC(590) Old regions: 58->58
[2023-01-01T15:27:03.035+0530][102514.129s] GC(590) Humongous regions: 7->7
[2023-01-01T15:27:03.035+0530][102514.129s] GC(590) Metaspace: 65279K->65279K(1107968K)
[2023-01-01T15:27:03.035+0530][102514.129s] GC(590) Pause Young (Normal) (G1 Evacuation Pause) 370M->72M(512M) 3.416ms
[2023-01-01T15:27:03.035+0530][102514.129s] GC(590) User=0.00s Sys=0.00s Real=0.00s
[2023-01-01T15:28:00.698+0530][102571.792s] GC(591) Pause Young (Normal) (G1 Evacuation Pause)
[2023-01-01T15:28:00.698+0530][102571.792s] GC(591) Using 8 workers of 8 for evacuation
[2023-01-01T15:28:00.703+0530][102571.797s] GC(591)   Pre Evacuate Collection Set: 0.0ms
[2023-01-01T15:28:00.703+0530][102571.797s] GC(591)   Evacuate Collection Set: 4.4ms
[2023-01-01T15:28:00.703+0530][102571.797s] GC(591)   Post Evacuate Collection Set: 0.5ms
[2023-01-01T15:28:00.703+0530][102571.797s] GC(591)   Other: 0.4ms
[2023-01-01T15:28:00.703+0530][102571.797s] GC(591) Eden regions: 299->0(291)
[2023-01-01T15:28:00.703+0530][102571.798s] GC(591) Survivor regions: 8->16(39)
[2023-01-01T15:28:00.703+0530][102571.798s] GC(591) Old regions: 58->58
[2023-01-01T15:28:00.703+0530][102571.798s] GC(591) Humongous regions: 7->7
[2023-01-01T15:28:00.703+0530][102571.798s] GC(591) Metaspace: 65280K->65280K(1107968K)
[2023-01-01T15:28:00.703+0530][102571.798s] GC(591) Pause Young (Normal) (G1 Evacuation Pause) 371M->80M(512M) 5.892ms
[2023-01-01T15:28:00.704+0530][102571.798s] GC(591) User=0.00s Sys=0.02s Real=0.01s
[2023-01-01T15:28:02.051+0530][102573.145s] GC(592) Pause Young (Normal) (G1 Evacuation Pause)
[2023-01-01T15:28:02.051+0530][102573.145s] GC(592) Using 8 workers of 8 for evacuation
[2023-01-01T15:28:02.054+0530][102573.148s] GC(592)   Pre Evacuate Collection Set: 0.0ms
[2023-01-01T15:28:02.054+0530][102573.148s] GC(592)   Evacuate Collection Set: 2.4ms
[2023-01-01T15:28:02.054+0530][102573.148s] GC(592)   Post Evacuate Collection Set: 0.4ms
[2023-01-01T15:28:02.054+0530][102573.148s] GC(592)   Other: 0.3ms
[2023-01-01T15:28:02.054+0530][102573.148s] GC(592) Eden regions: 291->0(301)
[2023-01-01T15:28:02.054+0530][102573.148s] GC(592) Survivor regions: 16->6(39)
[2023-01-01T15:28:02.054+0530][102573.148s] GC(592) Old regions: 58->58
[2023-01-01T15:28:02.054+0530][102573.149s] GC(592) Humongous regions: 7->7
[2023-01-01T15:28:02.054+0530][102573.149s] GC(592) Metaspace: 65280K->65280K(1107968K)
[2023-01-01T15:28:02.054+0530][102573.149s] GC(592) Pause Young (Normal) (G1 Evacuation Pause) 371M->70M(512M) 3.566ms
[2023-01-01T15:28:02.054+0530][102573.149s] GC(592) User=0.00s Sys=0.00s Real=0.00s
[2023-01-01T15:29:01.512+0530][102632.606s] GC(593) Pause Young (Normal) (G1 Evacuation Pause)
[2023-01-01T15:29:01.513+0530][102632.607s] GC(593) Using 8 workers of 8 for evacuation
[2023-01-01T15:29:01.516+0530][102632.610s] GC(593)   Pre Evacuate Collection Set: 0.0ms
[2023-01-01T15:29:01.516+0530][102632.610s] GC(593)   Evacuate Collection Set: 2.6ms
[2023-01-01T15:29:01.516+0530][102632.610s] GC(593)   Post Evacuate Collection Set: 0.5ms
[2023-01-01T15:29:01.516+0530][102632.610s] GC(593)   Other: 0.3ms
[2023-01-01T15:29:01.516+0530][102632.610s] GC(593) Eden regions: 301->0(298)
[2023-01-01T15:29:01.516+0530][102632.610s] GC(593) Survivor regions: 6->9(39)
[2023-01-01T15:29:01.516+0530][102632.610s] GC(593) Old regions: 58->58
[2023-01-01T15:29:01.516+0530][102632.610s] GC(593) Humongous regions: 7->7
[2023-01-01T15:29:01.516+0530][102632.610s] GC(593) Metaspace: 65281K->65281K(1107968K)
[2023-01-01T15:29:01.516+0530][102632.611s] GC(593) Pause Young (Normal) (G1 Evacuation Pause) 371M->73M(512M) 4.036ms
[2023-01-01T15:29:01.517+0530][102632.611s] GC(593) User=0.00s Sys=0.00s Real=0.00s
[2023-01-01T15:30:00.478+0530][102691.573s] GC(594) Pause Young (Normal) (G1 Evacuation Pause)
[2023-01-01T15:30:00.478+0530][102691.573s] GC(594) Using 8 workers of 8 for evacuation
[2023-01-01T15:30:00.481+0530][102691.576s] GC(594)   Pre Evacuate Collection Set: 0.0ms
[2023-01-01T15:30:00.481+0530][102691.576s] GC(594)   Evacuate Collection Set: 2.0ms
[2023-01-01T15:30:00.481+0530][102691.576s] GC(594)   Post Evacuate Collection Set: 0.5ms
[2023-01-01T15:30:00.482+0530][102691.576s] GC(594)   Other: 0.4ms
[2023-01-01T15:30:00.482+0530][102691.577s] GC(594) Eden regions: 298->0(302)
[2023-01-01T15:30:00.482+0530][102691.577s] GC(594) Survivor regions: 9->5(39)
[2023-01-01T15:30:00.482+0530][102691.577s] GC(594) Old regions: 58->58
[2023-01-01T15:30:00.482+0530][102691.577s] GC(594) Humongous regions: 7->7
[2023-01-01T15:30:00.482+0530][102691.577s] GC(594) Metaspace: 65281K->65281K(1107968K)
[2023-01-01T15:30:00.482+0530][102691.577s] GC(594) Pause Young (Normal) (G1 Evacuation Pause) 371M->69M(512M) 3.874ms
[2023-01-01T15:30:00.482+0530][102691.577s] GC(594) User=0.02s Sys=0.09s Real=0.00s
[2023-01-01T15:30:02.568+0530][102693.662s] GC(595) Pause Young (Normal) (G1 Evacuation Pause)
[2023-01-01T15:30:02.568+0530][102693.662s] GC(595) Using 8 workers of 8 for evacuation
[2023-01-01T15:30:02.571+0530][102693.665s] GC(595)   Pre Evacuate Collection Set: 0.0ms
[2023-01-01T15:30:02.571+0530][102693.665s] GC(595)   Evacuate Collection Set: 1.5ms
[2023-01-01T15:30:02.571+0530][102693.665s] GC(595)   Post Evacuate Collection Set: 0.5ms
[2023-01-01T15:30:02.571+0530][102693.665s] GC(595)   Other: 0.3ms
[2023-01-01T15:30:02.571+0530][102693.665s] GC(595) Eden regions: 302->0(303)
[2023-01-01T15:30:02.571+0530][102693.665s] GC(595) Survivor regions: 5->4(39)
[2023-01-01T15:30:02.571+0530][102693.665s] GC(595) Old regions: 58->59
[2023-01-01T15:30:02.571+0530][102693.665s] GC(595) Humongous regions: 7->7
[2023-01-01T15:30:02.571+0530][102693.665s] GC(595) Metaspace: 65282K->65282K(1107968K)
[2023-01-01T15:30:02.571+0530][102693.665s] GC(595) Pause Young (Normal) (G1 Evacuation Pause) 371M->68M(512M) 2.745ms
[2023-01-01T15:30:02.571+0530][102693.665s] GC(595) User=0.00s Sys=0.00s Real=0.00s
[2023-01-01T15:30:04.296+0530][102695.391s] GC(596) Pause Young (Normal) (G1 Evacuation Pause)
[2023-01-01T15:30:04.296+0530][102695.391s] GC(596) Using 8 workers of 8 for evacuation
[2023-01-01T15:30:04.299+0530][102695.393s] GC(596)   Pre Evacuate Collection Set: 0.0ms
[2023-01-01T15:30:04.299+0530][102695.393s] GC(596)   Evacuate Collection Set: 1.6ms
[2023-01-01T15:30:04.299+0530][102695.393s] GC(596)   Post Evacuate Collection Set: 0.4ms
[2023-01-01T15:30:04.299+0530][102695.393s] GC(596)   Other: 0.3ms
[2023-01-01T15:30:04.299+0530][102695.393s] GC(596) Eden regions: 303->0(303)
[2023-01-01T15:30:04.299+0530][102695.394s] GC(596) Survivor regions: 4->4(39)
[2023-01-01T15:30:04.299+0530][102695.394s] GC(596) Old regions: 59->59
[2023-01-01T15:30:04.299+0530][102695.394s] GC(596) Humongous regions: 7->7
[2023-01-01T15:30:04.299+0530][102695.394s] GC(596) Metaspace: 65282K->65282K(1107968K)
[2023-01-01T15:30:04.299+0530][102695.394s] GC(596) Pause Young (Normal) (G1 Evacuation Pause) 371M->68M(512M) 2.849ms
[2023-01-01T15:30:04.299+0530][102695.394s] GC(596) User=0.00s Sys=0.00s Real=0.00s
[2023-01-01T15:31:02.652+0530][102753.747s] GC(597) Pause Young (Normal) (G1 Evacuation Pause)
[2023-01-01T15:31:02.652+0530][102753.747s] GC(597) Using 8 workers of 8 for evacuation
[2023-01-01T15:31:02.656+0530][102753.750s] GC(597)   Pre Evacuate Collection Set: 0.0ms
[2023-01-01T15:31:02.656+0530][102753.751s] GC(597)   Evacuate Collection Set: 3.0ms
[2023-01-01T15:31:02.656+0530][102753.751s] GC(597)   Post Evacuate Collection Set: 0.5ms
[2023-01-01T15:31:02.656+0530][102753.751s] GC(597)   Other: 0.3ms
[2023-01-01T15:31:02.656+0530][102753.751s] GC(597) Eden regions: 303->0(296)
[2023-01-01T15:31:02.656+0530][102753.751s] GC(597) Survivor regions: 4->11(39)
[2023-01-01T15:31:02.656+0530][102753.751s] GC(597) Old regions: 59->59
[2023-01-01T15:31:02.656+0530][102753.751s] GC(597) Humongous regions: 7->7
[2023-01-01T15:31:02.656+0530][102753.751s] GC(597) Metaspace: 65282K->65282K(1107968K)
[2023-01-01T15:31:02.656+0530][102753.751s] GC(597) Pause Young (Normal) (G1 Evacuation Pause) 371M->75M(512M) 4.375ms
[2023-01-01T15:31:02.656+0530][102753.751s] GC(597) User=0.00s Sys=0.00s Real=0.00s
[2023-01-01T15:31:03.837+0530][102754.931s] GC(598) Pause Young (Normal) (G1 Evacuation Pause)
[2023-01-01T15:31:03.837+0530][102754.931s] GC(598) Using 8 workers of 8 for evacuation
[2023-01-01T15:31:03.839+0530][102754.934s] GC(598)   Pre Evacuate Collection Set: 0.0ms
[2023-01-01T15:31:03.839+0530][102754.934s] GC(598)   Evacuate Collection Set: 1.8ms
[2023-01-01T15:31:03.839+0530][102754.934s] GC(598)   Post Evacuate Collection Set: 0.5ms
[2023-01-01T15:31:03.840+0530][102754.934s] GC(598)   Other: 0.3ms
[2023-01-01T15:31:03.840+0530][102754.934s] GC(598) Eden regions: 296->0(303)
[2023-01-01T15:31:03.840+0530][102754.934s] GC(598) Survivor regions: 11->4(39)
[2023-01-01T15:31:03.840+0530][102754.934s] GC(598) Old regions: 59->59
[2023-01-01T15:31:03.840+0530][102754.934s] GC(598) Humongous regions: 7->7
[2023-01-01T15:31:03.840+0530][102754.934s] GC(598) Metaspace: 65282K->65282K(1107968K)
[2023-01-01T15:31:03.840+0530][102754.934s] GC(598) Pause Young (Normal) (G1 Evacuation Pause) 371M->69M(512M) 2.982ms
[2023-01-01T15:31:03.840+0530][102754.934s] GC(598) User=0.13s Sys=0.00s Real=0.00s
[2023-01-01T15:32:01.618+0530][102812.712s] GC(599) Pause Young (Normal) (G1 Evacuation Pause)
[2023-01-01T15:32:01.618+0530][102812.712s] GC(599) Using 8 workers of 8 for evacuation
[2023-01-01T15:32:01.621+0530][102812.716s] GC(599)   Pre Evacuate Collection Set: 0.0ms
[2023-01-01T15:32:01.621+0530][102812.716s] GC(599)   Evacuate Collection Set: 2.9ms
[2023-01-01T15:32:01.621+0530][102812.716s] GC(599)   Post Evacuate Collection Set: 0.5ms
[2023-01-01T15:32:01.621+0530][102812.716s] GC(599)   Other: 0.3ms
[2023-01-01T15:32:01.622+0530][102812.716s] GC(599) Eden regions: 303->0(301)
[2023-01-01T15:32:01.622+0530][102812.716s] GC(599) Survivor regions: 4->6(39)
[2023-01-01T15:32:01.622+0530][102812.716s] GC(599) Old regions: 59->59
[2023-01-01T15:32:01.622+0530][102812.716s] GC(599) Humongous regions: 7->7
[2023-01-01T15:32:01.622+0530][102812.716s] GC(599) Metaspace: 65282K->65282K(1107968K)
[2023-01-01T15:32:01.622+0530][102812.716s] GC(599) Pause Young (Normal) (G1 Evacuation Pause) 372M->70M(512M) 4.179ms
[2023-01-01T15:32:01.622+0530][102812.716s] GC(599) User=0.11s Sys=0.00s Real=0.00s
[2023-01-01T15:33:01.398+0530][102872.492s] GC(600) Pause Young (Normal) (G1 Evacuation Pause)
[2023-01-01T15:33:01.398+0530][102872.492s] GC(600) Using 8 workers of 8 for evacuation
[2023-01-01T15:33:01.402+0530][102872.496s] GC(600)   Pre Evacuate Collection Set: 0.0ms
[2023-01-01T15:33:01.402+0530][102872.496s] GC(600)   Evacuate Collection Set: 3.4ms
[2023-01-01T15:33:01.402+0530][102872.496s] GC(600)   Post Evacuate Collection Set: 0.5ms
[2023-01-01T15:33:01.402+0530][102872.496s] GC(600)   Other: 0.4ms
[2023-01-01T15:33:01.402+0530][102872.496s] GC(600) Eden regions: 301->0(297)
[2023-01-01T15:33:01.402+0530][102872.497s] GC(600) Survivor regions: 6->10(39)
[2023-01-01T15:33:01.402+0530][102872.497s] GC(600) Old regions: 59->59
[2023-01-01T15:33:01.402+0530][102872.497s] GC(600) Humongous regions: 7->7
[2023-01-01T15:33:01.402+0530][102872.497s] GC(600) Metaspace: 65282K->65282K(1107968K)
[2023-01-01T15:33:01.403+0530][102872.497s] GC(600) Pause Young (Normal) (G1 Evacuation Pause) 371M->74M(512M) 4.968ms
[2023-01-01T15:33:01.403+0530][102872.497s] GC(600) User=0.11s Sys=0.00s Real=0.01s
[2023-01-01T15:33:04.036+0530][102875.130s] GC(601) Pause Young (Normal) (G1 Evacuation Pause)
[2023-01-01T15:33:04.036+0530][102875.130s] GC(601) Using 8 workers of 8 for evacuation
[2023-01-01T15:33:04.040+0530][102875.134s] GC(601)   Pre Evacuate Collection Set: 0.0ms
[2023-01-01T15:33:04.040+0530][102875.134s] GC(601)   Evacuate Collection Set: 2.9ms
[2023-01-01T15:33:04.040+0530][102875.134s] GC(601)   Post Evacuate Collection Set: 0.7ms
[2023-01-01T15:33:04.040+0530][102875.134s] GC(601)   Other: 0.2ms
[2023-01-01T15:33:04.040+0530][102875.134s] GC(601) Eden regions: 297->0(299)
[2023-01-01T15:33:04.040+0530][102875.134s] GC(601) Survivor regions: 10->8(39)
[2023-01-01T15:33:04.040+0530][102875.134s] GC(601) Old regions: 59->59
[2023-01-01T15:33:04.040+0530][102875.134s] GC(601) Humongous regions: 7->7
[2023-01-01T15:33:04.040+0530][102875.134s] GC(601) Metaspace: 65282K->65282K(1107968K)
[2023-01-01T15:33:04.040+0530][102875.135s] GC(601) Pause Young (Normal) (G1 Evacuation Pause) 371M->72M(512M) 4.341ms
[2023-01-01T15:33:04.040+0530][102875.135s] GC(601) User=0.00s Sys=0.00s Real=0.00s
[2023-01-01T15:34:00.892+0530][102931.986s] GC(602) Pause Young (Normal) (G1 Evacuation Pause)
[2023-01-01T15:34:00.892+0530][102931.986s] GC(602) Using 8 workers of 8 for evacuation
[2023-01-01T15:34:00.896+0530][102931.990s] GC(602)   Pre Evacuate Collection Set: 0.0ms
[2023-01-01T15:34:00.896+0530][102931.990s] GC(602)   Evacuate Collection Set: 3.3ms
[2023-01-01T15:34:00.896+0530][102931.990s] GC(602)   Post Evacuate Collection Set: 0.4ms
[2023-01-01T15:34:00.896+0530][102931.990s] GC(602)   Other: 0.3ms
[2023-01-01T15:34:00.896+0530][102931.990s] GC(602) Eden regions: 299->0(293)
[2023-01-01T15:34:00.896+0530][102931.990s] GC(602) Survivor regions: 8->14(39)
[2023-01-01T15:34:00.896+0530][102931.990s] GC(602) Old regions: 59->59
[2023-01-01T15:34:00.896+0530][102931.990s] GC(602) Humongous regions: 7->7
[2023-01-01T15:34:00.896+0530][102931.990s] GC(602) Metaspace: 65282K->65282K(1107968K)
[2023-01-01T15:34:00.896+0530][102931.990s] GC(602) Pause Young (Normal) (G1 Evacuation Pause) 371M->78M(512M) 4.548ms
[2023-01-01T15:34:00.896+0530][102931.990s] GC(602) User=0.00s Sys=0.00s Real=0.00s
[2023-01-01T15:34:03.717+0530][102934.811s] GC(603) Pause Young (Normal) (G1 Evacuation Pause)
[2023-01-01T15:34:03.717+0530][102934.811s] GC(603) Using 8 workers of 8 for evacuation
[2023-01-01T15:34:03.720+0530][102934.815s] GC(603)   Pre Evacuate Collection Set: 0.0ms
[2023-01-01T15:34:03.720+0530][102934.815s] GC(603)   Evacuate Collection Set: 2.8ms
[2023-01-01T15:34:03.720+0530][102934.815s] GC(603)   Post Evacuate Collection Set: 0.6ms
[2023-01-01T15:34:03.720+0530][102934.815s] GC(603)   Other: 0.3ms
[2023-01-01T15:34:03.720+0530][102934.815s] GC(603) Eden regions: 293->0(300)
[2023-01-01T15:34:03.720+0530][102934.815s] GC(603) Survivor regions: 14->7(39)
[2023-01-01T15:34:03.720+0530][102934.815s] GC(603) Old regions: 59->59
[2023-01-01T15:34:03.721+0530][102934.815s] GC(603) Humongous regions: 7->7
[2023-01-01T15:34:03.721+0530][102934.815s] GC(603) Metaspace: 65282K->65282K(1107968K)
[2023-01-01T15:34:03.721+0530][102934.815s] GC(603) Pause Young (Normal) (G1 Evacuation Pause) 371M->72M(512M) 4.141ms
[2023-01-01T15:34:03.721+0530][102934.815s] GC(603) User=0.00s Sys=0.00s Real=0.00s
[2023-01-01T15:35:01.139+0530][102992.233s] GC(604) Pause Young (Normal) (G1 Evacuation Pause)
[2023-01-01T15:35:01.139+0530][102992.233s] GC(604) Using 8 workers of 8 for evacuation
[2023-01-01T15:35:01.143+0530][102992.237s] GC(604)   Pre Evacuate Collection Set: 0.0ms
[2023-01-01T15:35:01.143+0530][102992.237s] GC(604)   Evacuate Collection Set: 3.6ms
[2023-01-01T15:35:01.143+0530][102992.237s] GC(604)   Post Evacuate Collection Set: 0.5ms
[2023-01-01T15:35:01.143+0530][102992.238s] GC(604)   Other: 0.3ms
[2023-01-01T15:35:01.143+0530][102992.238s] GC(604) Eden regions: 300->0(288)
[2023-01-01T15:35:01.143+0530][102992.238s] GC(604) Survivor regions: 7->19(39)
[2023-01-01T15:35:01.143+0530][102992.238s] GC(604) Old regions: 59->59
[2023-01-01T15:35:01.143+0530][102992.238s] GC(604) Humongous regions: 7->7
[2023-01-01T15:35:01.144+0530][102992.238s] GC(604) Metaspace: 65282K->65282K(1107968K)
[2023-01-01T15:35:01.144+0530][102992.238s] GC(604) Pause Young (Normal) (G1 Evacuation Pause) 372M->83M(512M) 4.940ms
[2023-01-01T15:35:01.144+0530][102992.238s] GC(604) User=0.00s Sys=0.00s Real=0.01s
[2023-01-01T15:35:02.129+0530][102993.223s] GC(605) Pause Young (Normal) (G1 Evacuation Pause)
[2023-01-01T15:35:02.129+0530][102993.223s] GC(605) Using 8 workers of 8 for evacuation
[2023-01-01T15:35:02.131+0530][102993.226s] GC(605)   Pre Evacuate Collection Set: 0.0ms
[2023-01-01T15:35:02.131+0530][102993.226s] GC(605)   Evacuate Collection Set: 1.9ms
[2023-01-01T15:35:02.131+0530][102993.226s] GC(605)   Post Evacuate Collection Set: 0.4ms
[2023-01-01T15:35:02.132+0530][102993.226s] GC(605)   Other: 0.4ms
[2023-01-01T15:35:02.132+0530][102993.226s] GC(605) Eden regions: 288->0(299)
[2023-01-01T15:35:02.132+0530][102993.226s] GC(605) Survivor regions: 19->8(39)
[2023-01-01T15:35:02.132+0530][102993.226s] GC(605) Old regions: 59->59
[2023-01-01T15:35:02.132+0530][102993.226s] GC(605) Humongous regions: 7->7
[2023-01-01T15:35:02.132+0530][102993.226s] GC(605) Metaspace: 65282K->65282K(1107968K)
[2023-01-01T15:35:02.132+0530][102993.226s] GC(605) Pause Young (Normal) (G1 Evacuation Pause) 371M->73M(512M) 3.364ms
[2023-01-01T15:35:02.132+0530][102993.226s] GC(605) User=0.00s Sys=0.00s Real=0.00s
[2023-01-01T15:36:01.379+0530][103052.473s] GC(606) Pause Young (Normal) (G1 Evacuation Pause)
[2023-01-01T15:36:01.379+0530][103052.473s] GC(606) Using 8 workers of 8 for evacuation
[2023-01-01T15:36:01.383+0530][103052.477s] GC(606)   Pre Evacuate Collection Set: 0.0ms
[2023-01-01T15:36:01.383+0530][103052.477s] GC(606)   Evacuate Collection Set: 3.6ms
[2023-01-01T15:36:01.384+0530][103052.477s] GC(606)   Post Evacuate Collection Set: 0.5ms
[2023-01-01T15:36:01.384+0530][103052.478s] GC(606)   Other: 0.4ms
[2023-01-01T15:36:01.384+0530][103052.478s] GC(606) Eden regions: 299->0(296)
[2023-01-01T15:36:01.384+0530][103052.478s] GC(606) Survivor regions: 8->11(39)
[2023-01-01T15:36:01.384+0530][103052.478s] GC(606) Old regions: 59->59
[2023-01-01T15:36:01.384+0530][103052.478s] GC(606) Humongous regions: 7->7
[2023-01-01T15:36:01.384+0530][103052.478s] GC(606) Metaspace: 65282K->65282K(1107968K)
[2023-01-01T15:36:01.384+0530][103052.478s] GC(606) Pause Young (Normal) (G1 Evacuation Pause) 372M->76M(512M) 5.277ms
[2023-01-01T15:36:01.384+0530][103052.478s] GC(606) User=0.00s Sys=0.00s Real=0.01s
[2023-01-01T15:36:03.455+0530][103054.549s] GC(607) Pause Young (Normal) (G1 Evacuation Pause)
[2023-01-01T15:36:03.455+0530][103054.549s] GC(607) Using 8 workers of 8 for evacuation
[2023-01-01T15:36:03.459+0530][103054.553s] GC(607)   Pre Evacuate Collection Set: 0.0ms
[2023-01-01T15:36:03.459+0530][103054.553s] GC(607)   Evacuate Collection Set: 3.1ms
[2023-01-01T15:36:03.459+0530][103054.554s] GC(607)   Post Evacuate Collection Set: 0.5ms
[2023-01-01T15:36:03.459+0530][103054.554s] GC(607)   Other: 0.3ms
[2023-01-01T15:36:03.459+0530][103054.554s] GC(607) Eden regions: 296->0(302)
[2023-01-01T15:36:03.459+0530][103054.554s] GC(607) Survivor regions: 11->5(39)
[2023-01-01T15:36:03.459+0530][103054.554s] GC(607) Old regions: 59->59
[2023-01-01T15:36:03.460+0530][103054.554s] GC(607) Humongous regions: 7->7
[2023-01-01T15:36:03.460+0530][103054.554s] GC(607) Metaspace: 65282K->65282K(1107968K)
[2023-01-01T15:36:03.460+0530][103054.554s] GC(607) Pause Young (Normal) (G1 Evacuation Pause) 372M->69M(512M) 5.039ms
[2023-01-01T15:36:03.460+0530][103054.554s] GC(607) User=0.00s Sys=0.00s Real=0.01s
[2023-01-01T15:37:01.482+0530][103112.576s] GC(608) Pause Young (Normal) (G1 Evacuation Pause)
[2023-01-01T15:37:01.482+0530][103112.577s] GC(608) Using 8 workers of 8 for evacuation
[2023-01-01T15:37:01.486+0530][103112.580s] GC(608)   Pre Evacuate Collection Set: 0.0ms
[2023-01-01T15:37:01.486+0530][103112.581s] GC(608)   Evacuate Collection Set: 3.3ms
[2023-01-01T15:37:01.486+0530][103112.581s] GC(608)   Post Evacuate Collection Set: 0.3ms
[2023-01-01T15:37:01.486+0530][103112.581s] GC(608)   Other: 0.3ms
[2023-01-01T15:37:01.486+0530][103112.581s] GC(608) Eden regions: 302->0(295)
[2023-01-01T15:37:01.486+0530][103112.581s] GC(608) Survivor regions: 5->12(39)
[2023-01-01T15:37:01.486+0530][103112.581s] GC(608) Old regions: 59->59
[2023-01-01T15:37:01.486+0530][103112.581s] GC(608) Humongous regions: 7->7
[2023-01-01T15:37:01.486+0530][103112.581s] GC(608) Metaspace: 65282K->65282K(1107968K)
[2023-01-01T15:37:01.486+0530][103112.581s] GC(608) Pause Young (Normal) (G1 Evacuation Pause) 371M->77M(512M) 4.506ms
[2023-01-01T15:37:01.487+0530][103112.581s] GC(608) User=0.00s Sys=0.00s Real=0.00s
[2023-01-01T15:37:04.283+0530][103115.377s] GC(609) Pause Young (Normal) (G1 Evacuation Pause)
[2023-01-01T15:37:04.283+0530][103115.377s] GC(609) Using 8 workers of 8 for evacuation
[2023-01-01T15:37:04.284+0530][103115.379s] GC(609)   Pre Evacuate Collection Set: 0.0ms
[2023-01-01T15:37:04.284+0530][103115.379s] GC(609)   Evacuate Collection Set: 1.1ms
[2023-01-01T15:37:04.285+0530][103115.379s] GC(609)   Post Evacuate Collection Set: 0.4ms
[2023-01-01T15:37:04.285+0530][103115.379s] GC(609)   Other: 0.3ms
[2023-01-01T15:37:04.285+0530][103115.379s] GC(609) Eden regions: 295->0(304)
[2023-01-01T15:37:04.285+0530][103115.379s] GC(609) Survivor regions: 12->3(39)
[2023-01-01T15:37:04.285+0530][103115.379s] GC(609) Old regions: 59->59
[2023-01-01T15:37:04.285+0530][103115.379s] GC(609) Humongous regions: 7->7
[2023-01-01T15:37:04.285+0530][103115.379s] GC(609) Metaspace: 65282K->65282K(1107968K)
[2023-01-01T15:37:04.285+0530][103115.380s] GC(609) Pause Young (Normal) (G1 Evacuation Pause) 372M->68M(512M) 2.305ms
[2023-01-01T15:37:04.285+0530][103115.380s] GC(609) User=0.00s Sys=0.00s Real=0.00s
[2023-01-01T15:38:02.470+0530][103173.564s] GC(610) Pause Young (Normal) (G1 Evacuation Pause)
[2023-01-01T15:38:02.470+0530][103173.564s] GC(610) Using 8 workers of 8 for evacuation
[2023-01-01T15:38:02.473+0530][103173.567s] GC(610)   Pre Evacuate Collection Set: 0.0ms
[2023-01-01T15:38:02.473+0530][103173.567s] GC(610)   Evacuate Collection Set: 2.0ms
[2023-01-01T15:38:02.473+0530][103173.567s] GC(610)   Post Evacuate Collection Set: 0.5ms
[2023-01-01T15:38:02.473+0530][103173.567s] GC(610)   Other: 0.3ms
[2023-01-01T15:38:02.473+0530][103173.567s] GC(610) Eden regions: 304->0(298)
[2023-01-01T15:38:02.473+0530][103173.567s] GC(610) Survivor regions: 3->9(39)
[2023-01-01T15:38:02.473+0530][103173.567s] GC(610) Old regions: 59->59
[2023-01-01T15:38:02.473+0530][103173.567s] GC(610) Humongous regions: 7->7
[2023-01-01T15:38:02.473+0530][103173.567s] GC(610) Metaspace: 65282K->65282K(1107968K)
[2023-01-01T15:38:02.473+0530][103173.567s] GC(610) Pause Young (Normal) (G1 Evacuation Pause) 372M->74M(512M) 3.298ms
[2023-01-01T15:38:02.473+0530][103173.567s] GC(610) User=0.00s Sys=0.00s Real=0.00s
[2023-01-01T15:38:03.889+0530][103174.984s] GC(611) Pause Young (Normal) (G1 Evacuation Pause)
[2023-01-01T15:38:03.889+0530][103174.984s] GC(611) Using 8 workers of 8 for evacuation
[2023-01-01T15:38:03.892+0530][103174.987s] GC(611)   Pre Evacuate Collection Set: 0.0ms
[2023-01-01T15:38:03.892+0530][103174.987s] GC(611)   Evacuate Collection Set: 2.0ms
[2023-01-01T15:38:03.892+0530][103174.987s] GC(611)   Post Evacuate Collection Set: 0.5ms
[2023-01-01T15:38:03.893+0530][103174.987s] GC(611)   Other: 0.4ms
[2023-01-01T15:38:03.893+0530][103174.987s] GC(611) Eden regions: 298->0(304)
[2023-01-01T15:38:03.893+0530][103174.987s] GC(611) Survivor regions: 9->3(39)
[2023-01-01T15:38:03.893+0530][103174.987s] GC(611) Old regions: 59->59
[2023-01-01T15:38:03.893+0530][103174.987s] GC(611) Humongous regions: 7->7
[2023-01-01T15:38:03.893+0530][103174.987s] GC(611) Metaspace: 65282K->65282K(1107968K)
[2023-01-01T15:38:03.893+0530][103174.988s] GC(611) Pause Young (Normal) (G1 Evacuation Pause) 372M->68M(512M) 3.672ms
[2023-01-01T15:38:03.893+0530][103174.988s] GC(611) User=0.00s Sys=0.00s Real=0.00s
[2023-01-01T15:39:01.506+0530][103232.600s] GC(612) Pause Young (Normal) (G1 Evacuation Pause)
[2023-01-01T15:39:01.506+0530][103232.600s] GC(612) Using 8 workers of 8 for evacuation
[2023-01-01T15:39:01.509+0530][103232.604s] GC(612)   Pre Evacuate Collection Set: 0.0ms
[2023-01-01T15:39:01.509+0530][103232.604s] GC(612)   Evacuate Collection Set: 2.7ms
[2023-01-01T15:39:01.509+0530][103232.604s] GC(612)   Post Evacuate Collection Set: 0.5ms
[2023-01-01T15:39:01.509+0530][103232.604s] GC(612)   Other: 0.3ms
[2023-01-01T15:39:01.509+0530][103232.604s] GC(612) Eden regions: 304->0(296)
[2023-01-01T15:39:01.509+0530][103232.604s] GC(612) Survivor regions: 3->11(39)
[2023-01-01T15:39:01.509+0530][103232.604s] GC(612) Old regions: 59->60
[2023-01-01T15:39:01.509+0530][103232.604s] GC(612) Humongous regions: 7->7
[2023-01-01T15:39:01.509+0530][103232.604s] GC(612) Metaspace: 65282K->65282K(1107968K)
[2023-01-01T15:39:01.509+0530][103232.604s] GC(612) Pause Young (Normal) (G1 Evacuation Pause) 372M->76M(512M) 4.024ms
[2023-01-01T15:39:01.510+0530][103232.604s] GC(612) User=0.02s Sys=0.00s Real=0.00s
[2023-01-01T15:39:04.058+0530][103235.152s] GC(613) Pause Young (Normal) (G1 Evacuation Pause)
[2023-01-01T15:39:04.058+0530][103235.153s] GC(613) Using 8 workers of 8 for evacuation
[2023-01-01T15:39:04.061+0530][103235.155s] GC(613)   Pre Evacuate Collection Set: 0.0ms
[2023-01-01T15:39:04.061+0530][103235.155s] GC(613)   Evacuate Collection Set: 1.7ms
[2023-01-01T15:39:04.061+0530][103235.155s] GC(613)   Post Evacuate Collection Set: 0.5ms
[2023-01-01T15:39:04.061+0530][103235.155s] GC(613)   Other: 0.3ms
[2023-01-01T15:39:04.061+0530][103235.155s] GC(613) Eden regions: 296->0(303)
[2023-01-01T15:39:04.061+0530][103235.155s] GC(613) Survivor regions: 11->4(39)
[2023-01-01T15:39:04.061+0530][103235.155s] GC(613) Old regions: 60->60
[2023-01-01T15:39:04.061+0530][103235.155s] GC(613) Humongous regions: 7->7
[2023-01-01T15:39:04.061+0530][103235.155s] GC(613) Metaspace: 65282K->65282K(1107968K)
[2023-01-01T15:39:04.061+0530][103235.155s] GC(613) Pause Young (Normal) (G1 Evacuation Pause) 372M->70M(512M) 2.947ms
[2023-01-01T15:39:04.061+0530][103235.155s] GC(613) User=0.00s Sys=0.00s Real=0.00s
[2023-01-01T15:40:00.899+0530][103291.993s] GC(614) Pause Young (Normal) (G1 Evacuation Pause)
[2023-01-01T15:40:00.899+0530][103291.993s] GC(614) Using 8 workers of 8 for evacuation
[2023-01-01T15:40:00.902+0530][103291.996s] GC(614)   Pre Evacuate Collection Set: 0.0ms
[2023-01-01T15:40:00.902+0530][103291.996s] GC(614)   Evacuate Collection Set: 2.7ms
[2023-01-01T15:40:00.902+0530][103291.996s] GC(614)   Post Evacuate Collection Set: 0.5ms
[2023-01-01T15:40:00.902+0530][103291.996s] GC(614)   Other: 0.3ms
[2023-01-01T15:40:00.903+0530][103291.996s] GC(614) Eden regions: 303->0(296)
[2023-01-01T15:40:00.903+0530][103291.996s] GC(614) Survivor regions: 4->11(39)
[2023-01-01T15:40:00.903+0530][103291.997s] GC(614) Old regions: 60->60
[2023-01-01T15:40:00.903+0530][103291.997s] GC(614) Humongous regions: 7->7
[2023-01-01T15:40:00.903+0530][103291.997s] GC(614) Metaspace: 65282K->65282K(1107968K)
[2023-01-01T15:40:00.903+0530][103291.997s] GC(614) Pause Young (Normal) (G1 Evacuation Pause) 373M->76M(512M) 4.156ms
[2023-01-01T15:40:00.903+0530][103291.997s] GC(614) User=0.08s Sys=0.00s Real=0.00s
[2023-01-01T15:40:02.524+0530][103293.618s] GC(615) Pause Young (Normal) (G1 Evacuation Pause)
[2023-01-01T15:40:02.525+0530][103293.619s] GC(615) Using 8 workers of 8 for evacuation
[2023-01-01T15:40:02.527+0530][103293.621s] GC(615)   Pre Evacuate Collection Set: 0.0ms
[2023-01-01T15:40:02.527+0530][103293.621s] GC(615)   Evacuate Collection Set: 2.2ms
[2023-01-01T15:40:02.527+0530][103293.621s] GC(615)   Post Evacuate Collection Set: 0.5ms
[2023-01-01T15:40:02.527+0530][103293.622s] GC(615)   Other: 0.3ms
[2023-01-01T15:40:02.527+0530][103293.622s] GC(615) Eden regions: 296->0(301)
[2023-01-01T15:40:02.527+0530][103293.622s] GC(615) Survivor regions: 11->6(39)
[2023-01-01T15:40:02.527+0530][103293.622s] GC(615) Old regions: 60->60
[2023-01-01T15:40:02.527+0530][103293.622s] GC(615) Humongous regions: 7->7
[2023-01-01T15:40:02.527+0530][103293.622s] GC(615) Metaspace: 65282K->65282K(1107968K)
[2023-01-01T15:40:02.527+0530][103293.622s] GC(615) Pause Young (Normal) (G1 Evacuation Pause) 372M->71M(512M) 3.391ms
[2023-01-01T15:40:02.527+0530][103293.622s] GC(615) User=0.13s Sys=0.00s Real=0.00s
[2023-01-01T15:41:01.495+0530][103352.589s] GC(616) Pause Young (Normal) (G1 Evacuation Pause)
[2023-01-01T15:41:01.495+0530][103352.589s] GC(616) Using 8 workers of 8 for evacuation
[2023-01-01T15:41:01.498+0530][103352.592s] GC(616)   Pre Evacuate Collection Set: 0.0ms
[2023-01-01T15:41:01.498+0530][103352.592s] GC(616)   Evacuate Collection Set: 2.5ms
[2023-01-01T15:41:01.498+0530][103352.592s] GC(616)   Post Evacuate Collection Set: 0.4ms
[2023-01-01T15:41:01.498+0530][103352.592s] GC(616)   Other: 0.3ms
[2023-01-01T15:41:01.498+0530][103352.592s] GC(616) Eden regions: 301->0(294)
[2023-01-01T15:41:01.498+0530][103352.592s] GC(616) Survivor regions: 6->13(39)
[2023-01-01T15:41:01.498+0530][103352.592s] GC(616) Old regions: 60->60
[2023-01-01T15:41:01.499+0530][103352.592s] GC(616) Humongous regions: 7->7
[2023-01-01T15:41:01.499+0530][103352.592s] GC(616) Metaspace: 65282K->65282K(1107968K)
[2023-01-01T15:41:01.499+0530][103352.593s] GC(616) Pause Young (Normal) (G1 Evacuation Pause) 372M->78M(512M) 3.801ms
[2023-01-01T15:41:01.499+0530][103352.593s] GC(616) User=0.00s Sys=0.00s Real=0.00s
[2023-01-01T15:41:03.618+0530][103354.712s] GC(617) Pause Young (Normal) (G1 Evacuation Pause)
[2023-01-01T15:41:03.618+0530][103354.713s] GC(617) Using 8 workers of 8 for evacuation
[2023-01-01T15:41:03.622+0530][103354.716s] GC(617)   Pre Evacuate Collection Set: 0.1ms
[2023-01-01T15:41:03.622+0530][103354.716s] GC(617)   Evacuate Collection Set: 2.4ms
[2023-01-01T15:41:03.622+0530][103354.716s] GC(617)   Post Evacuate Collection Set: 0.5ms
[2023-01-01T15:41:03.622+0530][103354.716s] GC(617)   Other: 0.8ms
[2023-01-01T15:41:03.622+0530][103354.717s] GC(617) Eden regions: 294->0(301)
[2023-01-01T15:41:03.622+0530][103354.717s] GC(617) Survivor regions: 13->6(39)
[2023-01-01T15:41:03.622+0530][103354.717s] GC(617) Old regions: 60->60
[2023-01-01T15:41:03.622+0530][103354.717s] GC(617) Humongous regions: 7->7
[2023-01-01T15:41:03.623+0530][103354.717s] GC(617) Metaspace: 65282K->65282K(1107968K)
[2023-01-01T15:41:03.623+0530][103354.717s] GC(617) Pause Young (Normal) (G1 Evacuation Pause) 372M->71M(512M) 4.355ms
[2023-01-01T15:41:03.623+0530][103354.717s] GC(617) User=0.13s Sys=0.00s Real=0.00s
[2023-01-01T15:42:00.894+0530][103411.988s] GC(618) Pause Young (Normal) (G1 Evacuation Pause)
[2023-01-01T15:42:00.895+0530][103411.988s] GC(618) Using 8 workers of 8 for evacuation
[2023-01-01T15:42:00.898+0530][103411.992s] GC(618)   Pre Evacuate Collection Set: 0.0ms
[2023-01-01T15:42:00.898+0530][103411.992s] GC(618)   Evacuate Collection Set: 2.7ms
[2023-01-01T15:42:00.898+0530][103411.992s] GC(618)   Post Evacuate Collection Set: 0.5ms
[2023-01-01T15:42:00.898+0530][103411.992s] GC(618)   Other: 0.3ms
[2023-01-01T15:42:00.898+0530][103411.992s] GC(618) Eden regions: 301->0(294)
[2023-01-01T15:42:00.898+0530][103411.992s] GC(618) Survivor regions: 6->13(39)
[2023-01-01T15:42:00.898+0530][103411.992s] GC(618) Old regions: 60->60
[2023-01-01T15:42:00.898+0530][103411.992s] GC(618) Humongous regions: 7->7
[2023-01-01T15:42:00.898+0530][103411.992s] GC(618) Metaspace: 65282K->65282K(1107968K)
[2023-01-01T15:42:00.898+0530][103411.992s] GC(618) Pause Young (Normal) (G1 Evacuation Pause) 372M->79M(512M) 4.031ms
[2023-01-01T15:42:00.898+0530][103411.992s] GC(618) User=0.00s Sys=0.00s Real=0.00s
[2023-01-01T15:42:02.311+0530][103413.405s] GC(619) Pause Young (Normal) (G1 Evacuation Pause)
[2023-01-01T15:42:02.311+0530][103413.405s] GC(619) Using 8 workers of 8 for evacuation
[2023-01-01T15:42:02.313+0530][103413.407s] GC(619)   Pre Evacuate Collection Set: 0.0ms
[2023-01-01T15:42:02.313+0530][103413.407s] GC(619)   Evacuate Collection Set: 1.3ms
[2023-01-01T15:42:02.313+0530][103413.407s] GC(619)   Post Evacuate Collection Set: 0.4ms
[2023-01-01T15:42:02.313+0530][103413.407s] GC(619)   Other: 0.2ms
[2023-01-01T15:42:02.313+0530][103413.407s] GC(619) Eden regions: 294->0(304)
[2023-01-01T15:42:02.313+0530][103413.407s] GC(619) Survivor regions: 13->3(39)
[2023-01-01T15:42:02.313+0530][103413.407s] GC(619) Old regions: 60->60
[2023-01-01T15:42:02.313+0530][103413.407s] GC(619) Humongous regions: 7->7
[2023-01-01T15:42:02.313+0530][103413.407s] GC(619) Metaspace: 65282K->65282K(1107968K)
[2023-01-01T15:42:02.313+0530][103413.407s] GC(619) Pause Young (Normal) (G1 Evacuation Pause) 373M->69M(512M) 2.521ms
[2023-01-01T15:42:02.313+0530][103413.408s] GC(619) User=0.00s Sys=0.00s Real=0.00s
[2023-01-01T15:43:01.380+0530][103472.475s] GC(620) Pause Young (Normal) (G1 Evacuation Pause)
[2023-01-01T15:43:01.380+0530][103472.475s] GC(620) Using 8 workers of 8 for evacuation
[2023-01-01T15:43:01.384+0530][103472.479s] GC(620)   Pre Evacuate Collection Set: 0.0ms
[2023-01-01T15:43:01.384+0530][103472.479s] GC(620)   Evacuate Collection Set: 3.1ms
[2023-01-01T15:43:01.384+0530][103472.479s] GC(620)   Post Evacuate Collection Set: 0.6ms
[2023-01-01T15:43:01.384+0530][103472.479s] GC(620)   Other: 0.3ms
[2023-01-01T15:43:01.384+0530][103472.479s] GC(620) Eden regions: 304->0(292)
[2023-01-01T15:43:01.384+0530][103472.479s] GC(620) Survivor regions: 3->15(39)
[2023-01-01T15:43:01.385+0530][103472.479s] GC(620) Old regions: 60->60
[2023-01-01T15:43:01.385+0530][103472.479s] GC(620) Humongous regions: 7->7
[2023-01-01T15:43:01.385+0530][103472.479s] GC(620) Metaspace: 65282K->65282K(1107968K)
[2023-01-01T15:43:01.385+0530][103472.479s] GC(620) Pause Young (Normal) (G1 Evacuation Pause) 373M->80M(512M) 4.709ms
[2023-01-01T15:43:01.385+0530][103472.479s] GC(620) User=0.00s Sys=0.02s Real=0.00s
[2023-01-01T15:43:03.523+0530][103474.617s] GC(621) Pause Young (Normal) (G1 Evacuation Pause)
[2023-01-01T15:43:03.523+0530][103474.617s] GC(621) Using 8 workers of 8 for evacuation
[2023-01-01T15:43:03.525+0530][103474.619s] GC(621)   Pre Evacuate Collection Set: 0.0ms
[2023-01-01T15:43:03.525+0530][103474.619s] GC(621)   Evacuate Collection Set: 1.5ms
[2023-01-01T15:43:03.525+0530][103474.619s] GC(621)   Post Evacuate Collection Set: 0.4ms
[2023-01-01T15:43:03.525+0530][103474.619s] GC(621)   Other: 0.2ms
[2023-01-01T15:43:03.525+0530][103474.619s] GC(621) Eden regions: 292->0(303)
[2023-01-01T15:43:03.525+0530][103474.619s] GC(621) Survivor regions: 15->4(39)
[2023-01-01T15:43:03.525+0530][103474.619s] GC(621) Old regions: 60->60
[2023-01-01T15:43:03.525+0530][103474.619s] GC(621) Humongous regions: 7->7
[2023-01-01T15:43:03.525+0530][103474.619s] GC(621) Metaspace: 65282K->65282K(1107968K)
[2023-01-01T15:43:03.526+0530][103474.620s] GC(621) Pause Young (Normal) (G1 Evacuation Pause) 372M->70M(512M) 2.660ms
[2023-01-01T15:43:03.526+0530][103474.620s] GC(621) User=0.00s Sys=0.00s Real=0.00s
[2023-01-01T15:44:00.518+0530][103531.612s] GC(622) Pause Young (Normal) (G1 Evacuation Pause)
[2023-01-01T15:44:00.518+0530][103531.613s] GC(622) Using 8 workers of 8 for evacuation
[2023-01-01T15:44:00.520+0530][103531.615s] GC(622)   Pre Evacuate Collection Set: 0.0ms
[2023-01-01T15:44:00.520+0530][103531.615s] GC(622)   Evacuate Collection Set: 1.5ms
[2023-01-01T15:44:00.520+0530][103531.615s] GC(622)   Post Evacuate Collection Set: 0.5ms
[2023-01-01T15:44:00.520+0530][103531.615s] GC(622)   Other: 0.4ms
[2023-01-01T15:44:00.521+0530][103531.615s] GC(622) Eden regions: 303->0(303)
[2023-01-01T15:44:00.521+0530][103531.615s] GC(622) Survivor regions: 4->4(39)
[2023-01-01T15:44:00.521+0530][103531.615s] GC(622) Old regions: 60->60
[2023-01-01T15:44:00.521+0530][103531.615s] GC(622) Humongous regions: 7->7
[2023-01-01T15:44:00.521+0530][103531.615s] GC(622) Metaspace: 65282K->65282K(1107968K)
[2023-01-01T15:44:00.521+0530][103531.615s] GC(622) Pause Young (Normal) (G1 Evacuation Pause) 373M->69M(512M) 3.029ms
[2023-01-01T15:44:00.521+0530][103531.615s] GC(622) User=0.00s Sys=0.00s Real=0.00s
[2023-01-01T15:44:01.668+0530][103532.762s] GC(623) Pause Young (Normal) (G1 Evacuation Pause)
[2023-01-01T15:44:01.668+0530][103532.762s] GC(623) Using 8 workers of 8 for evacuation
[2023-01-01T15:44:01.670+0530][103532.764s] GC(623)   Pre Evacuate Collection Set: 0.0ms
[2023-01-01T15:44:01.670+0530][103532.765s] GC(623)   Evacuate Collection Set: 1.5ms
[2023-01-01T15:44:01.670+0530][103532.765s] GC(623)   Post Evacuate Collection Set: 0.4ms
[2023-01-01T15:44:01.670+0530][103532.765s] GC(623)   Other: 0.3ms
[2023-01-01T15:44:01.670+0530][103532.765s] GC(623) Eden regions: 303->0(303)
[2023-01-01T15:44:01.670+0530][103532.765s] GC(623) Survivor regions: 4->4(39)
[2023-01-01T15:44:01.670+0530][103532.765s] GC(623) Old regions: 60->60
[2023-01-01T15:44:01.670+0530][103532.765s] GC(623) Humongous regions: 7->7
[2023-01-01T15:44:01.670+0530][103532.765s] GC(623) Metaspace: 65282K->65282K(1107968K)
[2023-01-01T15:44:01.670+0530][103532.765s] GC(623) Pause Young (Normal) (G1 Evacuation Pause) 372M->69M(512M) 2.702ms
[2023-01-01T15:44:01.670+0530][103532.765s] GC(623) User=0.00s Sys=0.00s Real=0.00s
[2023-01-01T15:44:03.938+0530][103535.033s] GC(624) Pause Young (Normal) (G1 Evacuation Pause)
[2023-01-01T15:44:03.939+0530][103535.033s] GC(624) Using 8 workers of 8 for evacuation
[2023-01-01T15:44:03.941+0530][103535.036s] GC(624)   Pre Evacuate Collection Set: 0.0ms
[2023-01-01T15:44:03.941+0530][103535.036s] GC(624)   Evacuate Collection Set: 2.2ms
[2023-01-01T15:44:03.942+0530][103535.036s] GC(624)   Post Evacuate Collection Set: 0.4ms
[2023-01-01T15:44:03.942+0530][103535.036s] GC(624)   Other: 0.3ms
[2023-01-01T15:44:03.942+0530][103535.036s] GC(624) Eden regions: 303->0(302)
[2023-01-01T15:44:03.942+0530][103535.036s] GC(624) Survivor regions: 4->5(39)
[2023-01-01T15:44:03.942+0530][103535.036s] GC(624) Old regions: 60->60
[2023-01-01T15:44:03.942+0530][103535.036s] GC(624) Humongous regions: 7->7
[2023-01-01T15:44:03.942+0530][103535.036s] GC(624) Metaspace: 65282K->65282K(1107968K)
[2023-01-01T15:44:03.942+0530][103535.036s] GC(624) Pause Young (Normal) (G1 Evacuation Pause) 372M->71M(512M) 3.441ms
[2023-01-01T15:44:03.942+0530][103535.036s] GC(624) User=0.00s Sys=0.00s Real=0.00s
[2023-01-01T15:45:01.894+0530][103592.988s] GC(625) Pause Young (Normal) (G1 Evacuation Pause)
[2023-01-01T15:45:01.894+0530][103592.988s] GC(625) Using 8 workers of 8 for evacuation
[2023-01-01T15:45:01.897+0530][103592.992s] GC(625)   Pre Evacuate Collection Set: 0.0ms
[2023-01-01T15:45:01.897+0530][103592.992s] GC(625)   Evacuate Collection Set: 2.7ms
[2023-01-01T15:45:01.897+0530][103592.992s] GC(625)   Post Evacuate Collection Set: 0.5ms
[2023-01-01T15:45:01.897+0530][103592.992s] GC(625)   Other: 0.3ms
[2023-01-01T15:45:01.897+0530][103592.992s] GC(625) Eden regions: 302->0(294)
[2023-01-01T15:45:01.897+0530][103592.992s] GC(625) Survivor regions: 5->13(39)
[2023-01-01T15:45:01.897+0530][103592.992s] GC(625) Old regions: 60->60
[2023-01-01T15:45:01.898+0530][103592.992s] GC(625) Humongous regions: 7->7
[2023-01-01T15:45:01.898+0530][103592.992s] GC(625) Metaspace: 65283K->65283K(1107968K)
[2023-01-01T15:45:01.898+0530][103592.992s] GC(625) Pause Young (Normal) (G1 Evacuation Pause) 373M->79M(512M) 3.984ms
[2023-01-01T15:45:01.898+0530][103592.992s] GC(625) User=0.00s Sys=0.00s Real=0.00s
[2023-01-01T15:45:02.817+0530][103593.911s] GC(626) Pause Young (Normal) (G1 Evacuation Pause)
[2023-01-01T15:45:02.817+0530][103593.911s] GC(626) Using 8 workers of 8 for evacuation
[2023-01-01T15:45:02.819+0530][103593.914s] GC(626)   Pre Evacuate Collection Set: 0.0ms
[2023-01-01T15:45:02.819+0530][103593.914s] GC(626)   Evacuate Collection Set: 2.2ms
[2023-01-01T15:45:02.819+0530][103593.914s] GC(626)   Post Evacuate Collection Set: 0.5ms
[2023-01-01T15:45:02.819+0530][103593.914s] GC(626)   Other: 0.3ms
[2023-01-01T15:45:02.819+0530][103593.914s] GC(626) Eden regions: 294->0(301)
[2023-01-01T15:45:02.819+0530][103593.914s] GC(626) Survivor regions: 13->6(39)
[2023-01-01T15:45:02.819+0530][103593.914s] GC(626) Old regions: 60->60
[2023-01-01T15:45:02.819+0530][103593.914s] GC(626) Humongous regions: 7->7
[2023-01-01T15:45:02.819+0530][103593.914s] GC(626) Metaspace: 65283K->65283K(1107968K)
[2023-01-01T15:45:02.819+0530][103593.914s] GC(626) Pause Young (Normal) (G1 Evacuation Pause) 373M->72M(512M) 3.573ms
[2023-01-01T15:45:02.820+0530][103593.914s] GC(626) User=0.00s Sys=0.00s Real=0.00s
[2023-01-01T15:46:01.016+0530][103652.110s] GC(627) Pause Young (Normal) (G1 Evacuation Pause)
[2023-01-01T15:46:01.016+0530][103652.110s] GC(627) Using 8 workers of 8 for evacuation
[2023-01-01T15:46:01.018+0530][103652.112s] GC(627)   Pre Evacuate Collection Set: 0.0ms
[2023-01-01T15:46:01.018+0530][103652.112s] GC(627)   Evacuate Collection Set: 1.4ms
[2023-01-01T15:46:01.018+0530][103652.112s] GC(627)   Post Evacuate Collection Set: 0.4ms
[2023-01-01T15:46:01.018+0530][103652.112s] GC(627)   Other: 0.3ms
[2023-01-01T15:46:01.018+0530][103652.112s] GC(627) Eden regions: 301->0(302)
[2023-01-01T15:46:01.018+0530][103652.113s] GC(627) Survivor regions: 6->5(39)
[2023-01-01T15:46:01.018+0530][103652.113s] GC(627) Old regions: 60->60
[2023-01-01T15:46:01.018+0530][103652.113s] GC(627) Humongous regions: 7->7
[2023-01-01T15:46:01.018+0530][103652.113s] GC(627) Metaspace: 65283K->65283K(1107968K)
[2023-01-01T15:46:01.018+0530][103652.113s] GC(627) Pause Young (Normal) (G1 Evacuation Pause) 373M->70M(512M) 2.670ms
[2023-01-01T15:46:01.018+0530][103652.113s] GC(627) User=0.00s Sys=0.00s Real=0.00s
[2023-01-01T15:47:00.969+0530][103712.063s] GC(628) Pause Young (Normal) (G1 Evacuation Pause)
[2023-01-01T15:47:00.969+0530][103712.063s] GC(628) Using 8 workers of 8 for evacuation
[2023-01-01T15:47:00.973+0530][103712.067s] GC(628)   Pre Evacuate Collection Set: 0.0ms
[2023-01-01T15:47:00.973+0530][103712.067s] GC(628)   Evacuate Collection Set: 3.2ms
[2023-01-01T15:47:00.974+0530][103712.067s] GC(628)   Post Evacuate Collection Set: 0.4ms
[2023-01-01T15:47:00.974+0530][103712.067s] GC(628)   Other: 0.3ms
[2023-01-01T15:47:00.974+0530][103712.068s] GC(628) Eden regions: 302->0(292)
[2023-01-01T15:47:00.974+0530][103712.068s] GC(628) Survivor regions: 5->15(39)
[2023-01-01T15:47:00.974+0530][103712.068s] GC(628) Old regions: 60->60
[2023-01-01T15:47:00.974+0530][103712.068s] GC(628) Humongous regions: 7->7
[2023-01-01T15:47:00.974+0530][103712.068s] GC(628) Metaspace: 65283K->65283K(1107968K)
[2023-01-01T15:47:00.974+0530][103712.068s] GC(628) Pause Young (Normal) (G1 Evacuation Pause) 372M->81M(512M) 4.459ms
[2023-01-01T15:47:00.974+0530][103712.068s] GC(628) User=0.00s Sys=0.00s Real=0.00s
[2023-01-01T15:47:03.003+0530][103714.097s] GC(629) Pause Young (Normal) (G1 Evacuation Pause)
[2023-01-01T15:47:03.003+0530][103714.097s] GC(629) Using 8 workers of 8 for evacuation
[2023-01-01T15:47:03.006+0530][103714.100s] GC(629)   Pre Evacuate Collection Set: 0.0ms
[2023-01-01T15:47:03.006+0530][103714.100s] GC(629)   Evacuate Collection Set: 2.0ms
[2023-01-01T15:47:03.006+0530][103714.100s] GC(629)   Post Evacuate Collection Set: 0.5ms
[2023-01-01T15:47:03.006+0530][103714.100s] GC(629)   Other: 0.3ms
[2023-01-01T15:47:03.006+0530][103714.100s] GC(629) Eden regions: 292->0(301)
[2023-01-01T15:47:03.006+0530][103714.100s] GC(629) Survivor regions: 15->6(39)
[2023-01-01T15:47:03.006+0530][103714.100s] GC(629) Old regions: 60->60
[2023-01-01T15:47:03.006+0530][103714.101s] GC(629) Humongous regions: 7->7
[2023-01-01T15:47:03.006+0530][103714.101s] GC(629) Metaspace: 65283K->65283K(1107968K)
[2023-01-01T15:47:03.006+0530][103714.101s] GC(629) Pause Young (Normal) (G1 Evacuation Pause) 373M->71M(512M) 3.367ms
[2023-01-01T15:47:03.006+0530][103714.101s] GC(629) User=0.00s Sys=0.00s Real=0.00s
[2023-01-01T15:48:00.623+0530][103771.716s] GC(630) Pause Young (Normal) (G1 Evacuation Pause)
[2023-01-01T15:48:00.623+0530][103771.717s] GC(630) Using 8 workers of 8 for evacuation
[2023-01-01T15:48:00.626+0530][103771.720s] GC(630)   Pre Evacuate Collection Set: 0.0ms
[2023-01-01T15:48:00.626+0530][103771.720s] GC(630)   Evacuate Collection Set: 2.9ms
[2023-01-01T15:48:00.626+0530][103771.720s] GC(630)   Post Evacuate Collection Set: 0.3ms
[2023-01-01T15:48:00.626+0530][103771.720s] GC(630)   Other: 0.3ms
[2023-01-01T15:48:00.626+0530][103771.720s] GC(630) Eden regions: 301->0(291)
[2023-01-01T15:48:00.626+0530][103771.720s] GC(630) Survivor regions: 6->16(39)
[2023-01-01T15:48:00.626+0530][103771.720s] GC(630) Old regions: 60->60
[2023-01-01T15:48:00.626+0530][103771.720s] GC(630) Humongous regions: 7->7
[2023-01-01T15:48:00.627+0530][103771.720s] GC(630) Metaspace: 65283K->65283K(1107968K)
[2023-01-01T15:48:00.627+0530][103771.720s] GC(630) Pause Young (Normal) (G1 Evacuation Pause) 372M->82M(512M) 4.034ms
[2023-01-01T15:48:00.627+0530][103771.721s] GC(630) User=0.00s Sys=0.00s Real=0.00s
[2023-01-01T15:48:01.734+0530][103772.829s] GC(631) Pause Young (Normal) (G1 Evacuation Pause)
[2023-01-01T15:48:01.734+0530][103772.829s] GC(631) Using 8 workers of 8 for evacuation
[2023-01-01T15:48:01.737+0530][103772.831s] GC(631)   Pre Evacuate Collection Set: 0.0ms
[2023-01-01T15:48:01.737+0530][103772.831s] GC(631)   Evacuate Collection Set: 1.6ms
[2023-01-01T15:48:01.737+0530][103772.831s] GC(631)   Post Evacuate Collection Set: 0.7ms
[2023-01-01T15:48:01.737+0530][103772.832s] GC(631)   Other: 0.3ms
[2023-01-01T15:48:01.737+0530][103772.832s] GC(631) Eden regions: 291->0(301)
[2023-01-01T15:48:01.737+0530][103772.832s] GC(631) Survivor regions: 16->6(39)
[2023-01-01T15:48:01.737+0530][103772.832s] GC(631) Old regions: 60->60
[2023-01-01T15:48:01.737+0530][103772.832s] GC(631) Humongous regions: 7->7
[2023-01-01T15:48:01.737+0530][103772.832s] GC(631) Metaspace: 65283K->65283K(1107968K)
[2023-01-01T15:48:01.737+0530][103772.832s] GC(631) Pause Young (Normal) (G1 Evacuation Pause) 373M->71M(512M) 3.227ms
[2023-01-01T15:48:01.737+0530][103772.832s] GC(631) User=0.00s Sys=0.00s Real=0.00s
[2023-01-01T15:49:01.071+0530][103832.165s] GC(632) Pause Young (Normal) (G1 Evacuation Pause)
[2023-01-01T15:49:01.071+0530][103832.165s] GC(632) Using 8 workers of 8 for evacuation
[2023-01-01T15:49:01.074+0530][103832.168s] GC(632)   Pre Evacuate Collection Set: 0.0ms
[2023-01-01T15:49:01.074+0530][103832.169s] GC(632)   Evacuate Collection Set: 2.2ms
[2023-01-01T15:49:01.074+0530][103832.169s] GC(632)   Post Evacuate Collection Set: 0.6ms
[2023-01-01T15:49:01.074+0530][103832.169s] GC(632)   Other: 0.5ms
[2023-01-01T15:49:01.074+0530][103832.169s] GC(632) Eden regions: 301->0(296)
[2023-01-01T15:49:01.075+0530][103832.169s] GC(632) Survivor regions: 6->11(39)
[2023-01-01T15:49:01.075+0530][103832.169s] GC(632) Old regions: 60->60
[2023-01-01T15:49:01.075+0530][103832.169s] GC(632) Humongous regions: 7->7
[2023-01-01T15:49:01.075+0530][103832.169s] GC(632) Metaspace: 65283K->65283K(1107968K)
[2023-01-01T15:49:01.075+0530][103832.169s] GC(632) Pause Young (Normal) (G1 Evacuation Pause) 372M->77M(512M) 4.091ms
[2023-01-01T15:49:01.075+0530][103832.169s] GC(632) User=0.13s Sys=0.00s Real=0.00s
[2023-01-01T15:49:01.686+0530][103832.781s] GC(633) Pause Young (Normal) (G1 Evacuation Pause)
[2023-01-01T15:49:01.686+0530][103832.781s] GC(633) Using 8 workers of 8 for evacuation
[2023-01-01T15:49:01.689+0530][103832.784s] GC(633)   Pre Evacuate Collection Set: 0.0ms
[2023-01-01T15:49:01.689+0530][103832.784s] GC(633)   Evacuate Collection Set: 2.6ms
[2023-01-01T15:49:01.689+0530][103832.784s] GC(633)   Post Evacuate Collection Set: 0.4ms
[2023-01-01T15:49:01.689+0530][103832.784s] GC(633)   Other: 0.3ms
[2023-01-01T15:49:01.689+0530][103832.784s] GC(633) Eden regions: 296->0(297)
[2023-01-01T15:49:01.690+0530][103832.784s] GC(633) Survivor regions: 11->10(39)
[2023-01-01T15:49:01.690+0530][103832.784s] GC(633) Old regions: 60->60
[2023-01-01T15:49:01.690+0530][103832.784s] GC(633) Humongous regions: 7->7
[2023-01-01T15:49:01.690+0530][103832.785s] GC(633) Metaspace: 65283K->65283K(1107968K)
[2023-01-01T15:49:01.690+0530][103832.785s] GC(633) Pause Young (Normal) (G1 Evacuation Pause) 373M->76M(512M) 3.895ms
[2023-01-01T15:49:01.690+0530][103832.785s] GC(633) User=0.00s Sys=0.00s Real=0.00s
[2023-01-01T15:49:03.890+0530][103834.984s] GC(634) Pause Young (Normal) (G1 Evacuation Pause)
[2023-01-01T15:49:03.890+0530][103834.984s] GC(634) Using 8 workers of 8 for evacuation
[2023-01-01T15:49:03.892+0530][103834.986s] GC(634)   Pre Evacuate Collection Set: 0.0ms
[2023-01-01T15:49:03.892+0530][103834.986s] GC(634)   Evacuate Collection Set: 1.6ms
[2023-01-01T15:49:03.892+0530][103834.986s] GC(634)   Post Evacuate Collection Set: 0.3ms
[2023-01-01T15:49:03.892+0530][103834.986s] GC(634)   Other: 0.3ms
[2023-01-01T15:49:03.892+0530][103834.986s] GC(634) Eden regions: 297->0(303)
[2023-01-01T15:49:03.892+0530][103834.986s] GC(634) Survivor regions: 10->4(39)
[2023-01-01T15:49:03.892+0530][103834.986s] GC(634) Old regions: 60->60
[2023-01-01T15:49:03.892+0530][103834.986s] GC(634) Humongous regions: 7->7
[2023-01-01T15:49:03.892+0530][103834.986s] GC(634) Metaspace: 65283K->65283K(1107968K)
[2023-01-01T15:49:03.892+0530][103834.986s] GC(634) Pause Young (Normal) (G1 Evacuation Pause) 373M->70M(512M) 2.728ms
[2023-01-01T15:49:03.892+0530][103834.986s] GC(634) User=0.00s Sys=0.00s Real=0.00s
[2023-01-01T15:50:01.956+0530][103893.051s] GC(635) Pause Young (Normal) (G1 Evacuation Pause)
[2023-01-01T15:50:01.956+0530][103893.051s] GC(635) Using 8 workers of 8 for evacuation
[2023-01-01T15:50:01.959+0530][103893.054s] GC(635)   Pre Evacuate Collection Set: 0.0ms
[2023-01-01T15:50:01.959+0530][103893.054s] GC(635)   Evacuate Collection Set: 2.1ms
[2023-01-01T15:50:01.959+0530][103893.054s] GC(635)   Post Evacuate Collection Set: 0.4ms
[2023-01-01T15:50:01.959+0530][103893.054s] GC(635)   Other: 0.3ms
[2023-01-01T15:50:01.959+0530][103893.054s] GC(635) Eden regions: 303->0(302)
[2023-01-01T15:50:01.959+0530][103893.054s] GC(635) Survivor regions: 4->5(39)
[2023-01-01T15:50:01.960+0530][103893.054s] GC(635) Old regions: 60->60
[2023-01-01T15:50:01.960+0530][103893.054s] GC(635) Humongous regions: 7->7
[2023-01-01T15:50:01.960+0530][103893.054s] GC(635) Metaspace: 65283K->65283K(1107968K)
[2023-01-01T15:50:01.960+0530][103893.054s] GC(635) Pause Young (Normal) (G1 Evacuation Pause) 373M->70M(512M) 3.366ms
[2023-01-01T15:50:01.960+0530][103893.055s] GC(635) User=0.00s Sys=0.00s Real=0.00s
[2023-01-01T15:51:01.255+0530][103952.349s] GC(636) Pause Young (Normal) (G1 Evacuation Pause)
[2023-01-01T15:51:01.255+0530][103952.349s] GC(636) Using 8 workers of 8 for evacuation
[2023-01-01T15:51:01.259+0530][103952.353s] GC(636)   Pre Evacuate Collection Set: 0.0ms
[2023-01-01T15:51:01.259+0530][103952.353s] GC(636)   Evacuate Collection Set: 3.5ms
[2023-01-01T15:51:01.259+0530][103952.353s] GC(636)   Post Evacuate Collection Set: 0.4ms
[2023-01-01T15:51:01.259+0530][103952.353s] GC(636)   Other: 0.3ms
[2023-01-01T15:51:01.259+0530][103952.353s] GC(636) Eden regions: 302->0(291)
[2023-01-01T15:51:01.259+0530][103952.353s] GC(636) Survivor regions: 5->16(39)
[2023-01-01T15:51:01.259+0530][103952.353s] GC(636) Old regions: 60->60
[2023-01-01T15:51:01.259+0530][103952.353s] GC(636) Humongous regions: 7->7
[2023-01-01T15:51:01.259+0530][103952.353s] GC(636) Metaspace: 65283K->65283K(1107968K)
[2023-01-01T15:51:01.259+0530][103952.354s] GC(636) Pause Young (Normal) (G1 Evacuation Pause) 372M->81M(512M) 4.756ms
[2023-01-01T15:51:01.260+0530][103952.354s] GC(636) User=0.00s Sys=0.00s Real=0.00s
[2023-01-01T15:51:02.902+0530][103953.997s] GC(637) Pause Young (Normal) (G1 Evacuation Pause)
[2023-01-01T15:51:02.902+0530][103953.997s] GC(637) Using 8 workers of 8 for evacuation
[2023-01-01T15:51:02.906+0530][103954.001s] GC(637)   Pre Evacuate Collection Set: 0.0ms
[2023-01-01T15:51:02.906+0530][103954.001s] GC(637)   Evacuate Collection Set: 3.2ms
[2023-01-01T15:51:02.907+0530][103954.001s] GC(637)   Post Evacuate Collection Set: 0.5ms
[2023-01-01T15:51:02.907+0530][103954.001s] GC(637)   Other: 0.3ms
[2023-01-01T15:51:02.907+0530][103954.001s] GC(637) Eden regions: 291->0(300)
[2023-01-01T15:51:02.907+0530][103954.001s] GC(637) Survivor regions: 16->7(39)
[2023-01-01T15:51:02.907+0530][103954.001s] GC(637) Old regions: 60->60
[2023-01-01T15:51:02.907+0530][103954.002s] GC(637) Humongous regions: 7->7
[2023-01-01T15:51:02.907+0530][103954.002s] GC(637) Metaspace: 65283K->65283K(1107968K)
[2023-01-01T15:51:02.907+0530][103954.002s] GC(637) Pause Young (Normal) (G1 Evacuation Pause) 372M->72M(512M) 4.612ms
[2023-01-01T15:51:02.907+0530][103954.002s] GC(637) User=0.00s Sys=0.00s Real=0.01s
[2023-01-01T15:52:00.874+0530][104011.969s] GC(638) Pause Young (Normal) (G1 Evacuation Pause)
[2023-01-01T15:52:00.875+0530][104011.969s] GC(638) Using 8 workers of 8 for evacuation
[2023-01-01T15:52:00.877+0530][104011.972s] GC(638)   Pre Evacuate Collection Set: 0.0ms
[2023-01-01T15:52:00.878+0530][104011.972s] GC(638)   Evacuate Collection Set: 2.3ms
[2023-01-01T15:52:00.878+0530][104011.972s] GC(638)   Post Evacuate Collection Set: 0.4ms
[2023-01-01T15:52:00.878+0530][104011.972s] GC(638)   Other: 0.3ms
[2023-01-01T15:52:00.878+0530][104011.972s] GC(638) Eden regions: 300->0(296)
[2023-01-01T15:52:00.878+0530][104011.972s] GC(638) Survivor regions: 7->11(39)
[2023-01-01T15:52:00.878+0530][104011.973s] GC(638) Old regions: 60->60
[2023-01-01T15:52:00.878+0530][104011.973s] GC(638) Humongous regions: 7->7
[2023-01-01T15:52:00.878+0530][104011.973s] GC(638) Metaspace: 65283K->65283K(1107968K)
[2023-01-01T15:52:00.878+0530][104011.973s] GC(638) Pause Young (Normal) (G1 Evacuation Pause) 372M->77M(512M) 3.495ms
[2023-01-01T15:52:00.878+0530][104011.973s] GC(638) User=0.00s Sys=0.00s Real=0.00s
[2023-01-01T15:52:02.853+0530][104013.948s] GC(639) Pause Young (Normal) (G1 Evacuation Pause)
[2023-01-01T15:52:02.854+0530][104013.948s] GC(639) Using 8 workers of 8 for evacuation
[2023-01-01T15:52:02.857+0530][104013.951s] GC(639)   Pre Evacuate Collection Set: 0.0ms
[2023-01-01T15:52:02.857+0530][104013.951s] GC(639)   Evacuate Collection Set: 2.8ms
[2023-01-01T15:52:02.857+0530][104013.952s] GC(639)   Post Evacuate Collection Set: 0.5ms
[2023-01-01T15:52:02.857+0530][104013.952s] GC(639)   Other: 0.3ms
[2023-01-01T15:52:02.857+0530][104013.952s] GC(639) Eden regions: 296->0(300)
[2023-01-01T15:52:02.857+0530][104013.952s] GC(639) Survivor regions: 11->7(39)
[2023-01-01T15:52:02.858+0530][104013.952s] GC(639) Old regions: 60->60
[2023-01-01T15:52:02.858+0530][104013.952s] GC(639) Humongous regions: 7->7
[2023-01-01T15:52:02.858+0530][104013.952s] GC(639) Metaspace: 65283K->65283K(1107968K)
[2023-01-01T15:52:02.858+0530][104013.952s] GC(639) Pause Young (Normal) (G1 Evacuation Pause) 373M->73M(512M) 4.222ms
[2023-01-01T15:52:02.858+0530][104013.952s] GC(639) User=0.00s Sys=0.02s Real=0.01s
[2023-01-01T15:53:01.193+0530][104072.287s] GC(640) Pause Young (Normal) (G1 Evacuation Pause)
[2023-01-01T15:53:01.193+0530][104072.287s] GC(640) Using 8 workers of 8 for evacuation
[2023-01-01T15:53:01.196+0530][104072.290s] GC(640)   Pre Evacuate Collection Set: 0.0ms
[2023-01-01T15:53:01.196+0530][104072.290s] GC(640)   Evacuate Collection Set: 2.5ms
[2023-01-01T15:53:01.196+0530][104072.290s] GC(640)   Post Evacuate Collection Set: 0.5ms
[2023-01-01T15:53:01.196+0530][104072.290s] GC(640)   Other: 0.3ms
[2023-01-01T15:53:01.196+0530][104072.290s] GC(640) Eden regions: 300->0(294)
[2023-01-01T15:53:01.196+0530][104072.290s] GC(640) Survivor regions: 7->13(39)
[2023-01-01T15:53:01.196+0530][104072.290s] GC(640) Old regions: 60->60
[2023-01-01T15:53:01.196+0530][104072.290s] GC(640) Humongous regions: 7->7
[2023-01-01T15:53:01.196+0530][104072.290s] GC(640) Metaspace: 65283K->65283K(1107968K)
[2023-01-01T15:53:01.196+0530][104072.290s] GC(640) Pause Young (Normal) (G1 Evacuation Pause) 373M->79M(512M) 3.766ms
[2023-01-01T15:53:01.197+0530][104072.290s] GC(640) User=0.00s Sys=0.00s Real=0.00s
[2023-01-01T15:53:02.603+0530][104073.698s] GC(641) Pause Young (Normal) (G1 Evacuation Pause)
[2023-01-01T15:53:02.603+0530][104073.698s] GC(641) Using 8 workers of 8 for evacuation
[2023-01-01T15:53:02.607+0530][104073.701s] GC(641)   Pre Evacuate Collection Set: 0.0ms
[2023-01-01T15:53:02.607+0530][104073.701s] GC(641)   Evacuate Collection Set: 2.2ms
[2023-01-01T15:53:02.607+0530][104073.702s] GC(641)   Post Evacuate Collection Set: 1.1ms
[2023-01-01T15:53:02.607+0530][104073.702s] GC(641)   Other: 0.3ms
[2023-01-01T15:53:02.607+0530][104073.702s] GC(641) Eden regions: 294->0(302)
[2023-01-01T15:53:02.607+0530][104073.702s] GC(641) Survivor regions: 13->5(39)
[2023-01-01T15:53:02.607+0530][104073.702s] GC(641) Old regions: 60->60
[2023-01-01T15:53:02.607+0530][104073.702s] GC(641) Humongous regions: 7->7
[2023-01-01T15:53:02.607+0530][104073.702s] GC(641) Metaspace: 65283K->65283K(1107968K)
[2023-01-01T15:53:02.608+0530][104073.702s] GC(641) Pause Young (Normal) (G1 Evacuation Pause) 373M->71M(512M) 4.228ms
[2023-01-01T15:53:02.608+0530][104073.702s] GC(641) User=0.03s Sys=0.08s Real=0.01s
[2023-01-01T15:54:00.414+0530][104131.508s] GC(642) Pause Young (Normal) (G1 Evacuation Pause)
[2023-01-01T15:54:00.414+0530][104131.509s] GC(642) Using 8 workers of 8 for evacuation
[2023-01-01T15:54:00.418+0530][104131.512s] GC(642)   Pre Evacuate Collection Set: 0.0ms
[2023-01-01T15:54:00.418+0530][104131.513s] GC(642)   Evacuate Collection Set: 3.3ms
[2023-01-01T15:54:00.418+0530][104131.513s] GC(642)   Post Evacuate Collection Set: 0.5ms
[2023-01-01T15:54:00.418+0530][104131.513s] GC(642)   Other: 0.3ms
[2023-01-01T15:54:00.418+0530][104131.513s] GC(642) Eden regions: 302->0(289)
[2023-01-01T15:54:00.418+0530][104131.513s] GC(642) Survivor regions: 5->18(39)
[2023-01-01T15:54:00.418+0530][104131.513s] GC(642) Old regions: 60->60
[2023-01-01T15:54:00.418+0530][104131.513s] GC(642) Humongous regions: 7->7
[2023-01-01T15:54:00.418+0530][104131.513s] GC(642) Metaspace: 65283K->65283K(1107968K)
[2023-01-01T15:54:00.418+0530][104131.513s] GC(642) Pause Young (Normal) (G1 Evacuation Pause) 373M->84M(512M) 4.605ms
[2023-01-01T15:54:00.418+0530][104131.513s] GC(642) User=0.13s Sys=0.00s Real=0.00s
[2023-01-01T15:54:01.671+0530][104132.765s] GC(643) Pause Young (Normal) (G1 Evacuation Pause)
[2023-01-01T15:54:01.671+0530][104132.766s] GC(643) Using 8 workers of 8 for evacuation
[2023-01-01T15:54:01.674+0530][104132.768s] GC(643)   Pre Evacuate Collection Set: 0.0ms
[2023-01-01T15:54:01.674+0530][104132.768s] GC(643)   Evacuate Collection Set: 1.4ms
[2023-01-01T15:54:01.674+0530][104132.768s] GC(643)   Post Evacuate Collection Set: 0.4ms
[2023-01-01T15:54:01.674+0530][104132.768s] GC(643)   Other: 0.3ms
[2023-01-01T15:54:01.674+0530][104132.768s] GC(643) Eden regions: 289->0(302)
[2023-01-01T15:54:01.674+0530][104132.768s] GC(643) Survivor regions: 18->5(39)
[2023-01-01T15:54:01.674+0530][104132.768s] GC(643) Old regions: 60->60
[2023-01-01T15:54:01.674+0530][104132.768s] GC(643) Humongous regions: 7->7
[2023-01-01T15:54:01.674+0530][104132.768s] GC(643) Metaspace: 65283K->65283K(1107968K)
[2023-01-01T15:54:01.674+0530][104132.768s] GC(643) Pause Young (Normal) (G1 Evacuation Pause) 373M->71M(512M) 2.647ms
[2023-01-01T15:54:01.674+0530][104132.768s] GC(643) User=0.00s Sys=0.00s Real=0.00s
[2023-01-01T15:54:03.496+0530][104134.590s] GC(644) Pause Young (Normal) (G1 Evacuation Pause)
[2023-01-01T15:54:03.496+0530][104134.591s] GC(644) Using 8 workers of 8 for evacuation
[2023-01-01T15:54:03.497+0530][104134.592s] GC(644)   Pre Evacuate Collection Set: 0.0ms
[2023-01-01T15:54:03.498+0530][104134.592s] GC(644)   Evacuate Collection Set: 1.1ms
[2023-01-01T15:54:03.498+0530][104134.592s] GC(644)   Post Evacuate Collection Set: 0.3ms
[2023-01-01T15:54:03.498+0530][104134.592s] GC(644)   Other: 0.3ms
[2023-01-01T15:54:03.498+0530][104134.592s] GC(644) Eden regions: 302->0(304)
[2023-01-01T15:54:03.498+0530][104134.593s] GC(644) Survivor regions: 5->3(39)
[2023-01-01T15:54:03.498+0530][104134.593s] GC(644) Old regions: 60->60
[2023-01-01T15:54:03.498+0530][104134.593s] GC(644) Humongous regions: 7->7
[2023-01-01T15:54:03.498+0530][104134.593s] GC(644) Metaspace: 65283K->65283K(1107968K)
[2023-01-01T15:54:03.498+0530][104134.593s] GC(644) Pause Young (Normal) (G1 Evacuation Pause) 373M->69M(512M) 2.228ms
[2023-01-01T15:54:03.498+0530][104134.593s] GC(644) User=0.00s Sys=0.00s Real=0.00s
[2023-01-01T15:55:01.891+0530][104192.985s] GC(645) Pause Young (Normal) (G1 Evacuation Pause)
[2023-01-01T15:55:01.891+0530][104192.985s] GC(645) Using 8 workers of 8 for evacuation
[2023-01-01T15:55:01.893+0530][104192.988s] GC(645)   Pre Evacuate Collection Set: 0.0ms
[2023-01-01T15:55:01.894+0530][104192.988s] GC(645)   Evacuate Collection Set: 1.9ms
[2023-01-01T15:55:01.894+0530][104192.988s] GC(645)   Post Evacuate Collection Set: 0.4ms
[2023-01-01T15:55:01.894+0530][104192.988s] GC(645)   Other: 0.3ms
[2023-01-01T15:55:01.894+0530][104192.988s] GC(645) Eden regions: 304->0(299)
[2023-01-01T15:55:01.894+0530][104192.988s] GC(645) Survivor regions: 3->8(39)
[2023-01-01T15:55:01.894+0530][104192.988s] GC(645) Old regions: 60->60
[2023-01-01T15:55:01.894+0530][104192.988s] GC(645) Humongous regions: 7->7
[2023-01-01T15:55:01.894+0530][104192.988s] GC(645) Metaspace: 65283K->65283K(1107968K)
[2023-01-01T15:55:01.894+0530][104192.988s] GC(645) Pause Young (Normal) (G1 Evacuation Pause) 373M->74M(512M) 3.092ms
[2023-01-01T15:55:01.894+0530][104192.988s] GC(645) User=0.00s Sys=0.00s Real=0.00s
[2023-01-01T15:55:03.575+0530][104194.670s] GC(646) Pause Young (Normal) (G1 Evacuation Pause)
[2023-01-01T15:55:03.576+0530][104194.670s] GC(646) Using 8 workers of 8 for evacuation
[2023-01-01T15:55:03.577+0530][104194.672s] GC(646)   Pre Evacuate Collection Set: 0.0ms
[2023-01-01T15:55:03.577+0530][104194.672s] GC(646)   Evacuate Collection Set: 1.2ms
[2023-01-01T15:55:03.577+0530][104194.672s] GC(646)   Post Evacuate Collection Set: 0.4ms
[2023-01-01T15:55:03.578+0530][104194.672s] GC(646)   Other: 0.3ms
[2023-01-01T15:55:03.578+0530][104194.672s] GC(646) Eden regions: 299->0(304)
[2023-01-01T15:55:03.578+0530][104194.672s] GC(646) Survivor regions: 8->3(39)
[2023-01-01T15:55:03.578+0530][104194.672s] GC(646) Old regions: 60->60
[2023-01-01T15:55:03.578+0530][104194.672s] GC(646) Humongous regions: 7->7
[2023-01-01T15:55:03.578+0530][104194.672s] GC(646) Metaspace: 65283K->65283K(1107968K)
[2023-01-01T15:55:03.578+0530][104194.672s] GC(646) Pause Young (Normal) (G1 Evacuation Pause) 373M->69M(512M) 2.381ms
[2023-01-01T15:55:03.578+0530][104194.672s] GC(646) User=0.00s Sys=0.00s Real=0.00s
[2023-01-01T15:56:01.514+0530][104252.609s] GC(647) Pause Young (Normal) (G1 Evacuation Pause)
[2023-01-01T15:56:01.514+0530][104252.609s] GC(647) Using 8 workers of 8 for evacuation
[2023-01-01T15:56:01.517+0530][104252.612s] GC(647)   Pre Evacuate Collection Set: 0.0ms
[2023-01-01T15:56:01.517+0530][104252.612s] GC(647)   Evacuate Collection Set: 2.2ms
[2023-01-01T15:56:01.517+0530][104252.612s] GC(647)   Post Evacuate Collection Set: 0.5ms
[2023-01-01T15:56:01.517+0530][104252.612s] GC(647)   Other: 0.3ms
[2023-01-01T15:56:01.517+0530][104252.612s] GC(647) Eden regions: 304->0(298)
[2023-01-01T15:56:01.517+0530][104252.612s] GC(647) Survivor regions: 3->9(39)
[2023-01-01T15:56:01.518+0530][104252.612s] GC(647) Old regions: 60->61
[2023-01-01T15:56:01.518+0530][104252.612s] GC(647) Humongous regions: 7->7
[2023-01-01T15:56:01.518+0530][104252.612s] GC(647) Metaspace: 65283K->65283K(1107968K)
[2023-01-01T15:56:01.518+0530][104252.612s] GC(647) Pause Young (Normal) (G1 Evacuation Pause) 373M->75M(512M) 3.457ms
[2023-01-01T15:56:01.518+0530][104252.612s] GC(647) User=0.00s Sys=0.00s Real=0.00s
[2023-01-01T15:57:00.852+0530][104311.946s] GC(648) Pause Young (Normal) (G1 Evacuation Pause)
[2023-01-01T15:57:00.852+0530][104311.946s] GC(648) Using 8 workers of 8 for evacuation
[2023-01-01T15:57:00.854+0530][104311.949s] GC(648)   Pre Evacuate Collection Set: 0.0ms
[2023-01-01T15:57:00.855+0530][104311.949s] GC(648)   Evacuate Collection Set: 1.9ms
[2023-01-01T15:57:00.855+0530][104311.949s] GC(648)   Post Evacuate Collection Set: 0.4ms
[2023-01-01T15:57:00.855+0530][104311.949s] GC(648)   Other: 0.3ms
[2023-01-01T15:57:00.855+0530][104311.949s] GC(648) Eden regions: 298->0(299)
[2023-01-01T15:57:00.855+0530][104311.949s] GC(648) Survivor regions: 9->8(39)
[2023-01-01T15:57:00.855+0530][104311.950s] GC(648) Old regions: 61->61
[2023-01-01T15:57:00.855+0530][104311.950s] GC(648) Humongous regions: 7->7
[2023-01-01T15:57:00.855+0530][104311.950s] GC(648) Metaspace: 65283K->65283K(1107968K)
[2023-01-01T15:57:00.855+0530][104311.950s] GC(648) Pause Young (Normal) (G1 Evacuation Pause) 373M->74M(512M) 3.407ms
[2023-01-01T15:57:00.855+0530][104311.950s] GC(648) User=0.13s Sys=0.00s Real=0.00s
[2023-01-01T15:57:02.361+0530][104313.455s] GC(649) Pause Young (Normal) (G1 Evacuation Pause)
[2023-01-01T15:57:02.361+0530][104313.455s] GC(649) Using 8 workers of 8 for evacuation
[2023-01-01T15:57:02.364+0530][104313.458s] GC(649)   Pre Evacuate Collection Set: 0.0ms
[2023-01-01T15:57:02.364+0530][104313.459s] GC(649)   Evacuate Collection Set: 2.5ms
[2023-01-01T15:57:02.364+0530][104313.459s] GC(649)   Post Evacuate Collection Set: 0.4ms
[2023-01-01T15:57:02.364+0530][104313.459s] GC(649)   Other: 0.3ms
[2023-01-01T15:57:02.364+0530][104313.459s] GC(649) Eden regions: 299->0(296)
[2023-01-01T15:57:02.364+0530][104313.459s] GC(649) Survivor regions: 8->11(39)
[2023-01-01T15:57:02.364+0530][104313.459s] GC(649) Old regions: 61->61
[2023-01-01T15:57:02.364+0530][104313.459s] GC(649) Humongous regions: 7->7
[2023-01-01T15:57:02.365+0530][104313.459s] GC(649) Metaspace: 65283K->65283K(1107968K)
[2023-01-01T15:57:02.365+0530][104313.459s] GC(649) Pause Young (Normal) (G1 Evacuation Pause) 373M->78M(512M) 3.768ms
[2023-01-01T15:57:02.365+0530][104313.459s] GC(649) User=0.00s Sys=0.00s Real=0.00s
[2023-01-01T15:57:04.088+0530][104315.182s] GC(650) Pause Young (Normal) (G1 Evacuation Pause)
[2023-01-01T15:57:04.088+0530][104315.183s] GC(650) Using 8 workers of 8 for evacuation
[2023-01-01T15:57:04.092+0530][104315.186s] GC(650)   Pre Evacuate Collection Set: 0.0ms
[2023-01-01T15:57:04.092+0530][104315.186s] GC(650)   Evacuate Collection Set: 2.8ms
[2023-01-01T15:57:04.092+0530][104315.186s] GC(650)   Post Evacuate Collection Set: 0.4ms
[2023-01-01T15:57:04.092+0530][104315.186s] GC(650)   Other: 0.4ms
[2023-01-01T15:57:04.092+0530][104315.186s] GC(650) Eden regions: 296->0(302)
[2023-01-01T15:57:04.092+0530][104315.186s] GC(650) Survivor regions: 11->5(39)
[2023-01-01T15:57:04.092+0530][104315.186s] GC(650) Old regions: 61->61
[2023-01-01T15:57:04.092+0530][104315.186s] GC(650) Humongous regions: 7->7
[2023-01-01T15:57:04.092+0530][104315.187s] GC(650) Metaspace: 65285K->65285K(1107968K)
[2023-01-01T15:57:04.092+0530][104315.187s] GC(650) Pause Young (Normal) (G1 Evacuation Pause) 374M->71M(512M) 4.218ms
[2023-01-01T15:57:04.092+0530][104315.187s] GC(650) User=0.11s Sys=0.00s Real=0.00s
[2023-01-01T15:58:01.399+0530][104372.493s] GC(651) Pause Young (Normal) (G1 Evacuation Pause)
[2023-01-01T15:58:01.399+0530][104372.493s] GC(651) Using 8 workers of 8 for evacuation
[2023-01-01T15:58:01.402+0530][104372.496s] GC(651)   Pre Evacuate Collection Set: 0.0ms
[2023-01-01T15:58:01.402+0530][104372.496s] GC(651)   Evacuate Collection Set: 1.9ms
[2023-01-01T15:58:01.402+0530][104372.496s] GC(651)   Post Evacuate Collection Set: 0.4ms
[2023-01-01T15:58:01.402+0530][104372.496s] GC(651)   Other: 0.4ms
[2023-01-01T15:58:01.402+0530][104372.496s] GC(651) Eden regions: 302->0(299)
[2023-01-01T15:58:01.402+0530][104372.496s] GC(651) Survivor regions: 5->8(39)
[2023-01-01T15:58:01.402+0530][104372.496s] GC(651) Old regions: 61->61
[2023-01-01T15:58:01.402+0530][104372.496s] GC(651) Humongous regions: 7->7
[2023-01-01T15:58:01.402+0530][104372.496s] GC(651) Metaspace: 65285K->65285K(1107968K)
[2023-01-01T15:58:01.402+0530][104372.497s] GC(651) Pause Young (Normal) (G1 Evacuation Pause) 373M->74M(512M) 3.284ms
[2023-01-01T15:58:01.402+0530][104372.497s] GC(651) User=0.00s Sys=0.00s Real=0.00s
[2023-01-01T15:58:03.469+0530][104374.563s] GC(652) Pause Young (Normal) (G1 Evacuation Pause)
[2023-01-01T15:58:03.469+0530][104374.563s] GC(652) Using 8 workers of 8 for evacuation
[2023-01-01T15:58:03.473+0530][104374.567s] GC(652)   Pre Evacuate Collection Set: 0.0ms
[2023-01-01T15:58:03.473+0530][104374.567s] GC(652)   Evacuate Collection Set: 3.1ms
[2023-01-01T15:58:03.473+0530][104374.568s] GC(652)   Post Evacuate Collection Set: 0.6ms
[2023-01-01T15:58:03.473+0530][104374.568s] GC(652)   Other: 0.4ms
[2023-01-01T15:58:03.473+0530][104374.568s] GC(652) Eden regions: 299->0(300)
[2023-01-01T15:58:03.473+0530][104374.568s] GC(652) Survivor regions: 8->7(39)
[2023-01-01T15:58:03.473+0530][104374.568s] GC(652) Old regions: 61->61
[2023-01-01T15:58:03.473+0530][104374.568s] GC(652) Humongous regions: 7->7
[2023-01-01T15:58:03.473+0530][104374.568s] GC(652) Metaspace: 65285K->65285K(1107968K)
[2023-01-01T15:58:03.474+0530][104374.568s] GC(652) Pause Young (Normal) (G1 Evacuation Pause) 373M->74M(512M) 4.819ms
[2023-01-01T15:58:03.474+0530][104374.568s] GC(652) User=0.00s Sys=0.00s Real=0.00s
[2023-01-01T15:59:01.000+0530][104432.095s] GC(653) Pause Young (Normal) (G1 Evacuation Pause)
[2023-01-01T15:59:01.000+0530][104432.095s] GC(653) Using 8 workers of 8 for evacuation
[2023-01-01T15:59:01.004+0530][104432.098s] GC(653)   Pre Evacuate Collection Set: 0.0ms
[2023-01-01T15:59:01.004+0530][104432.098s] GC(653)   Evacuate Collection Set: 2.7ms
[2023-01-01T15:59:01.004+0530][104432.098s] GC(653)   Post Evacuate Collection Set: 0.3ms
[2023-01-01T15:59:01.004+0530][104432.098s] GC(653)   Other: 0.3ms
[2023-01-01T15:59:01.004+0530][104432.098s] GC(653) Eden regions: 300->0(294)
[2023-01-01T15:59:01.004+0530][104432.098s] GC(653) Survivor regions: 7->13(39)
[2023-01-01T15:59:01.004+0530][104432.098s] GC(653) Old regions: 61->61
[2023-01-01T15:59:01.004+0530][104432.098s] GC(653) Humongous regions: 7->7
[2023-01-01T15:59:01.004+0530][104432.099s] GC(653) Metaspace: 65285K->65285K(1107968K)
[2023-01-01T15:59:01.004+0530][104432.099s] GC(653) Pause Young (Normal) (G1 Evacuation Pause) 374M->79M(512M) 3.841ms
[2023-01-01T15:59:01.004+0530][104432.099s] GC(653) User=0.00s Sys=0.00s Real=0.00s
[2023-01-01T15:59:02.317+0530][104433.411s] GC(654) Pause Young (Normal) (G1 Evacuation Pause)
[2023-01-01T15:59:02.317+0530][104433.411s] GC(654) Using 8 workers of 8 for evacuation
[2023-01-01T15:59:02.319+0530][104433.414s] GC(654)   Pre Evacuate Collection Set: 0.0ms
[2023-01-01T15:59:02.319+0530][104433.414s] GC(654)   Evacuate Collection Set: 1.8ms
[2023-01-01T15:59:02.319+0530][104433.414s] GC(654)   Post Evacuate Collection Set: 0.5ms
[2023-01-01T15:59:02.319+0530][104433.414s] GC(654)   Other: 0.3ms
[2023-01-01T15:59:02.319+0530][104433.414s] GC(654) Eden regions: 294->0(302)
[2023-01-01T15:59:02.319+0530][104433.414s] GC(654) Survivor regions: 13->5(39)
[2023-01-01T15:59:02.319+0530][104433.414s] GC(654) Old regions: 61->61
[2023-01-01T15:59:02.319+0530][104433.414s] GC(654) Humongous regions: 7->7
[2023-01-01T15:59:02.319+0530][104433.414s] GC(654) Metaspace: 65285K->65285K(1107968K)
[2023-01-01T15:59:02.320+0530][104433.414s] GC(654) Pause Young (Normal) (G1 Evacuation Pause) 373M->71M(512M) 2.987ms
[2023-01-01T15:59:02.320+0530][104433.414s] GC(654) User=0.00s Sys=0.00s Real=0.00s
[2023-01-01T16:00:00.898+0530][104491.993s] GC(655) Pause Young (Normal) (G1 Evacuation Pause)
[2023-01-01T16:00:00.899+0530][104491.993s] GC(655) Using 8 workers of 8 for evacuation
[2023-01-01T16:00:00.901+0530][104491.996s] GC(655)   Pre Evacuate Collection Set: 0.0ms
[2023-01-01T16:00:00.901+0530][104491.996s] GC(655)   Evacuate Collection Set: 2.0ms
[2023-01-01T16:00:00.901+0530][104491.996s] GC(655)   Post Evacuate Collection Set: 0.4ms
[2023-01-01T16:00:00.901+0530][104491.996s] GC(655)   Other: 0.4ms
[2023-01-01T16:00:00.902+0530][104491.996s] GC(655) Eden regions: 302->0(298)
[2023-01-01T16:00:00.902+0530][104491.996s] GC(655) Survivor regions: 5->9(39)
[2023-01-01T16:00:00.902+0530][104491.996s] GC(655) Old regions: 61->61
[2023-01-01T16:00:00.902+0530][104491.996s] GC(655) Humongous regions: 7->7
[2023-01-01T16:00:00.902+0530][104491.996s] GC(655) Metaspace: 65285K->65285K(1107968K)
[2023-01-01T16:00:00.902+0530][104491.996s] GC(655) Pause Young (Normal) (G1 Evacuation Pause) 373M->75M(512M) 3.360ms
[2023-01-01T16:00:00.902+0530][104491.997s] GC(655) User=0.13s Sys=0.00s Real=0.00s
[2023-01-01T16:00:02.840+0530][104493.935s] GC(656) Pause Young (Normal) (G1 Evacuation Pause)
[2023-01-01T16:00:02.840+0530][104493.935s] GC(656) Using 8 workers of 8 for evacuation
[2023-01-01T16:00:02.842+0530][104493.937s] GC(656)   Pre Evacuate Collection Set: 0.0ms
[2023-01-01T16:00:02.842+0530][104493.937s] GC(656)   Evacuate Collection Set: 1.3ms
[2023-01-01T16:00:02.842+0530][104493.937s] GC(656)   Post Evacuate Collection Set: 0.3ms
[2023-01-01T16:00:02.843+0530][104493.937s] GC(656)   Other: 0.3ms
[2023-01-01T16:00:02.843+0530][104493.937s] GC(656) Eden regions: 298->0(304)
[2023-01-01T16:00:02.843+0530][104493.937s] GC(656) Survivor regions: 9->3(39)
[2023-01-01T16:00:02.843+0530][104493.937s] GC(656) Old regions: 61->61
[2023-01-01T16:00:02.843+0530][104493.937s] GC(656) Humongous regions: 7->7
[2023-01-01T16:00:02.843+0530][104493.937s] GC(656) Metaspace: 65285K->65285K(1107968K)
[2023-01-01T16:00:02.843+0530][104493.938s] GC(656) Pause Young (Normal) (G1 Evacuation Pause) 373M->69M(512M) 2.525ms
[2023-01-01T16:00:02.843+0530][104493.938s] GC(656) User=0.00s Sys=0.00s Real=0.00s
[2023-01-01T16:01:02.091+0530][104553.185s] GC(657) Pause Young (Normal) (G1 Evacuation Pause)
[2023-01-01T16:01:02.091+0530][104553.185s] GC(657) Using 8 workers of 8 for evacuation
[2023-01-01T16:01:02.093+0530][104553.187s] GC(657)   Pre Evacuate Collection Set: 0.0ms
[2023-01-01T16:01:02.093+0530][104553.187s] GC(657)   Evacuate Collection Set: 1.9ms
[2023-01-01T16:01:02.093+0530][104553.187s] GC(657)   Post Evacuate Collection Set: 0.4ms
[2023-01-01T16:01:02.093+0530][104553.187s] GC(657)   Other: 0.3ms
[2023-01-01T16:01:02.093+0530][104553.187s] GC(657) Eden regions: 304->0(301)
[2023-01-01T16:01:02.093+0530][104553.187s] GC(657) Survivor regions: 3->6(39)
[2023-01-01T16:01:02.094+0530][104553.188s] GC(657) Old regions: 61->61
[2023-01-01T16:01:02.094+0530][104553.188s] GC(657) Humongous regions: 7->7
[2023-01-01T16:01:02.094+0530][104553.188s] GC(657) Metaspace: 65285K->65285K(1107968K)
[2023-01-01T16:01:02.094+0530][104553.188s] GC(657) Pause Young (Normal) (G1 Evacuation Pause) 373M->72M(512M) 3.102ms
[2023-01-01T16:01:02.094+0530][104553.188s] GC(657) User=0.00s Sys=0.00s Real=0.00s
[2023-01-01T16:01:04.265+0530][104555.359s] GC(658) Pause Young (Normal) (G1 Evacuation Pause)
[2023-01-01T16:01:04.265+0530][104555.359s] GC(658) Using 8 workers of 8 for evacuation
[2023-01-01T16:01:04.269+0530][104555.363s] GC(658)   Pre Evacuate Collection Set: 0.0ms
[2023-01-01T16:01:04.269+0530][104555.363s] GC(658)   Evacuate Collection Set: 2.9ms
[2023-01-01T16:01:04.269+0530][104555.363s] GC(658)   Post Evacuate Collection Set: 0.6ms
[2023-01-01T16:01:04.269+0530][104555.363s] GC(658)   Other: 0.3ms
[2023-01-01T16:01:04.269+0530][104555.363s] GC(658) Eden regions: 301->0(300)
[2023-01-01T16:01:04.269+0530][104555.363s] GC(658) Survivor regions: 6->7(39)
[2023-01-01T16:01:04.269+0530][104555.363s] GC(658) Old regions: 61->61
[2023-01-01T16:01:04.269+0530][104555.363s] GC(658) Humongous regions: 7->7
[2023-01-01T16:01:04.269+0530][104555.363s] GC(658) Metaspace: 65285K->65285K(1107968K)
[2023-01-01T16:01:04.269+0530][104555.363s] GC(658) Pause Young (Normal) (G1 Evacuation Pause) 373M->73M(512M) 4.237ms
[2023-01-01T16:01:04.269+0530][104555.363s] GC(658) User=0.00s Sys=0.00s Real=0.00s
[2023-01-01T16:02:02.014+0530][104613.108s] GC(659) Pause Young (Normal) (G1 Evacuation Pause)
[2023-01-01T16:02:02.014+0530][104613.108s] GC(659) Using 8 workers of 8 for evacuation
[2023-01-01T16:02:02.016+0530][104613.111s] GC(659)   Pre Evacuate Collection Set: 0.0ms
[2023-01-01T16:02:02.016+0530][104613.111s] GC(659)   Evacuate Collection Set: 1.7ms
[2023-01-01T16:02:02.016+0530][104613.111s] GC(659)   Post Evacuate Collection Set: 0.4ms
[2023-01-01T16:02:02.017+0530][104613.111s] GC(659)   Other: 0.4ms
[2023-01-01T16:02:02.017+0530][104613.111s] GC(659) Eden regions: 300->0(300)
[2023-01-01T16:02:02.017+0530][104613.111s] GC(659) Survivor regions: 7->7(39)
[2023-01-01T16:02:02.017+0530][104613.111s] GC(659) Old regions: 61->61
[2023-01-01T16:02:02.017+0530][104613.111s] GC(659) Humongous regions: 7->7
[2023-01-01T16:02:02.017+0530][104613.111s] GC(659) Metaspace: 65285K->65285K(1107968K)
[2023-01-01T16:02:02.017+0530][104613.111s] GC(659) Pause Young (Normal) (G1 Evacuation Pause) 373M->73M(512M) 3.259ms
[2023-01-01T16:02:02.017+0530][104613.111s] GC(659) User=0.00s Sys=0.00s Real=0.00s
[2023-01-01T16:03:00.818+0530][104671.912s] GC(660) Pause Young (Normal) (G1 Evacuation Pause)
[2023-01-01T16:03:00.818+0530][104671.913s] GC(660) Using 8 workers of 8 for evacuation
[2023-01-01T16:03:00.822+0530][104671.916s] GC(660)   Pre Evacuate Collection Set: 0.0ms
[2023-01-01T16:03:00.822+0530][104671.916s] GC(660)   Evacuate Collection Set: 3.0ms
[2023-01-01T16:03:00.822+0530][104671.916s] GC(660)   Post Evacuate Collection Set: 0.3ms
[2023-01-01T16:03:00.822+0530][104671.916s] GC(660)   Other: 0.3ms
[2023-01-01T16:03:00.822+0530][104671.916s] GC(660) Eden regions: 300->0(291)
[2023-01-01T16:03:00.822+0530][104671.916s] GC(660) Survivor regions: 7->16(39)
[2023-01-01T16:03:00.822+0530][104671.916s] GC(660) Old regions: 61->61
[2023-01-01T16:03:00.822+0530][104671.916s] GC(660) Humongous regions: 7->7
[2023-01-01T16:03:00.822+0530][104671.917s] GC(660) Metaspace: 65285K->65285K(1107968K)
[2023-01-01T16:03:00.823+0530][104671.917s] GC(660) Pause Young (Normal) (G1 Evacuation Pause) 373M->83M(512M) 4.164ms
[2023-01-01T16:03:00.823+0530][104671.917s] GC(660) User=0.00s Sys=0.02s Real=0.00s
[2023-01-01T16:03:02.302+0530][104673.396s] GC(661) Pause Young (Normal) (G1 Evacuation Pause)
[2023-01-01T16:03:02.303+0530][104673.397s] GC(661) Using 8 workers of 8 for evacuation
[2023-01-01T16:03:02.304+0530][104673.398s] GC(661)   Pre Evacuate Collection Set: 0.0ms
[2023-01-01T16:03:02.305+0530][104673.399s] GC(661)   Evacuate Collection Set: 1.3ms
[2023-01-01T16:03:02.305+0530][104673.399s] GC(661)   Post Evacuate Collection Set: 0.3ms
[2023-01-01T16:03:02.305+0530][104673.399s] GC(661)   Other: 0.3ms
[2023-01-01T16:03:02.305+0530][104673.399s] GC(661) Eden regions: 291->0(303)
[2023-01-01T16:03:02.305+0530][104673.399s] GC(661) Survivor regions: 16->4(39)
[2023-01-01T16:03:02.305+0530][104673.399s] GC(661) Old regions: 61->61
[2023-01-01T16:03:02.305+0530][104673.399s] GC(661) Humongous regions: 7->7
[2023-01-01T16:03:02.305+0530][104673.399s] GC(661) Metaspace: 65285K->65285K(1107968K)
[2023-01-01T16:03:02.305+0530][104673.399s] GC(661) Pause Young (Normal) (G1 Evacuation Pause) 374M->70M(512M) 2.674ms
[2023-01-01T16:03:02.305+0530][104673.399s] GC(661) User=0.00s Sys=0.00s Real=0.00s
[2023-01-01T16:04:00.352+0530][104731.446s] GC(662) Pause Young (Normal) (G1 Evacuation Pause)
[2023-01-01T16:04:00.352+0530][104731.446s] GC(662) Using 8 workers of 8 for evacuation
[2023-01-01T16:04:00.356+0530][104731.450s] GC(662)   Pre Evacuate Collection Set: 0.0ms
[2023-01-01T16:04:00.356+0530][104731.450s] GC(662)   Evacuate Collection Set: 3.6ms
[2023-01-01T16:04:00.356+0530][104731.451s] GC(662)   Post Evacuate Collection Set: 0.5ms
[2023-01-01T16:04:00.356+0530][104731.451s] GC(662)   Other: 0.3ms
[2023-01-01T16:04:00.356+0530][104731.451s] GC(662) Eden regions: 303->0(288)
[2023-01-01T16:04:00.356+0530][104731.451s] GC(662) Survivor regions: 4->19(39)
[2023-01-01T16:04:00.356+0530][104731.451s] GC(662) Old regions: 61->61
[2023-01-01T16:04:00.356+0530][104731.451s] GC(662) Humongous regions: 7->7
[2023-01-01T16:04:00.356+0530][104731.451s] GC(662) Metaspace: 65285K->65285K(1107968K)
[2023-01-01T16:04:00.356+0530][104731.451s] GC(662) Pause Young (Normal) (G1 Evacuation Pause) 373M->86M(512M) 4.846ms
[2023-01-01T16:04:00.356+0530][104731.451s] GC(662) User=0.13s Sys=0.00s Real=0.00s
[2023-01-01T16:04:01.700+0530][104732.795s] GC(663) Pause Young (Normal) (G1 Evacuation Pause)
[2023-01-01T16:04:01.700+0530][104732.795s] GC(663) Using 8 workers of 8 for evacuation
[2023-01-01T16:04:01.702+0530][104732.797s] GC(663)   Pre Evacuate Collection Set: 0.0ms
[2023-01-01T16:04:01.702+0530][104732.797s] GC(663)   Evacuate Collection Set: 1.6ms
[2023-01-01T16:04:01.702+0530][104732.797s] GC(663)   Post Evacuate Collection Set: 0.4ms
[2023-01-01T16:04:01.702+0530][104732.797s] GC(663)   Other: 0.3ms
[2023-01-01T16:04:01.702+0530][104732.797s] GC(663) Eden regions: 288->0(302)
[2023-01-01T16:04:01.703+0530][104732.797s] GC(663) Survivor regions: 19->5(39)
[2023-01-01T16:04:01.703+0530][104732.797s] GC(663) Old regions: 61->61
[2023-01-01T16:04:01.703+0530][104732.797s] GC(663) Humongous regions: 7->7
[2023-01-01T16:04:01.703+0530][104732.797s] GC(663) Metaspace: 65285K->65285K(1107968K)
[2023-01-01T16:04:01.703+0530][104732.798s] GC(663) Pause Young (Normal) (G1 Evacuation Pause) 374M->72M(512M) 2.804ms
[2023-01-01T16:04:01.703+0530][104732.798s] GC(663) User=0.00s Sys=0.00s Real=0.00s
[2023-01-01T16:04:03.644+0530][104734.739s] GC(664) Pause Young (Normal) (G1 Evacuation Pause)
[2023-01-01T16:04:03.644+0530][104734.739s] GC(664) Using 8 workers of 8 for evacuation
[2023-01-01T16:04:03.646+0530][104734.741s] GC(664)   Pre Evacuate Collection Set: 0.0ms
[2023-01-01T16:04:03.646+0530][104734.741s] GC(664)   Evacuate Collection Set: 1.2ms
[2023-01-01T16:04:03.646+0530][104734.741s] GC(664)   Post Evacuate Collection Set: 0.2ms
[2023-01-01T16:04:03.646+0530][104734.741s] GC(664)   Other: 0.3ms
[2023-01-01T16:04:03.646+0530][104734.741s] GC(664) Eden regions: 302->0(304)
[2023-01-01T16:04:03.646+0530][104734.741s] GC(664) Survivor regions: 5->3(39)
[2023-01-01T16:04:03.646+0530][104734.741s] GC(664) Old regions: 61->61
[2023-01-01T16:04:03.646+0530][104734.741s] GC(664) Humongous regions: 7->7
[2023-01-01T16:04:03.646+0530][104734.741s] GC(664) Metaspace: 65285K->65285K(1107968K)
[2023-01-01T16:04:03.646+0530][104734.741s] GC(664) Pause Young (Normal) (G1 Evacuation Pause) 374M->69M(512M) 2.203ms
[2023-01-01T16:04:03.646+0530][104734.741s] GC(664) User=0.00s Sys=0.00s Real=0.00s
[2023-01-01T16:05:01.959+0530][104793.053s] GC(665) Pause Young (Normal) (G1 Evacuation Pause)
[2023-01-01T16:05:01.959+0530][104793.053s] GC(665) Using 8 workers of 8 for evacuation
[2023-01-01T16:05:01.961+0530][104793.055s] GC(665)   Pre Evacuate Collection Set: 0.0ms
[2023-01-01T16:05:01.961+0530][104793.055s] GC(665)   Evacuate Collection Set: 1.7ms
[2023-01-01T16:05:01.961+0530][104793.055s] GC(665)   Post Evacuate Collection Set: 0.4ms
[2023-01-01T16:05:01.961+0530][104793.055s] GC(665)   Other: 0.4ms
[2023-01-01T16:05:01.961+0530][104793.055s] GC(665) Eden regions: 304->0(300)
[2023-01-01T16:05:01.962+0530][104793.055s] GC(665) Survivor regions: 3->7(39)
[2023-01-01T16:05:01.962+0530][104793.056s] GC(665) Old regions: 61->61
[2023-01-01T16:05:01.962+0530][104793.056s] GC(665) Humongous regions: 7->7
[2023-01-01T16:05:01.962+0530][104793.056s] GC(665) Metaspace: 65285K->65285K(1107968K)
[2023-01-01T16:05:01.962+0530][104793.056s] GC(665) Pause Young (Normal) (G1 Evacuation Pause) 373M->74M(512M) 3.185ms
[2023-01-01T16:05:01.962+0530][104793.056s] GC(665) User=0.00s Sys=0.00s Real=0.00s
[2023-01-01T16:05:03.953+0530][104795.047s] GC(666) Pause Young (Normal) (G1 Evacuation Pause)
[2023-01-01T16:05:03.953+0530][104795.047s] GC(666) Using 8 workers of 8 for evacuation
[2023-01-01T16:05:03.956+0530][104795.050s] GC(666)   Pre Evacuate Collection Set: 0.0ms
[2023-01-01T16:05:03.956+0530][104795.050s] GC(666)   Evacuate Collection Set: 1.9ms
[2023-01-01T16:05:03.956+0530][104795.050s] GC(666)   Post Evacuate Collection Set: 0.4ms
[2023-01-01T16:05:03.956+0530][104795.051s] GC(666)   Other: 0.4ms
[2023-01-01T16:05:03.957+0530][104795.051s] GC(666) Eden regions: 300->0(305)
[2023-01-01T16:05:03.957+0530][104795.051s] GC(666) Survivor regions: 7->2(39)
[2023-01-01T16:05:03.957+0530][104795.051s] GC(666) Old regions: 61->61
[2023-01-01T16:05:03.957+0530][104795.051s] GC(666) Humongous regions: 7->7
[2023-01-01T16:05:03.957+0530][104795.051s] GC(666) Metaspace: 65285K->65285K(1107968K)
[2023-01-01T16:05:03.957+0530][104795.051s] GC(666) Pause Young (Normal) (G1 Evacuation Pause) 374M->69M(512M) 3.914ms
[2023-01-01T16:05:03.957+0530][104795.051s] GC(666) User=0.00s Sys=0.00s Real=0.00s
[2023-01-01T16:06:01.680+0530][104852.775s] GC(667) Pause Young (Normal) (G1 Evacuation Pause)
[2023-01-01T16:06:01.680+0530][104852.775s] GC(667) Using 8 workers of 8 for evacuation
[2023-01-01T16:06:01.683+0530][104852.778s] GC(667)   Pre Evacuate Collection Set: 0.0ms
[2023-01-01T16:06:01.683+0530][104852.778s] GC(667)   Evacuate Collection Set: 2.4ms
[2023-01-01T16:06:01.683+0530][104852.778s] GC(667)   Post Evacuate Collection Set: 0.5ms
[2023-01-01T16:06:01.683+0530][104852.778s] GC(667)   Other: 0.3ms
[2023-01-01T16:06:01.683+0530][104852.778s] GC(667) Eden regions: 305->0(296)
[2023-01-01T16:06:01.683+0530][104852.778s] GC(667) Survivor regions: 2->11(39)
[2023-01-01T16:06:01.683+0530][104852.778s] GC(667) Old regions: 61->61
[2023-01-01T16:06:01.684+0530][104852.778s] GC(667) Humongous regions: 7->7
[2023-01-01T16:06:01.684+0530][104852.778s] GC(667) Metaspace: 65285K->65285K(1107968K)
[2023-01-01T16:06:01.684+0530][104852.778s] GC(667) Pause Young (Normal) (G1 Evacuation Pause) 374M->78M(512M) 3.753ms
[2023-01-01T16:06:01.684+0530][104852.778s] GC(667) User=0.13s Sys=0.00s Real=0.00s
[2023-01-01T16:06:03.700+0530][104854.795s] GC(668) Pause Young (Normal) (G1 Evacuation Pause)
[2023-01-01T16:06:03.700+0530][104854.795s] GC(668) Using 8 workers of 8 for evacuation
[2023-01-01T16:06:03.703+0530][104854.797s] GC(668)   Pre Evacuate Collection Set: 0.0ms
[2023-01-01T16:06:03.703+0530][104854.797s] GC(668)   Evacuate Collection Set: 2.1ms
[2023-01-01T16:06:03.703+0530][104854.798s] GC(668)   Post Evacuate Collection Set: 0.5ms
[2023-01-01T16:06:03.703+0530][104854.798s] GC(668)   Other: 0.3ms
[2023-01-01T16:06:03.703+0530][104854.798s] GC(668) Eden regions: 296->0(302)
[2023-01-01T16:06:03.703+0530][104854.798s] GC(668) Survivor regions: 11->5(39)
[2023-01-01T16:06:03.703+0530][104854.798s] GC(668) Old regions: 61->61
[2023-01-01T16:06:03.703+0530][104854.798s] GC(668) Humongous regions: 7->7
[2023-01-01T16:06:03.703+0530][104854.798s] GC(668) Metaspace: 65285K->65285K(1107968K)
[2023-01-01T16:06:03.703+0530][104854.798s] GC(668) Pause Young (Normal) (G1 Evacuation Pause) 374M->72M(512M) 3.317ms
[2023-01-01T16:06:03.703+0530][104854.798s] GC(668) User=0.00s Sys=0.00s Real=0.00s
[2023-01-01T16:07:01.792+0530][104912.886s] GC(669) Pause Young (Normal) (G1 Evacuation Pause)
[2023-01-01T16:07:01.792+0530][104912.886s] GC(669) Using 8 workers of 8 for evacuation
[2023-01-01T16:07:01.795+0530][104912.890s] GC(669)   Pre Evacuate Collection Set: 0.0ms
[2023-01-01T16:07:01.795+0530][104912.890s] GC(669)   Evacuate Collection Set: 2.7ms
[2023-01-01T16:07:01.795+0530][104912.890s] GC(669)   Post Evacuate Collection Set: 0.5ms
[2023-01-01T16:07:01.795+0530][104912.890s] GC(669)   Other: 0.3ms
[2023-01-01T16:07:01.795+0530][104912.890s] GC(669) Eden regions: 302->0(294)
[2023-01-01T16:07:01.795+0530][104912.890s] GC(669) Survivor regions: 5->13(39)
[2023-01-01T16:07:01.795+0530][104912.890s] GC(669) Old regions: 61->61
[2023-01-01T16:07:01.796+0530][104912.890s] GC(669) Humongous regions: 7->7
[2023-01-01T16:07:01.796+0530][104912.890s] GC(669) Metaspace: 65285K->65285K(1107968K)
[2023-01-01T16:07:01.796+0530][104912.890s] GC(669) Pause Young (Normal) (G1 Evacuation Pause) 374M->80M(512M) 4.084ms
[2023-01-01T16:07:01.796+0530][104912.890s] GC(669) User=0.00s Sys=0.00s Real=0.00s
[2023-01-01T16:07:02.541+0530][104913.635s] GC(670) Pause Young (Normal) (G1 Evacuation Pause)
[2023-01-01T16:07:02.541+0530][104913.635s] GC(670) Using 8 workers of 8 for evacuation
[2023-01-01T16:07:02.544+0530][104913.638s] GC(670)   Pre Evacuate Collection Set: 0.0ms
[2023-01-01T16:07:02.544+0530][104913.638s] GC(670)   Evacuate Collection Set: 2.1ms
[2023-01-01T16:07:02.544+0530][104913.638s] GC(670)   Post Evacuate Collection Set: 0.4ms
[2023-01-01T16:07:02.544+0530][104913.638s] GC(670)   Other: 0.3ms
[2023-01-01T16:07:02.544+0530][104913.638s] GC(670) Eden regions: 294->0(302)
[2023-01-01T16:07:02.544+0530][104913.638s] GC(670) Survivor regions: 13->5(39)
[2023-01-01T16:07:02.544+0530][104913.638s] GC(670) Old regions: 61->61
[2023-01-01T16:07:02.544+0530][104913.638s] GC(670) Humongous regions: 7->7
[2023-01-01T16:07:02.544+0530][104913.638s] GC(670) Metaspace: 65285K->65285K(1107968K)
[2023-01-01T16:07:02.544+0530][104913.639s] GC(670) Pause Young (Normal) (G1 Evacuation Pause) 374M->72M(512M) 3.384ms
[2023-01-01T16:07:02.544+0530][104913.639s] GC(670) User=0.13s Sys=0.00s Real=0.00s
[2023-01-01T16:08:01.652+0530][104972.746s] GC(671) Pause Young (Normal) (G1 Evacuation Pause)
[2023-01-01T16:08:01.652+0530][104972.746s] GC(671) Using 8 workers of 8 for evacuation
[2023-01-01T16:08:01.655+0530][104972.749s] GC(671)   Pre Evacuate Collection Set: 0.0ms
[2023-01-01T16:08:01.655+0530][104972.749s] GC(671)   Evacuate Collection Set: 2.7ms
[2023-01-01T16:08:01.655+0530][104972.749s] GC(671)   Post Evacuate Collection Set: 0.5ms
[2023-01-01T16:08:01.655+0530][104972.749s] GC(671)   Other: 0.3ms
[2023-01-01T16:08:01.655+0530][104972.749s] GC(671) Eden regions: 302->0(295)
[2023-01-01T16:08:01.655+0530][104972.750s] GC(671) Survivor regions: 5->12(39)
[2023-01-01T16:08:01.655+0530][104972.750s] GC(671) Old regions: 61->61
[2023-01-01T16:08:01.655+0530][104972.750s] GC(671) Humongous regions: 7->7
[2023-01-01T16:08:01.655+0530][104972.750s] GC(671) Metaspace: 65285K->65285K(1107968K)
[2023-01-01T16:08:01.655+0530][104972.750s] GC(671) Pause Young (Normal) (G1 Evacuation Pause) 374M->79M(512M) 4.009ms
[2023-01-01T16:08:01.655+0530][104972.750s] GC(671) User=0.00s Sys=0.00s Real=0.00s
[2023-01-01T16:08:02.730+0530][104973.825s] GC(672) Pause Young (Normal) (G1 Evacuation Pause)
[2023-01-01T16:08:02.731+0530][104973.825s] GC(672) Using 8 workers of 8 for evacuation
[2023-01-01T16:08:02.733+0530][104973.828s] GC(672)   Pre Evacuate Collection Set: 0.0ms
[2023-01-01T16:08:02.733+0530][104973.828s] GC(672)   Evacuate Collection Set: 2.0ms
[2023-01-01T16:08:02.733+0530][104973.828s] GC(672)   Post Evacuate Collection Set: 0.4ms
[2023-01-01T16:08:02.733+0530][104973.828s] GC(672)   Other: 0.3ms
[2023-01-01T16:08:02.733+0530][104973.828s] GC(672) Eden regions: 295->0(302)
[2023-01-01T16:08:02.733+0530][104973.828s] GC(672) Survivor regions: 12->5(39)
[2023-01-01T16:08:02.733+0530][104973.828s] GC(672) Old regions: 61->61
[2023-01-01T16:08:02.734+0530][104973.828s] GC(672) Humongous regions: 7->7
[2023-01-01T16:08:02.734+0530][104973.828s] GC(672) Metaspace: 65285K->65285K(1107968K)
[2023-01-01T16:08:02.734+0530][104973.828s] GC(672) Pause Young (Normal) (G1 Evacuation Pause) 374M->72M(512M) 3.229ms
[2023-01-01T16:08:02.734+0530][104973.828s] GC(672) User=0.00s Sys=0.00s Real=0.00s
[2023-01-01T16:09:01.391+0530][105032.485s] GC(673) Pause Young (Normal) (G1 Evacuation Pause)
[2023-01-01T16:09:01.391+0530][105032.485s] GC(673) Using 8 workers of 8 for evacuation
[2023-01-01T16:09:01.393+0530][105032.487s] GC(673)   Pre Evacuate Collection Set: 0.0ms
[2023-01-01T16:09:01.393+0530][105032.487s] GC(673)   Evacuate Collection Set: 1.1ms
[2023-01-01T16:09:01.393+0530][105032.487s] GC(673)   Post Evacuate Collection Set: 0.4ms
[2023-01-01T16:09:01.393+0530][105032.487s] GC(673)   Other: 0.3ms
[2023-01-01T16:09:01.393+0530][105032.487s] GC(673) Eden regions: 302->0(304)
[2023-01-01T16:09:01.393+0530][105032.487s] GC(673) Survivor regions: 5->3(39)
[2023-01-01T16:09:01.393+0530][105032.487s] GC(673) Old regions: 61->61
[2023-01-01T16:09:01.393+0530][105032.487s] GC(673) Humongous regions: 7->7
[2023-01-01T16:09:01.393+0530][105032.487s] GC(673) Metaspace: 65285K->65285K(1107968K)
[2023-01-01T16:09:01.393+0530][105032.487s] GC(673) Pause Young (Normal) (G1 Evacuation Pause) 374M->69M(512M) 2.261ms
[2023-01-01T16:09:01.393+0530][105032.487s] GC(673) User=0.00s Sys=0.00s Real=0.00s
[2023-01-01T16:10:01.939+0530][105093.033s] GC(674) Pause Young (Normal) (G1 Evacuation Pause)
[2023-01-01T16:10:01.939+0530][105093.033s] GC(674) Using 8 workers of 8 for evacuation
[2023-01-01T16:10:01.943+0530][105093.037s] GC(674)   Pre Evacuate Collection Set: 0.0ms
[2023-01-01T16:10:01.943+0530][105093.037s] GC(674)   Evacuate Collection Set: 3.2ms
[2023-01-01T16:10:01.943+0530][105093.038s] GC(674)   Post Evacuate Collection Set: 0.5ms
[2023-01-01T16:10:01.943+0530][105093.038s] GC(674)   Other: 0.3ms
[2023-01-01T16:10:01.943+0530][105093.038s] GC(674) Eden regions: 304->0(294)
[2023-01-01T16:10:01.943+0530][105093.038s] GC(674) Survivor regions: 3->13(39)
[2023-01-01T16:10:01.943+0530][105093.038s] GC(674) Old regions: 61->61
[2023-01-01T16:10:01.943+0530][105093.038s] GC(674) Humongous regions: 7->7
[2023-01-01T16:10:01.944+0530][105093.038s] GC(674) Metaspace: 65285K->65285K(1107968K)
[2023-01-01T16:10:01.944+0530][105093.038s] GC(674) Pause Young (Normal) (G1 Evacuation Pause) 373M->80M(512M) 4.549ms
[2023-01-01T16:10:01.944+0530][105093.038s] GC(674) User=0.00s Sys=0.00s Real=0.01s
[2023-01-01T16:10:03.601+0530][105094.696s] GC(675) Pause Young (Normal) (G1 Evacuation Pause)
[2023-01-01T16:10:03.601+0530][105094.696s] GC(675) Using 8 workers of 8 for evacuation
[2023-01-01T16:10:03.604+0530][105094.699s] GC(675)   Pre Evacuate Collection Set: 0.0ms
[2023-01-01T16:10:03.604+0530][105094.699s] GC(675)   Evacuate Collection Set: 2.5ms
[2023-01-01T16:10:03.604+0530][105094.699s] GC(675)   Post Evacuate Collection Set: 0.5ms
[2023-01-01T16:10:03.604+0530][105094.699s] GC(675)   Other: 0.3ms
[2023-01-01T16:10:03.604+0530][105094.699s] GC(675) Eden regions: 294->0(302)
[2023-01-01T16:10:03.604+0530][105094.699s] GC(675) Survivor regions: 13->5(39)
[2023-01-01T16:10:03.604+0530][105094.699s] GC(675) Old regions: 61->61
[2023-01-01T16:10:03.604+0530][105094.699s] GC(675) Humongous regions: 7->7
[2023-01-01T16:10:03.604+0530][105094.699s] GC(675) Metaspace: 65285K->65285K(1107968K)
[2023-01-01T16:10:03.604+0530][105094.699s] GC(675) Pause Young (Normal) (G1 Evacuation Pause) 374M->72M(512M) 3.768ms
[2023-01-01T16:10:03.605+0530][105094.699s] GC(675) User=0.02s Sys=0.00s Real=0.00s
[2023-01-01T16:11:04.529+0530][105155.624s] GC(676) Pause Young (Normal) (G1 Evacuation Pause)
[2023-01-01T16:11:04.530+0530][105155.624s] GC(676) Using 8 workers of 8 for evacuation
[2023-01-01T16:11:04.532+0530][105155.627s] GC(676)   Pre Evacuate Collection Set: 0.0ms
[2023-01-01T16:11:04.533+0530][105155.627s] GC(676)   Evacuate Collection Set: 2.0ms
[2023-01-01T16:11:04.533+0530][105155.627s] GC(676)   Post Evacuate Collection Set: 0.6ms
[2023-01-01T16:11:04.533+0530][105155.627s] GC(676)   Other: 0.6ms
[2023-01-01T16:11:04.533+0530][105155.627s] GC(676) Eden regions: 302->0(304)
[2023-01-01T16:11:04.533+0530][105155.627s] GC(676) Survivor regions: 5->3(39)
[2023-01-01T16:11:04.533+0530][105155.627s] GC(676) Old regions: 61->61
[2023-01-01T16:11:04.533+0530][105155.628s] GC(676) Humongous regions: 7->7
[2023-01-01T16:11:04.533+0530][105155.628s] GC(676) Metaspace: 65285K->65285K(1107968K)
[2023-01-01T16:11:04.534+0530][105155.628s] GC(676) Pause Young (Normal) (G1 Evacuation Pause) 374M->70M(512M) 4.238ms
[2023-01-01T16:11:04.534+0530][105155.628s] GC(676) User=0.00s Sys=0.00s Real=0.00s
[2023-01-01T16:13:02.548+0530][105273.643s] GC(677) Pause Young (Normal) (G1 Evacuation Pause)
[2023-01-01T16:13:02.548+0530][105273.643s] GC(677) Using 8 workers of 8 for evacuation
[2023-01-01T16:13:02.552+0530][105273.647s] GC(677)   Pre Evacuate Collection Set: 0.0ms
[2023-01-01T16:13:02.553+0530][105273.647s] GC(677)   Evacuate Collection Set: 3.1ms
[2023-01-01T16:13:02.553+0530][105273.647s] GC(677)   Post Evacuate Collection Set: 0.7ms
[2023-01-01T16:13:02.553+0530][105273.648s] GC(677)   Other: 0.6ms
[2023-01-01T16:13:02.553+0530][105273.648s] GC(677) Eden regions: 304->0(299)
[2023-01-01T16:13:02.553+0530][105273.648s] GC(677) Survivor regions: 3->8(39)
[2023-01-01T16:13:02.553+0530][105273.648s] GC(677) Old regions: 61->61
[2023-01-01T16:13:02.553+0530][105273.648s] GC(677) Humongous regions: 7->7
[2023-01-01T16:13:02.554+0530][105273.648s] GC(677) Metaspace: 65285K->65285K(1107968K)
[2023-01-01T16:13:02.554+0530][105273.648s] GC(677) Pause Young (Normal) (G1 Evacuation Pause) 374M->75M(512M) 5.743ms
[2023-01-01T16:13:02.554+0530][105273.649s] GC(677) User=0.00s Sys=0.00s Real=0.01s
[2023-01-01T16:14:01.324+0530][105332.419s] GC(678) Pause Young (Normal) (G1 Evacuation Pause)
[2023-01-01T16:14:01.324+0530][105332.419s] GC(678) Using 8 workers of 8 for evacuation
[2023-01-01T16:14:01.328+0530][105332.423s] GC(678)   Pre Evacuate Collection Set: 0.0ms
[2023-01-01T16:14:01.329+0530][105332.423s] GC(678)   Evacuate Collection Set: 3.4ms
[2023-01-01T16:14:01.329+0530][105332.423s] GC(678)   Post Evacuate Collection Set: 0.5ms
[2023-01-01T16:14:01.329+0530][105332.424s] GC(678)   Other: 0.6ms
[2023-01-01T16:14:01.329+0530][105332.424s] GC(678) Eden regions: 299->0(297)
[2023-01-01T16:14:01.329+0530][105332.424s] GC(678) Survivor regions: 8->10(39)
[2023-01-01T16:14:01.329+0530][105332.424s] GC(678) Old regions: 61->61
[2023-01-01T16:14:01.330+0530][105332.424s] GC(678) Humongous regions: 7->7
[2023-01-01T16:14:01.330+0530][105332.424s] GC(678) Metaspace: 65285K->65285K(1107968K)
[2023-01-01T16:14:01.330+0530][105332.425s] GC(678) Pause Young (Normal) (G1 Evacuation Pause) 374M->77M(512M) 6.141ms
[2023-01-01T16:14:01.330+0530][105332.425s] GC(678) User=0.00s Sys=0.00s Real=0.01s
[2023-01-01T16:14:06.258+0530][105337.352s] GC(679) Pause Young (Normal) (G1 Evacuation Pause)
[2023-01-01T16:14:06.258+0530][105337.352s] GC(679) Using 8 workers of 8 for evacuation
[2023-01-01T16:14:06.262+0530][105337.356s] GC(679)   Pre Evacuate Collection Set: 0.0ms
[2023-01-01T16:14:06.262+0530][105337.357s] GC(679)   Evacuate Collection Set: 3.1ms
[2023-01-01T16:14:06.262+0530][105337.357s] GC(679)   Post Evacuate Collection Set: 0.5ms
[2023-01-01T16:14:06.263+0530][105337.357s] GC(679)   Other: 0.6ms
[2023-01-01T16:14:06.263+0530][105337.357s] GC(679) Eden regions: 297->0(302)
[2023-01-01T16:14:06.263+0530][105337.357s] GC(679) Survivor regions: 10->5(39)
[2023-01-01T16:14:06.263+0530][105337.357s] GC(679) Old regions: 61->61
[2023-01-01T16:14:06.263+0530][105337.357s] GC(679) Humongous regions: 7->7
[2023-01-01T16:14:06.263+0530][105337.358s] GC(679) Metaspace: 65285K->65285K(1107968K)
[2023-01-01T16:14:06.263+0530][105337.358s] GC(679) Pause Young (Normal) (G1 Evacuation Pause) 374M->72M(512M) 5.423ms
[2023-01-01T16:14:06.263+0530][105337.358s] GC(679) User=0.13s Sys=0.00s Real=0.01s
[2023-01-01T16:15:01.748+0530][105392.843s] GC(680) Pause Young (Normal) (G1 Evacuation Pause)
[2023-01-01T16:15:01.748+0530][105392.843s] GC(680) Using 8 workers of 8 for evacuation
[2023-01-01T16:15:01.752+0530][105392.847s] GC(680)   Pre Evacuate Collection Set: 0.0ms
[2023-01-01T16:15:01.752+0530][105392.847s] GC(680)   Evacuate Collection Set: 2.9ms
[2023-01-01T16:15:01.752+0530][105392.847s] GC(680)   Post Evacuate Collection Set: 0.5ms
[2023-01-01T16:15:01.752+0530][105392.847s] GC(680)   Other: 0.4ms
[2023-01-01T16:15:01.752+0530][105392.847s] GC(680) Eden regions: 302->0(295)
[2023-01-01T16:15:01.752+0530][105392.847s] GC(680) Survivor regions: 5->12(39)
[2023-01-01T16:15:01.753+0530][105392.847s] GC(680) Old regions: 61->61
[2023-01-01T16:15:01.753+0530][105392.847s] GC(680) Humongous regions: 7->7
[2023-01-01T16:15:01.753+0530][105392.848s] GC(680) Metaspace: 65285K->65285K(1107968K)
[2023-01-01T16:15:01.753+0530][105392.848s] GC(680) Pause Young (Normal) (G1 Evacuation Pause) 374M->79M(512M) 4.845ms
[2023-01-01T16:15:01.753+0530][105392.848s] GC(680) User=0.00s Sys=0.00s Real=0.01s
[2023-01-01T16:15:03.859+0530][105394.953s] GC(681) Pause Young (Normal) (G1 Evacuation Pause)
[2023-01-01T16:15:03.859+0530][105394.953s] GC(681) Using 8 workers of 8 for evacuation
[2023-01-01T16:15:03.862+0530][105394.956s] GC(681)   Pre Evacuate Collection Set: 0.0ms
[2023-01-01T16:15:03.862+0530][105394.956s] GC(681)   Evacuate Collection Set: 2.4ms
[2023-01-01T16:15:03.862+0530][105394.956s] GC(681)   Post Evacuate Collection Set: 0.6ms
[2023-01-01T16:15:03.862+0530][105394.956s] GC(681)   Other: 0.3ms
[2023-01-01T16:15:03.862+0530][105394.956s] GC(681) Eden regions: 295->0(302)
[2023-01-01T16:15:03.862+0530][105394.956s] GC(681) Survivor regions: 12->5(39)
[2023-01-01T16:15:03.862+0530][105394.956s] GC(681) Old regions: 61->61
[2023-01-01T16:15:03.862+0530][105394.957s] GC(681) Humongous regions: 7->7
[2023-01-01T16:15:03.863+0530][105394.957s] GC(681) Metaspace: 65285K->65285K(1107968K)
[2023-01-01T16:15:03.863+0530][105394.957s] GC(681) Pause Young (Normal) (G1 Evacuation Pause) 374M->72M(512M) 3.934ms
[2023-01-01T16:15:03.863+0530][105394.957s] GC(681) User=0.00s Sys=0.00s Real=0.00s
[2023-01-01T16:16:00.853+0530][105451.948s] GC(682) Pause Young (Normal) (G1 Evacuation Pause)
[2023-01-01T16:16:00.854+0530][105451.948s] GC(682) Using 8 workers of 8 for evacuation
[2023-01-01T16:16:00.858+0530][105451.952s] GC(682)   Pre Evacuate Collection Set: 0.0ms
[2023-01-01T16:16:00.858+0530][105451.952s] GC(682)   Evacuate Collection Set: 3.0ms
[2023-01-01T16:16:00.858+0530][105451.952s] GC(682)   Post Evacuate Collection Set: 0.5ms
[2023-01-01T16:16:00.858+0530][105451.952s] GC(682)   Other: 0.3ms
[2023-01-01T16:16:00.858+0530][105451.952s] GC(682) Eden regions: 302->0(295)
[2023-01-01T16:16:00.858+0530][105451.952s] GC(682) Survivor regions: 5->12(39)
[2023-01-01T16:16:00.858+0530][105451.952s] GC(682) Old regions: 61->62
[2023-01-01T16:16:00.858+0530][105451.952s] GC(682) Humongous regions: 7->7
[2023-01-01T16:16:00.858+0530][105451.952s] GC(682) Metaspace: 65285K->65285K(1107968K)
[2023-01-01T16:16:00.858+0530][105451.952s] GC(682) Pause Young (Normal) (G1 Evacuation Pause) 374M->79M(512M) 4.302ms
[2023-01-01T16:16:00.858+0530][105451.952s] GC(682) User=0.02s Sys=0.00s Real=0.01s
[2023-01-01T16:16:02.671+0530][105453.765s] GC(683) Pause Young (Normal) (G1 Evacuation Pause)
[2023-01-01T16:16:02.671+0530][105453.765s] GC(683) Using 8 workers of 8 for evacuation
[2023-01-01T16:16:02.673+0530][105453.768s] GC(683)   Pre Evacuate Collection Set: 0.0ms
[2023-01-01T16:16:02.673+0530][105453.768s] GC(683)   Evacuate Collection Set: 2.2ms
[2023-01-01T16:16:02.673+0530][105453.768s] GC(683)   Post Evacuate Collection Set: 0.3ms
[2023-01-01T16:16:02.674+0530][105453.768s] GC(683)   Other: 0.3ms
[2023-01-01T16:16:02.674+0530][105453.768s] GC(683) Eden regions: 295->0(301)
[2023-01-01T16:16:02.674+0530][105453.768s] GC(683) Survivor regions: 12->6(39)
[2023-01-01T16:16:02.674+0530][105453.768s] GC(683) Old regions: 62->62
[2023-01-01T16:16:02.674+0530][105453.768s] GC(683) Humongous regions: 7->7
[2023-01-01T16:16:02.674+0530][105453.768s] GC(683) Metaspace: 65285K->65285K(1107968K)
[2023-01-01T16:16:02.674+0530][105453.768s] GC(683) Pause Young (Normal) (G1 Evacuation Pause) 374M->73M(512M) 3.252ms
[2023-01-01T16:16:02.674+0530][105453.768s] GC(683) User=0.00s Sys=0.00s Real=0.00s
[2023-01-01T16:17:01.110+0530][105512.204s] GC(684) Pause Young (Normal) (G1 Evacuation Pause)
[2023-01-01T16:17:01.110+0530][105512.204s] GC(684) Using 8 workers of 8 for evacuation
[2023-01-01T16:17:01.113+0530][105512.207s] GC(684)   Pre Evacuate Collection Set: 0.0ms
[2023-01-01T16:17:01.113+0530][105512.207s] GC(684)   Evacuate Collection Set: 1.9ms
[2023-01-01T16:17:01.113+0530][105512.207s] GC(684)   Post Evacuate Collection Set: 0.4ms
[2023-01-01T16:17:01.113+0530][105512.207s] GC(684)   Other: 0.3ms
[2023-01-01T16:17:01.113+0530][105512.207s] GC(684) Eden regions: 301->0(299)
[2023-01-01T16:17:01.113+0530][105512.207s] GC(684) Survivor regions: 6->8(39)
[2023-01-01T16:17:01.113+0530][105512.207s] GC(684) Old regions: 62->62
[2023-01-01T16:17:01.113+0530][105512.207s] GC(684) Humongous regions: 7->7
[2023-01-01T16:17:01.113+0530][105512.207s] GC(684) Metaspace: 65285K->65285K(1107968K)
[2023-01-01T16:17:01.113+0530][105512.207s] GC(684) Pause Young (Normal) (G1 Evacuation Pause) 374M->75M(512M) 3.173ms
[2023-01-01T16:17:01.113+0530][105512.208s] GC(684) User=0.00s Sys=0.00s Real=0.00s
[2023-01-01T16:18:00.404+0530][105571.499s] GC(685) Pause Young (Normal) (G1 Evacuation Pause)
[2023-01-01T16:18:00.404+0530][105571.499s] GC(685) Using 8 workers of 8 for evacuation
[2023-01-01T16:18:00.408+0530][105571.502s] GC(685)   Pre Evacuate Collection Set: 0.0ms
[2023-01-01T16:18:00.408+0530][105571.502s] GC(685)   Evacuate Collection Set: 2.9ms
[2023-01-01T16:18:00.408+0530][105571.502s] GC(685)   Post Evacuate Collection Set: 0.5ms
[2023-01-01T16:18:00.408+0530][105571.503s] GC(685)   Other: 0.3ms
[2023-01-01T16:18:00.408+0530][105571.503s] GC(685) Eden regions: 299->0(291)
[2023-01-01T16:18:00.408+0530][105571.503s] GC(685) Survivor regions: 8->16(39)
[2023-01-01T16:18:00.408+0530][105571.503s] GC(685) Old regions: 62->62
[2023-01-01T16:18:00.409+0530][105571.503s] GC(685) Humongous regions: 7->7
[2023-01-01T16:18:00.409+0530][105571.503s] GC(685) Metaspace: 65285K->65285K(1107968K)
[2023-01-01T16:18:00.409+0530][105571.503s] GC(685) Pause Young (Normal) (G1 Evacuation Pause) 374M->83M(512M) 4.448ms
[2023-01-01T16:18:00.409+0530][105571.503s] GC(685) User=0.00s Sys=0.00s Real=0.00s
[2023-01-01T16:18:01.751+0530][105572.845s] GC(686) Pause Young (Normal) (G1 Evacuation Pause)
[2023-01-01T16:18:01.752+0530][105572.846s] GC(686) Using 8 workers of 8 for evacuation
[2023-01-01T16:18:01.754+0530][105572.848s] GC(686)   Pre Evacuate Collection Set: 0.0ms
[2023-01-01T16:18:01.754+0530][105572.848s] GC(686)   Evacuate Collection Set: 1.5ms
[2023-01-01T16:18:01.754+0530][105572.848s] GC(686)   Post Evacuate Collection Set: 0.3ms
[2023-01-01T16:18:01.754+0530][105572.848s] GC(686)   Other: 0.4ms
[2023-01-01T16:18:01.754+0530][105572.848s] GC(686) Eden regions: 291->0(304)
[2023-01-01T16:18:01.754+0530][105572.848s] GC(686) Survivor regions: 16->3(39)
[2023-01-01T16:18:01.754+0530][105572.848s] GC(686) Old regions: 62->62
[2023-01-01T16:18:01.754+0530][105572.848s] GC(686) Humongous regions: 7->7
[2023-01-01T16:18:01.754+0530][105572.848s] GC(686) Metaspace: 65285K->65285K(1107968K)
[2023-01-01T16:18:01.754+0530][105572.848s] GC(686) Pause Young (Normal) (G1 Evacuation Pause) 374M->71M(512M) 2.710ms
[2023-01-01T16:18:01.754+0530][105572.848s] GC(686) User=0.00s Sys=0.00s Real=0.00s
[2023-01-01T16:19:00.986+0530][105632.081s] GC(687) Pause Young (Normal) (G1 Evacuation Pause)
[2023-01-01T16:19:00.986+0530][105632.081s] GC(687) Using 8 workers of 8 for evacuation
[2023-01-01T16:19:00.989+0530][105632.083s] GC(687)   Pre Evacuate Collection Set: 0.0ms
[2023-01-01T16:19:00.989+0530][105632.084s] GC(687)   Evacuate Collection Set: 2.1ms
[2023-01-01T16:19:00.989+0530][105632.084s] GC(687)   Post Evacuate Collection Set: 0.3ms
[2023-01-01T16:19:00.989+0530][105632.084s] GC(687)   Other: 0.3ms
[2023-01-01T16:19:00.989+0530][105632.084s] GC(687) Eden regions: 304->0(299)
[2023-01-01T16:19:00.989+0530][105632.084s] GC(687) Survivor regions: 3->8(39)
[2023-01-01T16:19:00.989+0530][105632.084s] GC(687) Old regions: 62->62
[2023-01-01T16:19:00.989+0530][105632.084s] GC(687) Humongous regions: 7->7
[2023-01-01T16:19:00.989+0530][105632.084s] GC(687) Metaspace: 65285K->65285K(1107968K)
[2023-01-01T16:19:00.989+0530][105632.084s] GC(687) Pause Young (Normal) (G1 Evacuation Pause) 375M->76M(512M) 3.247ms
[2023-01-01T16:19:00.989+0530][105632.084s] GC(687) User=0.00s Sys=0.00s Real=0.00s
[2023-01-01T16:20:00.528+0530][105691.622s] GC(688) Pause Young (Normal) (G1 Evacuation Pause)
[2023-01-01T16:20:00.528+0530][105691.622s] GC(688) Using 8 workers of 8 for evacuation
[2023-01-01T16:20:00.533+0530][105691.627s] GC(688)   Pre Evacuate Collection Set: 0.0ms
[2023-01-01T16:20:00.533+0530][105691.627s] GC(688)   Evacuate Collection Set: 4.0ms
[2023-01-01T16:20:00.533+0530][105691.627s] GC(688)   Post Evacuate Collection Set: 0.7ms
[2023-01-01T16:20:00.533+0530][105691.627s] GC(688)   Other: 0.4ms
[2023-01-01T16:20:00.533+0530][105691.627s] GC(688) Eden regions: 299->0(291)
[2023-01-01T16:20:00.533+0530][105691.627s] GC(688) Survivor regions: 8->16(39)
[2023-01-01T16:20:00.533+0530][105691.627s] GC(688) Old regions: 62->62
[2023-01-01T16:20:00.533+0530][105691.627s] GC(688) Humongous regions: 7->7
[2023-01-01T16:20:00.533+0530][105691.627s] GC(688) Metaspace: 65285K->65285K(1107968K)
[2023-01-01T16:20:00.533+0530][105691.627s] GC(688) Pause Young (Normal) (G1 Evacuation Pause) 375M->83M(512M) 5.857ms
[2023-01-01T16:20:00.533+0530][105691.628s] GC(688) User=0.00s Sys=0.00s Real=0.00s
[2023-01-01T16:20:02.075+0530][105693.169s] GC(689) Pause Young (Normal) (G1 Evacuation Pause)
[2023-01-01T16:20:02.075+0530][105693.169s] GC(689) Using 8 workers of 8 for evacuation
[2023-01-01T16:20:02.077+0530][105693.171s] GC(689)   Pre Evacuate Collection Set: 0.0ms
[2023-01-01T16:20:02.077+0530][105693.172s] GC(689)   Evacuate Collection Set: 1.6ms
[2023-01-01T16:20:02.077+0530][105693.172s] GC(689)   Post Evacuate Collection Set: 0.3ms
[2023-01-01T16:20:02.078+0530][105693.172s] GC(689)   Other: 0.3ms
[2023-01-01T16:20:02.078+0530][105693.172s] GC(689) Eden regions: 291->0(302)
[2023-01-01T16:20:02.078+0530][105693.172s] GC(689) Survivor regions: 16->5(39)
[2023-01-01T16:20:02.078+0530][105693.172s] GC(689) Old regions: 62->62
[2023-01-01T16:20:02.078+0530][105693.172s] GC(689) Humongous regions: 7->7
[2023-01-01T16:20:02.078+0530][105693.172s] GC(689) Metaspace: 65285K->65285K(1107968K)
[2023-01-01T16:20:02.078+0530][105693.172s] GC(689) Pause Young (Normal) (G1 Evacuation Pause) 374M->72M(512M) 2.730ms
[2023-01-01T16:20:02.078+0530][105693.172s] GC(689) User=0.00s Sys=0.00s Real=0.00s
[2023-01-01T16:21:01.198+0530][105752.293s] GC(690) Pause Young (Normal) (G1 Evacuation Pause)
[2023-01-01T16:21:01.198+0530][105752.293s] GC(690) Using 8 workers of 8 for evacuation
[2023-01-01T16:21:01.204+0530][105752.298s] GC(690)   Pre Evacuate Collection Set: 0.0ms
[2023-01-01T16:21:01.204+0530][105752.298s] GC(690)   Evacuate Collection Set: 4.7ms
[2023-01-01T16:21:01.204+0530][105752.298s] GC(690)   Post Evacuate Collection Set: 0.6ms
[2023-01-01T16:21:01.204+0530][105752.299s] GC(690)   Other: 0.4ms
[2023-01-01T16:21:01.204+0530][105752.299s] GC(690) Eden regions: 302->0(289)
[2023-01-01T16:21:01.204+0530][105752.299s] GC(690) Survivor regions: 5->18(39)
[2023-01-01T16:21:01.204+0530][105752.299s] GC(690) Old regions: 62->62
[2023-01-01T16:21:01.204+0530][105752.299s] GC(690) Humongous regions: 7->7
[2023-01-01T16:21:01.205+0530][105752.299s] GC(690) Metaspace: 65285K->65285K(1107968K)
[2023-01-01T16:21:01.205+0530][105752.299s] GC(690) Pause Young (Normal) (G1 Evacuation Pause) 374M->86M(512M) 6.374ms
[2023-01-01T16:21:01.205+0530][105752.299s] GC(690) User=0.00s Sys=0.00s Real=0.01s
[2023-01-01T16:21:02.613+0530][105753.707s] GC(691) Pause Young (Normal) (G1 Evacuation Pause)
[2023-01-01T16:21:02.613+0530][105753.707s] GC(691) Using 8 workers of 8 for evacuation
[2023-01-01T16:21:02.615+0530][105753.710s] GC(691)   Pre Evacuate Collection Set: 0.0ms
[2023-01-01T16:21:02.615+0530][105753.710s] GC(691)   Evacuate Collection Set: 1.7ms
[2023-01-01T16:21:02.615+0530][105753.710s] GC(691)   Post Evacuate Collection Set: 0.6ms
[2023-01-01T16:21:02.615+0530][105753.710s] GC(691)   Other: 0.4ms
[2023-01-01T16:21:02.615+0530][105753.710s] GC(691) Eden regions: 289->0(302)
[2023-01-01T16:21:02.616+0530][105753.710s] GC(691) Survivor regions: 18->5(39)
[2023-01-01T16:21:02.616+0530][105753.710s] GC(691) Old regions: 62->62
[2023-01-01T16:21:02.616+0530][105753.710s] GC(691) Humongous regions: 7->7
[2023-01-01T16:21:02.616+0530][105753.710s] GC(691) Metaspace: 65285K->65285K(1107968K)
[2023-01-01T16:21:02.616+0530][105753.710s] GC(691) Pause Young (Normal) (G1 Evacuation Pause) 375M->72M(512M) 3.066ms
[2023-01-01T16:21:02.616+0530][105753.710s] GC(691) User=0.00s Sys=0.00s Real=0.00s
[2023-01-01T16:21:04.606+0530][105755.700s] GC(692) Pause Young (Normal) (G1 Evacuation Pause)
[2023-01-01T16:21:04.606+0530][105755.700s] GC(692) Using 8 workers of 8 for evacuation
[2023-01-01T16:21:04.607+0530][105755.702s] GC(692)   Pre Evacuate Collection Set: 0.0ms
[2023-01-01T16:21:04.608+0530][105755.702s] GC(692)   Evacuate Collection Set: 1.2ms
[2023-01-01T16:21:04.608+0530][105755.702s] GC(692)   Post Evacuate Collection Set: 0.4ms
[2023-01-01T16:21:04.608+0530][105755.702s] GC(692)   Other: 0.2ms
[2023-01-01T16:21:04.608+0530][105755.702s] GC(692) Eden regions: 302->0(304)
[2023-01-01T16:21:04.608+0530][105755.702s] GC(692) Survivor regions: 5->3(39)
[2023-01-01T16:21:04.608+0530][105755.702s] GC(692) Old regions: 62->62
[2023-01-01T16:21:04.608+0530][105755.702s] GC(692) Humongous regions: 7->7
[2023-01-01T16:21:04.608+0530][105755.702s] GC(692) Metaspace: 65285K->65285K(1107968K)
[2023-01-01T16:21:04.608+0530][105755.703s] GC(692) Pause Young (Normal) (G1 Evacuation Pause) 374M->70M(512M) 2.488ms
[2023-01-01T16:21:04.608+0530][105755.703s] GC(692) User=0.00s Sys=0.00s Real=0.00s
[2023-01-01T16:22:01.592+0530][105812.687s] GC(693) Pause Young (Normal) (G1 Evacuation Pause)
[2023-01-01T16:22:01.593+0530][105812.687s] GC(693) Using 8 workers of 8 for evacuation
[2023-01-01T16:22:01.595+0530][105812.690s] GC(693)   Pre Evacuate Collection Set: 0.0ms
[2023-01-01T16:22:01.595+0530][105812.690s] GC(693)   Evacuate Collection Set: 1.9ms
[2023-01-01T16:22:01.595+0530][105812.690s] GC(693)   Post Evacuate Collection Set: 0.5ms
[2023-01-01T16:22:01.595+0530][105812.690s] GC(693)   Other: 0.3ms
[2023-01-01T16:22:01.595+0530][105812.690s] GC(693) Eden regions: 304->0(300)
[2023-01-01T16:22:01.595+0530][105812.690s] GC(693) Survivor regions: 3->7(39)
[2023-01-01T16:22:01.595+0530][105812.690s] GC(693) Old regions: 62->62
[2023-01-01T16:22:01.595+0530][105812.690s] GC(693) Humongous regions: 7->7
[2023-01-01T16:22:01.595+0530][105812.690s] GC(693) Metaspace: 65285K->65285K(1107968K)
[2023-01-01T16:22:01.596+0530][105812.690s] GC(693) Pause Young (Normal) (G1 Evacuation Pause) 374M->74M(512M) 3.154ms
[2023-01-01T16:22:01.596+0530][105812.690s] GC(693) User=0.00s Sys=0.00s Real=0.00s
[2023-01-01T16:22:03.364+0530][105814.459s] GC(694) Pause Young (Normal) (G1 Evacuation Pause)
[2023-01-01T16:22:03.364+0530][105814.459s] GC(694) Using 8 workers of 8 for evacuation
[2023-01-01T16:22:03.366+0530][105814.461s] GC(694)   Pre Evacuate Collection Set: 0.0ms
[2023-01-01T16:22:03.366+0530][105814.461s] GC(694)   Evacuate Collection Set: 1.2ms
[2023-01-01T16:22:03.366+0530][105814.461s] GC(694)   Post Evacuate Collection Set: 0.4ms
[2023-01-01T16:22:03.366+0530][105814.461s] GC(694)   Other: 0.3ms
[2023-01-01T16:22:03.366+0530][105814.461s] GC(694) Eden regions: 300->0(304)
[2023-01-01T16:22:03.366+0530][105814.461s] GC(694) Survivor regions: 7->3(39)
[2023-01-01T16:22:03.366+0530][105814.461s] GC(694) Old regions: 62->62
[2023-01-01T16:22:03.367+0530][105814.461s] GC(694) Humongous regions: 7->7
[2023-01-01T16:22:03.367+0530][105814.461s] GC(694) Metaspace: 65285K->65285K(1107968K)
[2023-01-01T16:22:03.367+0530][105814.461s] GC(694) Pause Young (Normal) (G1 Evacuation Pause) 374M->70M(512M) 2.307ms
[2023-01-01T16:22:03.367+0530][105814.461s] GC(694) User=0.00s Sys=0.00s Real=0.00s
[2023-01-01T16:23:02.615+0530][105873.710s] GC(695) Pause Young (Normal) (G1 Evacuation Pause)
[2023-01-01T16:23:02.615+0530][105873.710s] GC(695) Using 8 workers of 8 for evacuation
[2023-01-01T16:23:02.619+0530][105873.713s] GC(695)   Pre Evacuate Collection Set: 0.0ms
[2023-01-01T16:23:02.619+0530][105873.714s] GC(695)   Evacuate Collection Set: 2.6ms
[2023-01-01T16:23:02.619+0530][105873.714s] GC(695)   Post Evacuate Collection Set: 0.5ms
[2023-01-01T16:23:02.619+0530][105873.714s] GC(695)   Other: 0.4ms
[2023-01-01T16:23:02.619+0530][105873.714s] GC(695) Eden regions: 304->0(296)
[2023-01-01T16:23:02.619+0530][105873.714s] GC(695) Survivor regions: 3->11(39)
[2023-01-01T16:23:02.619+0530][105873.714s] GC(695) Old regions: 62->62
[2023-01-01T16:23:02.619+0530][105873.714s] GC(695) Humongous regions: 7->7
[2023-01-01T16:23:02.619+0530][105873.714s] GC(695) Metaspace: 65285K->65285K(1107968K)
[2023-01-01T16:23:02.619+0530][105873.714s] GC(695) Pause Young (Normal) (G1 Evacuation Pause) 374M->79M(512M) 4.107ms
[2023-01-01T16:23:02.619+0530][105873.714s] GC(695) User=0.00s Sys=0.00s Real=0.00s
[2023-01-01T16:23:03.804+0530][105874.898s] GC(696) Pause Young (Normal) (G1 Evacuation Pause)
[2023-01-01T16:23:03.804+0530][105874.898s] GC(696) Using 8 workers of 8 for evacuation
[2023-01-01T16:23:03.807+0530][105874.901s] GC(696)   Pre Evacuate Collection Set: 0.0ms
[2023-01-01T16:23:03.807+0530][105874.901s] GC(696)   Evacuate Collection Set: 1.9ms
[2023-01-01T16:23:03.807+0530][105874.901s] GC(696)   Post Evacuate Collection Set: 0.5ms
[2023-01-01T16:23:03.807+0530][105874.901s] GC(696)   Other: 0.4ms
[2023-01-01T16:23:03.807+0530][105874.901s] GC(696) Eden regions: 296->0(302)
[2023-01-01T16:23:03.807+0530][105874.902s] GC(696) Survivor regions: 11->5(39)
[2023-01-01T16:23:03.807+0530][105874.902s] GC(696) Old regions: 62->62
[2023-01-01T16:23:03.807+0530][105874.902s] GC(696) Humongous regions: 7->7
[2023-01-01T16:23:03.807+0530][105874.902s] GC(696) Metaspace: 65285K->65285K(1107968K)
[2023-01-01T16:23:03.807+0530][105874.902s] GC(696) Pause Young (Normal) (G1 Evacuation Pause) 375M->73M(512M) 3.514ms
[2023-01-01T16:23:03.807+0530][105874.902s] GC(696) User=0.02s Sys=0.00s Real=0.00s
[2023-01-01T16:34:04.357+0530][106543.926s] GC(697) Pause Young (Normal) (G1 Evacuation Pause)
[2023-01-01T16:34:04.357+0530][106543.926s] GC(697) Using 8 workers of 8 for evacuation
[2023-01-01T16:34:04.361+0530][106543.931s] GC(697)   Pre Evacuate Collection Set: 0.0ms
[2023-01-01T16:34:04.362+0530][106543.931s] GC(697)   Evacuate Collection Set: 3.3ms
[2023-01-01T16:34:04.362+0530][106543.931s] GC(697)   Post Evacuate Collection Set: 0.6ms
[2023-01-01T16:34:04.362+0530][106543.931s] GC(697)   Other: 0.6ms
[2023-01-01T16:34:04.362+0530][106543.931s] GC(697) Eden regions: 302->0(297)
[2023-01-01T16:34:04.362+0530][106543.931s] GC(697) Survivor regions: 5->10(39)
[2023-01-01T16:34:04.362+0530][106543.931s] GC(697) Old regions: 62->62
[2023-01-01T16:34:04.362+0530][106543.931s] GC(697) Humongous regions: 7->7
[2023-01-01T16:34:04.363+0530][106543.932s] GC(697) Metaspace: 65285K->65285K(1107968K)
[2023-01-01T16:34:04.363+0530][106543.932s] GC(697) Pause Young (Normal) (G1 Evacuation Pause) 375M->77M(512M) 5.732ms
[2023-01-01T16:34:04.363+0530][106543.932s] GC(697) User=0.00s Sys=0.00s Real=0.01s
[2023-01-01T16:34:07.215+0530][106546.784s] GC(698) Pause Young (Normal) (G1 Evacuation Pause)
[2023-01-01T16:34:07.215+0530][106546.784s] GC(698) Using 8 workers of 8 for evacuation
[2023-01-01T16:34:07.218+0530][106546.788s] GC(698)   Pre Evacuate Collection Set: 0.0ms
[2023-01-01T16:34:07.219+0530][106546.788s] GC(698)   Evacuate Collection Set: 2.8ms
[2023-01-01T16:34:07.219+0530][106546.788s] GC(698)   Post Evacuate Collection Set: 0.5ms
[2023-01-01T16:34:07.219+0530][106546.788s] GC(698)   Other: 0.6ms
[2023-01-01T16:34:07.219+0530][106546.788s] GC(698) Eden regions: 297->0(303)
[2023-01-01T16:34:07.219+0530][106546.788s] GC(698) Survivor regions: 10->4(39)
[2023-01-01T16:34:07.219+0530][106546.789s] GC(698) Old regions: 62->62
[2023-01-01T16:34:07.219+0530][106546.789s] GC(698) Humongous regions: 7->7
[2023-01-01T16:34:07.219+0530][106546.789s] GC(698) Metaspace: 65285K->65285K(1107968K)
[2023-01-01T16:34:07.220+0530][106546.789s] GC(698) Pause Young (Normal) (G1 Evacuation Pause) 374M->72M(512M) 5.072ms
[2023-01-01T16:34:07.220+0530][106546.789s] GC(698) User=0.00s Sys=0.00s Real=0.01s
[2023-01-01T16:35:02.046+0530][106601.616s] GC(699) Pause Young (Normal) (G1 Evacuation Pause)
[2023-01-01T16:35:02.046+0530][106601.616s] GC(699) Using 8 workers of 8 for evacuation
[2023-01-01T16:35:02.050+0530][106601.620s] GC(699)   Pre Evacuate Collection Set: 0.0ms
[2023-01-01T16:35:02.051+0530][106601.620s] GC(699)   Evacuate Collection Set: 3.5ms
[2023-01-01T16:35:02.051+0530][106601.621s] GC(699)   Post Evacuate Collection Set: 0.6ms
[2023-01-01T16:35:02.051+0530][106601.621s] GC(699)   Other: 0.5ms
[2023-01-01T16:35:02.051+0530][106601.621s] GC(699) Eden regions: 303->0(296)
[2023-01-01T16:35:02.051+0530][106601.621s] GC(699) Survivor regions: 4->11(39)
[2023-01-01T16:35:02.051+0530][106601.621s] GC(699) Old regions: 62->62
[2023-01-01T16:35:02.051+0530][106601.621s] GC(699) Humongous regions: 7->7
[2023-01-01T16:35:02.051+0530][106601.621s] GC(699) Metaspace: 65285K->65285K(1107968K)
[2023-01-01T16:35:02.051+0530][106601.621s] GC(699) Pause Young (Normal) (G1 Evacuation Pause) 375M->79M(512M) 5.568ms
[2023-01-01T16:35:02.052+0530][106601.621s] GC(699) User=0.00s Sys=0.00s Real=0.01s
[2023-01-01T16:35:04.720+0530][106604.289s] GC(700) Pause Young (Normal) (G1 Evacuation Pause)
[2023-01-01T16:35:04.720+0530][106604.289s] GC(700) Using 8 workers of 8 for evacuation
[2023-01-01T16:35:04.723+0530][106604.292s] GC(700)   Pre Evacuate Collection Set: 0.0ms
[2023-01-01T16:35:04.723+0530][106604.292s] GC(700)   Evacuate Collection Set: 2.3ms
[2023-01-01T16:35:04.723+0530][106604.293s] GC(700)   Post Evacuate Collection Set: 0.4ms
[2023-01-01T16:35:04.723+0530][106604.293s] GC(700)   Other: 0.4ms
[2023-01-01T16:35:04.723+0530][106604.293s] GC(700) Eden regions: 296->0(303)
[2023-01-01T16:35:04.723+0530][106604.293s] GC(700) Survivor regions: 11->4(39)
[2023-01-01T16:35:04.723+0530][106604.293s] GC(700) Old regions: 62->62
[2023-01-01T16:35:04.723+0530][106604.293s] GC(700) Humongous regions: 7->7
[2023-01-01T16:35:04.724+0530][106604.293s] GC(700) Metaspace: 65285K->65285K(1107968K)
[2023-01-01T16:35:04.724+0530][106604.293s] GC(700) Pause Young (Normal) (G1 Evacuation Pause) 375M->72M(512M) 3.908ms
[2023-01-01T16:35:04.724+0530][106604.293s] GC(700) User=0.00s Sys=0.00s Real=0.00s
[2023-01-01T16:36:01.643+0530][106661.212s] GC(701) Pause Young (Normal) (G1 Evacuation Pause)
[2023-01-01T16:36:01.643+0530][106661.212s] GC(701) Using 8 workers of 8 for evacuation
[2023-01-01T16:36:01.645+0530][106661.215s] GC(701)   Pre Evacuate Collection Set: 0.0ms
[2023-01-01T16:36:01.645+0530][106661.215s] GC(701)   Evacuate Collection Set: 2.0ms
[2023-01-01T16:36:01.646+0530][106661.215s] GC(701)   Post Evacuate Collection Set: 0.4ms
[2023-01-01T16:36:01.646+0530][106661.215s] GC(701)   Other: 0.3ms
[2023-01-01T16:36:01.646+0530][106661.215s] GC(701) Eden regions: 303->0(300)
[2023-01-01T16:36:01.646+0530][106661.215s] GC(701) Survivor regions: 4->7(39)
[2023-01-01T16:36:01.646+0530][106661.215s] GC(701) Old regions: 62->62
[2023-01-01T16:36:01.646+0530][106661.215s] GC(701) Humongous regions: 7->7
[2023-01-01T16:36:01.646+0530][106661.215s] GC(701) Metaspace: 65285K->65285K(1107968K)
[2023-01-01T16:36:01.646+0530][106661.215s] GC(701) Pause Young (Normal) (G1 Evacuation Pause) 375M->74M(512M) 3.229ms
[2023-01-01T16:36:01.646+0530][106661.215s] GC(701) User=0.00s Sys=0.00s Real=0.00s
[2023-01-01T16:36:03.538+0530][106663.107s] GC(702) Pause Young (Normal) (G1 Evacuation Pause)
[2023-01-01T16:36:03.538+0530][106663.107s] GC(702) Using 8 workers of 8 for evacuation
[2023-01-01T16:36:03.540+0530][106663.109s] GC(702)   Pre Evacuate Collection Set: 0.0ms
[2023-01-01T16:36:03.540+0530][106663.109s] GC(702)   Evacuate Collection Set: 1.3ms
[2023-01-01T16:36:03.540+0530][106663.109s] GC(702)   Post Evacuate Collection Set: 0.4ms
[2023-01-01T16:36:03.540+0530][106663.109s] GC(702)   Other: 0.3ms
[2023-01-01T16:36:03.540+0530][106663.109s] GC(702) Eden regions: 300->0(304)
[2023-01-01T16:36:03.540+0530][106663.109s] GC(702) Survivor regions: 7->3(39)
[2023-01-01T16:36:03.540+0530][106663.109s] GC(702) Old regions: 62->62
[2023-01-01T16:36:03.540+0530][106663.109s] GC(702) Humongous regions: 7->7
[2023-01-01T16:36:03.540+0530][106663.109s] GC(702) Metaspace: 65285K->65285K(1107968K)
[2023-01-01T16:36:03.540+0530][106663.109s] GC(702) Pause Young (Normal) (G1 Evacuation Pause) 374M->71M(512M) 2.614ms
[2023-01-01T16:36:03.540+0530][106663.110s] GC(702) User=0.00s Sys=0.00s Real=0.00s
[2023-01-01T16:37:02.034+0530][106721.603s] GC(703) Pause Young (Normal) (G1 Evacuation Pause)
[2023-01-01T16:37:02.034+0530][106721.603s] GC(703) Using 8 workers of 8 for evacuation
[2023-01-01T16:37:02.037+0530][106721.606s] GC(703)   Pre Evacuate Collection Set: 0.0ms
[2023-01-01T16:37:02.037+0530][106721.606s] GC(703)   Evacuate Collection Set: 2.3ms
[2023-01-01T16:37:02.037+0530][106721.606s] GC(703)   Post Evacuate Collection Set: 0.5ms
[2023-01-01T16:37:02.037+0530][106721.606s] GC(703)   Other: 0.4ms
[2023-01-01T16:37:02.037+0530][106721.607s] GC(703) Eden regions: 304->0(302)
[2023-01-01T16:37:02.037+0530][106721.607s] GC(703) Survivor regions: 3->5(39)
[2023-01-01T16:37:02.037+0530][106721.607s] GC(703) Old regions: 62->62
[2023-01-01T16:37:02.037+0530][106721.607s] GC(703) Humongous regions: 7->7
[2023-01-01T16:37:02.037+0530][106721.607s] GC(703) Metaspace: 65285K->65285K(1107968K)
[2023-01-01T16:37:02.037+0530][106721.607s] GC(703) Pause Young (Normal) (G1 Evacuation Pause) 375M->73M(512M) 3.696ms
[2023-01-01T16:37:02.038+0530][106721.607s] GC(703) User=0.00s Sys=0.00s Real=0.00s
[2023-01-01T16:38:01.558+0530][106781.127s] GC(704) Pause Young (Normal) (G1 Evacuation Pause)
[2023-01-01T16:38:01.558+0530][106781.127s] GC(704) Using 8 workers of 8 for evacuation
[2023-01-01T16:38:01.560+0530][106781.129s] GC(704)   Pre Evacuate Collection Set: 0.0ms
[2023-01-01T16:38:01.560+0530][106781.130s] GC(704)   Evacuate Collection Set: 1.7ms
[2023-01-01T16:38:01.560+0530][106781.130s] GC(704)   Post Evacuate Collection Set: 0.4ms
[2023-01-01T16:38:01.560+0530][106781.130s] GC(704)   Other: 0.3ms
[2023-01-01T16:38:01.560+0530][106781.130s] GC(704) Eden regions: 302->0(302)
[2023-01-01T16:38:01.560+0530][106781.130s] GC(704) Survivor regions: 5->5(39)
[2023-01-01T16:38:01.561+0530][106781.130s] GC(704) Old regions: 62->62
[2023-01-01T16:38:01.561+0530][106781.130s] GC(704) Humongous regions: 7->7
[2023-01-01T16:38:01.561+0530][106781.130s] GC(704) Metaspace: 65285K->65285K(1107968K)
[2023-01-01T16:38:01.561+0530][106781.130s] GC(704) Pause Young (Normal) (G1 Evacuation Pause) 375M->73M(512M) 2.976ms
[2023-01-01T16:38:01.561+0530][106781.130s] GC(704) User=0.00s Sys=0.00s Real=0.00s
[2023-01-01T16:39:01.331+0530][106840.901s] GC(705) Pause Young (Normal) (G1 Evacuation Pause)
[2023-01-01T16:39:01.331+0530][106840.901s] GC(705) Using 8 workers of 8 for evacuation
[2023-01-01T16:39:01.336+0530][106840.906s] GC(705)   Pre Evacuate Collection Set: 0.0ms
[2023-01-01T16:39:01.336+0530][106840.906s] GC(705)   Evacuate Collection Set: 4.0ms
[2023-01-01T16:39:01.336+0530][106840.906s] GC(705)   Post Evacuate Collection Set: 0.5ms
[2023-01-01T16:39:01.336+0530][106840.906s] GC(705)   Other: 0.5ms
[2023-01-01T16:39:01.336+0530][106840.906s] GC(705) Eden regions: 302->0(293)
[2023-01-01T16:39:01.337+0530][106840.906s] GC(705) Survivor regions: 5->14(39)
[2023-01-01T16:39:01.337+0530][106840.906s] GC(705) Old regions: 62->62
[2023-01-01T16:39:01.337+0530][106840.906s] GC(705) Humongous regions: 7->7
[2023-01-01T16:39:01.337+0530][106840.906s] GC(705) Metaspace: 65285K->65285K(1107968K)
[2023-01-01T16:39:01.337+0530][106840.906s] GC(705) Pause Young (Normal) (G1 Evacuation Pause) 375M->82M(512M) 5.871ms
[2023-01-01T16:39:01.337+0530][106840.907s] GC(705) User=0.00s Sys=0.00s Real=0.01s
[2023-01-01T16:39:03.066+0530][106842.635s] GC(706) Pause Young (Normal) (G1 Evacuation Pause)
[2023-01-01T16:39:03.066+0530][106842.635s] GC(706) Using 8 workers of 8 for evacuation
[2023-01-01T16:39:03.068+0530][106842.637s] GC(706)   Pre Evacuate Collection Set: 0.0ms
[2023-01-01T16:39:03.068+0530][106842.638s] GC(706)   Evacuate Collection Set: 1.6ms
[2023-01-01T16:39:03.068+0530][106842.638s] GC(706)   Post Evacuate Collection Set: 0.3ms
[2023-01-01T16:39:03.068+0530][106842.638s] GC(706)   Other: 0.3ms
[2023-01-01T16:39:03.069+0530][106842.638s] GC(706) Eden regions: 293->0(303)
[2023-01-01T16:39:03.069+0530][106842.638s] GC(706) Survivor regions: 14->4(39)
[2023-01-01T16:39:03.069+0530][106842.638s] GC(706) Old regions: 62->62
[2023-01-01T16:39:03.069+0530][106842.638s] GC(706) Humongous regions: 7->7
[2023-01-01T16:39:03.069+0530][106842.638s] GC(706) Metaspace: 65285K->65285K(1107968K)
[2023-01-01T16:39:03.069+0530][106842.638s] GC(706) Pause Young (Normal) (G1 Evacuation Pause) 375M->72M(512M) 2.765ms
[2023-01-01T16:39:03.069+0530][106842.638s] GC(706) User=0.00s Sys=0.00s Real=0.00s
[2023-01-01T16:40:01.025+0530][106900.594s] GC(707) Pause Young (Normal) (G1 Evacuation Pause)
[2023-01-01T16:40:01.025+0530][106900.595s] GC(707) Using 8 workers of 8 for evacuation
[2023-01-01T16:40:01.031+0530][106900.601s] GC(707)   Pre Evacuate Collection Set: 0.0ms
[2023-01-01T16:40:01.031+0530][106900.601s] GC(707)   Evacuate Collection Set: 5.1ms
[2023-01-01T16:40:01.032+0530][106900.601s] GC(707)   Post Evacuate Collection Set: 0.6ms
[2023-01-01T16:40:01.032+0530][106900.601s] GC(707)   Other: 0.5ms
[2023-01-01T16:40:01.032+0530][106900.601s] GC(707) Eden regions: 303->0(290)
[2023-01-01T16:40:01.032+0530][106900.601s] GC(707) Survivor regions: 4->17(39)
[2023-01-01T16:40:01.032+0530][106900.601s] GC(707) Old regions: 62->62
[2023-01-01T16:40:01.032+0530][106900.601s] GC(707) Humongous regions: 7->7
[2023-01-01T16:40:01.032+0530][106900.601s] GC(707) Metaspace: 65285K->65285K(1107968K)
[2023-01-01T16:40:01.032+0530][106900.602s] GC(707) Pause Young (Normal) (G1 Evacuation Pause) 375M->85M(512M) 7.213ms
[2023-01-01T16:40:01.032+0530][106900.602s] GC(707) User=0.09s Sys=0.00s Real=0.01s
[2023-01-01T16:40:01.730+0530][106901.300s] GC(708) Pause Young (Normal) (G1 Evacuation Pause)
[2023-01-01T16:40:01.730+0530][106901.300s] GC(708) Using 8 workers of 8 for evacuation
[2023-01-01T16:40:01.735+0530][106901.305s] GC(708)   Pre Evacuate Collection Set: 0.0ms
[2023-01-01T16:40:01.735+0530][106901.305s] GC(708)   Evacuate Collection Set: 3.9ms
[2023-01-01T16:40:01.735+0530][106901.305s] GC(708)   Post Evacuate Collection Set: 0.5ms
[2023-01-01T16:40:01.736+0530][106901.305s] GC(708)   Other: 0.4ms
[2023-01-01T16:40:01.736+0530][106901.305s] GC(708) Eden regions: 290->0(296)
[2023-01-01T16:40:01.736+0530][106901.305s] GC(708) Survivor regions: 17->11(39)
[2023-01-01T16:40:01.736+0530][106901.305s] GC(708) Old regions: 62->62
[2023-01-01T16:40:01.736+0530][106901.306s] GC(708) Humongous regions: 7->7
[2023-01-01T16:40:01.736+0530][106901.306s] GC(708) Metaspace: 65285K->65285K(1107968K)
[2023-01-01T16:40:01.736+0530][106901.306s] GC(708) Pause Young (Normal) (G1 Evacuation Pause) 375M->79M(512M) 5.960ms
[2023-01-01T16:40:01.736+0530][106901.306s] GC(708) User=0.00s Sys=0.00s Real=0.01s
[2023-01-01T16:40:04.641+0530][106904.211s] GC(709) Pause Young (Normal) (G1 Evacuation Pause)
[2023-01-01T16:40:04.641+0530][106904.211s] GC(709) Using 8 workers of 8 for evacuation
[2023-01-01T16:40:04.646+0530][106904.215s] GC(709)   Pre Evacuate Collection Set: 0.0ms
[2023-01-01T16:40:04.646+0530][106904.215s] GC(709)   Evacuate Collection Set: 3.9ms
[2023-01-01T16:40:04.646+0530][106904.216s] GC(709)   Post Evacuate Collection Set: 0.4ms
[2023-01-01T16:40:04.646+0530][106904.216s] GC(709)   Other: 0.4ms
[2023-01-01T16:40:04.646+0530][106904.216s] GC(709) Eden regions: 296->0(302)
[2023-01-01T16:40:04.646+0530][106904.216s] GC(709) Survivor regions: 11->5(39)
[2023-01-01T16:40:04.646+0530][106904.216s] GC(709) Old regions: 62->62
[2023-01-01T16:40:04.646+0530][106904.216s] GC(709) Humongous regions: 7->7
[2023-01-01T16:40:04.646+0530][106904.216s] GC(709) Metaspace: 65285K->65285K(1107968K)
[2023-01-01T16:40:04.646+0530][106904.216s] GC(709) Pause Young (Normal) (G1 Evacuation Pause) 375M->73M(512M) 5.460ms
[2023-01-01T16:40:04.646+0530][106904.216s] GC(709) User=0.00s Sys=0.00s Real=0.00s
[2023-01-01T16:41:01.320+0530][106960.889s] GC(710) Pause Young (Normal) (G1 Evacuation Pause)
[2023-01-01T16:41:01.320+0530][106960.889s] GC(710) Using 8 workers of 8 for evacuation
[2023-01-01T16:41:01.323+0530][106960.892s] GC(710)   Pre Evacuate Collection Set: 0.0ms
[2023-01-01T16:41:01.323+0530][106960.893s] GC(710)   Evacuate Collection Set: 2.5ms
[2023-01-01T16:41:01.323+0530][106960.893s] GC(710)   Post Evacuate Collection Set: 0.5ms
[2023-01-01T16:41:01.323+0530][106960.893s] GC(710)   Other: 0.3ms
[2023-01-01T16:41:01.323+0530][106960.893s] GC(710) Eden regions: 302->0(299)
[2023-01-01T16:41:01.323+0530][106960.893s] GC(710) Survivor regions: 5->8(39)
[2023-01-01T16:41:01.324+0530][106960.893s] GC(710) Old regions: 62->62
[2023-01-01T16:41:01.324+0530][106960.893s] GC(710) Humongous regions: 7->7
[2023-01-01T16:41:01.324+0530][106960.893s] GC(710) Metaspace: 65285K->65285K(1107968K)
[2023-01-01T16:41:01.324+0530][106960.893s] GC(710) Pause Young (Normal) (G1 Evacuation Pause) 375M->76M(512M) 3.963ms
[2023-01-01T16:41:01.324+0530][106960.893s] GC(710) User=0.13s Sys=0.00s Real=0.00s
[2023-01-01T16:42:00.864+0530][107020.433s] GC(711) Pause Young (Normal) (G1 Evacuation Pause)
[2023-01-01T16:42:00.864+0530][107020.433s] GC(711) Using 8 workers of 8 for evacuation
[2023-01-01T16:42:00.867+0530][107020.436s] GC(711)   Pre Evacuate Collection Set: 0.0ms
[2023-01-01T16:42:00.867+0530][107020.436s] GC(711)   Evacuate Collection Set: 2.3ms
[2023-01-01T16:42:00.867+0530][107020.436s] GC(711)   Post Evacuate Collection Set: 0.4ms
[2023-01-01T16:42:00.867+0530][107020.436s] GC(711)   Other: 0.4ms
[2023-01-01T16:42:00.867+0530][107020.436s] GC(711) Eden regions: 299->0(297)
[2023-01-01T16:42:00.867+0530][107020.436s] GC(711) Survivor regions: 8->10(39)
[2023-01-01T16:42:00.867+0530][107020.436s] GC(711) Old regions: 62->62
[2023-01-01T16:42:00.867+0530][107020.436s] GC(711) Humongous regions: 7->7
[2023-01-01T16:42:00.867+0530][107020.437s] GC(711) Metaspace: 65285K->65285K(1107968K)
[2023-01-01T16:42:00.867+0530][107020.437s] GC(711) Pause Young (Normal) (G1 Evacuation Pause) 375M->78M(512M) 3.857ms
[2023-01-01T16:42:00.868+0530][107020.437s] GC(711) User=0.00s Sys=0.00s Real=0.00s
[2023-01-01T16:42:02.467+0530][107022.036s] GC(712) Pause Young (Normal) (G1 Evacuation Pause)
[2023-01-01T16:42:02.467+0530][107022.037s] GC(712) Using 8 workers of 8 for evacuation
[2023-01-01T16:42:02.469+0530][107022.039s] GC(712)   Pre Evacuate Collection Set: 0.0ms
[2023-01-01T16:42:02.470+0530][107022.039s] GC(712)   Evacuate Collection Set: 1.7ms
[2023-01-01T16:42:02.470+0530][107022.039s] GC(712)   Post Evacuate Collection Set: 0.5ms
[2023-01-01T16:42:02.470+0530][107022.039s] GC(712)   Other: 0.3ms
[2023-01-01T16:42:02.470+0530][107022.039s] GC(712) Eden regions: 297->0(304)
[2023-01-01T16:42:02.470+0530][107022.039s] GC(712) Survivor regions: 10->3(39)
[2023-01-01T16:42:02.470+0530][107022.039s] GC(712) Old regions: 62->62
[2023-01-01T16:42:02.470+0530][107022.039s] GC(712) Humongous regions: 7->7
[2023-01-01T16:42:02.470+0530][107022.039s] GC(712) Metaspace: 65285K->65285K(1107968K)
[2023-01-01T16:42:02.470+0530][107022.040s] GC(712) Pause Young (Normal) (G1 Evacuation Pause) 375M->71M(512M) 3.063ms
[2023-01-01T16:42:02.470+0530][107022.040s] GC(712) User=0.00s Sys=0.00s Real=0.00s
[2023-01-01T16:43:02.299+0530][107081.868s] GC(713) Pause Young (Normal) (G1 Evacuation Pause)
[2023-01-01T16:43:02.299+0530][107081.868s] GC(713) Using 8 workers of 8 for evacuation
[2023-01-01T16:43:02.301+0530][107081.870s] GC(713)   Pre Evacuate Collection Set: 0.0ms
[2023-01-01T16:43:02.301+0530][107081.871s] GC(713)   Evacuate Collection Set: 1.7ms
[2023-01-01T16:43:02.301+0530][107081.871s] GC(713)   Post Evacuate Collection Set: 0.4ms
[2023-01-01T16:43:02.301+0530][107081.871s] GC(713)   Other: 0.3ms
[2023-01-01T16:43:02.301+0530][107081.871s] GC(713) Eden regions: 304->0(303)
[2023-01-01T16:43:02.301+0530][107081.871s] GC(713) Survivor regions: 3->4(39)
[2023-01-01T16:43:02.301+0530][107081.871s] GC(713) Old regions: 62->63
[2023-01-01T16:43:02.302+0530][107081.871s] GC(713) Humongous regions: 7->7
[2023-01-01T16:43:02.302+0530][107081.871s] GC(713) Metaspace: 65285K->65285K(1107968K)
[2023-01-01T16:43:02.302+0530][107081.871s] GC(713) Pause Young (Normal) (G1 Evacuation Pause) 375M->72M(512M) 2.969ms
[2023-01-01T16:43:02.302+0530][107081.871s] GC(713) User=0.00s Sys=0.00s Real=0.00s
[2023-01-01T16:44:00.648+0530][107140.217s] GC(714) Pause Young (Normal) (G1 Evacuation Pause)
[2023-01-01T16:44:00.648+0530][107140.217s] GC(714) Using 8 workers of 8 for evacuation
[2023-01-01T16:44:00.653+0530][107140.222s] GC(714)   Pre Evacuate Collection Set: 0.0ms
[2023-01-01T16:44:00.653+0530][107140.222s] GC(714)   Evacuate Collection Set: 3.7ms
[2023-01-01T16:44:00.653+0530][107140.222s] GC(714)   Post Evacuate Collection Set: 0.5ms
[2023-01-01T16:44:00.653+0530][107140.222s] GC(714)   Other: 0.4ms
[2023-01-01T16:44:00.653+0530][107140.222s] GC(714) Eden regions: 303->0(292)
[2023-01-01T16:44:00.653+0530][107140.222s] GC(714) Survivor regions: 4->15(39)
[2023-01-01T16:44:00.653+0530][107140.222s] GC(714) Old regions: 63->63
[2023-01-01T16:44:00.653+0530][107140.222s] GC(714) Humongous regions: 7->7
[2023-01-01T16:44:00.653+0530][107140.222s] GC(714) Metaspace: 65285K->65285K(1107968K)
[2023-01-01T16:44:00.653+0530][107140.223s] GC(714) Pause Young (Normal) (G1 Evacuation Pause) 375M->83M(512M) 5.373ms
[2023-01-01T16:44:00.653+0530][107140.223s] GC(714) User=0.13s Sys=0.00s Real=0.01s
[2023-01-01T16:44:02.619+0530][107142.188s] GC(715) Pause Young (Normal) (G1 Evacuation Pause)
[2023-01-01T16:44:02.620+0530][107142.189s] GC(715) Using 8 workers of 8 for evacuation
[2023-01-01T16:44:02.623+0530][107142.192s] GC(715)   Pre Evacuate Collection Set: 0.0ms
[2023-01-01T16:44:02.624+0530][107142.192s] GC(715)   Evacuate Collection Set: 2.9ms
[2023-01-01T16:44:02.624+0530][107142.193s] GC(715)   Post Evacuate Collection Set: 0.5ms
[2023-01-01T16:44:02.624+0530][107142.193s] GC(715)   Other: 0.4ms
[2023-01-01T16:44:02.624+0530][107142.193s] GC(715) Eden regions: 292->0(301)
[2023-01-01T16:44:02.624+0530][107142.193s] GC(715) Survivor regions: 15->6(39)
[2023-01-01T16:44:02.624+0530][107142.193s] GC(715) Old regions: 63->63
[2023-01-01T16:44:02.624+0530][107142.193s] GC(715) Humongous regions: 7->7
[2023-01-01T16:44:02.624+0530][107142.193s] GC(715) Metaspace: 65285K->65285K(1107968K)
[2023-01-01T16:44:02.624+0530][107142.193s] GC(715) Pause Young (Normal) (G1 Evacuation Pause) 375M->75M(512M) 4.557ms
[2023-01-01T16:44:02.624+0530][107142.193s] GC(715) User=0.00s Sys=0.02s Real=0.01s
[2023-01-01T16:45:01.219+0530][107200.789s] GC(716) Pause Young (Normal) (G1 Evacuation Pause)
[2023-01-01T16:45:01.219+0530][107200.789s] GC(716) Using 8 workers of 8 for evacuation
[2023-01-01T16:45:01.226+0530][107200.795s] GC(716)   Pre Evacuate Collection Set: 0.0ms
[2023-01-01T16:45:01.226+0530][107200.795s] GC(716)   Evacuate Collection Set: 4.9ms
[2023-01-01T16:45:01.226+0530][107200.795s] GC(716)   Post Evacuate Collection Set: 0.8ms
[2023-01-01T16:45:01.226+0530][107200.795s] GC(716)   Other: 0.6ms
[2023-01-01T16:45:01.226+0530][107200.795s] GC(716) Eden regions: 301->0(288)
[2023-01-01T16:45:01.226+0530][107200.795s] GC(716) Survivor regions: 6->19(39)
[2023-01-01T16:45:01.226+0530][107200.796s] GC(716) Old regions: 63->63
[2023-01-01T16:45:01.226+0530][107200.796s] GC(716) Humongous regions: 7->7
[2023-01-01T16:45:01.226+0530][107200.796s] GC(716) Metaspace: 65285K->65285K(1107968K)
[2023-01-01T16:45:01.226+0530][107200.796s] GC(716) Pause Young (Normal) (G1 Evacuation Pause) 376M->87M(512M) 7.212ms
[2023-01-01T16:45:01.227+0530][107200.796s] GC(716) User=0.00s Sys=0.00s Real=0.01s
[2023-01-01T16:45:02.977+0530][107202.547s] GC(717) Pause Young (Normal) (G1 Evacuation Pause)
[2023-01-01T16:45:02.978+0530][107202.547s] GC(717) Using 8 workers of 8 for evacuation
[2023-01-01T16:45:02.980+0530][107202.550s] GC(717)   Pre Evacuate Collection Set: 0.0ms
[2023-01-01T16:45:02.980+0530][107202.550s] GC(717)   Evacuate Collection Set: 2.0ms
[2023-01-01T16:45:02.980+0530][107202.550s] GC(717)   Post Evacuate Collection Set: 0.5ms
[2023-01-01T16:45:02.981+0530][107202.550s] GC(717)   Other: 0.4ms
[2023-01-01T16:45:02.981+0530][107202.550s] GC(717) Eden regions: 288->0(302)
[2023-01-01T16:45:02.981+0530][107202.550s] GC(717) Survivor regions: 19->5(39)
[2023-01-01T16:45:02.981+0530][107202.550s] GC(717) Old regions: 63->63
[2023-01-01T16:45:02.981+0530][107202.550s] GC(717) Humongous regions: 7->7
[2023-01-01T16:45:02.981+0530][107202.551s] GC(717) Metaspace: 65285K->65285K(1107968K)
[2023-01-01T16:45:02.981+0530][107202.551s] GC(717) Pause Young (Normal) (G1 Evacuation Pause) 375M->74M(512M) 3.481ms
[2023-01-01T16:45:02.981+0530][107202.551s] GC(717) User=0.11s Sys=0.00s Real=0.00s
[2023-01-01T16:45:05.273+0530][107204.842s] GC(718) Pause Young (Normal) (G1 Evacuation Pause)
[2023-01-01T16:45:05.273+0530][107204.842s] GC(718) Using 8 workers of 8 for evacuation
[2023-01-01T16:45:05.275+0530][107204.845s] GC(718)   Pre Evacuate Collection Set: 0.0ms
[2023-01-01T16:45:05.275+0530][107204.845s] GC(718)   Evacuate Collection Set: 1.7ms
[2023-01-01T16:45:05.275+0530][107204.845s] GC(718)   Post Evacuate Collection Set: 0.4ms
[2023-01-01T16:45:05.275+0530][107204.845s] GC(718)   Other: 0.4ms
[2023-01-01T16:45:05.275+0530][107204.845s] GC(718) Eden regions: 302->0(304)
[2023-01-01T16:45:05.275+0530][107204.845s] GC(718) Survivor regions: 5->3(39)
[2023-01-01T16:45:05.276+0530][107204.845s] GC(718) Old regions: 63->63
[2023-01-01T16:45:05.276+0530][107204.845s] GC(718) Humongous regions: 7->7
[2023-01-01T16:45:05.276+0530][107204.845s] GC(718) Metaspace: 65285K->65285K(1107968K)
[2023-01-01T16:45:05.276+0530][107204.845s] GC(718) Pause Young (Normal) (G1 Evacuation Pause) 376M->71M(512M) 3.100ms
[2023-01-01T16:45:05.276+0530][107204.845s] GC(718) User=0.00s Sys=0.02s Real=0.00s
[2023-01-01T16:46:02.065+0530][107261.634s] GC(719) Pause Young (Normal) (G1 Evacuation Pause)
[2023-01-01T16:46:02.065+0530][107261.635s] GC(719) Using 8 workers of 8 for evacuation
[2023-01-01T16:46:02.070+0530][107261.639s] GC(719)   Pre Evacuate Collection Set: 0.0ms
[2023-01-01T16:46:02.070+0530][107261.640s] GC(719)   Evacuate Collection Set: 3.6ms
[2023-01-01T16:46:02.070+0530][107261.640s] GC(719)   Post Evacuate Collection Set: 0.7ms
[2023-01-01T16:46:02.070+0530][107261.640s] GC(719)   Other: 0.5ms
[2023-01-01T16:46:02.070+0530][107261.640s] GC(719) Eden regions: 304->0(302)
[2023-01-01T16:46:02.070+0530][107261.640s] GC(719) Survivor regions: 3->5(39)
[2023-01-01T16:46:02.070+0530][107261.640s] GC(719) Old regions: 63->63
[2023-01-01T16:46:02.071+0530][107261.640s] GC(719) Humongous regions: 7->7
[2023-01-01T16:46:02.071+0530][107261.640s] GC(719) Metaspace: 65285K->65285K(1107968K)
[2023-01-01T16:46:02.071+0530][107261.640s] GC(719) Pause Young (Normal) (G1 Evacuation Pause) 375M->73M(512M) 5.767ms
[2023-01-01T16:46:02.071+0530][107261.640s] GC(719) User=0.00s Sys=0.00s Real=0.01s
[2023-01-01T16:47:01.751+0530][107321.320s] GC(720) Pause Young (Normal) (G1 Evacuation Pause)
[2023-01-01T16:47:01.751+0530][107321.320s] GC(720) Using 8 workers of 8 for evacuation
[2023-01-01T16:47:01.753+0530][107321.323s] GC(720)   Pre Evacuate Collection Set: 0.0ms
[2023-01-01T16:47:01.753+0530][107321.323s] GC(720)   Evacuate Collection Set: 1.5ms
[2023-01-01T16:47:01.753+0530][107321.323s] GC(720)   Post Evacuate Collection Set: 0.5ms
[2023-01-01T16:47:01.753+0530][107321.323s] GC(720)   Other: 0.3ms
[2023-01-01T16:47:01.753+0530][107321.323s] GC(720) Eden regions: 302->0(303)
[2023-01-01T16:47:01.753+0530][107321.323s] GC(720) Survivor regions: 5->4(39)
[2023-01-01T16:47:01.753+0530][107321.323s] GC(720) Old regions: 63->63
[2023-01-01T16:47:01.753+0530][107321.323s] GC(720) Humongous regions: 7->7
[2023-01-01T16:47:01.753+0530][107321.323s] GC(720) Metaspace: 65285K->65285K(1107968K)
[2023-01-01T16:47:01.753+0530][107321.323s] GC(720) Pause Young (Normal) (G1 Evacuation Pause) 375M->73M(512M) 2.773ms
[2023-01-01T16:47:01.753+0530][107321.323s] GC(720) User=0.00s Sys=0.00s Real=0.00s
[2023-01-01T16:48:00.555+0530][107380.124s] GC(721) Pause Young (Normal) (G1 Evacuation Pause)
[2023-01-01T16:48:00.555+0530][107380.124s] GC(721) Using 8 workers of 8 for evacuation
[2023-01-01T16:48:00.558+0530][107380.128s] GC(721)   Pre Evacuate Collection Set: 0.0ms
[2023-01-01T16:48:00.558+0530][107380.128s] GC(721)   Evacuate Collection Set: 2.8ms
[2023-01-01T16:48:00.558+0530][107380.128s] GC(721)   Post Evacuate Collection Set: 0.5ms
[2023-01-01T16:48:00.558+0530][107380.128s] GC(721)   Other: 0.3ms
[2023-01-01T16:48:00.559+0530][107380.128s] GC(721) Eden regions: 303->0(294)
[2023-01-01T16:48:00.559+0530][107380.128s] GC(721) Survivor regions: 4->13(39)
[2023-01-01T16:48:00.559+0530][107380.128s] GC(721) Old regions: 63->63
[2023-01-01T16:48:00.559+0530][107380.128s] GC(721) Humongous regions: 7->7
[2023-01-01T16:48:00.559+0530][107380.128s] GC(721) Metaspace: 65285K->65285K(1107968K)
[2023-01-01T16:48:00.559+0530][107380.128s] GC(721) Pause Young (Normal) (G1 Evacuation Pause) 376M->81M(512M) 4.122ms
[2023-01-01T16:48:00.559+0530][107380.128s] GC(721) User=0.13s Sys=0.00s Real=0.00s
[2023-01-01T16:48:01.720+0530][107381.289s] GC(722) Pause Young (Normal) (G1 Evacuation Pause)
[2023-01-01T16:48:01.720+0530][107381.289s] GC(722) Using 8 workers of 8 for evacuation
[2023-01-01T16:48:01.723+0530][107381.292s] GC(722)   Pre Evacuate Collection Set: 0.0ms
[2023-01-01T16:48:01.723+0530][107381.292s] GC(722)   Evacuate Collection Set: 2.1ms
[2023-01-01T16:48:01.723+0530][107381.292s] GC(722)   Post Evacuate Collection Set: 0.4ms
[2023-01-01T16:48:01.723+0530][107381.292s] GC(722)   Other: 0.3ms
[2023-01-01T16:48:01.723+0530][107381.292s] GC(722) Eden regions: 294->0(301)
[2023-01-01T16:48:01.723+0530][107381.292s] GC(722) Survivor regions: 13->6(39)
[2023-01-01T16:48:01.723+0530][107381.292s] GC(722) Old regions: 63->63
[2023-01-01T16:48:01.723+0530][107381.292s] GC(722) Humongous regions: 7->7
[2023-01-01T16:48:01.723+0530][107381.292s] GC(722) Metaspace: 65285K->65285K(1107968K)
[2023-01-01T16:48:01.723+0530][107381.292s] GC(722) Pause Young (Normal) (G1 Evacuation Pause) 375M->75M(512M) 3.373ms
[2023-01-01T16:48:01.723+0530][107381.293s] GC(722) User=0.00s Sys=0.00s Real=0.00s
[2023-01-01T16:49:01.185+0530][107440.755s] GC(723) Pause Young (Normal) (G1 Evacuation Pause)
[2023-01-01T16:49:01.185+0530][107440.755s] GC(723) Using 8 workers of 8 for evacuation
[2023-01-01T16:49:01.190+0530][107440.759s] GC(723)   Pre Evacuate Collection Set: 0.0ms
[2023-01-01T16:49:01.190+0530][107440.759s] GC(723)   Evacuate Collection Set: 3.4ms
[2023-01-01T16:49:01.190+0530][107440.759s] GC(723)   Post Evacuate Collection Set: 0.4ms
[2023-01-01T16:49:01.190+0530][107440.759s] GC(723)   Other: 0.3ms
[2023-01-01T16:49:01.190+0530][107440.759s] GC(723) Eden regions: 301->0(293)
[2023-01-01T16:49:01.190+0530][107440.759s] GC(723) Survivor regions: 6->14(39)
[2023-01-01T16:49:01.190+0530][107440.759s] GC(723) Old regions: 63->63
[2023-01-01T16:49:01.190+0530][107440.759s] GC(723) Humongous regions: 7->7
[2023-01-01T16:49:01.190+0530][107440.759s] GC(723) Metaspace: 65285K->65285K(1107968K)
[2023-01-01T16:49:01.190+0530][107440.759s] GC(723) Pause Young (Normal) (G1 Evacuation Pause) 376M->83M(512M) 4.695ms
[2023-01-01T16:49:01.190+0530][107440.759s] GC(723) User=0.00s Sys=0.00s Real=0.01s
[2023-01-01T16:49:02.423+0530][107441.992s] GC(724) Pause Young (Normal) (G1 Evacuation Pause)
[2023-01-01T16:49:02.423+0530][107441.992s] GC(724) Using 8 workers of 8 for evacuation
[2023-01-01T16:49:02.426+0530][107441.995s] GC(724)   Pre Evacuate Collection Set: 0.0ms
[2023-01-01T16:49:02.426+0530][107441.995s] GC(724)   Evacuate Collection Set: 2.4ms
[2023-01-01T16:49:02.426+0530][107441.995s] GC(724)   Post Evacuate Collection Set: 0.4ms
[2023-01-01T16:49:02.426+0530][107441.995s] GC(724)   Other: 0.3ms
[2023-01-01T16:49:02.426+0530][107441.995s] GC(724) Eden regions: 293->0(301)
[2023-01-01T16:49:02.426+0530][107441.995s] GC(724) Survivor regions: 14->6(39)
[2023-01-01T16:49:02.426+0530][107441.995s] GC(724) Old regions: 63->63
[2023-01-01T16:49:02.426+0530][107441.995s] GC(724) Humongous regions: 7->7
[2023-01-01T16:49:02.427+0530][107441.996s] GC(724) Metaspace: 65285K->65285K(1107968K)
[2023-01-01T16:49:02.427+0530][107441.996s] GC(724) Pause Young (Normal) (G1 Evacuation Pause) 376M->75M(512M) 3.662ms
[2023-01-01T16:49:02.427+0530][107441.996s] GC(724) User=0.00s Sys=0.00s Real=0.00s
[2023-01-01T16:50:00.450+0530][107500.019s] GC(725) Pause Young (Normal) (G1 Evacuation Pause)
[2023-01-01T16:50:00.450+0530][107500.019s] GC(725) Using 8 workers of 8 for evacuation
[2023-01-01T16:50:00.454+0530][107500.023s] GC(725)   Pre Evacuate Collection Set: 0.0ms
[2023-01-01T16:50:00.454+0530][107500.023s] GC(725)   Evacuate Collection Set: 3.1ms
[2023-01-01T16:50:00.454+0530][107500.023s] GC(725)   Post Evacuate Collection Set: 0.5ms
[2023-01-01T16:50:00.454+0530][107500.023s] GC(725)   Other: 0.3ms
[2023-01-01T16:50:00.454+0530][107500.023s] GC(725) Eden regions: 301->0(291)
[2023-01-01T16:50:00.454+0530][107500.023s] GC(725) Survivor regions: 6->16(39)
[2023-01-01T16:50:00.454+0530][107500.023s] GC(725) Old regions: 63->63
[2023-01-01T16:50:00.454+0530][107500.023s] GC(725) Humongous regions: 7->7
[2023-01-01T16:50:00.454+0530][107500.023s] GC(725) Metaspace: 65285K->65285K(1107968K)
[2023-01-01T16:50:00.454+0530][107500.023s] GC(725) Pause Young (Normal) (G1 Evacuation Pause) 376M->85M(512M) 4.422ms
[2023-01-01T16:50:00.454+0530][107500.023s] GC(725) User=0.00s Sys=0.00s Real=0.00s
[2023-01-01T16:50:01.789+0530][107501.359s] GC(726) Pause Young (Normal) (G1 Evacuation Pause)
[2023-01-01T16:50:01.789+0530][107501.359s] GC(726) Using 8 workers of 8 for evacuation
[2023-01-01T16:50:01.792+0530][107501.362s] GC(726)   Pre Evacuate Collection Set: 0.0ms
[2023-01-01T16:50:01.792+0530][107501.362s] GC(726)   Evacuate Collection Set: 2.2ms
[2023-01-01T16:50:01.792+0530][107501.362s] GC(726)   Post Evacuate Collection Set: 0.5ms
[2023-01-01T16:50:01.793+0530][107501.362s] GC(726)   Other: 0.3ms
[2023-01-01T16:50:01.793+0530][107501.362s] GC(726) Eden regions: 291->0(301)
[2023-01-01T16:50:01.793+0530][107501.362s] GC(726) Survivor regions: 16->6(39)
[2023-01-01T16:50:01.793+0530][107501.362s] GC(726) Old regions: 63->63
[2023-01-01T16:50:01.793+0530][107501.362s] GC(726) Humongous regions: 7->7
[2023-01-01T16:50:01.793+0530][107501.363s] GC(726) Metaspace: 65285K->65285K(1107968K)
[2023-01-01T16:50:01.793+0530][107501.363s] GC(726) Pause Young (Normal) (G1 Evacuation Pause) 376M->75M(512M) 3.586ms
[2023-01-01T16:50:01.793+0530][107501.363s] GC(726) User=0.13s Sys=0.00s Real=0.00s
[2023-01-01T16:51:00.841+0530][107560.410s] GC(727) Pause Young (Normal) (G1 Evacuation Pause)
[2023-01-01T16:51:00.841+0530][107560.411s] GC(727) Using 8 workers of 8 for evacuation
[2023-01-01T16:51:00.844+0530][107560.413s] GC(727)   Pre Evacuate Collection Set: 0.0ms
[2023-01-01T16:51:00.844+0530][107560.414s] GC(727)   Evacuate Collection Set: 2.3ms
[2023-01-01T16:51:00.844+0530][107560.414s] GC(727)   Post Evacuate Collection Set: 0.4ms
[2023-01-01T16:51:00.844+0530][107560.414s] GC(727)   Other: 0.4ms
[2023-01-01T16:51:00.844+0530][107560.414s] GC(727) Eden regions: 301->0(296)
[2023-01-01T16:51:00.844+0530][107560.414s] GC(727) Survivor regions: 6->11(39)
[2023-01-01T16:51:00.844+0530][107560.414s] GC(727) Old regions: 63->63
[2023-01-01T16:51:00.845+0530][107560.414s] GC(727) Humongous regions: 7->7
[2023-01-01T16:51:00.845+0530][107560.414s] GC(727) Metaspace: 65286K->65286K(1107968K)
[2023-01-01T16:51:00.845+0530][107560.414s] GC(727) Pause Young (Normal) (G1 Evacuation Pause) 376M->80M(512M) 3.586ms
[2023-01-01T16:51:00.845+0530][107560.414s] GC(727) User=0.00s Sys=0.00s Real=0.00s
[2023-01-01T16:51:02.518+0530][107562.087s] GC(728) Pause Young (Normal) (G1 Evacuation Pause)
[2023-01-01T16:51:02.518+0530][107562.087s] GC(728) Using 8 workers of 8 for evacuation
[2023-01-01T16:51:02.520+0530][107562.089s] GC(728)   Pre Evacuate Collection Set: 0.0ms
[2023-01-01T16:51:02.520+0530][107562.089s] GC(728)   Evacuate Collection Set: 1.3ms
[2023-01-01T16:51:02.520+0530][107562.089s] GC(728)   Post Evacuate Collection Set: 0.4ms
[2023-01-01T16:51:02.520+0530][107562.089s] GC(728)   Other: 0.3ms
[2023-01-01T16:51:02.520+0530][107562.089s] GC(728) Eden regions: 296->0(303)
[2023-01-01T16:51:02.520+0530][107562.089s] GC(728) Survivor regions: 11->4(39)
[2023-01-01T16:51:02.520+0530][107562.089s] GC(728) Old regions: 63->63
[2023-01-01T16:51:02.520+0530][107562.089s] GC(728) Humongous regions: 7->7
[2023-01-01T16:51:02.520+0530][107562.089s] GC(728) Metaspace: 65286K->65286K(1107968K)
[2023-01-01T16:51:02.520+0530][107562.089s] GC(728) Pause Young (Normal) (G1 Evacuation Pause) 376M->73M(512M) 2.514ms
[2023-01-01T16:51:02.520+0530][107562.090s] GC(728) User=0.00s Sys=0.00s Real=0.00s
[2023-01-01T16:52:01.643+0530][107621.212s] GC(729) Pause Young (Normal) (G1 Evacuation Pause)
[2023-01-01T16:52:01.644+0530][107621.213s] GC(729) Using 8 workers of 8 for evacuation
[2023-01-01T16:52:01.646+0530][107621.215s] GC(729)   Pre Evacuate Collection Set: 0.0ms
[2023-01-01T16:52:01.646+0530][107621.215s] GC(729)   Evacuate Collection Set: 2.0ms
[2023-01-01T16:52:01.646+0530][107621.215s] GC(729)   Post Evacuate Collection Set: 0.3ms
[2023-01-01T16:52:01.646+0530][107621.215s] GC(729)   Other: 0.3ms
[2023-01-01T16:52:01.646+0530][107621.215s] GC(729) Eden regions: 303->0(302)
[2023-01-01T16:52:01.646+0530][107621.215s] GC(729) Survivor regions: 4->5(39)
[2023-01-01T16:52:01.646+0530][107621.215s] GC(729) Old regions: 63->63
[2023-01-01T16:52:01.646+0530][107621.216s] GC(729) Humongous regions: 7->7
[2023-01-01T16:52:01.647+0530][107621.216s] GC(729) Metaspace: 65286K->65286K(1107968K)
[2023-01-01T16:52:01.647+0530][107621.216s] GC(729) Pause Young (Normal) (G1 Evacuation Pause) 376M->74M(512M) 3.153ms
[2023-01-01T16:52:01.647+0530][107621.216s] GC(729) User=0.00s Sys=0.00s Real=0.00s
[2023-01-01T16:53:01.287+0530][107680.856s] GC(730) Pause Young (Normal) (G1 Evacuation Pause)
[2023-01-01T16:53:01.287+0530][107680.856s] GC(730) Using 8 workers of 8 for evacuation
[2023-01-01T16:53:01.290+0530][107680.860s] GC(730)   Pre Evacuate Collection Set: 0.0ms
[2023-01-01T16:53:01.290+0530][107680.860s] GC(730)   Evacuate Collection Set: 2.5ms
[2023-01-01T16:53:01.290+0530][107680.860s] GC(730)   Post Evacuate Collection Set: 0.7ms
[2023-01-01T16:53:01.290+0530][107680.860s] GC(730)   Other: 0.3ms
[2023-01-01T16:53:01.290+0530][107680.860s] GC(730) Eden regions: 302->0(295)
[2023-01-01T16:53:01.290+0530][107680.860s] GC(730) Survivor regions: 5->12(39)
[2023-01-01T16:53:01.291+0530][107680.860s] GC(730) Old regions: 63->63
[2023-01-01T16:53:01.291+0530][107680.860s] GC(730) Humongous regions: 7->7
[2023-01-01T16:53:01.291+0530][107680.860s] GC(730) Metaspace: 65286K->65286K(1107968K)
[2023-01-01T16:53:01.291+0530][107680.860s] GC(730) Pause Young (Normal) (G1 Evacuation Pause) 376M->81M(512M) 4.024ms
[2023-01-01T16:53:01.291+0530][107680.860s] GC(730) User=0.00s Sys=0.00s Real=0.00s
[2023-01-01T16:53:02.866+0530][107682.435s] GC(731) Pause Young (Normal) (G1 Evacuation Pause)
[2023-01-01T16:53:02.866+0530][107682.435s] GC(731) Using 8 workers of 8 for evacuation
[2023-01-01T16:53:02.869+0530][107682.438s] GC(731)   Pre Evacuate Collection Set: 0.0ms
[2023-01-01T16:53:02.869+0530][107682.438s] GC(731)   Evacuate Collection Set: 2.0ms
[2023-01-01T16:53:02.869+0530][107682.438s] GC(731)   Post Evacuate Collection Set: 0.3ms
[2023-01-01T16:53:02.869+0530][107682.438s] GC(731)   Other: 0.3ms
[2023-01-01T16:53:02.869+0530][107682.438s] GC(731) Eden regions: 295->0(301)
[2023-01-01T16:53:02.869+0530][107682.438s] GC(731) Survivor regions: 12->6(39)
[2023-01-01T16:53:02.869+0530][107682.438s] GC(731) Old regions: 63->63
[2023-01-01T16:53:02.869+0530][107682.438s] GC(731) Humongous regions: 7->7
[2023-01-01T16:53:02.869+0530][107682.438s] GC(731) Metaspace: 65286K->65286K(1107968K)
[2023-01-01T16:53:02.869+0530][107682.438s] GC(731) Pause Young (Normal) (G1 Evacuation Pause) 376M->75M(512M) 3.110ms
[2023-01-01T16:53:02.869+0530][107682.438s] GC(731) User=0.00s Sys=0.00s Real=0.00s
[2023-01-01T16:54:00.605+0530][107740.174s] GC(732) Pause Young (Normal) (G1 Evacuation Pause)
[2023-01-01T16:54:00.605+0530][107740.174s] GC(732) Using 8 workers of 8 for evacuation
[2023-01-01T16:54:00.609+0530][107740.178s] GC(732)   Pre Evacuate Collection Set: 0.0ms
[2023-01-01T16:54:00.609+0530][107740.178s] GC(732)   Evacuate Collection Set: 3.1ms
[2023-01-01T16:54:00.609+0530][107740.178s] GC(732)   Post Evacuate Collection Set: 0.5ms
[2023-01-01T16:54:00.609+0530][107740.178s] GC(732)   Other: 0.4ms
[2023-01-01T16:54:00.609+0530][107740.179s] GC(732) Eden regions: 301->0(292)
[2023-01-01T16:54:00.609+0530][107740.179s] GC(732) Survivor regions: 6->15(39)
[2023-01-01T16:54:00.609+0530][107740.179s] GC(732) Old regions: 63->63
[2023-01-01T16:54:00.609+0530][107740.179s] GC(732) Humongous regions: 7->7
[2023-01-01T16:54:00.609+0530][107740.179s] GC(732) Metaspace: 65286K->65286K(1107968K)
[2023-01-01T16:54:00.609+0530][107740.179s] GC(732) Pause Young (Normal) (G1 Evacuation Pause) 376M->84M(512M) 4.723ms
[2023-01-01T16:54:00.609+0530][107740.179s] GC(732) User=0.00s Sys=0.00s Real=0.00s
[2023-01-01T16:54:02.545+0530][107742.115s] GC(733) Pause Young (Normal) (G1 Evacuation Pause)
[2023-01-01T16:54:02.545+0530][107742.115s] GC(733) Using 8 workers of 8 for evacuation
[2023-01-01T16:54:02.548+0530][107742.118s] GC(733)   Pre Evacuate Collection Set: 0.0ms
[2023-01-01T16:54:02.548+0530][107742.118s] GC(733)   Evacuate Collection Set: 1.8ms
[2023-01-01T16:54:02.548+0530][107742.118s] GC(733)   Post Evacuate Collection Set: 0.4ms
[2023-01-01T16:54:02.548+0530][107742.118s] GC(733)   Other: 0.4ms
[2023-01-01T16:54:02.548+0530][107742.118s] GC(733) Eden regions: 292->0(304)
[2023-01-01T16:54:02.548+0530][107742.118s] GC(733) Survivor regions: 15->3(39)
[2023-01-01T16:54:02.548+0530][107742.118s] GC(733) Old regions: 63->63
[2023-01-01T16:54:02.548+0530][107742.118s] GC(733) Humongous regions: 7->7
[2023-01-01T16:54:02.548+0530][107742.118s] GC(733) Metaspace: 65286K->65286K(1107968K)
[2023-01-01T16:54:02.549+0530][107742.118s] GC(733) Pause Young (Normal) (G1 Evacuation Pause) 376M->72M(512M) 3.331ms
[2023-01-01T16:54:02.549+0530][107742.118s] GC(733) User=0.00s Sys=0.00s Real=0.00s
[2023-01-01T16:55:00.801+0530][107800.371s] GC(734) Pause Young (Normal) (G1 Evacuation Pause)
[2023-01-01T16:55:00.801+0530][107800.371s] GC(734) Using 8 workers of 8 for evacuation
[2023-01-01T16:55:00.806+0530][107800.376s] GC(734)   Pre Evacuate Collection Set: 0.0ms
[2023-01-01T16:55:00.806+0530][107800.376s] GC(734)   Evacuate Collection Set: 3.8ms
[2023-01-01T16:55:00.806+0530][107800.376s] GC(734)   Post Evacuate Collection Set: 0.6ms
[2023-01-01T16:55:00.806+0530][107800.376s] GC(734)   Other: 0.3ms
[2023-01-01T16:55:00.806+0530][107800.376s] GC(734) Eden regions: 304->0(287)
[2023-01-01T16:55:00.806+0530][107800.376s] GC(734) Survivor regions: 3->20(39)
[2023-01-01T16:55:00.806+0530][107800.376s] GC(734) Old regions: 63->63
[2023-01-01T16:55:00.806+0530][107800.376s] GC(734) Humongous regions: 7->7
[2023-01-01T16:55:00.806+0530][107800.376s] GC(734) Metaspace: 65286K->65286K(1107968K)
[2023-01-01T16:55:00.806+0530][107800.376s] GC(734) Pause Young (Normal) (G1 Evacuation Pause) 376M->89M(512M) 5.268ms
[2023-01-01T16:55:00.806+0530][107800.376s] GC(734) User=0.00s Sys=0.00s Real=0.00s
[2023-01-01T16:55:01.958+0530][107801.528s] GC(735) Pause Young (Normal) (G1 Evacuation Pause)
[2023-01-01T16:55:01.958+0530][107801.528s] GC(735) Using 8 workers of 8 for evacuation
[2023-01-01T16:55:01.961+0530][107801.531s] GC(735)   Pre Evacuate Collection Set: 0.0ms
[2023-01-01T16:55:01.961+0530][107801.531s] GC(735)   Evacuate Collection Set: 2.1ms
[2023-01-01T16:55:01.961+0530][107801.531s] GC(735)   Post Evacuate Collection Set: 0.4ms
[2023-01-01T16:55:01.961+0530][107801.531s] GC(735)   Other: 0.3ms
[2023-01-01T16:55:01.961+0530][107801.531s] GC(735) Eden regions: 287->0(296)
[2023-01-01T16:55:01.961+0530][107801.531s] GC(735) Survivor regions: 20->11(39)
[2023-01-01T16:55:01.961+0530][107801.531s] GC(735) Old regions: 63->64
[2023-01-01T16:55:01.961+0530][107801.531s] GC(735) Humongous regions: 7->7
[2023-01-01T16:55:01.961+0530][107801.531s] GC(735) Metaspace: 65286K->65286K(1107968K)
[2023-01-01T16:55:01.961+0530][107801.531s] GC(735) Pause Young (Normal) (G1 Evacuation Pause) 376M->80M(512M) 3.302ms
[2023-01-01T16:55:01.961+0530][107801.531s] GC(735) User=0.00s Sys=0.00s Real=0.00s
[2023-01-01T16:55:03.571+0530][107803.141s] GC(736) Pause Young (Normal) (G1 Evacuation Pause)
[2023-01-01T16:55:03.571+0530][107803.141s] GC(736) Using 8 workers of 8 for evacuation
[2023-01-01T16:55:03.574+0530][107803.143s] GC(736)   Pre Evacuate Collection Set: 0.0ms
[2023-01-01T16:55:03.574+0530][107803.144s] GC(736)   Evacuate Collection Set: 2.0ms
[2023-01-01T16:55:03.574+0530][107803.144s] GC(736)   Post Evacuate Collection Set: 0.5ms
[2023-01-01T16:55:03.574+0530][107803.144s] GC(736)   Other: 0.3ms
[2023-01-01T16:55:03.574+0530][107803.144s] GC(736) Eden regions: 296->0(302)
[2023-01-01T16:55:03.574+0530][107803.144s] GC(736) Survivor regions: 11->5(39)
[2023-01-01T16:55:03.574+0530][107803.144s] GC(736) Old regions: 64->64
[2023-01-01T16:55:03.574+0530][107803.144s] GC(736) Humongous regions: 7->7
[2023-01-01T16:55:03.574+0530][107803.144s] GC(736) Metaspace: 65286K->65286K(1107968K)
[2023-01-01T16:55:03.574+0530][107803.144s] GC(736) Pause Young (Normal) (G1 Evacuation Pause) 376M->75M(512M) 3.311ms
[2023-01-01T16:55:03.574+0530][107803.144s] GC(736) User=0.13s Sys=0.00s Real=0.00s
[2023-01-01T16:56:01.232+0530][107860.802s] GC(737) Pause Young (Normal) (G1 Evacuation Pause)
[2023-01-01T16:56:01.232+0530][107860.802s] GC(737) Using 8 workers of 8 for evacuation
[2023-01-01T16:56:01.235+0530][107860.805s] GC(737)   Pre Evacuate Collection Set: 0.0ms
[2023-01-01T16:56:01.235+0530][107860.805s] GC(737)   Evacuate Collection Set: 2.0ms
[2023-01-01T16:56:01.235+0530][107860.805s] GC(737)   Post Evacuate Collection Set: 0.5ms
[2023-01-01T16:56:01.235+0530][107860.805s] GC(737)   Other: 0.3ms
[2023-01-01T16:56:01.235+0530][107860.805s] GC(737) Eden regions: 302->0(299)
[2023-01-01T16:56:01.235+0530][107860.805s] GC(737) Survivor regions: 5->8(39)
[2023-01-01T16:56:01.235+0530][107860.805s] GC(737) Old regions: 64->64
[2023-01-01T16:56:01.235+0530][107860.805s] GC(737) Humongous regions: 7->7
[2023-01-01T16:56:01.235+0530][107860.805s] GC(737) Metaspace: 65286K->65286K(1107968K)
[2023-01-01T16:56:01.235+0530][107860.805s] GC(737) Pause Young (Normal) (G1 Evacuation Pause) 377M->78M(512M) 3.285ms
[2023-01-01T16:56:01.235+0530][107860.805s] GC(737) User=0.00s Sys=0.00s Real=0.00s
[2023-01-01T16:57:01.417+0530][107920.987s] GC(738) Pause Young (Normal) (G1 Evacuation Pause)
[2023-01-01T16:57:01.418+0530][107920.987s] GC(738) Using 8 workers of 8 for evacuation
[2023-01-01T16:57:01.421+0530][107920.991s] GC(738)   Pre Evacuate Collection Set: 0.0ms
[2023-01-01T16:57:01.422+0530][107920.991s] GC(738)   Evacuate Collection Set: 3.0ms
[2023-01-01T16:57:01.422+0530][107920.992s] GC(738)   Post Evacuate Collection Set: 0.5ms
[2023-01-01T16:57:01.422+0530][107920.992s] GC(738)   Other: 0.6ms
[2023-01-01T16:57:01.422+0530][107920.992s] GC(738) Eden regions: 299->0(297)
[2023-01-01T16:57:01.422+0530][107920.992s] GC(738) Survivor regions: 8->10(39)
[2023-01-01T16:57:01.422+0530][107920.992s] GC(738) Old regions: 64->64
[2023-01-01T16:57:01.422+0530][107920.992s] GC(738) Humongous regions: 7->7
[2023-01-01T16:57:01.423+0530][107920.992s] GC(738) Metaspace: 65286K->65286K(1107968K)
[2023-01-01T16:57:01.423+0530][107920.992s] GC(738) Pause Young (Normal) (G1 Evacuation Pause) 377M->79M(512M) 5.260ms
[2023-01-01T16:57:01.423+0530][107920.993s] GC(738) User=0.00s Sys=0.00s Real=0.01s
[2023-01-01T16:58:01.340+0530][107980.909s] GC(739) Pause Young (Normal) (G1 Evacuation Pause)
[2023-01-01T16:58:01.340+0530][107980.909s] GC(739) Using 8 workers of 8 for evacuation
[2023-01-01T16:58:01.344+0530][107980.914s] GC(739)   Pre Evacuate Collection Set: 0.0ms
[2023-01-01T16:58:01.345+0530][107980.914s] GC(739)   Evacuate Collection Set: 3.8ms
[2023-01-01T16:58:01.345+0530][107980.914s] GC(739)   Post Evacuate Collection Set: 0.5ms
[2023-01-01T16:58:01.345+0530][107980.914s] GC(739)   Other: 0.4ms
[2023-01-01T16:58:01.345+0530][107980.914s] GC(739) Eden regions: 297->0(287)
[2023-01-01T16:58:01.345+0530][107980.914s] GC(739) Survivor regions: 10->20(39)
[2023-01-01T16:58:01.345+0530][107980.915s] GC(739) Old regions: 64->64
[2023-01-01T16:58:01.345+0530][107980.915s] GC(739) Humongous regions: 7->7
[2023-01-01T16:58:01.345+0530][107980.915s] GC(739) Metaspace: 65286K->65286K(1107968K)
[2023-01-01T16:58:01.345+0530][107980.915s] GC(739) Pause Young (Normal) (G1 Evacuation Pause) 376M->89M(512M) 5.483ms
[2023-01-01T16:58:01.345+0530][107980.915s] GC(739) User=0.00s Sys=0.00s Real=0.01s
[2023-01-01T16:58:02.664+0530][107982.233s] GC(740) Pause Young (Normal) (G1 Evacuation Pause)
[2023-01-01T16:58:02.664+0530][107982.233s] GC(740) Using 8 workers of 8 for evacuation
[2023-01-01T16:58:02.666+0530][107982.235s] GC(740)   Pre Evacuate Collection Set: 0.0ms
[2023-01-01T16:58:02.666+0530][107982.235s] GC(740)   Evacuate Collection Set: 1.5ms
[2023-01-01T16:58:02.666+0530][107982.235s] GC(740)   Post Evacuate Collection Set: 0.5ms
[2023-01-01T16:58:02.666+0530][107982.235s] GC(740)   Other: 0.3ms
[2023-01-01T16:58:02.666+0530][107982.236s] GC(740) Eden regions: 287->0(300)
[2023-01-01T16:58:02.666+0530][107982.236s] GC(740) Survivor regions: 20->7(39)
[2023-01-01T16:58:02.666+0530][107982.236s] GC(740) Old regions: 64->64
[2023-01-01T16:58:02.666+0530][107982.236s] GC(740) Humongous regions: 7->7
[2023-01-01T16:58:02.666+0530][107982.236s] GC(740) Metaspace: 65286K->65286K(1107968K)
[2023-01-01T16:58:02.667+0530][107982.236s] GC(740) Pause Young (Normal) (G1 Evacuation Pause) 376M->76M(512M) 2.774ms
[2023-01-01T16:58:02.667+0530][107982.236s] GC(740) User=0.02s Sys=0.00s Real=0.00s
[2023-01-01T16:58:04.472+0530][107984.041s] GC(741) Pause Young (Normal) (G1 Evacuation Pause)
[2023-01-01T16:58:04.472+0530][107984.041s] GC(741) Using 8 workers of 8 for evacuation
[2023-01-01T16:58:04.474+0530][107984.043s] GC(741)   Pre Evacuate Collection Set: 0.0ms
[2023-01-01T16:58:04.474+0530][107984.043s] GC(741)   Evacuate Collection Set: 1.2ms
[2023-01-01T16:58:04.474+0530][107984.044s] GC(741)   Post Evacuate Collection Set: 0.4ms
[2023-01-01T16:58:04.474+0530][107984.044s] GC(741)   Other: 0.3ms
[2023-01-01T16:58:04.474+0530][107984.044s] GC(741) Eden regions: 300->0(304)
[2023-01-01T16:58:04.474+0530][107984.044s] GC(741) Survivor regions: 7->3(39)
[2023-01-01T16:58:04.474+0530][107984.044s] GC(741) Old regions: 64->64
[2023-01-01T16:58:04.474+0530][107984.044s] GC(741) Humongous regions: 7->7
[2023-01-01T16:58:04.474+0530][107984.044s] GC(741) Metaspace: 65286K->65286K(1107968K)
[2023-01-01T16:58:04.474+0530][107984.044s] GC(741) Pause Young (Normal) (G1 Evacuation Pause) 376M->72M(512M) 2.741ms
[2023-01-01T16:58:04.474+0530][107984.044s] GC(741) User=0.00s Sys=0.00s Real=0.00s
[2023-01-01T16:59:01.880+0530][108041.449s] GC(742) Pause Young (Normal) (G1 Evacuation Pause)
[2023-01-01T16:59:01.880+0530][108041.449s] GC(742) Using 8 workers of 8 for evacuation
[2023-01-01T16:59:01.882+0530][108041.451s] GC(742)   Pre Evacuate Collection Set: 0.0ms
[2023-01-01T16:59:01.882+0530][108041.452s] GC(742)   Evacuate Collection Set: 1.9ms
[2023-01-01T16:59:01.882+0530][108041.452s] GC(742)   Post Evacuate Collection Set: 0.4ms
[2023-01-01T16:59:01.883+0530][108041.452s] GC(742)   Other: 0.3ms
[2023-01-01T16:59:01.883+0530][108041.452s] GC(742) Eden regions: 304->0(299)
[2023-01-01T16:59:01.883+0530][108041.452s] GC(742) Survivor regions: 3->8(39)
[2023-01-01T16:59:01.883+0530][108041.452s] GC(742) Old regions: 64->64
[2023-01-01T16:59:01.883+0530][108041.452s] GC(742) Humongous regions: 7->7
[2023-01-01T16:59:01.883+0530][108041.452s] GC(742) Metaspace: 65286K->65286K(1107968K)
[2023-01-01T16:59:01.883+0530][108041.452s] GC(742) Pause Young (Normal) (G1 Evacuation Pause) 376M->77M(512M) 3.212ms
[2023-01-01T16:59:01.883+0530][108041.452s] GC(742) User=0.00s Sys=0.00s Real=0.00s
[2023-01-01T16:59:03.860+0530][108043.429s] GC(743) Pause Young (Normal) (G1 Evacuation Pause)
[2023-01-01T16:59:03.860+0530][108043.430s] GC(743) Using 8 workers of 8 for evacuation
[2023-01-01T16:59:03.862+0530][108043.431s] GC(743)   Pre Evacuate Collection Set: 0.0ms
[2023-01-01T16:59:03.862+0530][108043.431s] GC(743)   Evacuate Collection Set: 1.4ms
[2023-01-01T16:59:03.862+0530][108043.432s] GC(743)   Post Evacuate Collection Set: 0.2ms
[2023-01-01T16:59:03.862+0530][108043.432s] GC(743)   Other: 0.3ms
[2023-01-01T16:59:03.862+0530][108043.432s] GC(743) Eden regions: 299->0(304)
[2023-01-01T16:59:03.862+0530][108043.432s] GC(743) Survivor regions: 8->3(39)
[2023-01-01T16:59:03.862+0530][108043.432s] GC(743) Old regions: 64->64
[2023-01-01T16:59:03.862+0530][108043.432s] GC(743) Humongous regions: 7->7
[2023-01-01T16:59:03.862+0530][108043.432s] GC(743) Metaspace: 65286K->65286K(1107968K)
[2023-01-01T16:59:03.862+0530][108043.432s] GC(743) Pause Young (Normal) (G1 Evacuation Pause) 376M->72M(512M) 2.438ms
[2023-01-01T16:59:03.863+0530][108043.432s] GC(743) User=0.00s Sys=0.00s Real=0.00s
[2023-01-01T17:00:01.340+0530][108100.909s] GC(744) Pause Young (Normal) (G1 Evacuation Pause)
[2023-01-01T17:00:01.341+0530][108100.910s] GC(744) Using 8 workers of 8 for evacuation
[2023-01-01T17:00:01.343+0530][108100.912s] GC(744)   Pre Evacuate Collection Set: 0.0ms
[2023-01-01T17:00:01.343+0530][108100.912s] GC(744)   Evacuate Collection Set: 1.6ms
[2023-01-01T17:00:01.343+0530][108100.912s] GC(744)   Post Evacuate Collection Set: 0.5ms
[2023-01-01T17:00:01.343+0530][108100.912s] GC(744)   Other: 0.3ms
[2023-01-01T17:00:01.343+0530][108100.912s] GC(744) Eden regions: 304->0(301)
[2023-01-01T17:00:01.343+0530][108100.912s] GC(744) Survivor regions: 3->6(39)
[2023-01-01T17:00:01.343+0530][108100.912s] GC(744) Old regions: 64->64
[2023-01-01T17:00:01.343+0530][108100.912s] GC(744) Humongous regions: 7->7
[2023-01-01T17:00:01.343+0530][108100.912s] GC(744) Metaspace: 65286K->65286K(1107968K)
[2023-01-01T17:00:01.344+0530][108100.913s] GC(744) Pause Young (Normal) (G1 Evacuation Pause) 376M->75M(512M) 3.019ms
[2023-01-01T17:00:01.344+0530][108100.913s] GC(744) User=0.00s Sys=0.00s Real=0.00s
[2023-01-01T17:00:03.254+0530][108102.823s] GC(745) Pause Young (Normal) (G1 Evacuation Pause)
[2023-01-01T17:00:03.254+0530][108102.824s] GC(745) Using 8 workers of 8 for evacuation
[2023-01-01T17:00:03.258+0530][108102.827s] GC(745)   Pre Evacuate Collection Set: 0.0ms
[2023-01-01T17:00:03.258+0530][108102.827s] GC(745)   Evacuate Collection Set: 2.8ms
[2023-01-01T17:00:03.258+0530][108102.827s] GC(745)   Post Evacuate Collection Set: 0.4ms
[2023-01-01T17:00:03.258+0530][108102.827s] GC(745)   Other: 0.3ms
[2023-01-01T17:00:03.258+0530][108102.827s] GC(745) Eden regions: 301->0(300)
[2023-01-01T17:00:03.258+0530][108102.827s] GC(745) Survivor regions: 6->7(39)
[2023-01-01T17:00:03.258+0530][108102.827s] GC(745) Old regions: 64->64
[2023-01-01T17:00:03.258+0530][108102.827s] GC(745) Humongous regions: 7->7
[2023-01-01T17:00:03.258+0530][108102.827s] GC(745) Metaspace: 65286K->65286K(1107968K)
[2023-01-01T17:00:03.258+0530][108102.827s] GC(745) Pause Young (Normal) (G1 Evacuation Pause) 376M->76M(512M) 3.960ms
[2023-01-01T17:00:03.258+0530][108102.827s] GC(745) User=0.00s Sys=0.00s Real=0.00s
[2023-01-01T17:01:01.482+0530][108161.051s] GC(746) Pause Young (Normal) (G1 Evacuation Pause)
[2023-01-01T17:01:01.482+0530][108161.052s] GC(746) Using 8 workers of 8 for evacuation
[2023-01-01T17:01:01.487+0530][108161.056s] GC(746)   Pre Evacuate Collection Set: 0.0ms
[2023-01-01T17:01:01.487+0530][108161.056s] GC(746)   Evacuate Collection Set: 3.7ms
[2023-01-01T17:01:01.487+0530][108161.056s] GC(746)   Post Evacuate Collection Set: 0.4ms
[2023-01-01T17:01:01.487+0530][108161.056s] GC(746)   Other: 0.4ms
[2023-01-01T17:01:01.487+0530][108161.056s] GC(746) Eden regions: 300->0(295)
[2023-01-01T17:01:01.487+0530][108161.056s] GC(746) Survivor regions: 7->12(39)
[2023-01-01T17:01:01.487+0530][108161.057s] GC(746) Old regions: 64->64
[2023-01-01T17:01:01.487+0530][108161.057s] GC(746) Humongous regions: 7->7
[2023-01-01T17:01:01.487+0530][108161.057s] GC(746) Metaspace: 65287K->65287K(1107968K)
[2023-01-01T17:01:01.487+0530][108161.057s] GC(746) Pause Young (Normal) (G1 Evacuation Pause) 376M->81M(512M) 5.305ms
[2023-01-01T17:01:01.487+0530][108161.057s] GC(746) User=0.00s Sys=0.00s Real=0.00s
[2023-01-01T17:01:03.495+0530][108163.064s] GC(747) Pause Young (Normal) (G1 Evacuation Pause)
[2023-01-01T17:01:03.495+0530][108163.065s] GC(747) Using 8 workers of 8 for evacuation
[2023-01-01T17:01:03.501+0530][108163.070s] GC(747)   Pre Evacuate Collection Set: 0.0ms
[2023-01-01T17:01:03.501+0530][108163.070s] GC(747)   Evacuate Collection Set: 4.3ms
[2023-01-01T17:01:03.501+0530][108163.070s] GC(747)   Post Evacuate Collection Set: 0.5ms
[2023-01-01T17:01:03.501+0530][108163.070s] GC(747)   Other: 0.4ms
[2023-01-01T17:01:03.501+0530][108163.070s] GC(747) Eden regions: 295->0(301)
[2023-01-01T17:01:03.501+0530][108163.070s] GC(747) Survivor regions: 12->6(39)
[2023-01-01T17:01:03.501+0530][108163.070s] GC(747) Old regions: 64->64
[2023-01-01T17:01:03.501+0530][108163.070s] GC(747) Humongous regions: 7->7
[2023-01-01T17:01:03.502+0530][108163.071s] GC(747) Metaspace: 65287K->65287K(1107968K)
[2023-01-01T17:01:03.502+0530][108163.071s] GC(747) Pause Young (Normal) (G1 Evacuation Pause) 376M->76M(512M) 6.365ms
[2023-01-01T17:01:03.502+0530][108163.071s] GC(747) User=0.00s Sys=0.00s Real=0.01s
[2023-01-01T17:02:00.651+0530][108220.220s] GC(748) Pause Young (Normal) (G1 Evacuation Pause)
[2023-01-01T17:02:00.651+0530][108220.221s] GC(748) Using 8 workers of 8 for evacuation
[2023-01-01T17:02:00.655+0530][108220.225s] GC(748)   Pre Evacuate Collection Set: 0.0ms
[2023-01-01T17:02:00.655+0530][108220.225s] GC(748)   Evacuate Collection Set: 3.8ms
[2023-01-01T17:02:00.655+0530][108220.225s] GC(748)   Post Evacuate Collection Set: 0.4ms
[2023-01-01T17:02:00.655+0530][108220.225s] GC(748)   Other: 0.4ms
[2023-01-01T17:02:00.656+0530][108220.225s] GC(748) Eden regions: 301->0(297)
[2023-01-01T17:02:00.656+0530][108220.225s] GC(748) Survivor regions: 6->10(39)
[2023-01-01T17:02:00.656+0530][108220.226s] GC(748) Old regions: 64->64
[2023-01-01T17:02:00.656+0530][108220.226s] GC(748) Humongous regions: 7->7
[2023-01-01T17:02:00.656+0530][108220.226s] GC(748) Metaspace: 65287K->65287K(1107968K)
[2023-01-01T17:02:00.656+0530][108220.226s] GC(748) Pause Young (Normal) (G1 Evacuation Pause) 377M->79M(512M) 5.380ms
[2023-01-01T17:02:00.656+0530][108220.226s] GC(748) User=0.00s Sys=0.00s Real=0.00s
[2023-01-01T17:02:03.131+0530][108222.700s] GC(749) Pause Young (Normal) (G1 Evacuation Pause)
[2023-01-01T17:02:03.131+0530][108222.701s] GC(749) Using 8 workers of 8 for evacuation
[2023-01-01T17:02:03.134+0530][108222.704s] GC(749)   Pre Evacuate Collection Set: 0.0ms
[2023-01-01T17:02:03.134+0530][108222.704s] GC(749)   Evacuate Collection Set: 2.7ms
[2023-01-01T17:02:03.135+0530][108222.704s] GC(749)   Post Evacuate Collection Set: 0.4ms
[2023-01-01T17:02:03.135+0530][108222.704s] GC(749)   Other: 0.3ms
[2023-01-01T17:02:03.135+0530][108222.704s] GC(749) Eden regions: 297->0(303)
[2023-01-01T17:02:03.135+0530][108222.704s] GC(749) Survivor regions: 10->4(39)
[2023-01-01T17:02:03.135+0530][108222.704s] GC(749) Old regions: 64->64
[2023-01-01T17:02:03.135+0530][108222.704s] GC(749) Humongous regions: 7->7
[2023-01-01T17:02:03.135+0530][108222.705s] GC(749) Metaspace: 65287K->65287K(1107968K)
[2023-01-01T17:02:03.135+0530][108222.705s] GC(749) Pause Young (Normal) (G1 Evacuation Pause) 376M->74M(512M) 4.178ms
[2023-01-01T17:02:03.135+0530][108222.705s] GC(749) User=0.00s Sys=0.02s Real=0.00s
